
> acorex-demo@0.0.0 build:ssg
> npm run generate:ssg-routes && npx ng build --configuration ssg


> acorex-demo@0.0.0 generate:ssg-routes
> node scripts/generate-ssg-routes.js

Generated SSG routes configuration with 522 routes:
Output file: C:\Users\sh.kahrizi\Desktop\code\acorex-demo\src\app\ssg-routes.config.ts
Routes file: C:\Users\sh.kahrizi\Desktop\code\acorex-demo\routes.txt

Routes:
  accordion/accordion-mode
  accordion/custom-header-template
  accordion/header-icon
  accordion/loading
  accordion/usage
  action-sheet/both-mode
  action-sheet/custom-content
  action-sheet/drag-up-fullscreen
  action-sheet/draggable
  action-sheet/lifecycle-events
  action-sheet/usage
  alert/auto-timeout
  alert/block-layout
  alert/color-variants
  alert/custom-icon
  alert/events
  alert/inline
  alert/long-content
  alert/programmatic-close
  alert/usage
  aspect-ratio/different-ratios
  aspect-ratio/responsive-content
  aspect-ratio/usage
  autocomplete/usage
  avatar/avatar-group
  avatar/badge
  avatar/content
  avatar/defaults
  avatar/events
  avatar/group
  avatar/icon-mode
  avatar/image-mode
  avatar/look
  avatar/shape
  avatar/size
  avatar/text-mode
  avatar/usage
  badge/badge-in-button
  badge/colors
  badge/look
  badge/mini-badge
  badge/prefix-suffix
  badge/single-character
  badge/usage
  bottom-navigation/disabled
  bottom-navigation/has-border
  bottom-navigation/icon-only
  bottom-navigation/indicator-position
  bottom-navigation/look
  bottom-navigation/many-items
  bottom-navigation/prefix-suffix
  bottom-navigation/usage
  breadcrumb/activated-mode
  breadcrumb/custom-divider
  breadcrumb/disabled-change
  breadcrumb/disabled-mode
  breadcrumb/dynamic-async
  breadcrumb/icon-mode
  breadcrumb/long-labels-tooltip
  breadcrumb/overflow-scroll
  breadcrumb/prefix-suffix
  breadcrumb/usage
  button-group/color
  button-group/dividers
  button-group/dropdown-items
  button-group/icon-only
  button-group/look
  button-group/per-item-overrides
  button-group/selection-modes
  button-group/size
  button-group/splitted-button
  button-group/usage
  button-item-list/color-variants
  button-item-list/disabled-state
  button-item-list/mixed-content
  button-item-list/selected-state
  button-item-list/usage
  button-item-list/with-dividers
  button-item-list/with-items-array
  button/badge-in-button
  button/color
  button/decorators
  button/form-submit-reset
  button/icon-button
  button/loading-state
  button/loading-text-async
  button/look
  button/size
  button/toggleable-selected
  button/usage
  calendar-range/depth-active-view
  calendar-range/disabled-holiday
  calendar-range/disabled-readonly
  calendar-range/min-max
  calendar-range/usage
  calendar/depth
  calendar/disabled-dates
  calendar/holiday
  calendar/look
  calendar/min-max
  calendar/multi-month
  calendar/navigation
  calendar/range
  calendar/type
  calendar/usage
  calendar/year-range
  cdk/accordion/accordion-mode
  cdk/accordion/usage
  cdk/accordion/without-toggle-button
  cdk/carousel/usage
  cdk/drag-drop/axis-lock
  cdk/drag-drop/boundary
  cdk/drag-drop/clone-drag
  cdk/drag-drop/connected-lists
  cdk/drag-drop/drag-handle
  cdk/drag-drop/drop-list
  cdk/drag-drop/drop-zone
  cdk/drag-drop/usage
  cdk/drawer/location
  cdk/drawer/mode
  cdk/drawer/usage
  cdk/focus-trap/usage
  cdk/input-mask/decimal
  cdk/input-mask/digits
  cdk/input-mask/hijri-date
  cdk/input-mask/min-and-max-value
  cdk/input-mask/thousands-separator
  cdk/input-mask/usage
  cdk/list-navigation/orientation
  cdk/list-navigation/usage
  cdk/outline/hash-links
  cdk/outline/scroll-offset
  cdk/outline/target-selector
  cdk/outline/usage
  cdk/pan-view/free-mode
  cdk/pan-view/model-properties
  cdk/pan-view/usage
  cdk/pan-view/zoom-controls
  cdk/selection/multiple
  cdk/selection/usage
  cdk/sliding-item/usage
  cdk/virtual-scroll/usage
  check-box/colors
  check-box/disabled-readonly
  check-box/hint
  check-box/indeterminate
  check-box/loading
  check-box/usage
  check-box/validation
  chips/colors
  chips/look
  chips/size
  chips/usage
  circular-progress/async-progress
  circular-progress/customization
  circular-progress/indeterminate
  circular-progress/usage
  circular-progress/using-content-inside
  color-box/clear-behavior
  color-box/disable
  color-box/read-only
  color-box/usage
  color-box/using-decorators
  color-box/visual-toggles
  color-palette/custom-swatches-favorites
  color-palette/full-options
  color-palette/inputs
  color-palette/preview
  color-palette/swatches
  color-palette/usage
  combo-box/custom-empty-template
  combo-box/custom-header-footer
  combo-box/custom-templates
  combo-box/multiple
  combo-box/non-searchable
  combo-box/usage
  combo-box/using-decorators
  command/template
  command/usage
  comment/interactions
  comment/programmatic
  comment/usage
  context-menu/basic
  context-menu/dynamic-items
  context-menu/programmatic-open
  context-menu/usage
  core/date-time/advanced-operations
  core/date-time/usage
  core/event/usage
  core/file/usage
  core/format/usage
  core/icon/usage
  core/image/usage
  core/locale/usage
  core/memoize/usage
  core/network/usage
  core/pipes/usage
  core/platform/usage
  core/storage/usage
  core/translation/usage
  core/utils/usage
  core/validation/usage
  cron-job/usage
  data-pager/compact-interaction
  data-pager/usage
  data-table/allow-resize-and-reorder
  data-table/cell-template
  data-table/empty-template
  data-table/usage
  date-time-box/allow-typing
  date-time-box/box-look
  date-time-box/calendar-look
  date-time-box/calendar-types
  date-time-box/date-only
  date-time-box/format
  date-time-box/looks
  date-time-box/min-max
  date-time-box/states
  date-time-box/time-only
  date-time-box/usage
  date-time-box/year-range
  date-time-picker/calendar-look
  date-time-picker/constraints
  date-time-picker/picker
  date-time-picker/states
  date-time-picker/type
  date-time-picker/usage
  date-time-picker/year-range
  decorators/clear-button
  decorators/close-button
  decorators/color-indicator
  decorators/full-screen-button
  decorators/generic-content
  decorators/heading
  decorators/icon
  dialog/asynchronous-process
  dialog/confirm-default-action
  dialog/custom-buttons
  dialog/programmatic-open
  dialog/usage
  drawer/location
  drawer/mode
  drawer/usage
  dropdown-button/colors
  dropdown-button/disabled
  dropdown-button/dropdown-mode
  dropdown-button/look
  dropdown-button/size
  dropdown-button/usage
  dropdown/dropdown-box
  dropdown/dropdown-panel
  fab/label
  fab/tooltip
  fab/usage
  file-viewer/usage
  form/label
  form/look
  form/messageStyle
  form/summary
  form/updateOn
  form/usage
  form/validate
  image/usage
  json-viewer/dynamic
  json-viewer/nested
  json-viewer/usage
  kanban/action-click
  kanban/custom-templates
  kanban/drag-start-delay
  kanban/empty-state
  kanban/mouse-events
  kanban/priority
  kanban/tooltips
  kanban/usage
  kbd/key-combinations
  kbd/modifier-keys
  kbd/single-key
  kbd/usage
  label/accessibility
  label/error-state
  label/form-association
  label/required
  label/usage
  list/custom-empty
  list/custom-footer
  list/custom-header
  list/custom-item
  list/custom-loading
  list/multiple
  list/selection-mode
  list/usage
  loading-dialog/accessibility
  loading-dialog/button-states
  loading-dialog/dynamic-updates
  loading-dialog/indeterminate
  loading-dialog/long-text
  loading-dialog/multiple-buttons
  loading-dialog/no-buttons
  loading-dialog/progress-colors
  loading-dialog/usage
  loading/context
  loading/custom-spinner
  loading/directive
  loading/loading-spinner
  loading/multi-loader-state
  loading/region
  loading/service-doloading
  loading/service-overlay
  loading/spinner-color
  loading/spinner-contrast
  loading/spinner-size
  loading/spinner-stroke-size
  loading/spinner-text
  loading/usage
  menu/color
  menu/data-driven
  menu/disabled
  menu/dividers
  menu/hide-arrows
  menu/multi-level
  menu/open-close
  menu/programmatic-close
  menu/rtl
  menu/scrollable
  menu/usage
  menu/use-decorators
  menu/vertical
  navbar/content-projection
  navbar/look-variants
  navbar/simple-usage
  notification/asynchronous-process
  notification/custom-content
  notification/interactive-features
  notification/locations
  notification/timeout-progress
  notification/usage
  number-box/change-on-scroll
  number-box/max-min-value
  number-box/separator
  number-box/step-size
  number-box/usage
  otp/auto-focus
  otp/copy-paste
  otp/disabled-readonly
  otp/length
  otp/looks
  otp/states
  otp/usage
  otp/validation
  password-box/auto-complete
  password-box/clear-button
  password-box/password-strength-validation
  password-box/read-only-disable
  password-box/toggle
  password-box/usage
  phone-box/exclude
  phone-box/only-countries
  phone-box/usage
  phone-box/validation
  picker/usage
  popover/hover
  popover/leave
  popover/methods
  popover/usage
  popup/header
  popup/size
  popup/size-in-screens
  popup/usage
  progress-bar/custom-height
  progress-bar/mode
  progress-bar/usage
  progress-bar/using-decorators
  qrcode/colors
  qrcode/error-levels
  qrcode/logo
  qrcode/output-types
  qrcode/sizes
  qrcode/usage
  query-builder/usage
  rail-navigation/locations
  rail-navigation/looks
  rail-navigation/service
  rail-navigation/states
  rail-navigation/usage
  range-slider/colors
  range-slider/modes
  range-slider/music-player
  range-slider/ranges
  range-slider/snap-labels
  range-slider/snap-modes
  range-slider/states
  range-slider/steps
  range-slider/tooltip-modes
  range-slider/usage
  range-slider/vertical
  rate-picker/custom-icon
  rate-picker/icons
  rate-picker/max-values
  rate-picker/sizes
  rate-picker/states
  rate-picker/step-precision
  rate-picker/transitions
  rate-picker/usage
  rest-api-generator/usage
  result/usage
  rrule/bymonthday
  rrule/byweekday
  rrule/complex-rules
  rrule/frequency-options
  rrule/interval-count
  rrule/rrule-picker
  rrule/until-date
  rrule/usage
  scheduler/actions
  scheduler/calendar-types
  scheduler/current-time-indicator
  scheduler/custom-header
  scheduler/custom-templates
  scheduler/data-loading
  scheduler/drag-drop
  scheduler/event-handling
  scheduler/holidays
  scheduler/readonly
  scheduler/resources
  scheduler/responsive
  scheduler/usage
  scheduler/views
  scheduler/working-hours
  search-box/changing-default-icon
  search-box/usage
  search-box/using-decorators
  select-box/api-call
  select-box/custom-empty-template
  select-box/custom-item-template
  select-box/custom-loading-template
  select-box/multiple-selection
  select-box/usage
  selection-list/control
  selection-list/custom
  selection-list/hint
  selection-list/horizontal
  selection-list/multiple
  selection-list/usage
  side-menu/color
  side-menu/customize-font
  side-menu/group-title
  side-menu/usage
  side-menu/use-decorator
  skeleton/animated
  skeleton/usage
  sliding-item/usage
  step-wizard/connector-options
  step-wizard/different-looks
  step-wizard/different-sizes
  step-wizard/interactive-steps
  step-wizard/methods
  step-wizard/navigation-state
  step-wizard/orientation
  step-wizard/usage
  styles/appearance/activation-classes
  styles/appearance/contrast
  styles/appearance/flat-compability
  styles/appearance/overlay-context
  styles/appearance/semantic-roles
  styles/appearance/showcase-selector
  styles/appearance/visual-charecter
  switch/color
  switch/content
  switch/disabled-readonly
  switch/loading
  switch/on-off
  switch/on-off-content
  switch/size
  switch/usage
  tabs/custom-template
  tabs/decoration
  tabs/disabled-state
  tabs/event-handling
  tabs/location-variants
  tabs/look-variants
  tabs/tab-with-content
  tabs/usage
  tag-box/auto-complete
  tag-box/custom-templates
  tag-box/header-footer-templates
  tag-box/usage
  tag/colors
  tag/decorators
  tag/look
  tag/size
  tag/usage
  text-area/counter
  text-area/counter-max-length
  text-area/rows
  text-area/usage
  text-box/number-mode
  text-box/usage
  text-box/using-decorators
  time-duration/usage
  time-line/no-icon
  time-line/usage
  time-line/with-icon
  toast/close-buttons
  toast/color-variants
  toast/config-override
  toast/icon-customization
  toast/pause-hover
  toast/positioning
  toast/service-methods
  toast/timeout-progress
  toast/translation
  toast/usage
  toolbar/usage
  tooltip/custom-template
  tooltip/usage
  uploader/browse-handle
  uploader/custom-template
  uploader/drag-drop-zone
  uploader/feature-title
  uploader/service-integration
  uploader/usage
  uploader/zone-directive
The "prerender" option is not considered when "outputMode" is specified.
❯ Building...
One or more browsers which are configured in the project's Browserslist configuration will be ignored as ES5 output is not supported by the Angular CLI.
Ignored browsers:
bb 10, bb 7, ie 11, ie 10, ie_mob 11, ie_mob 10, kaios 2.5, op_mini all
One or more browsers which are configured in the project's Browserslist configuration fall outside Angular's browser support for this version.
Unsupported browsers:
and_qq 14.9, and_uc 15.5, android 151, baidu 13.52, ios_saf 16.6-16.7, ios_saf 16.5, ios_saf 16.4, ios_saf 16.3, ios_saf 16.2, ios_saf 16.1, ios_saf 16.0, ios_saf 15.6-15.8, ios_saf 15.5, ios_saf 15.4, ios_saf 15.2-15.3, ios_saf 15.0-15.1, kaios 3.0-3.1, op_mob 80, opera 131, opera 127, samsung 30, samsung 29
[Alert][events] default
initial selected: true
ERROR TypeError: Cannot read properties of undefined (reading 'isBefore')
    at Object.next (file:///C:/Users/sh.kahrizi/Desktop/code/acorex-demo/.angular/prerender-root/b701aa9a-e80b-4faf-8ce0-55e25166e767/chunk-XK3VTAM6.mjs:2:13271)
    at ca.next (file:///C:/Users/sh.kahrizi/Desktop/code/acorex-demo/.angular/prerender-root/b701aa9a-e80b-4faf-8ce0-55e25166e767/chunk-JO4BD3I2.mjs:4:3101)
    at Ae._next (file:///C:/Users/sh.kahrizi/Desktop/code/acorex-demo/.angular/prerender-root/b701aa9a-e80b-4faf-8ce0-55e25166e767/chunk-JO4BD3I2.mjs:4:2784)
    at Ae.next (file:///C:/Users/sh.kahrizi/Desktop/code/acorex-demo/.angular/prerender-root/b701aa9a-e80b-4faf-8ce0-55e25166e767/chunk-JO4BD3I2.mjs:4:2511)
    at file:///C:/Users/sh.kahrizi/Desktop/code/acorex-demo/.angular/prerender-root/b701aa9a-e80b-4faf-8ce0-55e25166e767/chunk-JO4BD3I2.mjs:4:5546
    at Nn (file:///C:/Users/sh.kahrizi/Desktop/code/acorex-demo/.angular/prerender-root/b701aa9a-e80b-4faf-8ce0-55e25166e767/chunk-JO4BD3I2.mjs:4:2204)
    at Ua.next (file:///C:/Users/sh.kahrizi/Desktop/code/acorex-demo/.angular/prerender-root/b701aa9a-e80b-4faf-8ce0-55e25166e767/chunk-JO4BD3I2.mjs:4:5385)
    at Ua.emit (file:///C:/Users/sh.kahrizi/Desktop/code/acorex-demo/.angular/prerender-root/b701aa9a-e80b-4faf-8ce0-55e25166e767/chunk-JO4BD3I2.mjs:5:18231)
    at t.setOption (file:///C:/Users/sh.kahrizi/Desktop/code/acorex-demo/.angular/prerender-root/b701aa9a-e80b-4faf-8ce0-55e25166e767/chunk-FYID747V.mjs:2:112754)
    at set minValue (file:///C:/Users/sh.kahrizi/Desktop/code/acorex-demo/.angular/prerender-root/b701aa9a-e80b-4faf-8ce0-55e25166e767/chunk-XK3VTAM6.mjs:2:10808)
ERROR TypeError: Cannot read properties of undefined (reading 'isBefore')
    at Object.next (file:///C:/Users/sh.kahrizi/Desktop/code/acorex-demo/.angular/prerender-root/14b28bc2-7626-4cdb-a4e7-cebfe1b1f318/chunk-XK3VTAM6.mjs:2:13271)
    at ca.next (file:///C:/Users/sh.kahrizi/Desktop/code/acorex-demo/.angular/prerender-root/14b28bc2-7626-4cdb-a4e7-cebfe1b1f318/chunk-JO4BD3I2.mjs:4:3101)
    at Ae._next (file:///C:/Users/sh.kahrizi/Desktop/code/acorex-demo/.angular/prerender-root/14b28bc2-7626-4cdb-a4e7-cebfe1b1f318/chunk-JO4BD3I2.mjs:4:2784)
    at Ae.next (file:///C:/Users/sh.kahrizi/Desktop/code/acorex-demo/.angular/prerender-root/14b28bc2-7626-4cdb-a4e7-cebfe1b1f318/chunk-JO4BD3I2.mjs:4:2511)
    at file:///C:/Users/sh.kahrizi/Desktop/code/acorex-demo/.angular/prerender-root/14b28bc2-7626-4cdb-a4e7-cebfe1b1f318/chunk-JO4BD3I2.mjs:4:5546
    at Nn (file:///C:/Users/sh.kahrizi/Desktop/code/acorex-demo/.angular/prerender-root/14b28bc2-7626-4cdb-a4e7-cebfe1b1f318/chunk-JO4BD3I2.mjs:4:2204)
    at Ua.next (file:///C:/Users/sh.kahrizi/Desktop/code/acorex-demo/.angular/prerender-root/14b28bc2-7626-4cdb-a4e7-cebfe1b1f318/chunk-JO4BD3I2.mjs:4:5385)
    at Ua.emit (file:///C:/Users/sh.kahrizi/Desktop/code/acorex-demo/.angular/prerender-root/14b28bc2-7626-4cdb-a4e7-cebfe1b1f318/chunk-JO4BD3I2.mjs:5:18231)
    at t.setOption (file:///C:/Users/sh.kahrizi/Desktop/code/acorex-demo/.angular/prerender-root/14b28bc2-7626-4cdb-a4e7-cebfe1b1f318/chunk-FYID747V.mjs:2:112754)
    at set minValue (file:///C:/Users/sh.kahrizi/Desktop/code/acorex-demo/.angular/prerender-root/14b28bc2-7626-4cdb-a4e7-cebfe1b1f318/chunk-XK3VTAM6.mjs:2:10808)
✔ Building...
Initial chunk files   | Names           |  Raw size | Estimated transfer size
styles-VP47Y7NY.css   | styles          | 474.99 kB |                59.02 kB
main-7NTBKEJL.js      | main            | 307.39 kB |                55.91 kB
polyfills-5CFQRCPP.js | polyfills       |  34.59 kB |                11.33 kB

                      | Initial total   | 816.96 kB |               126.26 kB

Lazy chunk files      | Names           |  Raw size | Estimated transfer size
chunk-VeQlPdJK2.js    | index           | 968.42 kB |               241.54 kB
chunk-4cCJ77tU.js     | -               | 388.07 kB |                32.13 kB
chunk-BouDMJpk.js     | index           | 284.11 kB |                80.88 kB
chunk-DtjOwmD1.js     | -               | 225.87 kB |                65.38 kB
chunk-66YvTRiM.js     | editorjs        | 213.52 kB |                46.95 kB
chunk-BbidzeIv.js     | quill           | 174.38 kB |                44.71 kB
chunk-YAWdN3NF.js     | -               | 149.47 kB |                37.59 kB
chunk-I5X73W69.js     | -               | 147.35 kB |                44.71 kB
chunk-jPQOQT4z.js     | -               | 144.58 kB |                24.88 kB
chunk-DNmuGBdK.js     | -               | 126.72 kB |                22.50 kB
chunk-KyOeazrx.js     | -               | 124.17 kB |                31.50 kB
chunk-DU1EOQSq.js     | gridstack       |  86.28 kB |                21.22 kB
chunk-D3COUwnn.js     | index           |  85.44 kB |                22.66 kB
chunk-4AnzxmS_.js     | -               |  83.84 kB |                18.80 kB
chunk-CPNniEFK2.js    | usage-component |  75.64 kB |                 8.37 kB
...and 849 more lazy chunks files. Use "--verbose" to show all the files.

Prerendered 638 static routes.
Application bundle generation failed. [31.163 seconds] - 2026-08-23T04:40:51.146Z

[33m▲ [43;33m[[43;30mWARNING[43;33m][0m [1mModule 'leaflet' used by 'node_modules/leaflet.locatecontrol/src/L.Control.Locate.js' is not ESM[0m

  CommonJS or AMD dependencies can cause optimization bailouts.
  For more information see: [4mhttps://angular.dev/tools/cli/build#configuring-commonjs-dependencies[0m


[33m▲ [43;33m[[43;30mWARNING[43;33m][0m [1mModule '@bomdi/codebox' used by 'node_modules/@acorex/components/fesm2022/acorex-components-editor.mjs' is not ESM[0m

  CommonJS or AMD dependencies can cause optimization bailouts.
  For more information see: [4mhttps://angular.dev/tools/cli/build#configuring-commonjs-dependencies[0m


[33m▲ [43;33m[[43;30mWARNING[43;33m][0m [1mModule 'editorjs-text-color-plugin' used by 'node_modules/@acorex/components/fesm2022/acorex-components-editor.mjs' is not ESM[0m

  CommonJS or AMD dependencies can cause optimization bailouts.
  For more information see: [4mhttps://angular.dev/tools/cli/build#configuring-commonjs-dependencies[0m


[33m▲ [43;33m[[43;30mWARNING[43;33m][0m [1mModule 'quill-delta' used by 'node_modules/quill/core.js' is not ESM[0m

  CommonJS or AMD dependencies can cause optimization bailouts.
  For more information see: [4mhttps://angular.dev/tools/cli/build#configuring-commonjs-dependencies[0m


[33m▲ [43;33m[[43;30mWARNING[43;33m][0m [1mModule 'leaflet-draw' used by 'node_modules/@acorex/components/fesm2022/acorex-components-map.mjs' is not ESM[0m

  CommonJS or AMD dependencies can cause optimization bailouts.
  For more information see: [4mhttps://angular.dev/tools/cli/build#configuring-commonjs-dependencies[0m


[33m▲ [43;33m[[43;30mWARNING[43;33m][0m [1mModule 'leaflet.locatecontrol' used by 'node_modules/@acorex/components/fesm2022/acorex-components-map.mjs' is not ESM[0m

  CommonJS or AMD dependencies can cause optimization bailouts.
  For more information see: [4mhttps://angular.dev/tools/cli/build#configuring-commonjs-dependencies[0m


[33m▲ [43;33m[[43;30mWARNING[43;33m][0m [1mModule 'quill-delta-to-html' used by 'node_modules/@acorex/components/fesm2022/acorex-components-wysiwyg.mjs' is not ESM[0m

  CommonJS or AMD dependencies can cause optimization bailouts.
  For more information see: [4mhttps://angular.dev/tools/cli/build#configuring-commonjs-dependencies[0m


[33m▲ [43;33m[[43;30mWARNING[43;33m][0m [1mModule 'tinygradient-es' used by 'node_modules/@acorex/core/fesm2022/acorex-core-utils.mjs' is not ESM[0m

  CommonJS or AMD dependencies can cause optimization bailouts.
  For more information see: [4mhttps://angular.dev/tools/cli/build#configuring-commonjs-dependencies[0m


[33m▲ [43;33m[[43;30mWARNING[43;33m][0m [1mModule 'qrcode' used by 'node_modules/@acorex/cdk/fesm2022/acorex-cdk-qrcode.mjs' is not ESM[0m

  CommonJS or AMD dependencies can cause optimization bailouts.
  For more information see: [4mhttps://angular.dev/tools/cli/build#configuring-commonjs-dependencies[0m


[33m▲ [43;33m[[43;30mWARNING[43;33m][0m [1mModule 'memoizee' used by 'node_modules/@acorex/core/fesm2022/acorex-core-memoize.mjs' is not ESM[0m

  CommonJS or AMD dependencies can cause optimization bailouts.
  For more information see: [4mhttps://angular.dev/tools/cli/build#configuring-commonjs-dependencies[0m


[31mX [41;31m[[41;97mERROR[41;31m][0m [1mAn error occurred while prerendering route '/combo-box/non-searchable'.

Error: NG0502: During serialization, Angular was unable to find an element in the DOM:

<div class="ax-combo-box-popup">
  …
  #node(projection)
  <!-- container -->  <-- AT THIS LOCATION
  …
</div>

To fix this problem:
  * check corresponding component for hydration-related issues
  * check to see if your template has valid HTML structure
  * check if there are any third-party scripts that manipulate the DOM. More info: https://v22.angular.dev/guide/hydration#third-party-scripts-with-dom-manipulation
  * or skip hydration by adding the `ngSkipHydration` attribute to its host node in a template


    at ZC (file:///C:/Users/sh.kahrizi/Desktop/code/acorex-demo/.angular/prerender-root/b701aa9a-e80b-4faf-8ce0-55e25166e767/chunk-JO4BD3I2.mjs:9:16)
    at dm (file:///C:/Users/sh.kahrizi/Desktop/code/acorex-demo/.angular/prerender-root/b701aa9a-e80b-4faf-8ce0-55e25166e767/chunk-JO4BD3I2.mjs:32:3932)
    at No (file:///C:/Users/sh.kahrizi/Desktop/code/acorex-demo/.angular/prerender-root/b701aa9a-e80b-4faf-8ce0-55e25166e767/chunk-JO4BD3I2.mjs:32:106943)
    at Jy (file:///C:/Users/sh.kahrizi/Desktop/code/acorex-demo/.angular/prerender-root/b701aa9a-e80b-4faf-8ce0-55e25166e767/chunk-JO4BD3I2.mjs:32:108001)
    at na (file:///C:/Users/sh.kahrizi/Desktop/code/acorex-demo/.angular/prerender-root/b701aa9a-e80b-4faf-8ce0-55e25166e767/chunk-JO4BD3I2.mjs:32:108584)
    at Jy (file:///C:/Users/sh.kahrizi/Desktop/code/acorex-demo/.angular/prerender-root/b701aa9a-e80b-4faf-8ce0-55e25166e767/chunk-JO4BD3I2.mjs:32:107853)
    at na (file:///C:/Users/sh.kahrizi/Desktop/code/acorex-demo/.angular/prerender-root/b701aa9a-e80b-4faf-8ce0-55e25166e767/chunk-JO4BD3I2.mjs:32:108584)
    at Jy (file:///C:/Users/sh.kahrizi/Desktop/code/acorex-demo/.angular/prerender-root/b701aa9a-e80b-4faf-8ce0-55e25166e767/chunk-JO4BD3I2.mjs:32:107853)
    at FS (file:///C:/Users/sh.kahrizi/Desktop/code/acorex-demo/.angular/prerender-root/b701aa9a-e80b-4faf-8ce0-55e25166e767/chunk-JO4BD3I2.mjs:32:106532)
    at Jy (file:///C:/Users/sh.kahrizi/Desktop/code/acorex-demo/.angular/prerender-root/b701aa9a-e80b-4faf-8ce0-55e25166e767/chunk-JO4BD3I2.mjs:32:107762)[0m


[31mX [41;31m[[41;97mERROR[41;31m][0m [1mAn error occurred while prerendering route '/combo-box/custom-empty-template'.

Error: Terminating worker thread
    at ThreadPool.destroy (C:\Users\sh.kahrizi\Desktop\code\acorex-demo\node_modules\piscina\dist\index.js:489:27)
    at WorkerPool.destroy (C:\Users\sh.kahrizi\Desktop\code\acorex-demo\node_modules\piscina\dist\index.js:669:65)
    at C:\Users\sh.kahrizi\Desktop\code\acorex-demo\node_modules\@angular\build\src\utils\server-rendering\prerender.js:166:35
    at async Promise.all (index 136)
    at async renderPages (C:\Users\sh.kahrizi\Desktop\code\acorex-demo\node_modules\@angular\build\src\utils\server-rendering\prerender.js:170:9)
    at async prerenderPages (C:\Users\sh.kahrizi\Desktop\code\acorex-demo\node_modules\@angular\build\src\utils\server-rendering\prerender.js:107:49)
    at async executePostBundleSteps (C:\Users\sh.kahrizi\Desktop\code\acorex-demo\node_modules\@angular\build\src\builders\application\execute-post-bundle.js:77:73)
    at async executeBuild (C:\Users\sh.kahrizi\Desktop\code\acorex-demo\node_modules\@angular\build\src\builders\application\execute-build.js:267:28)
    at async watch (C:\Users\sh.kahrizi\Desktop\code\acorex-demo\node_modules\@angular\build\src\builders\application\index.js:110:24)
    at async Task.task [as taskFn] (C:\Users\sh.kahrizi\Desktop\code\acorex-demo\node_modules\@angular\build\src\tools\esbuild\utils.js:138:26)[0m


[31mX [41;31m[[41;97mERROR[41;31m][0m [1mAn error occurred while prerendering route '/combo-box/custom-templates'.

Error: Terminating worker thread
    at ThreadPool.destroy (C:\Users\sh.kahrizi\Desktop\code\acorex-demo\node_modules\piscina\dist\index.js:489:27)
    at WorkerPool.destroy (C:\Users\sh.kahrizi\Desktop\code\acorex-demo\node_modules\piscina\dist\index.js:669:65)
    at C:\Users\sh.kahrizi\Desktop\code\acorex-demo\node_modules\@angular\build\src\utils\server-rendering\prerender.js:166:35
    at async Promise.all (index 136)
    at async renderPages (C:\Users\sh.kahrizi\Desktop\code\acorex-demo\node_modules\@angular\build\src\utils\server-rendering\prerender.js:170:9)
    at async prerenderPages (C:\Users\sh.kahrizi\Desktop\code\acorex-demo\node_modules\@angular\build\src\utils\server-rendering\prerender.js:107:49)
    at async executePostBundleSteps (C:\Users\sh.kahrizi\Desktop\code\acorex-demo\node_modules\@angular\build\src\builders\application\execute-post-bundle.js:77:73)
    at async executeBuild (C:\Users\sh.kahrizi\Desktop\code\acorex-demo\node_modules\@angular\build\src\builders\application\execute-build.js:267:28)
    at async watch (C:\Users\sh.kahrizi\Desktop\code\acorex-demo\node_modules\@angular\build\src\builders\application\index.js:110:24)
    at async Task.task [as taskFn] (C:\Users\sh.kahrizi\Desktop\code\acorex-demo\node_modules\@angular\build\src\tools\esbuild\utils.js:138:26)[0m


[31mX [41;31m[[41;97mERROR[41;31m][0m [1mAn error occurred while prerendering route '/cron-job/usage'.

Error: Terminating worker thread
    at ThreadPool.destroy (C:\Users\sh.kahrizi\Desktop\code\acorex-demo\node_modules\piscina\dist\index.js:489:27)
    at WorkerPool.destroy (C:\Users\sh.kahrizi\Desktop\code\acorex-demo\node_modules\piscina\dist\index.js:669:65)
    at C:\Users\sh.kahrizi\Desktop\code\acorex-demo\node_modules\@angular\build\src\utils\server-rendering\prerender.js:166:35
    at async Promise.all (index 136)
    at async renderPages (C:\Users\sh.kahrizi\Desktop\code\acorex-demo\node_modules\@angular\build\src\utils\server-rendering\prerender.js:170:9)
    at async prerenderPages (C:\Users\sh.kahrizi\Desktop\code\acorex-demo\node_modules\@angular\build\src\utils\server-rendering\prerender.js:107:49)
    at async executePostBundleSteps (C:\Users\sh.kahrizi\Desktop\code\acorex-demo\node_modules\@angular\build\src\builders\application\execute-post-bundle.js:77:73)
    at async executeBuild (C:\Users\sh.kahrizi\Desktop\code\acorex-demo\node_modules\@angular\build\src\builders\application\execute-build.js:267:28)
    at async watch (C:\Users\sh.kahrizi\Desktop\code\acorex-demo\node_modules\@angular\build\src\builders\application\index.js:110:24)
    at async Task.task [as taskFn] (C:\Users\sh.kahrizi\Desktop\code\acorex-demo\node_modules\@angular\build\src\tools\esbuild\utils.js:138:26)[0m


[31mX [41;31m[[41;97mERROR[41;31m][0m [1mAn error occurred while prerendering route '/data-pager/usage'.

Error: Terminating worker thread
    at ThreadPool.destroy (C:\Users\sh.kahrizi\Desktop\code\acorex-demo\node_modules\piscina\dist\index.js:489:27)
    at WorkerPool.destroy (C:\Users\sh.kahrizi\Desktop\code\acorex-demo\node_modules\piscina\dist\index.js:669:65)
    at C:\Users\sh.kahrizi\Desktop\code\acorex-demo\node_modules\@angular\build\src\utils\server-rendering\prerender.js:166:35
    at async Promise.all (index 136)
    at async renderPages (C:\Users\sh.kahrizi\Desktop\code\acorex-demo\node_modules\@angular\build\src\utils\server-rendering\prerender.js:170:9)
    at async prerenderPages (C:\Users\sh.kahrizi\Desktop\code\acorex-demo\node_modules\@angular\build\src\utils\server-rendering\prerender.js:107:49)
    at async executePostBundleSteps (C:\Users\sh.kahrizi\Desktop\code\acorex-demo\node_modules\@angular\build\src\builders\application\execute-post-bundle.js:77:73)
    at async executeBuild (C:\Users\sh.kahrizi\Desktop\code\acorex-demo\node_modules\@angular\build\src\builders\application\execute-build.js:267:28)
    at async watch (C:\Users\sh.kahrizi\Desktop\code\acorex-demo\node_modules\@angular\build\src\builders\application\index.js:110:24)
    at async Task.task [as taskFn] (C:\Users\sh.kahrizi\Desktop\code\acorex-demo\node_modules\@angular\build\src\tools\esbuild\utils.js:138:26)[0m


[31mX [41;31m[[41;97mERROR[41;31m][0m [1mAn error occurred while prerendering route '/data-pager/compact-interaction'.

Error: Terminating worker thread
    at ThreadPool.destroy (C:\Users\sh.kahrizi\Desktop\code\acorex-demo\node_modules\piscina\dist\index.js:489:27)
    at WorkerPool.destroy (C:\Users\sh.kahrizi\Desktop\code\acorex-demo\node_modules\piscina\dist\index.js:669:65)
    at C:\Users\sh.kahrizi\Desktop\code\acorex-demo\node_modules\@angular\build\src\utils\server-rendering\prerender.js:166:35
    at async Promise.all (index 136)
    at async renderPages (C:\Users\sh.kahrizi\Desktop\code\acorex-demo\node_modules\@angular\build\src\utils\server-rendering\prerender.js:170:9)
    at async prerenderPages (C:\Users\sh.kahrizi\Desktop\code\acorex-demo\node_modules\@angular\build\src\utils\server-rendering\prerender.js:107:49)
    at async executePostBundleSteps (C:\Users\sh.kahrizi\Desktop\code\acorex-demo\node_modules\@angular\build\src\builders\application\execute-post-bundle.js:77:73)
    at async executeBuild (C:\Users\sh.kahrizi\Desktop\code\acorex-demo\node_modules\@angular\build\src\builders\application\execute-build.js:267:28)
    at async watch (C:\Users\sh.kahrizi\Desktop\code\acorex-demo\node_modules\@angular\build\src\builders\application\index.js:110:24)
    at async Task.task [as taskFn] (C:\Users\sh.kahrizi\Desktop\code\acorex-demo\node_modules\@angular\build\src\tools\esbuild\utils.js:138:26)[0m


[31mX [41;31m[[41;97mERROR[41;31m][0m [1mAn error occurred while prerendering route '/data-table/usage'.

Error: Terminating worker thread
    at ThreadPool.destroy (C:\Users\sh.kahrizi\Desktop\code\acorex-demo\node_modules\piscina\dist\index.js:489:27)
    at WorkerPool.destroy (C:\Users\sh.kahrizi\Desktop\code\acorex-demo\node_modules\piscina\dist\index.js:669:65)
    at C:\Users\sh.kahrizi\Desktop\code\acorex-demo\node_modules\@angular\build\src\utils\server-rendering\prerender.js:166:35
    at async Promise.all (index 136)
    at async renderPages (C:\Users\sh.kahrizi\Desktop\code\acorex-demo\node_modules\@angular\build\src\utils\server-rendering\prerender.js:170:9)
    at async prerenderPages (C:\Users\sh.kahrizi\Desktop\code\acorex-demo\node_modules\@angular\build\src\utils\server-rendering\prerender.js:107:49)
    at async executePostBundleSteps (C:\Users\sh.kahrizi\Desktop\code\acorex-demo\node_modules\@angular\build\src\builders\application\execute-post-bundle.js:77:73)
    at async executeBuild (C:\Users\sh.kahrizi\Desktop\code\acorex-demo\node_modules\@angular\build\src\builders\application\execute-build.js:267:28)
    at async watch (C:\Users\sh.kahrizi\Desktop\code\acorex-demo\node_modules\@angular\build\src\builders\application\index.js:110:24)
    at async Task.task [as taskFn] (C:\Users\sh.kahrizi\Desktop\code\acorex-demo\node_modules\@angular\build\src\tools\esbuild\utils.js:138:26)[0m


[31mX [41;31m[[41;97mERROR[41;31m][0m [1mAn error occurred while prerendering route '/data-table/cell-template'.

Error: Terminating worker thread
    at ThreadPool.destroy (C:\Users\sh.kahrizi\Desktop\code\acorex-demo\node_modules\piscina\dist\index.js:489:27)
    at WorkerPool.destroy (C:\Users\sh.kahrizi\Desktop\code\acorex-demo\node_modules\piscina\dist\index.js:669:65)
    at C:\Users\sh.kahrizi\Desktop\code\acorex-demo\node_modules\@angular\build\src\utils\server-rendering\prerender.js:166:35
    at async Promise.all (index 136)
    at async renderPages (C:\Users\sh.kahrizi\Desktop\code\acorex-demo\node_modules\@angular\build\src\utils\server-rendering\prerender.js:170:9)
    at async prerenderPages (C:\Users\sh.kahrizi\Desktop\code\acorex-demo\node_modules\@angular\build\src\utils\server-rendering\prerender.js:107:49)
    at async executePostBundleSteps (C:\Users\sh.kahrizi\Desktop\code\acorex-demo\node_modules\@angular\build\src\builders\application\execute-post-bundle.js:77:73)
    at async executeBuild (C:\Users\sh.kahrizi\Desktop\code\acorex-demo\node_modules\@angular\build\src\builders\application\execute-build.js:267:28)
    at async watch (C:\Users\sh.kahrizi\Desktop\code\acorex-demo\node_modules\@angular\build\src\builders\application\index.js:110:24)
    at async Task.task [as taskFn] (C:\Users\sh.kahrizi\Desktop\code\acorex-demo\node_modules\@angular\build\src\tools\esbuild\utils.js:138:26)[0m


[31mX [41;31m[[41;97mERROR[41;31m][0m [1mAn error occurred while prerendering route '/data-table/empty-template'.

Error: Terminating worker thread
    at ThreadPool.destroy (C:\Users\sh.kahrizi\Desktop\code\acorex-demo\node_modules\piscina\dist\index.js:489:27)
    at WorkerPool.destroy (C:\Users\sh.kahrizi\Desktop\code\acorex-demo\node_modules\piscina\dist\index.js:669:65)
    at C:\Users\sh.kahrizi\Desktop\code\acorex-demo\node_modules\@angular\build\src\utils\server-rendering\prerender.js:166:35
    at async Promise.all (index 136)
    at async renderPages (C:\Users\sh.kahrizi\Desktop\code\acorex-demo\node_modules\@angular\build\src\utils\server-rendering\prerender.js:170:9)
    at async prerenderPages (C:\Users\sh.kahrizi\Desktop\code\acorex-demo\node_modules\@angular\build\src\utils\server-rendering\prerender.js:107:49)
    at async executePostBundleSteps (C:\Users\sh.kahrizi\Desktop\code\acorex-demo\node_modules\@angular\build\src\builders\application\execute-post-bundle.js:77:73)
    at async executeBuild (C:\Users\sh.kahrizi\Desktop\code\acorex-demo\node_modules\@angular\build\src\builders\application\execute-build.js:267:28)
    at async watch (C:\Users\sh.kahrizi\Desktop\code\acorex-demo\node_modules\@angular\build\src\builders\application\index.js:110:24)
    at async Task.task [as taskFn] (C:\Users\sh.kahrizi\Desktop\code\acorex-demo\node_modules\@angular\build\src\tools\esbuild\utils.js:138:26)[0m


[31mX [41;31m[[41;97mERROR[41;31m][0m [1mAn error occurred while prerendering route '/data-table/allow-resize-and-reorder'.

Error: Terminating worker thread
    at ThreadPool.destroy (C:\Users\sh.kahrizi\Desktop\code\acorex-demo\node_modules\piscina\dist\index.js:489:27)
    at WorkerPool.destroy (C:\Users\sh.kahrizi\Desktop\code\acorex-demo\node_modules\piscina\dist\index.js:669:65)
    at C:\Users\sh.kahrizi\Desktop\code\acorex-demo\node_modules\@angular\build\src\utils\server-rendering\prerender.js:166:35
    at async Promise.all (index 136)
    at async renderPages (C:\Users\sh.kahrizi\Desktop\code\acorex-demo\node_modules\@angular\build\src\utils\server-rendering\prerender.js:170:9)
    at async prerenderPages (C:\Users\sh.kahrizi\Desktop\code\acorex-demo\node_modules\@angular\build\src\utils\server-rendering\prerender.js:107:49)
    at async executePostBundleSteps (C:\Users\sh.kahrizi\Desktop\code\acorex-demo\node_modules\@angular\build\src\builders\application\execute-post-bundle.js:77:73)
    at async executeBuild (C:\Users\sh.kahrizi\Desktop\code\acorex-demo\node_modules\@angular\build\src\builders\application\execute-build.js:267:28)
    at async watch (C:\Users\sh.kahrizi\Desktop\code\acorex-demo\node_modules\@angular\build\src\builders\application\index.js:110:24)
    at async Task.task [as taskFn] (C:\Users\sh.kahrizi\Desktop\code\acorex-demo\node_modules\@angular\build\src\tools\esbuild\utils.js:138:26)[0m


[31mX [41;31m[[41;97mERROR[41;31m][0m [1mAn error occurred while prerendering route '/date-time-box/usage'.

Error: Terminating worker thread
    at ThreadPool.destroy (C:\Users\sh.kahrizi\Desktop\code\acorex-demo\node_modules\piscina\dist\index.js:489:27)
    at WorkerPool.destroy (C:\Users\sh.kahrizi\Desktop\code\acorex-demo\node_modules\piscina\dist\index.js:669:65)
    at C:\Users\sh.kahrizi\Desktop\code\acorex-demo\node_modules\@angular\build\src\utils\server-rendering\prerender.js:166:35
    at async Promise.all (index 136)
    at async renderPages (C:\Users\sh.kahrizi\Desktop\code\acorex-demo\node_modules\@angular\build\src\utils\server-rendering\prerender.js:170:9)
    at async prerenderPages (C:\Users\sh.kahrizi\Desktop\code\acorex-demo\node_modules\@angular\build\src\utils\server-rendering\prerender.js:107:49)
    at async executePostBundleSteps (C:\Users\sh.kahrizi\Desktop\code\acorex-demo\node_modules\@angular\build\src\builders\application\execute-post-bundle.js:77:73)
    at async executeBuild (C:\Users\sh.kahrizi\Desktop\code\acorex-demo\node_modules\@angular\build\src\builders\application\execute-build.js:267:28)
    at async watch (C:\Users\sh.kahrizi\Desktop\code\acorex-demo\node_modules\@angular\build\src\builders\application\index.js:110:24)
    at async Task.task [as taskFn] (C:\Users\sh.kahrizi\Desktop\code\acorex-demo\node_modules\@angular\build\src\tools\esbuild\utils.js:138:26)[0m


[31mX [41;31m[[41;97mERROR[41;31m][0m [1mAn error occurred while prerendering route '/date-time-box/time-only'.

Error: Terminating worker thread
    at ThreadPool.destroy (C:\Users\sh.kahrizi\Desktop\code\acorex-demo\node_modules\piscina\dist\index.js:489:27)
    at WorkerPool.destroy (C:\Users\sh.kahrizi\Desktop\code\acorex-demo\node_modules\piscina\dist\index.js:669:65)
    at C:\Users\sh.kahrizi\Desktop\code\acorex-demo\node_modules\@angular\build\src\utils\server-rendering\prerender.js:166:35
    at async Promise.all (index 136)
    at async renderPages (C:\Users\sh.kahrizi\Desktop\code\acorex-demo\node_modules\@angular\build\src\utils\server-rendering\prerender.js:170:9)
    at async prerenderPages (C:\Users\sh.kahrizi\Desktop\code\acorex-demo\node_modules\@angular\build\src\utils\server-rendering\prerender.js:107:49)
    at async executePostBundleSteps (C:\Users\sh.kahrizi\Desktop\code\acorex-demo\node_modules\@angular\build\src\builders\application\execute-post-bundle.js:77:73)
    at async executeBuild (C:\Users\sh.kahrizi\Desktop\code\acorex-demo\node_modules\@angular\build\src\builders\application\execute-build.js:267:28)
    at async watch (C:\Users\sh.kahrizi\Desktop\code\acorex-demo\node_modules\@angular\build\src\builders\application\index.js:110:24)
    at async Task.task [as taskFn] (C:\Users\sh.kahrizi\Desktop\code\acorex-demo\node_modules\@angular\build\src\tools\esbuild\utils.js:138:26)[0m


[31mX [41;31m[[41;97mERROR[41;31m][0m [1mAn error occurred while prerendering route '/date-time-box/date-only'.

Error: Terminating worker thread
    at ThreadPool.destroy (C:\Users\sh.kahrizi\Desktop\code\acorex-demo\node_modules\piscina\dist\index.js:489:27)
    at WorkerPool.destroy (C:\Users\sh.kahrizi\Desktop\code\acorex-demo\node_modules\piscina\dist\index.js:669:65)
    at C:\Users\sh.kahrizi\Desktop\code\acorex-demo\node_modules\@angular\build\src\utils\server-rendering\prerender.js:166:35
    at async Promise.all (index 136)
    at async renderPages (C:\Users\sh.kahrizi\Desktop\code\acorex-demo\node_modules\@angular\build\src\utils\server-rendering\prerender.js:170:9)
    at async prerenderPages (C:\Users\sh.kahrizi\Desktop\code\acorex-demo\node_modules\@angular\build\src\utils\server-rendering\prerender.js:107:49)
    at async executePostBundleSteps (C:\Users\sh.kahrizi\Desktop\code\acorex-demo\node_modules\@angular\build\src\builders\application\execute-post-bundle.js:77:73)
    at async executeBuild (C:\Users\sh.kahrizi\Desktop\code\acorex-demo\node_modules\@angular\build\src\builders\application\execute-build.js:267:28)
    at async watch (C:\Users\sh.kahrizi\Desktop\code\acorex-demo\node_modules\@angular\build\src\builders\application\index.js:110:24)
    at async Task.task [as taskFn] (C:\Users\sh.kahrizi\Desktop\code\acorex-demo\node_modules\@angular\build\src\tools\esbuild\utils.js:138:26)[0m


[31mX [41;31m[[41;97mERROR[41;31m][0m [1mAn error occurred while prerendering route '/date-time-box/min-max'.

Error: Terminating worker thread
    at ThreadPool.destroy (C:\Users\sh.kahrizi\Desktop\code\acorex-demo\node_modules\piscina\dist\index.js:489:27)
    at WorkerPool.destroy (C:\Users\sh.kahrizi\Desktop\code\acorex-demo\node_modules\piscina\dist\index.js:669:65)
    at C:\Users\sh.kahrizi\Desktop\code\acorex-demo\node_modules\@angular\build\src\utils\server-rendering\prerender.js:166:35
    at async Promise.all (index 136)
    at async renderPages (C:\Users\sh.kahrizi\Desktop\code\acorex-demo\node_modules\@angular\build\src\utils\server-rendering\prerender.js:170:9)
    at async prerenderPages (C:\Users\sh.kahrizi\Desktop\code\acorex-demo\node_modules\@angular\build\src\utils\server-rendering\prerender.js:107:49)
    at async executePostBundleSteps (C:\Users\sh.kahrizi\Desktop\code\acorex-demo\node_modules\@angular\build\src\builders\application\execute-post-bundle.js:77:73)
    at async executeBuild (C:\Users\sh.kahrizi\Desktop\code\acorex-demo\node_modules\@angular\build\src\builders\application\execute-build.js:267:28)
    at async watch (C:\Users\sh.kahrizi\Desktop\code\acorex-demo\node_modules\@angular\build\src\builders\application\index.js:110:24)
    at async Task.task [as taskFn] (C:\Users\sh.kahrizi\Desktop\code\acorex-demo\node_modules\@angular\build\src\tools\esbuild\utils.js:138:26)[0m


[31mX [41;31m[[41;97mERROR[41;31m][0m [1mAn error occurred while prerendering route '/date-time-box/year-range'.

Error: Terminating worker thread
    at ThreadPool.destroy (C:\Users\sh.kahrizi\Desktop\code\acorex-demo\node_modules\piscina\dist\index.js:489:27)
    at WorkerPool.destroy (C:\Users\sh.kahrizi\Desktop\code\acorex-demo\node_modules\piscina\dist\index.js:669:65)
    at C:\Users\sh.kahrizi\Desktop\code\acorex-demo\node_modules\@angular\build\src\utils\server-rendering\prerender.js:166:35
    at async Promise.all (index 136)
    at async renderPages (C:\Users\sh.kahrizi\Desktop\code\acorex-demo\node_modules\@angular\build\src\utils\server-rendering\prerender.js:170:9)
    at async prerenderPages (C:\Users\sh.kahrizi\Desktop\code\acorex-demo\node_modules\@angular\build\src\utils\server-rendering\prerender.js:107:49)
    at async executePostBundleSteps (C:\Users\sh.kahrizi\Desktop\code\acorex-demo\node_modules\@angular\build\src\builders\application\execute-post-bundle.js:77:73)
    at async executeBuild (C:\Users\sh.kahrizi\Desktop\code\acorex-demo\node_modules\@angular\build\src\builders\application\execute-build.js:267:28)
    at async watch (C:\Users\sh.kahrizi\Desktop\code\acorex-demo\node_modules\@angular\build\src\builders\application\index.js:110:24)
    at async Task.task [as taskFn] (C:\Users\sh.kahrizi\Desktop\code\acorex-demo\node_modules\@angular\build\src\tools\esbuild\utils.js:138:26)[0m


[31mX [41;31m[[41;97mERROR[41;31m][0m [1mAn error occurred while prerendering route '/date-time-box/box-look'.

Error: Terminating worker thread
    at ThreadPool.destroy (C:\Users\sh.kahrizi\Desktop\code\acorex-demo\node_modules\piscina\dist\index.js:489:27)
    at WorkerPool.destroy (C:\Users\sh.kahrizi\Desktop\code\acorex-demo\node_modules\piscina\dist\index.js:669:65)
    at C:\Users\sh.kahrizi\Desktop\code\acorex-demo\node_modules\@angular\build\src\utils\server-rendering\prerender.js:166:35
    at async Promise.all (index 136)
    at async renderPages (C:\Users\sh.kahrizi\Desktop\code\acorex-demo\node_modules\@angular\build\src\utils\server-rendering\prerender.js:170:9)
    at async prerenderPages (C:\Users\sh.kahrizi\Desktop\code\acorex-demo\node_modules\@angular\build\src\utils\server-rendering\prerender.js:107:49)
    at async executePostBundleSteps (C:\Users\sh.kahrizi\Desktop\code\acorex-demo\node_modules\@angular\build\src\builders\application\execute-post-bundle.js:77:73)
    at async executeBuild (C:\Users\sh.kahrizi\Desktop\code\acorex-demo\node_modules\@angular\build\src\builders\application\execute-build.js:267:28)
    at async watch (C:\Users\sh.kahrizi\Desktop\code\acorex-demo\node_modules\@angular\build\src\builders\application\index.js:110:24)
    at async Task.task [as taskFn] (C:\Users\sh.kahrizi\Desktop\code\acorex-demo\node_modules\@angular\build\src\tools\esbuild\utils.js:138:26)[0m


[31mX [41;31m[[41;97mERROR[41;31m][0m [1mAn error occurred while prerendering route '/date-time-box/calendar-look'.

Error: Terminating worker thread
    at ThreadPool.destroy (C:\Users\sh.kahrizi\Desktop\code\acorex-demo\node_modules\piscina\dist\index.js:489:27)
    at WorkerPool.destroy (C:\Users\sh.kahrizi\Desktop\code\acorex-demo\node_modules\piscina\dist\index.js:669:65)
    at C:\Users\sh.kahrizi\Desktop\code\acorex-demo\node_modules\@angular\build\src\utils\server-rendering\prerender.js:166:35
    at async Promise.all (index 136)
    at async renderPages (C:\Users\sh.kahrizi\Desktop\code\acorex-demo\node_modules\@angular\build\src\utils\server-rendering\prerender.js:170:9)
    at async prerenderPages (C:\Users\sh.kahrizi\Desktop\code\acorex-demo\node_modules\@angular\build\src\utils\server-rendering\prerender.js:107:49)
    at async executePostBundleSteps (C:\Users\sh.kahrizi\Desktop\code\acorex-demo\node_modules\@angular\build\src\builders\application\execute-post-bundle.js:77:73)
    at async executeBuild (C:\Users\sh.kahrizi\Desktop\code\acorex-demo\node_modules\@angular\build\src\builders\application\execute-build.js:267:28)
    at async watch (C:\Users\sh.kahrizi\Desktop\code\acorex-demo\node_modules\@angular\build\src\builders\application\index.js:110:24)
    at async Task.task [as taskFn] (C:\Users\sh.kahrizi\Desktop\code\acorex-demo\node_modules\@angular\build\src\tools\esbuild\utils.js:138:26)[0m


[31mX [41;31m[[41;97mERROR[41;31m][0m [1mAn error occurred while prerendering route '/date-time-box/states'.

Error: Terminating worker thread
    at ThreadPool.destroy (C:\Users\sh.kahrizi\Desktop\code\acorex-demo\node_modules\piscina\dist\index.js:489:27)
    at WorkerPool.destroy (C:\Users\sh.kahrizi\Desktop\code\acorex-demo\node_modules\piscina\dist\index.js:669:65)
    at C:\Users\sh.kahrizi\Desktop\code\acorex-demo\node_modules\@angular\build\src\utils\server-rendering\prerender.js:166:35
    at async Promise.all (index 136)
    at async renderPages (C:\Users\sh.kahrizi\Desktop\code\acorex-demo\node_modules\@angular\build\src\utils\server-rendering\prerender.js:170:9)
    at async prerenderPages (C:\Users\sh.kahrizi\Desktop\code\acorex-demo\node_modules\@angular\build\src\utils\server-rendering\prerender.js:107:49)
    at async executePostBundleSteps (C:\Users\sh.kahrizi\Desktop\code\acorex-demo\node_modules\@angular\build\src\builders\application\execute-post-bundle.js:77:73)
    at async executeBuild (C:\Users\sh.kahrizi\Desktop\code\acorex-demo\node_modules\@angular\build\src\builders\application\execute-build.js:267:28)
    at async watch (C:\Users\sh.kahrizi\Desktop\code\acorex-demo\node_modules\@angular\build\src\builders\application\index.js:110:24)
    at async Task.task [as taskFn] (C:\Users\sh.kahrizi\Desktop\code\acorex-demo\node_modules\@angular\build\src\tools\esbuild\utils.js:138:26)[0m


[31mX [41;31m[[41;97mERROR[41;31m][0m [1mAn error occurred while prerendering route '/date-time-box/looks'.

Error: Terminating worker thread
    at ThreadPool.destroy (C:\Users\sh.kahrizi\Desktop\code\acorex-demo\node_modules\piscina\dist\index.js:489:27)
    at WorkerPool.destroy (C:\Users\sh.kahrizi\Desktop\code\acorex-demo\node_modules\piscina\dist\index.js:669:65)
    at C:\Users\sh.kahrizi\Desktop\code\acorex-demo\node_modules\@angular\build\src\utils\server-rendering\prerender.js:166:35
    at async Promise.all (index 136)
    at async renderPages (C:\Users\sh.kahrizi\Desktop\code\acorex-demo\node_modules\@angular\build\src\utils\server-rendering\prerender.js:170:9)
    at async prerenderPages (C:\Users\sh.kahrizi\Desktop\code\acorex-demo\node_modules\@angular\build\src\utils\server-rendering\prerender.js:107:49)
    at async executePostBundleSteps (C:\Users\sh.kahrizi\Desktop\code\acorex-demo\node_modules\@angular\build\src\builders\application\execute-post-bundle.js:77:73)
    at async executeBuild (C:\Users\sh.kahrizi\Desktop\code\acorex-demo\node_modules\@angular\build\src\builders\application\execute-build.js:267:28)
    at async watch (C:\Users\sh.kahrizi\Desktop\code\acorex-demo\node_modules\@angular\build\src\builders\application\index.js:110:24)
    at async Task.task [as taskFn] (C:\Users\sh.kahrizi\Desktop\code\acorex-demo\node_modules\@angular\build\src\tools\esbuild\utils.js:138:26)[0m


[31mX [41;31m[[41;97mERROR[41;31m][0m [1mAn error occurred while prerendering route '/date-time-box/allow-typing'.

Error: Terminating worker thread
    at ThreadPool.destroy (C:\Users\sh.kahrizi\Desktop\code\acorex-demo\node_modules\piscina\dist\index.js:489:27)
    at WorkerPool.destroy (C:\Users\sh.kahrizi\Desktop\code\acorex-demo\node_modules\piscina\dist\index.js:669:65)
    at C:\Users\sh.kahrizi\Desktop\code\acorex-demo\node_modules\@angular\build\src\utils\server-rendering\prerender.js:166:35
    at async Promise.all (index 136)
    at async renderPages (C:\Users\sh.kahrizi\Desktop\code\acorex-demo\node_modules\@angular\build\src\utils\server-rendering\prerender.js:170:9)
    at async prerenderPages (C:\Users\sh.kahrizi\Desktop\code\acorex-demo\node_modules\@angular\build\src\utils\server-rendering\prerender.js:107:49)
    at async executePostBundleSteps (C:\Users\sh.kahrizi\Desktop\code\acorex-demo\node_modules\@angular\build\src\builders\application\execute-post-bundle.js:77:73)
    at async executeBuild (C:\Users\sh.kahrizi\Desktop\code\acorex-demo\node_modules\@angular\build\src\builders\application\execute-build.js:267:28)
    at async watch (C:\Users\sh.kahrizi\Desktop\code\acorex-demo\node_modules\@angular\build\src\builders\application\index.js:110:24)
    at async Task.task [as taskFn] (C:\Users\sh.kahrizi\Desktop\code\acorex-demo\node_modules\@angular\build\src\tools\esbuild\utils.js:138:26)[0m


[31mX [41;31m[[41;97mERROR[41;31m][0m [1mAn error occurred while prerendering route '/date-time-box/format'.

Error: Terminating worker thread
    at ThreadPool.destroy (C:\Users\sh.kahrizi\Desktop\code\acorex-demo\node_modules\piscina\dist\index.js:489:27)
    at WorkerPool.destroy (C:\Users\sh.kahrizi\Desktop\code\acorex-demo\node_modules\piscina\dist\index.js:669:65)
    at C:\Users\sh.kahrizi\Desktop\code\acorex-demo\node_modules\@angular\build\src\utils\server-rendering\prerender.js:166:35
    at async Promise.all (index 136)
    at async renderPages (C:\Users\sh.kahrizi\Desktop\code\acorex-demo\node_modules\@angular\build\src\utils\server-rendering\prerender.js:170:9)
    at async prerenderPages (C:\Users\sh.kahrizi\Desktop\code\acorex-demo\node_modules\@angular\build\src\utils\server-rendering\prerender.js:107:49)
    at async executePostBundleSteps (C:\Users\sh.kahrizi\Desktop\code\acorex-demo\node_modules\@angular\build\src\builders\application\execute-post-bundle.js:77:73)
    at async executeBuild (C:\Users\sh.kahrizi\Desktop\code\acorex-demo\node_modules\@angular\build\src\builders\application\execute-build.js:267:28)
    at async watch (C:\Users\sh.kahrizi\Desktop\code\acorex-demo\node_modules\@angular\build\src\builders\application\index.js:110:24)
    at async Task.task [as taskFn] (C:\Users\sh.kahrizi\Desktop\code\acorex-demo\node_modules\@angular\build\src\tools\esbuild\utils.js:138:26)[0m


[31mX [41;31m[[41;97mERROR[41;31m][0m [1mAn error occurred while prerendering route '/date-time-box/calendar-types'.

Error: Terminating worker thread
    at ThreadPool.destroy (C:\Users\sh.kahrizi\Desktop\code\acorex-demo\node_modules\piscina\dist\index.js:489:27)
    at WorkerPool.destroy (C:\Users\sh.kahrizi\Desktop\code\acorex-demo\node_modules\piscina\dist\index.js:669:65)
    at C:\Users\sh.kahrizi\Desktop\code\acorex-demo\node_modules\@angular\build\src\utils\server-rendering\prerender.js:166:35
    at async Promise.all (index 136)
    at async renderPages (C:\Users\sh.kahrizi\Desktop\code\acorex-demo\node_modules\@angular\build\src\utils\server-rendering\prerender.js:170:9)
    at async prerenderPages (C:\Users\sh.kahrizi\Desktop\code\acorex-demo\node_modules\@angular\build\src\utils\server-rendering\prerender.js:107:49)
    at async executePostBundleSteps (C:\Users\sh.kahrizi\Desktop\code\acorex-demo\node_modules\@angular\build\src\builders\application\execute-post-bundle.js:77:73)
    at async executeBuild (C:\Users\sh.kahrizi\Desktop\code\acorex-demo\node_modules\@angular\build\src\builders\application\execute-build.js:267:28)
    at async watch (C:\Users\sh.kahrizi\Desktop\code\acorex-demo\node_modules\@angular\build\src\builders\application\index.js:110:24)
    at async Task.task [as taskFn] (C:\Users\sh.kahrizi\Desktop\code\acorex-demo\node_modules\@angular\build\src\tools\esbuild\utils.js:138:26)[0m


[31mX [41;31m[[41;97mERROR[41;31m][0m [1mAn error occurred while prerendering route '/date-time-picker/usage'.

Error: Terminating worker thread
    at ThreadPool.destroy (C:\Users\sh.kahrizi\Desktop\code\acorex-demo\node_modules\piscina\dist\index.js:489:27)
    at WorkerPool.destroy (C:\Users\sh.kahrizi\Desktop\code\acorex-demo\node_modules\piscina\dist\index.js:669:65)
    at C:\Users\sh.kahrizi\Desktop\code\acorex-demo\node_modules\@angular\build\src\utils\server-rendering\prerender.js:166:35
    at async Promise.all (index 136)
    at async renderPages (C:\Users\sh.kahrizi\Desktop\code\acorex-demo\node_modules\@angular\build\src\utils\server-rendering\prerender.js:170:9)
    at async prerenderPages (C:\Users\sh.kahrizi\Desktop\code\acorex-demo\node_modules\@angular\build\src\utils\server-rendering\prerender.js:107:49)
    at async executePostBundleSteps (C:\Users\sh.kahrizi\Desktop\code\acorex-demo\node_modules\@angular\build\src\builders\application\execute-post-bundle.js:77:73)
    at async executeBuild (C:\Users\sh.kahrizi\Desktop\code\acorex-demo\node_modules\@angular\build\src\builders\application\execute-build.js:267:28)
    at async watch (C:\Users\sh.kahrizi\Desktop\code\acorex-demo\node_modules\@angular\build\src\builders\application\index.js:110:24)
    at async Task.task [as taskFn] (C:\Users\sh.kahrizi\Desktop\code\acorex-demo\node_modules\@angular\build\src\tools\esbuild\utils.js:138:26)[0m


[31mX [41;31m[[41;97mERROR[41;31m][0m [1mAn error occurred while prerendering route '/date-time-picker/year-range'.

Error: Terminating worker thread
    at ThreadPool.destroy (C:\Users\sh.kahrizi\Desktop\code\acorex-demo\node_modules\piscina\dist\index.js:489:27)
    at WorkerPool.destroy (C:\Users\sh.kahrizi\Desktop\code\acorex-demo\node_modules\piscina\dist\index.js:669:65)
    at C:\Users\sh.kahrizi\Desktop\code\acorex-demo\node_modules\@angular\build\src\utils\server-rendering\prerender.js:166:35
    at async Promise.all (index 136)
    at async renderPages (C:\Users\sh.kahrizi\Desktop\code\acorex-demo\node_modules\@angular\build\src\utils\server-rendering\prerender.js:170:9)
    at async prerenderPages (C:\Users\sh.kahrizi\Desktop\code\acorex-demo\node_modules\@angular\build\src\utils\server-rendering\prerender.js:107:49)
    at async executePostBundleSteps (C:\Users\sh.kahrizi\Desktop\code\acorex-demo\node_modules\@angular\build\src\builders\application\execute-post-bundle.js:77:73)
    at async executeBuild (C:\Users\sh.kahrizi\Desktop\code\acorex-demo\node_modules\@angular\build\src\builders\application\execute-build.js:267:28)
    at async watch (C:\Users\sh.kahrizi\Desktop\code\acorex-demo\node_modules\@angular\build\src\builders\application\index.js:110:24)
    at async Task.task [as taskFn] (C:\Users\sh.kahrizi\Desktop\code\acorex-demo\node_modules\@angular\build\src\tools\esbuild\utils.js:138:26)[0m


[31mX [41;31m[[41;97mERROR[41;31m][0m [1mAn error occurred while prerendering route '/date-time-picker/calendar-look'.

Error: Terminating worker thread
    at ThreadPool.destroy (C:\Users\sh.kahrizi\Desktop\code\acorex-demo\node_modules\piscina\dist\index.js:489:27)
    at WorkerPool.destroy (C:\Users\sh.kahrizi\Desktop\code\acorex-demo\node_modules\piscina\dist\index.js:669:65)
    at C:\Users\sh.kahrizi\Desktop\code\acorex-demo\node_modules\@angular\build\src\utils\server-rendering\prerender.js:166:35
    at async Promise.all (index 136)
    at async renderPages (C:\Users\sh.kahrizi\Desktop\code\acorex-demo\node_modules\@angular\build\src\utils\server-rendering\prerender.js:170:9)
    at async prerenderPages (C:\Users\sh.kahrizi\Desktop\code\acorex-demo\node_modules\@angular\build\src\utils\server-rendering\prerender.js:107:49)
    at async executePostBundleSteps (C:\Users\sh.kahrizi\Desktop\code\acorex-demo\node_modules\@angular\build\src\builders\application\execute-post-bundle.js:77:73)
    at async executeBuild (C:\Users\sh.kahrizi\Desktop\code\acorex-demo\node_modules\@angular\build\src\builders\application\execute-build.js:267:28)
    at async watch (C:\Users\sh.kahrizi\Desktop\code\acorex-demo\node_modules\@angular\build\src\builders\application\index.js:110:24)
    at async Task.task [as taskFn] (C:\Users\sh.kahrizi\Desktop\code\acorex-demo\node_modules\@angular\build\src\tools\esbuild\utils.js:138:26)[0m


[31mX [41;31m[[41;97mERROR[41;31m][0m [1mAn error occurred while prerendering route '/date-time-picker/picker'.

Error: Terminating worker thread
    at ThreadPool.destroy (C:\Users\sh.kahrizi\Desktop\code\acorex-demo\node_modules\piscina\dist\index.js:489:27)
    at WorkerPool.destroy (C:\Users\sh.kahrizi\Desktop\code\acorex-demo\node_modules\piscina\dist\index.js:669:65)
    at C:\Users\sh.kahrizi\Desktop\code\acorex-demo\node_modules\@angular\build\src\utils\server-rendering\prerender.js:166:35
    at async Promise.all (index 136)
    at async renderPages (C:\Users\sh.kahrizi\Desktop\code\acorex-demo\node_modules\@angular\build\src\utils\server-rendering\prerender.js:170:9)
    at async prerenderPages (C:\Users\sh.kahrizi\Desktop\code\acorex-demo\node_modules\@angular\build\src\utils\server-rendering\prerender.js:107:49)
    at async executePostBundleSteps (C:\Users\sh.kahrizi\Desktop\code\acorex-demo\node_modules\@angular\build\src\builders\application\execute-post-bundle.js:77:73)
    at async executeBuild (C:\Users\sh.kahrizi\Desktop\code\acorex-demo\node_modules\@angular\build\src\builders\application\execute-build.js:267:28)
    at async watch (C:\Users\sh.kahrizi\Desktop\code\acorex-demo\node_modules\@angular\build\src\builders\application\index.js:110:24)
    at async Task.task [as taskFn] (C:\Users\sh.kahrizi\Desktop\code\acorex-demo\node_modules\@angular\build\src\tools\esbuild\utils.js:138:26)[0m


[31mX [41;31m[[41;97mERROR[41;31m][0m [1mAn error occurred while prerendering route '/date-time-picker/type'.

Error: Terminating worker thread
    at ThreadPool.destroy (C:\Users\sh.kahrizi\Desktop\code\acorex-demo\node_modules\piscina\dist\index.js:489:27)
    at WorkerPool.destroy (C:\Users\sh.kahrizi\Desktop\code\acorex-demo\node_modules\piscina\dist\index.js:669:65)
    at C:\Users\sh.kahrizi\Desktop\code\acorex-demo\node_modules\@angular\build\src\utils\server-rendering\prerender.js:166:35
    at async Promise.all (index 136)
    at async renderPages (C:\Users\sh.kahrizi\Desktop\code\acorex-demo\node_modules\@angular\build\src\utils\server-rendering\prerender.js:170:9)
    at async prerenderPages (C:\Users\sh.kahrizi\Desktop\code\acorex-demo\node_modules\@angular\build\src\utils\server-rendering\prerender.js:107:49)
    at async executePostBundleSteps (C:\Users\sh.kahrizi\Desktop\code\acorex-demo\node_modules\@angular\build\src\builders\application\execute-post-bundle.js:77:73)
    at async executeBuild (C:\Users\sh.kahrizi\Desktop\code\acorex-demo\node_modules\@angular\build\src\builders\application\execute-build.js:267:28)
    at async watch (C:\Users\sh.kahrizi\Desktop\code\acorex-demo\node_modules\@angular\build\src\builders\application\index.js:110:24)
    at async Task.task [as taskFn] (C:\Users\sh.kahrizi\Desktop\code\acorex-demo\node_modules\@angular\build\src\tools\esbuild\utils.js:138:26)[0m


[31mX [41;31m[[41;97mERROR[41;31m][0m [1mAn error occurred while prerendering route '/date-time-picker/states'.

Error: Terminating worker thread
    at ThreadPool.destroy (C:\Users\sh.kahrizi\Desktop\code\acorex-demo\node_modules\piscina\dist\index.js:489:27)
    at WorkerPool.destroy (C:\Users\sh.kahrizi\Desktop\code\acorex-demo\node_modules\piscina\dist\index.js:669:65)
    at C:\Users\sh.kahrizi\Desktop\code\acorex-demo\node_modules\@angular\build\src\utils\server-rendering\prerender.js:166:35
    at async Promise.all (index 136)
    at async renderPages (C:\Users\sh.kahrizi\Desktop\code\acorex-demo\node_modules\@angular\build\src\utils\server-rendering\prerender.js:170:9)
    at async prerenderPages (C:\Users\sh.kahrizi\Desktop\code\acorex-demo\node_modules\@angular\build\src\utils\server-rendering\prerender.js:107:49)
    at async executePostBundleSteps (C:\Users\sh.kahrizi\Desktop\code\acorex-demo\node_modules\@angular\build\src\builders\application\execute-post-bundle.js:77:73)
    at async executeBuild (C:\Users\sh.kahrizi\Desktop\code\acorex-demo\node_modules\@angular\build\src\builders\application\execute-build.js:267:28)
    at async watch (C:\Users\sh.kahrizi\Desktop\code\acorex-demo\node_modules\@angular\build\src\builders\application\index.js:110:24)
    at async Task.task [as taskFn] (C:\Users\sh.kahrizi\Desktop\code\acorex-demo\node_modules\@angular\build\src\tools\esbuild\utils.js:138:26)[0m


[31mX [41;31m[[41;97mERROR[41;31m][0m [1mAn error occurred while prerendering route '/date-time-picker/constraints'.

Error: Terminating worker thread
    at ThreadPool.destroy (C:\Users\sh.kahrizi\Desktop\code\acorex-demo\node_modules\piscina\dist\index.js:489:27)
    at WorkerPool.destroy (C:\Users\sh.kahrizi\Desktop\code\acorex-demo\node_modules\piscina\dist\index.js:669:65)
    at C:\Users\sh.kahrizi\Desktop\code\acorex-demo\node_modules\@angular\build\src\utils\server-rendering\prerender.js:166:35
    at async Promise.all (index 136)
    at async renderPages (C:\Users\sh.kahrizi\Desktop\code\acorex-demo\node_modules\@angular\build\src\utils\server-rendering\prerender.js:170:9)
    at async prerenderPages (C:\Users\sh.kahrizi\Desktop\code\acorex-demo\node_modules\@angular\build\src\utils\server-rendering\prerender.js:107:49)
    at async executePostBundleSteps (C:\Users\sh.kahrizi\Desktop\code\acorex-demo\node_modules\@angular\build\src\builders\application\execute-post-bundle.js:77:73)
    at async executeBuild (C:\Users\sh.kahrizi\Desktop\code\acorex-demo\node_modules\@angular\build\src\builders\application\execute-build.js:267:28)
    at async watch (C:\Users\sh.kahrizi\Desktop\code\acorex-demo\node_modules\@angular\build\src\builders\application\index.js:110:24)
    at async Task.task [as taskFn] (C:\Users\sh.kahrizi\Desktop\code\acorex-demo\node_modules\@angular\build\src\tools\esbuild\utils.js:138:26)[0m


[31mX [41;31m[[41;97mERROR[41;31m][0m [1mAn error occurred while prerendering route '/dialog/asynchronous-process'.

Error: Terminating worker thread
    at ThreadPool.destroy (C:\Users\sh.kahrizi\Desktop\code\acorex-demo\node_modules\piscina\dist\index.js:489:27)
    at WorkerPool.destroy (C:\Users\sh.kahrizi\Desktop\code\acorex-demo\node_modules\piscina\dist\index.js:669:65)
    at C:\Users\sh.kahrizi\Desktop\code\acorex-demo\node_modules\@angular\build\src\utils\server-rendering\prerender.js:166:35
    at async Promise.all (index 136)
    at async renderPages (C:\Users\sh.kahrizi\Desktop\code\acorex-demo\node_modules\@angular\build\src\utils\server-rendering\prerender.js:170:9)
    at async prerenderPages (C:\Users\sh.kahrizi\Desktop\code\acorex-demo\node_modules\@angular\build\src\utils\server-rendering\prerender.js:107:49)
    at async executePostBundleSteps (C:\Users\sh.kahrizi\Desktop\code\acorex-demo\node_modules\@angular\build\src\builders\application\execute-post-bundle.js:77:73)
    at async executeBuild (C:\Users\sh.kahrizi\Desktop\code\acorex-demo\node_modules\@angular\build\src\builders\application\execute-build.js:267:28)
    at async watch (C:\Users\sh.kahrizi\Desktop\code\acorex-demo\node_modules\@angular\build\src\builders\application\index.js:110:24)
    at async Task.task [as taskFn] (C:\Users\sh.kahrizi\Desktop\code\acorex-demo\node_modules\@angular\build\src\tools\esbuild\utils.js:138:26)[0m


[31mX [41;31m[[41;97mERROR[41;31m][0m [1mAn error occurred while prerendering route '/dialog/usage'.

Error: Terminating worker thread
    at ThreadPool.destroy (C:\Users\sh.kahrizi\Desktop\code\acorex-demo\node_modules\piscina\dist\index.js:489:27)
    at WorkerPool.destroy (C:\Users\sh.kahrizi\Desktop\code\acorex-demo\node_modules\piscina\dist\index.js:669:65)
    at C:\Users\sh.kahrizi\Desktop\code\acorex-demo\node_modules\@angular\build\src\utils\server-rendering\prerender.js:166:35
    at async Promise.all (index 136)
    at async renderPages (C:\Users\sh.kahrizi\Desktop\code\acorex-demo\node_modules\@angular\build\src\utils\server-rendering\prerender.js:170:9)
    at async prerenderPages (C:\Users\sh.kahrizi\Desktop\code\acorex-demo\node_modules\@angular\build\src\utils\server-rendering\prerender.js:107:49)
    at async executePostBundleSteps (C:\Users\sh.kahrizi\Desktop\code\acorex-demo\node_modules\@angular\build\src\builders\application\execute-post-bundle.js:77:73)
    at async executeBuild (C:\Users\sh.kahrizi\Desktop\code\acorex-demo\node_modules\@angular\build\src\builders\application\execute-build.js:267:28)
    at async watch (C:\Users\sh.kahrizi\Desktop\code\acorex-demo\node_modules\@angular\build\src\builders\application\index.js:110:24)
    at async Task.task [as taskFn] (C:\Users\sh.kahrizi\Desktop\code\acorex-demo\node_modules\@angular\build\src\tools\esbuild\utils.js:138:26)[0m


[31mX [41;31m[[41;97mERROR[41;31m][0m [1mAn error occurred while prerendering route '/dialog/confirm-default-action'.

Error: Terminating worker thread
    at ThreadPool.destroy (C:\Users\sh.kahrizi\Desktop\code\acorex-demo\node_modules\piscina\dist\index.js:489:27)
    at WorkerPool.destroy (C:\Users\sh.kahrizi\Desktop\code\acorex-demo\node_modules\piscina\dist\index.js:669:65)
    at C:\Users\sh.kahrizi\Desktop\code\acorex-demo\node_modules\@angular\build\src\utils\server-rendering\prerender.js:166:35
    at async Promise.all (index 136)
    at async renderPages (C:\Users\sh.kahrizi\Desktop\code\acorex-demo\node_modules\@angular\build\src\utils\server-rendering\prerender.js:170:9)
    at async prerenderPages (C:\Users\sh.kahrizi\Desktop\code\acorex-demo\node_modules\@angular\build\src\utils\server-rendering\prerender.js:107:49)
    at async executePostBundleSteps (C:\Users\sh.kahrizi\Desktop\code\acorex-demo\node_modules\@angular\build\src\builders\application\execute-post-bundle.js:77:73)
    at async executeBuild (C:\Users\sh.kahrizi\Desktop\code\acorex-demo\node_modules\@angular\build\src\builders\application\execute-build.js:267:28)
    at async watch (C:\Users\sh.kahrizi\Desktop\code\acorex-demo\node_modules\@angular\build\src\builders\application\index.js:110:24)
    at async Task.task [as taskFn] (C:\Users\sh.kahrizi\Desktop\code\acorex-demo\node_modules\@angular\build\src\tools\esbuild\utils.js:138:26)[0m


[31mX [41;31m[[41;97mERROR[41;31m][0m [1mAn error occurred while prerendering route '/dialog/custom-buttons'.

Error: Terminating worker thread
    at ThreadPool.destroy (C:\Users\sh.kahrizi\Desktop\code\acorex-demo\node_modules\piscina\dist\index.js:489:27)
    at WorkerPool.destroy (C:\Users\sh.kahrizi\Desktop\code\acorex-demo\node_modules\piscina\dist\index.js:669:65)
    at C:\Users\sh.kahrizi\Desktop\code\acorex-demo\node_modules\@angular\build\src\utils\server-rendering\prerender.js:166:35
    at async Promise.all (index 136)
    at async renderPages (C:\Users\sh.kahrizi\Desktop\code\acorex-demo\node_modules\@angular\build\src\utils\server-rendering\prerender.js:170:9)
    at async prerenderPages (C:\Users\sh.kahrizi\Desktop\code\acorex-demo\node_modules\@angular\build\src\utils\server-rendering\prerender.js:107:49)
    at async executePostBundleSteps (C:\Users\sh.kahrizi\Desktop\code\acorex-demo\node_modules\@angular\build\src\builders\application\execute-post-bundle.js:77:73)
    at async executeBuild (C:\Users\sh.kahrizi\Desktop\code\acorex-demo\node_modules\@angular\build\src\builders\application\execute-build.js:267:28)
    at async watch (C:\Users\sh.kahrizi\Desktop\code\acorex-demo\node_modules\@angular\build\src\builders\application\index.js:110:24)
    at async Task.task [as taskFn] (C:\Users\sh.kahrizi\Desktop\code\acorex-demo\node_modules\@angular\build\src\tools\esbuild\utils.js:138:26)[0m


[31mX [41;31m[[41;97mERROR[41;31m][0m [1mAn error occurred while prerendering route '/dialog/programmatic-open'.

Error: Terminating worker thread
    at ThreadPool.destroy (C:\Users\sh.kahrizi\Desktop\code\acorex-demo\node_modules\piscina\dist\index.js:489:27)
    at WorkerPool.destroy (C:\Users\sh.kahrizi\Desktop\code\acorex-demo\node_modules\piscina\dist\index.js:669:65)
    at C:\Users\sh.kahrizi\Desktop\code\acorex-demo\node_modules\@angular\build\src\utils\server-rendering\prerender.js:166:35
    at async Promise.all (index 136)
    at async renderPages (C:\Users\sh.kahrizi\Desktop\code\acorex-demo\node_modules\@angular\build\src\utils\server-rendering\prerender.js:170:9)
    at async prerenderPages (C:\Users\sh.kahrizi\Desktop\code\acorex-demo\node_modules\@angular\build\src\utils\server-rendering\prerender.js:107:49)
    at async executePostBundleSteps (C:\Users\sh.kahrizi\Desktop\code\acorex-demo\node_modules\@angular\build\src\builders\application\execute-post-bundle.js:77:73)
    at async executeBuild (C:\Users\sh.kahrizi\Desktop\code\acorex-demo\node_modules\@angular\build\src\builders\application\execute-build.js:267:28)
    at async watch (C:\Users\sh.kahrizi\Desktop\code\acorex-demo\node_modules\@angular\build\src\builders\application\index.js:110:24)
    at async Task.task [as taskFn] (C:\Users\sh.kahrizi\Desktop\code\acorex-demo\node_modules\@angular\build\src\tools\esbuild\utils.js:138:26)[0m


[31mX [41;31m[[41;97mERROR[41;31m][0m [1mAn error occurred while prerendering route '/decorators/clear-button'.

Error: Terminating worker thread
    at ThreadPool.destroy (C:\Users\sh.kahrizi\Desktop\code\acorex-demo\node_modules\piscina\dist\index.js:489:27)
    at WorkerPool.destroy (C:\Users\sh.kahrizi\Desktop\code\acorex-demo\node_modules\piscina\dist\index.js:669:65)
    at C:\Users\sh.kahrizi\Desktop\code\acorex-demo\node_modules\@angular\build\src\utils\server-rendering\prerender.js:166:35
    at async Promise.all (index 136)
    at async renderPages (C:\Users\sh.kahrizi\Desktop\code\acorex-demo\node_modules\@angular\build\src\utils\server-rendering\prerender.js:170:9)
    at async prerenderPages (C:\Users\sh.kahrizi\Desktop\code\acorex-demo\node_modules\@angular\build\src\utils\server-rendering\prerender.js:107:49)
    at async executePostBundleSteps (C:\Users\sh.kahrizi\Desktop\code\acorex-demo\node_modules\@angular\build\src\builders\application\execute-post-bundle.js:77:73)
    at async executeBuild (C:\Users\sh.kahrizi\Desktop\code\acorex-demo\node_modules\@angular\build\src\builders\application\execute-build.js:267:28)
    at async watch (C:\Users\sh.kahrizi\Desktop\code\acorex-demo\node_modules\@angular\build\src\builders\application\index.js:110:24)
    at async Task.task [as taskFn] (C:\Users\sh.kahrizi\Desktop\code\acorex-demo\node_modules\@angular\build\src\tools\esbuild\utils.js:138:26)[0m


[31mX [41;31m[[41;97mERROR[41;31m][0m [1mAn error occurred while prerendering route '/decorators/close-button'.

Error: Terminating worker thread
    at ThreadPool.destroy (C:\Users\sh.kahrizi\Desktop\code\acorex-demo\node_modules\piscina\dist\index.js:489:27)
    at WorkerPool.destroy (C:\Users\sh.kahrizi\Desktop\code\acorex-demo\node_modules\piscina\dist\index.js:669:65)
    at C:\Users\sh.kahrizi\Desktop\code\acorex-demo\node_modules\@angular\build\src\utils\server-rendering\prerender.js:166:35
    at async Promise.all (index 136)
    at async renderPages (C:\Users\sh.kahrizi\Desktop\code\acorex-demo\node_modules\@angular\build\src\utils\server-rendering\prerender.js:170:9)
    at async prerenderPages (C:\Users\sh.kahrizi\Desktop\code\acorex-demo\node_modules\@angular\build\src\utils\server-rendering\prerender.js:107:49)
    at async executePostBundleSteps (C:\Users\sh.kahrizi\Desktop\code\acorex-demo\node_modules\@angular\build\src\builders\application\execute-post-bundle.js:77:73)
    at async executeBuild (C:\Users\sh.kahrizi\Desktop\code\acorex-demo\node_modules\@angular\build\src\builders\application\execute-build.js:267:28)
    at async watch (C:\Users\sh.kahrizi\Desktop\code\acorex-demo\node_modules\@angular\build\src\builders\application\index.js:110:24)
    at async Task.task [as taskFn] (C:\Users\sh.kahrizi\Desktop\code\acorex-demo\node_modules\@angular\build\src\tools\esbuild\utils.js:138:26)[0m


[31mX [41;31m[[41;97mERROR[41;31m][0m [1mAn error occurred while prerendering route '/decorators/color-indicator'.

Error: Terminating worker thread
    at ThreadPool.destroy (C:\Users\sh.kahrizi\Desktop\code\acorex-demo\node_modules\piscina\dist\index.js:489:27)
    at WorkerPool.destroy (C:\Users\sh.kahrizi\Desktop\code\acorex-demo\node_modules\piscina\dist\index.js:669:65)
    at C:\Users\sh.kahrizi\Desktop\code\acorex-demo\node_modules\@angular\build\src\utils\server-rendering\prerender.js:166:35
    at async Promise.all (index 136)
    at async renderPages (C:\Users\sh.kahrizi\Desktop\code\acorex-demo\node_modules\@angular\build\src\utils\server-rendering\prerender.js:170:9)
    at async prerenderPages (C:\Users\sh.kahrizi\Desktop\code\acorex-demo\node_modules\@angular\build\src\utils\server-rendering\prerender.js:107:49)
    at async executePostBundleSteps (C:\Users\sh.kahrizi\Desktop\code\acorex-demo\node_modules\@angular\build\src\builders\application\execute-post-bundle.js:77:73)
    at async executeBuild (C:\Users\sh.kahrizi\Desktop\code\acorex-demo\node_modules\@angular\build\src\builders\application\execute-build.js:267:28)
    at async watch (C:\Users\sh.kahrizi\Desktop\code\acorex-demo\node_modules\@angular\build\src\builders\application\index.js:110:24)
    at async Task.task [as taskFn] (C:\Users\sh.kahrizi\Desktop\code\acorex-demo\node_modules\@angular\build\src\tools\esbuild\utils.js:138:26)[0m


[31mX [41;31m[[41;97mERROR[41;31m][0m [1mAn error occurred while prerendering route '/decorators/full-screen-button'.

Error: Terminating worker thread
    at ThreadPool.destroy (C:\Users\sh.kahrizi\Desktop\code\acorex-demo\node_modules\piscina\dist\index.js:489:27)
    at WorkerPool.destroy (C:\Users\sh.kahrizi\Desktop\code\acorex-demo\node_modules\piscina\dist\index.js:669:65)
    at C:\Users\sh.kahrizi\Desktop\code\acorex-demo\node_modules\@angular\build\src\utils\server-rendering\prerender.js:166:35
    at async Promise.all (index 136)
    at async renderPages (C:\Users\sh.kahrizi\Desktop\code\acorex-demo\node_modules\@angular\build\src\utils\server-rendering\prerender.js:170:9)
    at async prerenderPages (C:\Users\sh.kahrizi\Desktop\code\acorex-demo\node_modules\@angular\build\src\utils\server-rendering\prerender.js:107:49)
    at async executePostBundleSteps (C:\Users\sh.kahrizi\Desktop\code\acorex-demo\node_modules\@angular\build\src\builders\application\execute-post-bundle.js:77:73)
    at async executeBuild (C:\Users\sh.kahrizi\Desktop\code\acorex-demo\node_modules\@angular\build\src\builders\application\execute-build.js:267:28)
    at async watch (C:\Users\sh.kahrizi\Desktop\code\acorex-demo\node_modules\@angular\build\src\builders\application\index.js:110:24)
    at async Task.task [as taskFn] (C:\Users\sh.kahrizi\Desktop\code\acorex-demo\node_modules\@angular\build\src\tools\esbuild\utils.js:138:26)[0m


[31mX [41;31m[[41;97mERROR[41;31m][0m [1mAn error occurred while prerendering route '/decorators/generic-content'.

Error: Terminating worker thread
    at ThreadPool.destroy (C:\Users\sh.kahrizi\Desktop\code\acorex-demo\node_modules\piscina\dist\index.js:489:27)
    at WorkerPool.destroy (C:\Users\sh.kahrizi\Desktop\code\acorex-demo\node_modules\piscina\dist\index.js:669:65)
    at C:\Users\sh.kahrizi\Desktop\code\acorex-demo\node_modules\@angular\build\src\utils\server-rendering\prerender.js:166:35
    at async Promise.all (index 136)
    at async renderPages (C:\Users\sh.kahrizi\Desktop\code\acorex-demo\node_modules\@angular\build\src\utils\server-rendering\prerender.js:170:9)
    at async prerenderPages (C:\Users\sh.kahrizi\Desktop\code\acorex-demo\node_modules\@angular\build\src\utils\server-rendering\prerender.js:107:49)
    at async executePostBundleSteps (C:\Users\sh.kahrizi\Desktop\code\acorex-demo\node_modules\@angular\build\src\builders\application\execute-post-bundle.js:77:73)
    at async executeBuild (C:\Users\sh.kahrizi\Desktop\code\acorex-demo\node_modules\@angular\build\src\builders\application\execute-build.js:267:28)
    at async watch (C:\Users\sh.kahrizi\Desktop\code\acorex-demo\node_modules\@angular\build\src\builders\application\index.js:110:24)
    at async Task.task [as taskFn] (C:\Users\sh.kahrizi\Desktop\code\acorex-demo\node_modules\@angular\build\src\tools\esbuild\utils.js:138:26)[0m


[31mX [41;31m[[41;97mERROR[41;31m][0m [1mAn error occurred while prerendering route '/decorators/heading'.

Error: Terminating worker thread
    at ThreadPool.destroy (C:\Users\sh.kahrizi\Desktop\code\acorex-demo\node_modules\piscina\dist\index.js:489:27)
    at WorkerPool.destroy (C:\Users\sh.kahrizi\Desktop\code\acorex-demo\node_modules\piscina\dist\index.js:669:65)
    at C:\Users\sh.kahrizi\Desktop\code\acorex-demo\node_modules\@angular\build\src\utils\server-rendering\prerender.js:166:35
    at async Promise.all (index 136)
    at async renderPages (C:\Users\sh.kahrizi\Desktop\code\acorex-demo\node_modules\@angular\build\src\utils\server-rendering\prerender.js:170:9)
    at async prerenderPages (C:\Users\sh.kahrizi\Desktop\code\acorex-demo\node_modules\@angular\build\src\utils\server-rendering\prerender.js:107:49)
    at async executePostBundleSteps (C:\Users\sh.kahrizi\Desktop\code\acorex-demo\node_modules\@angular\build\src\builders\application\execute-post-bundle.js:77:73)
    at async executeBuild (C:\Users\sh.kahrizi\Desktop\code\acorex-demo\node_modules\@angular\build\src\builders\application\execute-build.js:267:28)
    at async watch (C:\Users\sh.kahrizi\Desktop\code\acorex-demo\node_modules\@angular\build\src\builders\application\index.js:110:24)
    at async Task.task [as taskFn] (C:\Users\sh.kahrizi\Desktop\code\acorex-demo\node_modules\@angular\build\src\tools\esbuild\utils.js:138:26)[0m


[31mX [41;31m[[41;97mERROR[41;31m][0m [1mAn error occurred while prerendering route '/decorators/icon'.

Error: Terminating worker thread
    at ThreadPool.destroy (C:\Users\sh.kahrizi\Desktop\code\acorex-demo\node_modules\piscina\dist\index.js:489:27)
    at WorkerPool.destroy (C:\Users\sh.kahrizi\Desktop\code\acorex-demo\node_modules\piscina\dist\index.js:669:65)
    at C:\Users\sh.kahrizi\Desktop\code\acorex-demo\node_modules\@angular\build\src\utils\server-rendering\prerender.js:166:35
    at async Promise.all (index 136)
    at async renderPages (C:\Users\sh.kahrizi\Desktop\code\acorex-demo\node_modules\@angular\build\src\utils\server-rendering\prerender.js:170:9)
    at async prerenderPages (C:\Users\sh.kahrizi\Desktop\code\acorex-demo\node_modules\@angular\build\src\utils\server-rendering\prerender.js:107:49)
    at async executePostBundleSteps (C:\Users\sh.kahrizi\Desktop\code\acorex-demo\node_modules\@angular\build\src\builders\application\execute-post-bundle.js:77:73)
    at async executeBuild (C:\Users\sh.kahrizi\Desktop\code\acorex-demo\node_modules\@angular\build\src\builders\application\execute-build.js:267:28)
    at async watch (C:\Users\sh.kahrizi\Desktop\code\acorex-demo\node_modules\@angular\build\src\builders\application\index.js:110:24)
    at async Task.task [as taskFn] (C:\Users\sh.kahrizi\Desktop\code\acorex-demo\node_modules\@angular\build\src\tools\esbuild\utils.js:138:26)[0m


[31mX [41;31m[[41;97mERROR[41;31m][0m [1mAn error occurred while prerendering route '/drawer/usage'.

Error: Terminating worker thread
    at ThreadPool.destroy (C:\Users\sh.kahrizi\Desktop\code\acorex-demo\node_modules\piscina\dist\index.js:489:27)
    at WorkerPool.destroy (C:\Users\sh.kahrizi\Desktop\code\acorex-demo\node_modules\piscina\dist\index.js:669:65)
    at C:\Users\sh.kahrizi\Desktop\code\acorex-demo\node_modules\@angular\build\src\utils\server-rendering\prerender.js:166:35
    at async Promise.all (index 136)
    at async renderPages (C:\Users\sh.kahrizi\Desktop\code\acorex-demo\node_modules\@angular\build\src\utils\server-rendering\prerender.js:170:9)
    at async prerenderPages (C:\Users\sh.kahrizi\Desktop\code\acorex-demo\node_modules\@angular\build\src\utils\server-rendering\prerender.js:107:49)
    at async executePostBundleSteps (C:\Users\sh.kahrizi\Desktop\code\acorex-demo\node_modules\@angular\build\src\builders\application\execute-post-bundle.js:77:73)
    at async executeBuild (C:\Users\sh.kahrizi\Desktop\code\acorex-demo\node_modules\@angular\build\src\builders\application\execute-build.js:267:28)
    at async watch (C:\Users\sh.kahrizi\Desktop\code\acorex-demo\node_modules\@angular\build\src\builders\application\index.js:110:24)
    at async Task.task [as taskFn] (C:\Users\sh.kahrizi\Desktop\code\acorex-demo\node_modules\@angular\build\src\tools\esbuild\utils.js:138:26)[0m


[31mX [41;31m[[41;97mERROR[41;31m][0m [1mAn error occurred while prerendering route '/drawer/mode'.

Error: Terminating worker thread
    at ThreadPool.destroy (C:\Users\sh.kahrizi\Desktop\code\acorex-demo\node_modules\piscina\dist\index.js:489:27)
    at WorkerPool.destroy (C:\Users\sh.kahrizi\Desktop\code\acorex-demo\node_modules\piscina\dist\index.js:669:65)
    at C:\Users\sh.kahrizi\Desktop\code\acorex-demo\node_modules\@angular\build\src\utils\server-rendering\prerender.js:166:35
    at async Promise.all (index 136)
    at async renderPages (C:\Users\sh.kahrizi\Desktop\code\acorex-demo\node_modules\@angular\build\src\utils\server-rendering\prerender.js:170:9)
    at async prerenderPages (C:\Users\sh.kahrizi\Desktop\code\acorex-demo\node_modules\@angular\build\src\utils\server-rendering\prerender.js:107:49)
    at async executePostBundleSteps (C:\Users\sh.kahrizi\Desktop\code\acorex-demo\node_modules\@angular\build\src\builders\application\execute-post-bundle.js:77:73)
    at async executeBuild (C:\Users\sh.kahrizi\Desktop\code\acorex-demo\node_modules\@angular\build\src\builders\application\execute-build.js:267:28)
    at async watch (C:\Users\sh.kahrizi\Desktop\code\acorex-demo\node_modules\@angular\build\src\builders\application\index.js:110:24)
    at async Task.task [as taskFn] (C:\Users\sh.kahrizi\Desktop\code\acorex-demo\node_modules\@angular\build\src\tools\esbuild\utils.js:138:26)[0m


[31mX [41;31m[[41;97mERROR[41;31m][0m [1mAn error occurred while prerendering route '/drawer/location'.

Error: Terminating worker thread
    at ThreadPool.destroy (C:\Users\sh.kahrizi\Desktop\code\acorex-demo\node_modules\piscina\dist\index.js:489:27)
    at WorkerPool.destroy (C:\Users\sh.kahrizi\Desktop\code\acorex-demo\node_modules\piscina\dist\index.js:669:65)
    at C:\Users\sh.kahrizi\Desktop\code\acorex-demo\node_modules\@angular\build\src\utils\server-rendering\prerender.js:166:35
    at async Promise.all (index 136)
    at async renderPages (C:\Users\sh.kahrizi\Desktop\code\acorex-demo\node_modules\@angular\build\src\utils\server-rendering\prerender.js:170:9)
    at async prerenderPages (C:\Users\sh.kahrizi\Desktop\code\acorex-demo\node_modules\@angular\build\src\utils\server-rendering\prerender.js:107:49)
    at async executePostBundleSteps (C:\Users\sh.kahrizi\Desktop\code\acorex-demo\node_modules\@angular\build\src\builders\application\execute-post-bundle.js:77:73)
    at async executeBuild (C:\Users\sh.kahrizi\Desktop\code\acorex-demo\node_modules\@angular\build\src\builders\application\execute-build.js:267:28)
    at async watch (C:\Users\sh.kahrizi\Desktop\code\acorex-demo\node_modules\@angular\build\src\builders\application\index.js:110:24)
    at async Task.task [as taskFn] (C:\Users\sh.kahrizi\Desktop\code\acorex-demo\node_modules\@angular\build\src\tools\esbuild\utils.js:138:26)[0m


[31mX [41;31m[[41;97mERROR[41;31m][0m [1mAn error occurred while prerendering route '/dropdown/dropdown-panel'.

Error: Terminating worker thread
    at ThreadPool.destroy (C:\Users\sh.kahrizi\Desktop\code\acorex-demo\node_modules\piscina\dist\index.js:489:27)
    at WorkerPool.destroy (C:\Users\sh.kahrizi\Desktop\code\acorex-demo\node_modules\piscina\dist\index.js:669:65)
    at C:\Users\sh.kahrizi\Desktop\code\acorex-demo\node_modules\@angular\build\src\utils\server-rendering\prerender.js:166:35
    at async Promise.all (index 136)
    at async renderPages (C:\Users\sh.kahrizi\Desktop\code\acorex-demo\node_modules\@angular\build\src\utils\server-rendering\prerender.js:170:9)
    at async prerenderPages (C:\Users\sh.kahrizi\Desktop\code\acorex-demo\node_modules\@angular\build\src\utils\server-rendering\prerender.js:107:49)
    at async executePostBundleSteps (C:\Users\sh.kahrizi\Desktop\code\acorex-demo\node_modules\@angular\build\src\builders\application\execute-post-bundle.js:77:73)
    at async executeBuild (C:\Users\sh.kahrizi\Desktop\code\acorex-demo\node_modules\@angular\build\src\builders\application\execute-build.js:267:28)
    at async watch (C:\Users\sh.kahrizi\Desktop\code\acorex-demo\node_modules\@angular\build\src\builders\application\index.js:110:24)
    at async Task.task [as taskFn] (C:\Users\sh.kahrizi\Desktop\code\acorex-demo\node_modules\@angular\build\src\tools\esbuild\utils.js:138:26)[0m


[31mX [41;31m[[41;97mERROR[41;31m][0m [1mAn error occurred while prerendering route '/dropdown/dropdown-box'.

Error: Terminating worker thread
    at ThreadPool.destroy (C:\Users\sh.kahrizi\Desktop\code\acorex-demo\node_modules\piscina\dist\index.js:489:27)
    at WorkerPool.destroy (C:\Users\sh.kahrizi\Desktop\code\acorex-demo\node_modules\piscina\dist\index.js:669:65)
    at C:\Users\sh.kahrizi\Desktop\code\acorex-demo\node_modules\@angular\build\src\utils\server-rendering\prerender.js:166:35
    at async Promise.all (index 136)
    at async renderPages (C:\Users\sh.kahrizi\Desktop\code\acorex-demo\node_modules\@angular\build\src\utils\server-rendering\prerender.js:170:9)
    at async prerenderPages (C:\Users\sh.kahrizi\Desktop\code\acorex-demo\node_modules\@angular\build\src\utils\server-rendering\prerender.js:107:49)
    at async executePostBundleSteps (C:\Users\sh.kahrizi\Desktop\code\acorex-demo\node_modules\@angular\build\src\builders\application\execute-post-bundle.js:77:73)
    at async executeBuild (C:\Users\sh.kahrizi\Desktop\code\acorex-demo\node_modules\@angular\build\src\builders\application\execute-build.js:267:28)
    at async watch (C:\Users\sh.kahrizi\Desktop\code\acorex-demo\node_modules\@angular\build\src\builders\application\index.js:110:24)
    at async Task.task [as taskFn] (C:\Users\sh.kahrizi\Desktop\code\acorex-demo\node_modules\@angular\build\src\tools\esbuild\utils.js:138:26)[0m


[31mX [41;31m[[41;97mERROR[41;31m][0m [1mAn error occurred while prerendering route '/dropdown-button/usage'.

Error: Terminating worker thread
    at ThreadPool.destroy (C:\Users\sh.kahrizi\Desktop\code\acorex-demo\node_modules\piscina\dist\index.js:489:27)
    at WorkerPool.destroy (C:\Users\sh.kahrizi\Desktop\code\acorex-demo\node_modules\piscina\dist\index.js:669:65)
    at C:\Users\sh.kahrizi\Desktop\code\acorex-demo\node_modules\@angular\build\src\utils\server-rendering\prerender.js:166:35
    at async Promise.all (index 136)
    at async renderPages (C:\Users\sh.kahrizi\Desktop\code\acorex-demo\node_modules\@angular\build\src\utils\server-rendering\prerender.js:170:9)
    at async prerenderPages (C:\Users\sh.kahrizi\Desktop\code\acorex-demo\node_modules\@angular\build\src\utils\server-rendering\prerender.js:107:49)
    at async executePostBundleSteps (C:\Users\sh.kahrizi\Desktop\code\acorex-demo\node_modules\@angular\build\src\builders\application\execute-post-bundle.js:77:73)
    at async executeBuild (C:\Users\sh.kahrizi\Desktop\code\acorex-demo\node_modules\@angular\build\src\builders\application\execute-build.js:267:28)
    at async watch (C:\Users\sh.kahrizi\Desktop\code\acorex-demo\node_modules\@angular\build\src\builders\application\index.js:110:24)
    at async Task.task [as taskFn] (C:\Users\sh.kahrizi\Desktop\code\acorex-demo\node_modules\@angular\build\src\tools\esbuild\utils.js:138:26)[0m


[31mX [41;31m[[41;97mERROR[41;31m][0m [1mAn error occurred while prerendering route '/dropdown-button/dropdown-mode'.

Error: Terminating worker thread
    at ThreadPool.destroy (C:\Users\sh.kahrizi\Desktop\code\acorex-demo\node_modules\piscina\dist\index.js:489:27)
    at WorkerPool.destroy (C:\Users\sh.kahrizi\Desktop\code\acorex-demo\node_modules\piscina\dist\index.js:669:65)
    at C:\Users\sh.kahrizi\Desktop\code\acorex-demo\node_modules\@angular\build\src\utils\server-rendering\prerender.js:166:35
    at async Promise.all (index 136)
    at async renderPages (C:\Users\sh.kahrizi\Desktop\code\acorex-demo\node_modules\@angular\build\src\utils\server-rendering\prerender.js:170:9)
    at async prerenderPages (C:\Users\sh.kahrizi\Desktop\code\acorex-demo\node_modules\@angular\build\src\utils\server-rendering\prerender.js:107:49)
    at async executePostBundleSteps (C:\Users\sh.kahrizi\Desktop\code\acorex-demo\node_modules\@angular\build\src\builders\application\execute-post-bundle.js:77:73)
    at async executeBuild (C:\Users\sh.kahrizi\Desktop\code\acorex-demo\node_modules\@angular\build\src\builders\application\execute-build.js:267:28)
    at async watch (C:\Users\sh.kahrizi\Desktop\code\acorex-demo\node_modules\@angular\build\src\builders\application\index.js:110:24)
    at async Task.task [as taskFn] (C:\Users\sh.kahrizi\Desktop\code\acorex-demo\node_modules\@angular\build\src\tools\esbuild\utils.js:138:26)[0m


[31mX [41;31m[[41;97mERROR[41;31m][0m [1mAn error occurred while prerendering route '/dropdown-button/disabled'.

Error: Terminating worker thread
    at ThreadPool.destroy (C:\Users\sh.kahrizi\Desktop\code\acorex-demo\node_modules\piscina\dist\index.js:489:27)
    at WorkerPool.destroy (C:\Users\sh.kahrizi\Desktop\code\acorex-demo\node_modules\piscina\dist\index.js:669:65)
    at C:\Users\sh.kahrizi\Desktop\code\acorex-demo\node_modules\@angular\build\src\utils\server-rendering\prerender.js:166:35
    at async Promise.all (index 136)
    at async renderPages (C:\Users\sh.kahrizi\Desktop\code\acorex-demo\node_modules\@angular\build\src\utils\server-rendering\prerender.js:170:9)
    at async prerenderPages (C:\Users\sh.kahrizi\Desktop\code\acorex-demo\node_modules\@angular\build\src\utils\server-rendering\prerender.js:107:49)
    at async executePostBundleSteps (C:\Users\sh.kahrizi\Desktop\code\acorex-demo\node_modules\@angular\build\src\builders\application\execute-post-bundle.js:77:73)
    at async executeBuild (C:\Users\sh.kahrizi\Desktop\code\acorex-demo\node_modules\@angular\build\src\builders\application\execute-build.js:267:28)
    at async watch (C:\Users\sh.kahrizi\Desktop\code\acorex-demo\node_modules\@angular\build\src\builders\application\index.js:110:24)
    at async Task.task [as taskFn] (C:\Users\sh.kahrizi\Desktop\code\acorex-demo\node_modules\@angular\build\src\tools\esbuild\utils.js:138:26)[0m


[31mX [41;31m[[41;97mERROR[41;31m][0m [1mAn error occurred while prerendering route '/dropdown-button/colors'.

Error: Terminating worker thread
    at ThreadPool.destroy (C:\Users\sh.kahrizi\Desktop\code\acorex-demo\node_modules\piscina\dist\index.js:489:27)
    at WorkerPool.destroy (C:\Users\sh.kahrizi\Desktop\code\acorex-demo\node_modules\piscina\dist\index.js:669:65)
    at C:\Users\sh.kahrizi\Desktop\code\acorex-demo\node_modules\@angular\build\src\utils\server-rendering\prerender.js:166:35
    at async Promise.all (index 136)
    at async renderPages (C:\Users\sh.kahrizi\Desktop\code\acorex-demo\node_modules\@angular\build\src\utils\server-rendering\prerender.js:170:9)
    at async prerenderPages (C:\Users\sh.kahrizi\Desktop\code\acorex-demo\node_modules\@angular\build\src\utils\server-rendering\prerender.js:107:49)
    at async executePostBundleSteps (C:\Users\sh.kahrizi\Desktop\code\acorex-demo\node_modules\@angular\build\src\builders\application\execute-post-bundle.js:77:73)
    at async executeBuild (C:\Users\sh.kahrizi\Desktop\code\acorex-demo\node_modules\@angular\build\src\builders\application\execute-build.js:267:28)
    at async watch (C:\Users\sh.kahrizi\Desktop\code\acorex-demo\node_modules\@angular\build\src\builders\application\index.js:110:24)
    at async Task.task [as taskFn] (C:\Users\sh.kahrizi\Desktop\code\acorex-demo\node_modules\@angular\build\src\tools\esbuild\utils.js:138:26)[0m


[31mX [41;31m[[41;97mERROR[41;31m][0m [1mAn error occurred while prerendering route '/dropdown-button/look'.

Error: Terminating worker thread
    at ThreadPool.destroy (C:\Users\sh.kahrizi\Desktop\code\acorex-demo\node_modules\piscina\dist\index.js:489:27)
    at WorkerPool.destroy (C:\Users\sh.kahrizi\Desktop\code\acorex-demo\node_modules\piscina\dist\index.js:669:65)
    at C:\Users\sh.kahrizi\Desktop\code\acorex-demo\node_modules\@angular\build\src\utils\server-rendering\prerender.js:166:35
    at async Promise.all (index 136)
    at async renderPages (C:\Users\sh.kahrizi\Desktop\code\acorex-demo\node_modules\@angular\build\src\utils\server-rendering\prerender.js:170:9)
    at async prerenderPages (C:\Users\sh.kahrizi\Desktop\code\acorex-demo\node_modules\@angular\build\src\utils\server-rendering\prerender.js:107:49)
    at async executePostBundleSteps (C:\Users\sh.kahrizi\Desktop\code\acorex-demo\node_modules\@angular\build\src\builders\application\execute-post-bundle.js:77:73)
    at async executeBuild (C:\Users\sh.kahrizi\Desktop\code\acorex-demo\node_modules\@angular\build\src\builders\application\execute-build.js:267:28)
    at async watch (C:\Users\sh.kahrizi\Desktop\code\acorex-demo\node_modules\@angular\build\src\builders\application\index.js:110:24)
    at async Task.task [as taskFn] (C:\Users\sh.kahrizi\Desktop\code\acorex-demo\node_modules\@angular\build\src\tools\esbuild\utils.js:138:26)[0m


[31mX [41;31m[[41;97mERROR[41;31m][0m [1mAn error occurred while prerendering route '/dropdown-button/size'.

Error: Terminating worker thread
    at ThreadPool.destroy (C:\Users\sh.kahrizi\Desktop\code\acorex-demo\node_modules\piscina\dist\index.js:489:27)
    at WorkerPool.destroy (C:\Users\sh.kahrizi\Desktop\code\acorex-demo\node_modules\piscina\dist\index.js:669:65)
    at C:\Users\sh.kahrizi\Desktop\code\acorex-demo\node_modules\@angular\build\src\utils\server-rendering\prerender.js:166:35
    at async Promise.all (index 136)
    at async renderPages (C:\Users\sh.kahrizi\Desktop\code\acorex-demo\node_modules\@angular\build\src\utils\server-rendering\prerender.js:170:9)
    at async prerenderPages (C:\Users\sh.kahrizi\Desktop\code\acorex-demo\node_modules\@angular\build\src\utils\server-rendering\prerender.js:107:49)
    at async executePostBundleSteps (C:\Users\sh.kahrizi\Desktop\code\acorex-demo\node_modules\@angular\build\src\builders\application\execute-post-bundle.js:77:73)
    at async executeBuild (C:\Users\sh.kahrizi\Desktop\code\acorex-demo\node_modules\@angular\build\src\builders\application\execute-build.js:267:28)
    at async watch (C:\Users\sh.kahrizi\Desktop\code\acorex-demo\node_modules\@angular\build\src\builders\application\index.js:110:24)
    at async Task.task [as taskFn] (C:\Users\sh.kahrizi\Desktop\code\acorex-demo\node_modules\@angular\build\src\tools\esbuild\utils.js:138:26)[0m


[31mX [41;31m[[41;97mERROR[41;31m][0m [1mAn error occurred while prerendering route '/form/usage'.

Error: Terminating worker thread
    at ThreadPool.destroy (C:\Users\sh.kahrizi\Desktop\code\acorex-demo\node_modules\piscina\dist\index.js:489:27)
    at WorkerPool.destroy (C:\Users\sh.kahrizi\Desktop\code\acorex-demo\node_modules\piscina\dist\index.js:669:65)
    at C:\Users\sh.kahrizi\Desktop\code\acorex-demo\node_modules\@angular\build\src\utils\server-rendering\prerender.js:166:35
    at async Promise.all (index 136)
    at async renderPages (C:\Users\sh.kahrizi\Desktop\code\acorex-demo\node_modules\@angular\build\src\utils\server-rendering\prerender.js:170:9)
    at async prerenderPages (C:\Users\sh.kahrizi\Desktop\code\acorex-demo\node_modules\@angular\build\src\utils\server-rendering\prerender.js:107:49)
    at async executePostBundleSteps (C:\Users\sh.kahrizi\Desktop\code\acorex-demo\node_modules\@angular\build\src\builders\application\execute-post-bundle.js:77:73)
    at async executeBuild (C:\Users\sh.kahrizi\Desktop\code\acorex-demo\node_modules\@angular\build\src\builders\application\execute-build.js:267:28)
    at async watch (C:\Users\sh.kahrizi\Desktop\code\acorex-demo\node_modules\@angular\build\src\builders\application\index.js:110:24)
    at async Task.task [as taskFn] (C:\Users\sh.kahrizi\Desktop\code\acorex-demo\node_modules\@angular\build\src\tools\esbuild\utils.js:138:26)[0m


[31mX [41;31m[[41;97mERROR[41;31m][0m [1mAn error occurred while prerendering route '/form/label'.

Error: Terminating worker thread
    at ThreadPool.destroy (C:\Users\sh.kahrizi\Desktop\code\acorex-demo\node_modules\piscina\dist\index.js:489:27)
    at WorkerPool.destroy (C:\Users\sh.kahrizi\Desktop\code\acorex-demo\node_modules\piscina\dist\index.js:669:65)
    at C:\Users\sh.kahrizi\Desktop\code\acorex-demo\node_modules\@angular\build\src\utils\server-rendering\prerender.js:166:35
    at async Promise.all (index 136)
    at async renderPages (C:\Users\sh.kahrizi\Desktop\code\acorex-demo\node_modules\@angular\build\src\utils\server-rendering\prerender.js:170:9)
    at async prerenderPages (C:\Users\sh.kahrizi\Desktop\code\acorex-demo\node_modules\@angular\build\src\utils\server-rendering\prerender.js:107:49)
    at async executePostBundleSteps (C:\Users\sh.kahrizi\Desktop\code\acorex-demo\node_modules\@angular\build\src\builders\application\execute-post-bundle.js:77:73)
    at async executeBuild (C:\Users\sh.kahrizi\Desktop\code\acorex-demo\node_modules\@angular\build\src\builders\application\execute-build.js:267:28)
    at async watch (C:\Users\sh.kahrizi\Desktop\code\acorex-demo\node_modules\@angular\build\src\builders\application\index.js:110:24)
    at async Task.task [as taskFn] (C:\Users\sh.kahrizi\Desktop\code\acorex-demo\node_modules\@angular\build\src\tools\esbuild\utils.js:138:26)[0m


[31mX [41;31m[[41;97mERROR[41;31m][0m [1mAn error occurred while prerendering route '/form/look'.

Error: Terminating worker thread
    at ThreadPool.destroy (C:\Users\sh.kahrizi\Desktop\code\acorex-demo\node_modules\piscina\dist\index.js:489:27)
    at WorkerPool.destroy (C:\Users\sh.kahrizi\Desktop\code\acorex-demo\node_modules\piscina\dist\index.js:669:65)
    at C:\Users\sh.kahrizi\Desktop\code\acorex-demo\node_modules\@angular\build\src\utils\server-rendering\prerender.js:166:35
    at async Promise.all (index 136)
    at async renderPages (C:\Users\sh.kahrizi\Desktop\code\acorex-demo\node_modules\@angular\build\src\utils\server-rendering\prerender.js:170:9)
    at async prerenderPages (C:\Users\sh.kahrizi\Desktop\code\acorex-demo\node_modules\@angular\build\src\utils\server-rendering\prerender.js:107:49)
    at async executePostBundleSteps (C:\Users\sh.kahrizi\Desktop\code\acorex-demo\node_modules\@angular\build\src\builders\application\execute-post-bundle.js:77:73)
    at async executeBuild (C:\Users\sh.kahrizi\Desktop\code\acorex-demo\node_modules\@angular\build\src\builders\application\execute-build.js:267:28)
    at async watch (C:\Users\sh.kahrizi\Desktop\code\acorex-demo\node_modules\@angular\build\src\builders\application\index.js:110:24)
    at async Task.task [as taskFn] (C:\Users\sh.kahrizi\Desktop\code\acorex-demo\node_modules\@angular\build\src\tools\esbuild\utils.js:138:26)[0m


[31mX [41;31m[[41;97mERROR[41;31m][0m [1mAn error occurred while prerendering route '/form/messageStyle'.

Error: Terminating worker thread
    at ThreadPool.destroy (C:\Users\sh.kahrizi\Desktop\code\acorex-demo\node_modules\piscina\dist\index.js:489:27)
    at WorkerPool.destroy (C:\Users\sh.kahrizi\Desktop\code\acorex-demo\node_modules\piscina\dist\index.js:669:65)
    at C:\Users\sh.kahrizi\Desktop\code\acorex-demo\node_modules\@angular\build\src\utils\server-rendering\prerender.js:166:35
    at async Promise.all (index 136)
    at async renderPages (C:\Users\sh.kahrizi\Desktop\code\acorex-demo\node_modules\@angular\build\src\utils\server-rendering\prerender.js:170:9)
    at async prerenderPages (C:\Users\sh.kahrizi\Desktop\code\acorex-demo\node_modules\@angular\build\src\utils\server-rendering\prerender.js:107:49)
    at async executePostBundleSteps (C:\Users\sh.kahrizi\Desktop\code\acorex-demo\node_modules\@angular\build\src\builders\application\execute-post-bundle.js:77:73)
    at async executeBuild (C:\Users\sh.kahrizi\Desktop\code\acorex-demo\node_modules\@angular\build\src\builders\application\execute-build.js:267:28)
    at async watch (C:\Users\sh.kahrizi\Desktop\code\acorex-demo\node_modules\@angular\build\src\builders\application\index.js:110:24)
    at async Task.task [as taskFn] (C:\Users\sh.kahrizi\Desktop\code\acorex-demo\node_modules\@angular\build\src\tools\esbuild\utils.js:138:26)[0m


[31mX [41;31m[[41;97mERROR[41;31m][0m [1mAn error occurred while prerendering route '/form/updateOn'.

Error: Terminating worker thread
    at ThreadPool.destroy (C:\Users\sh.kahrizi\Desktop\code\acorex-demo\node_modules\piscina\dist\index.js:489:27)
    at WorkerPool.destroy (C:\Users\sh.kahrizi\Desktop\code\acorex-demo\node_modules\piscina\dist\index.js:669:65)
    at C:\Users\sh.kahrizi\Desktop\code\acorex-demo\node_modules\@angular\build\src\utils\server-rendering\prerender.js:166:35
    at async Promise.all (index 136)
    at async renderPages (C:\Users\sh.kahrizi\Desktop\code\acorex-demo\node_modules\@angular\build\src\utils\server-rendering\prerender.js:170:9)
    at async prerenderPages (C:\Users\sh.kahrizi\Desktop\code\acorex-demo\node_modules\@angular\build\src\utils\server-rendering\prerender.js:107:49)
    at async executePostBundleSteps (C:\Users\sh.kahrizi\Desktop\code\acorex-demo\node_modules\@angular\build\src\builders\application\execute-post-bundle.js:77:73)
    at async executeBuild (C:\Users\sh.kahrizi\Desktop\code\acorex-demo\node_modules\@angular\build\src\builders\application\execute-build.js:267:28)
    at async watch (C:\Users\sh.kahrizi\Desktop\code\acorex-demo\node_modules\@angular\build\src\builders\application\index.js:110:24)
    at async Task.task [as taskFn] (C:\Users\sh.kahrizi\Desktop\code\acorex-demo\node_modules\@angular\build\src\tools\esbuild\utils.js:138:26)[0m


[31mX [41;31m[[41;97mERROR[41;31m][0m [1mAn error occurred while prerendering route '/form/summary'.

Error: Terminating worker thread
    at ThreadPool.destroy (C:\Users\sh.kahrizi\Desktop\code\acorex-demo\node_modules\piscina\dist\index.js:489:27)
    at WorkerPool.destroy (C:\Users\sh.kahrizi\Desktop\code\acorex-demo\node_modules\piscina\dist\index.js:669:65)
    at C:\Users\sh.kahrizi\Desktop\code\acorex-demo\node_modules\@angular\build\src\utils\server-rendering\prerender.js:166:35
    at async Promise.all (index 136)
    at async renderPages (C:\Users\sh.kahrizi\Desktop\code\acorex-demo\node_modules\@angular\build\src\utils\server-rendering\prerender.js:170:9)
    at async prerenderPages (C:\Users\sh.kahrizi\Desktop\code\acorex-demo\node_modules\@angular\build\src\utils\server-rendering\prerender.js:107:49)
    at async executePostBundleSteps (C:\Users\sh.kahrizi\Desktop\code\acorex-demo\node_modules\@angular\build\src\builders\application\execute-post-bundle.js:77:73)
    at async executeBuild (C:\Users\sh.kahrizi\Desktop\code\acorex-demo\node_modules\@angular\build\src\builders\application\execute-build.js:267:28)
    at async watch (C:\Users\sh.kahrizi\Desktop\code\acorex-demo\node_modules\@angular\build\src\builders\application\index.js:110:24)
    at async Task.task [as taskFn] (C:\Users\sh.kahrizi\Desktop\code\acorex-demo\node_modules\@angular\build\src\tools\esbuild\utils.js:138:26)[0m


[31mX [41;31m[[41;97mERROR[41;31m][0m [1mAn error occurred while prerendering route '/form/validate'.

Error: Terminating worker thread
    at ThreadPool.destroy (C:\Users\sh.kahrizi\Desktop\code\acorex-demo\node_modules\piscina\dist\index.js:489:27)
    at WorkerPool.destroy (C:\Users\sh.kahrizi\Desktop\code\acorex-demo\node_modules\piscina\dist\index.js:669:65)
    at C:\Users\sh.kahrizi\Desktop\code\acorex-demo\node_modules\@angular\build\src\utils\server-rendering\prerender.js:166:35
    at async Promise.all (index 136)
    at async renderPages (C:\Users\sh.kahrizi\Desktop\code\acorex-demo\node_modules\@angular\build\src\utils\server-rendering\prerender.js:170:9)
    at async prerenderPages (C:\Users\sh.kahrizi\Desktop\code\acorex-demo\node_modules\@angular\build\src\utils\server-rendering\prerender.js:107:49)
    at async executePostBundleSteps (C:\Users\sh.kahrizi\Desktop\code\acorex-demo\node_modules\@angular\build\src\builders\application\execute-post-bundle.js:77:73)
    at async executeBuild (C:\Users\sh.kahrizi\Desktop\code\acorex-demo\node_modules\@angular\build\src\builders\application\execute-build.js:267:28)
    at async watch (C:\Users\sh.kahrizi\Desktop\code\acorex-demo\node_modules\@angular\build\src\builders\application\index.js:110:24)
    at async Task.task [as taskFn] (C:\Users\sh.kahrizi\Desktop\code\acorex-demo\node_modules\@angular\build\src\tools\esbuild\utils.js:138:26)[0m


[31mX [41;31m[[41;97mERROR[41;31m][0m [1mAn error occurred while prerendering route '/fab/usage'.

Error: Terminating worker thread
    at ThreadPool.destroy (C:\Users\sh.kahrizi\Desktop\code\acorex-demo\node_modules\piscina\dist\index.js:489:27)
    at WorkerPool.destroy (C:\Users\sh.kahrizi\Desktop\code\acorex-demo\node_modules\piscina\dist\index.js:669:65)
    at C:\Users\sh.kahrizi\Desktop\code\acorex-demo\node_modules\@angular\build\src\utils\server-rendering\prerender.js:166:35
    at async Promise.all (index 136)
    at async renderPages (C:\Users\sh.kahrizi\Desktop\code\acorex-demo\node_modules\@angular\build\src\utils\server-rendering\prerender.js:170:9)
    at async prerenderPages (C:\Users\sh.kahrizi\Desktop\code\acorex-demo\node_modules\@angular\build\src\utils\server-rendering\prerender.js:107:49)
    at async executePostBundleSteps (C:\Users\sh.kahrizi\Desktop\code\acorex-demo\node_modules\@angular\build\src\builders\application\execute-post-bundle.js:77:73)
    at async executeBuild (C:\Users\sh.kahrizi\Desktop\code\acorex-demo\node_modules\@angular\build\src\builders\application\execute-build.js:267:28)
    at async watch (C:\Users\sh.kahrizi\Desktop\code\acorex-demo\node_modules\@angular\build\src\builders\application\index.js:110:24)
    at async Task.task [as taskFn] (C:\Users\sh.kahrizi\Desktop\code\acorex-demo\node_modules\@angular\build\src\tools\esbuild\utils.js:138:26)[0m


[31mX [41;31m[[41;97mERROR[41;31m][0m [1mAn error occurred while prerendering route '/fab/tooltip'.

Error: Terminating worker thread
    at ThreadPool.destroy (C:\Users\sh.kahrizi\Desktop\code\acorex-demo\node_modules\piscina\dist\index.js:489:27)
    at WorkerPool.destroy (C:\Users\sh.kahrizi\Desktop\code\acorex-demo\node_modules\piscina\dist\index.js:669:65)
    at C:\Users\sh.kahrizi\Desktop\code\acorex-demo\node_modules\@angular\build\src\utils\server-rendering\prerender.js:166:35
    at async Promise.all (index 136)
    at async renderPages (C:\Users\sh.kahrizi\Desktop\code\acorex-demo\node_modules\@angular\build\src\utils\server-rendering\prerender.js:170:9)
    at async prerenderPages (C:\Users\sh.kahrizi\Desktop\code\acorex-demo\node_modules\@angular\build\src\utils\server-rendering\prerender.js:107:49)
    at async executePostBundleSteps (C:\Users\sh.kahrizi\Desktop\code\acorex-demo\node_modules\@angular\build\src\builders\application\execute-post-bundle.js:77:73)
    at async executeBuild (C:\Users\sh.kahrizi\Desktop\code\acorex-demo\node_modules\@angular\build\src\builders\application\execute-build.js:267:28)
    at async watch (C:\Users\sh.kahrizi\Desktop\code\acorex-demo\node_modules\@angular\build\src\builders\application\index.js:110:24)
    at async Task.task [as taskFn] (C:\Users\sh.kahrizi\Desktop\code\acorex-demo\node_modules\@angular\build\src\tools\esbuild\utils.js:138:26)[0m


[31mX [41;31m[[41;97mERROR[41;31m][0m [1mAn error occurred while prerendering route '/fab/label'.

Error: Terminating worker thread
    at ThreadPool.destroy (C:\Users\sh.kahrizi\Desktop\code\acorex-demo\node_modules\piscina\dist\index.js:489:27)
    at WorkerPool.destroy (C:\Users\sh.kahrizi\Desktop\code\acorex-demo\node_modules\piscina\dist\index.js:669:65)
    at C:\Users\sh.kahrizi\Desktop\code\acorex-demo\node_modules\@angular\build\src\utils\server-rendering\prerender.js:166:35
    at async Promise.all (index 136)
    at async renderPages (C:\Users\sh.kahrizi\Desktop\code\acorex-demo\node_modules\@angular\build\src\utils\server-rendering\prerender.js:170:9)
    at async prerenderPages (C:\Users\sh.kahrizi\Desktop\code\acorex-demo\node_modules\@angular\build\src\utils\server-rendering\prerender.js:107:49)
    at async executePostBundleSteps (C:\Users\sh.kahrizi\Desktop\code\acorex-demo\node_modules\@angular\build\src\builders\application\execute-post-bundle.js:77:73)
    at async executeBuild (C:\Users\sh.kahrizi\Desktop\code\acorex-demo\node_modules\@angular\build\src\builders\application\execute-build.js:267:28)
    at async watch (C:\Users\sh.kahrizi\Desktop\code\acorex-demo\node_modules\@angular\build\src\builders\application\index.js:110:24)
    at async Task.task [as taskFn] (C:\Users\sh.kahrizi\Desktop\code\acorex-demo\node_modules\@angular\build\src\tools\esbuild\utils.js:138:26)[0m


[31mX [41;31m[[41;97mERROR[41;31m][0m [1mAn error occurred while prerendering route '/file-viewer/usage'.

Error: Terminating worker thread
    at ThreadPool.destroy (C:\Users\sh.kahrizi\Desktop\code\acorex-demo\node_modules\piscina\dist\index.js:489:27)
    at WorkerPool.destroy (C:\Users\sh.kahrizi\Desktop\code\acorex-demo\node_modules\piscina\dist\index.js:669:65)
    at C:\Users\sh.kahrizi\Desktop\code\acorex-demo\node_modules\@angular\build\src\utils\server-rendering\prerender.js:166:35
    at async Promise.all (index 136)
    at async renderPages (C:\Users\sh.kahrizi\Desktop\code\acorex-demo\node_modules\@angular\build\src\utils\server-rendering\prerender.js:170:9)
    at async prerenderPages (C:\Users\sh.kahrizi\Desktop\code\acorex-demo\node_modules\@angular\build\src\utils\server-rendering\prerender.js:107:49)
    at async executePostBundleSteps (C:\Users\sh.kahrizi\Desktop\code\acorex-demo\node_modules\@angular\build\src\builders\application\execute-post-bundle.js:77:73)
    at async executeBuild (C:\Users\sh.kahrizi\Desktop\code\acorex-demo\node_modules\@angular\build\src\builders\application\execute-build.js:267:28)
    at async watch (C:\Users\sh.kahrizi\Desktop\code\acorex-demo\node_modules\@angular\build\src\builders\application\index.js:110:24)
    at async Task.task [as taskFn] (C:\Users\sh.kahrizi\Desktop\code\acorex-demo\node_modules\@angular\build\src\tools\esbuild\utils.js:138:26)[0m


[31mX [41;31m[[41;97mERROR[41;31m][0m [1mAn error occurred while prerendering route '/image/usage'.

Error: Terminating worker thread
    at ThreadPool.destroy (C:\Users\sh.kahrizi\Desktop\code\acorex-demo\node_modules\piscina\dist\index.js:489:27)
    at WorkerPool.destroy (C:\Users\sh.kahrizi\Desktop\code\acorex-demo\node_modules\piscina\dist\index.js:669:65)
    at C:\Users\sh.kahrizi\Desktop\code\acorex-demo\node_modules\@angular\build\src\utils\server-rendering\prerender.js:166:35
    at async Promise.all (index 136)
    at async renderPages (C:\Users\sh.kahrizi\Desktop\code\acorex-demo\node_modules\@angular\build\src\utils\server-rendering\prerender.js:170:9)
    at async prerenderPages (C:\Users\sh.kahrizi\Desktop\code\acorex-demo\node_modules\@angular\build\src\utils\server-rendering\prerender.js:107:49)
    at async executePostBundleSteps (C:\Users\sh.kahrizi\Desktop\code\acorex-demo\node_modules\@angular\build\src\builders\application\execute-post-bundle.js:77:73)
    at async executeBuild (C:\Users\sh.kahrizi\Desktop\code\acorex-demo\node_modules\@angular\build\src\builders\application\execute-build.js:267:28)
    at async watch (C:\Users\sh.kahrizi\Desktop\code\acorex-demo\node_modules\@angular\build\src\builders\application\index.js:110:24)
    at async Task.task [as taskFn] (C:\Users\sh.kahrizi\Desktop\code\acorex-demo\node_modules\@angular\build\src\tools\esbuild\utils.js:138:26)[0m


[31mX [41;31m[[41;97mERROR[41;31m][0m [1mAn error occurred while prerendering route '/image/overlay'.

Error: Terminating worker thread
    at ThreadPool.destroy (C:\Users\sh.kahrizi\Desktop\code\acorex-demo\node_modules\piscina\dist\index.js:489:27)
    at WorkerPool.destroy (C:\Users\sh.kahrizi\Desktop\code\acorex-demo\node_modules\piscina\dist\index.js:669:65)
    at C:\Users\sh.kahrizi\Desktop\code\acorex-demo\node_modules\@angular\build\src\utils\server-rendering\prerender.js:166:35
    at async Promise.all (index 136)
    at async renderPages (C:\Users\sh.kahrizi\Desktop\code\acorex-demo\node_modules\@angular\build\src\utils\server-rendering\prerender.js:170:9)
    at async prerenderPages (C:\Users\sh.kahrizi\Desktop\code\acorex-demo\node_modules\@angular\build\src\utils\server-rendering\prerender.js:107:49)
    at async executePostBundleSteps (C:\Users\sh.kahrizi\Desktop\code\acorex-demo\node_modules\@angular\build\src\builders\application\execute-post-bundle.js:77:73)
    at async executeBuild (C:\Users\sh.kahrizi\Desktop\code\acorex-demo\node_modules\@angular\build\src\builders\application\execute-build.js:267:28)
    at async watch (C:\Users\sh.kahrizi\Desktop\code\acorex-demo\node_modules\@angular\build\src\builders\application\index.js:110:24)
    at async Task.task [as taskFn] (C:\Users\sh.kahrizi\Desktop\code\acorex-demo\node_modules\@angular\build\src\tools\esbuild\utils.js:138:26)[0m


[31mX [41;31m[[41;97mERROR[41;31m][0m [1mAn error occurred while prerendering route '/image/loading-placeholder'.

Error: Terminating worker thread
    at ThreadPool.destroy (C:\Users\sh.kahrizi\Desktop\code\acorex-demo\node_modules\piscina\dist\index.js:489:27)
    at WorkerPool.destroy (C:\Users\sh.kahrizi\Desktop\code\acorex-demo\node_modules\piscina\dist\index.js:669:65)
    at C:\Users\sh.kahrizi\Desktop\code\acorex-demo\node_modules\@angular\build\src\utils\server-rendering\prerender.js:166:35
    at async Promise.all (index 136)
    at async renderPages (C:\Users\sh.kahrizi\Desktop\code\acorex-demo\node_modules\@angular\build\src\utils\server-rendering\prerender.js:170:9)
    at async prerenderPages (C:\Users\sh.kahrizi\Desktop\code\acorex-demo\node_modules\@angular\build\src\utils\server-rendering\prerender.js:107:49)
    at async executePostBundleSteps (C:\Users\sh.kahrizi\Desktop\code\acorex-demo\node_modules\@angular\build\src\builders\application\execute-post-bundle.js:77:73)
    at async executeBuild (C:\Users\sh.kahrizi\Desktop\code\acorex-demo\node_modules\@angular\build\src\builders\application\execute-build.js:267:28)
    at async watch (C:\Users\sh.kahrizi\Desktop\code\acorex-demo\node_modules\@angular\build\src\builders\application\index.js:110:24)
    at async Task.task [as taskFn] (C:\Users\sh.kahrizi\Desktop\code\acorex-demo\node_modules\@angular\build\src\tools\esbuild\utils.js:138:26)[0m


[31mX [41;31m[[41;97mERROR[41;31m][0m [1mAn error occurred while prerendering route '/list/usage'.

Error: Terminating worker thread
    at ThreadPool.destroy (C:\Users\sh.kahrizi\Desktop\code\acorex-demo\node_modules\piscina\dist\index.js:489:27)
    at WorkerPool.destroy (C:\Users\sh.kahrizi\Desktop\code\acorex-demo\node_modules\piscina\dist\index.js:669:65)
    at C:\Users\sh.kahrizi\Desktop\code\acorex-demo\node_modules\@angular\build\src\utils\server-rendering\prerender.js:166:35
    at async Promise.all (index 136)
    at async renderPages (C:\Users\sh.kahrizi\Desktop\code\acorex-demo\node_modules\@angular\build\src\utils\server-rendering\prerender.js:170:9)
    at async prerenderPages (C:\Users\sh.kahrizi\Desktop\code\acorex-demo\node_modules\@angular\build\src\utils\server-rendering\prerender.js:107:49)
    at async executePostBundleSteps (C:\Users\sh.kahrizi\Desktop\code\acorex-demo\node_modules\@angular\build\src\builders\application\execute-post-bundle.js:77:73)
    at async executeBuild (C:\Users\sh.kahrizi\Desktop\code\acorex-demo\node_modules\@angular\build\src\builders\application\execute-build.js:267:28)
    at async watch (C:\Users\sh.kahrizi\Desktop\code\acorex-demo\node_modules\@angular\build\src\builders\application\index.js:110:24)
    at async Task.task [as taskFn] (C:\Users\sh.kahrizi\Desktop\code\acorex-demo\node_modules\@angular\build\src\tools\esbuild\utils.js:138:26)[0m


[31mX [41;31m[[41;97mERROR[41;31m][0m [1mAn error occurred while prerendering route '/list/multiple'.

Error: Terminating worker thread
    at ThreadPool.destroy (C:\Users\sh.kahrizi\Desktop\code\acorex-demo\node_modules\piscina\dist\index.js:489:27)
    at WorkerPool.destroy (C:\Users\sh.kahrizi\Desktop\code\acorex-demo\node_modules\piscina\dist\index.js:669:65)
    at C:\Users\sh.kahrizi\Desktop\code\acorex-demo\node_modules\@angular\build\src\utils\server-rendering\prerender.js:166:35
    at async Promise.all (index 136)
    at async renderPages (C:\Users\sh.kahrizi\Desktop\code\acorex-demo\node_modules\@angular\build\src\utils\server-rendering\prerender.js:170:9)
    at async prerenderPages (C:\Users\sh.kahrizi\Desktop\code\acorex-demo\node_modules\@angular\build\src\utils\server-rendering\prerender.js:107:49)
    at async executePostBundleSteps (C:\Users\sh.kahrizi\Desktop\code\acorex-demo\node_modules\@angular\build\src\builders\application\execute-post-bundle.js:77:73)
    at async executeBuild (C:\Users\sh.kahrizi\Desktop\code\acorex-demo\node_modules\@angular\build\src\builders\application\execute-build.js:267:28)
    at async watch (C:\Users\sh.kahrizi\Desktop\code\acorex-demo\node_modules\@angular\build\src\builders\application\index.js:110:24)
    at async Task.task [as taskFn] (C:\Users\sh.kahrizi\Desktop\code\acorex-demo\node_modules\@angular\build\src\tools\esbuild\utils.js:138:26)[0m


[31mX [41;31m[[41;97mERROR[41;31m][0m [1mAn error occurred while prerendering route '/list/custom-header'.

Error: Terminating worker thread
    at ThreadPool.destroy (C:\Users\sh.kahrizi\Desktop\code\acorex-demo\node_modules\piscina\dist\index.js:489:27)
    at WorkerPool.destroy (C:\Users\sh.kahrizi\Desktop\code\acorex-demo\node_modules\piscina\dist\index.js:669:65)
    at C:\Users\sh.kahrizi\Desktop\code\acorex-demo\node_modules\@angular\build\src\utils\server-rendering\prerender.js:166:35
    at async Promise.all (index 136)
    at async renderPages (C:\Users\sh.kahrizi\Desktop\code\acorex-demo\node_modules\@angular\build\src\utils\server-rendering\prerender.js:170:9)
    at async prerenderPages (C:\Users\sh.kahrizi\Desktop\code\acorex-demo\node_modules\@angular\build\src\utils\server-rendering\prerender.js:107:49)
    at async executePostBundleSteps (C:\Users\sh.kahrizi\Desktop\code\acorex-demo\node_modules\@angular\build\src\builders\application\execute-post-bundle.js:77:73)
    at async executeBuild (C:\Users\sh.kahrizi\Desktop\code\acorex-demo\node_modules\@angular\build\src\builders\application\execute-build.js:267:28)
    at async watch (C:\Users\sh.kahrizi\Desktop\code\acorex-demo\node_modules\@angular\build\src\builders\application\index.js:110:24)
    at async Task.task [as taskFn] (C:\Users\sh.kahrizi\Desktop\code\acorex-demo\node_modules\@angular\build\src\tools\esbuild\utils.js:138:26)[0m


[31mX [41;31m[[41;97mERROR[41;31m][0m [1mAn error occurred while prerendering route '/list/custom-footer'.

Error: Terminating worker thread
    at ThreadPool.destroy (C:\Users\sh.kahrizi\Desktop\code\acorex-demo\node_modules\piscina\dist\index.js:489:27)
    at WorkerPool.destroy (C:\Users\sh.kahrizi\Desktop\code\acorex-demo\node_modules\piscina\dist\index.js:669:65)
    at C:\Users\sh.kahrizi\Desktop\code\acorex-demo\node_modules\@angular\build\src\utils\server-rendering\prerender.js:166:35
    at async Promise.all (index 136)
    at async renderPages (C:\Users\sh.kahrizi\Desktop\code\acorex-demo\node_modules\@angular\build\src\utils\server-rendering\prerender.js:170:9)
    at async prerenderPages (C:\Users\sh.kahrizi\Desktop\code\acorex-demo\node_modules\@angular\build\src\utils\server-rendering\prerender.js:107:49)
    at async executePostBundleSteps (C:\Users\sh.kahrizi\Desktop\code\acorex-demo\node_modules\@angular\build\src\builders\application\execute-post-bundle.js:77:73)
    at async executeBuild (C:\Users\sh.kahrizi\Desktop\code\acorex-demo\node_modules\@angular\build\src\builders\application\execute-build.js:267:28)
    at async watch (C:\Users\sh.kahrizi\Desktop\code\acorex-demo\node_modules\@angular\build\src\builders\application\index.js:110:24)
    at async Task.task [as taskFn] (C:\Users\sh.kahrizi\Desktop\code\acorex-demo\node_modules\@angular\build\src\tools\esbuild\utils.js:138:26)[0m


[31mX [41;31m[[41;97mERROR[41;31m][0m [1mAn error occurred while prerendering route '/list/custom-item'.

Error: Terminating worker thread
    at ThreadPool.destroy (C:\Users\sh.kahrizi\Desktop\code\acorex-demo\node_modules\piscina\dist\index.js:489:27)
    at WorkerPool.destroy (C:\Users\sh.kahrizi\Desktop\code\acorex-demo\node_modules\piscina\dist\index.js:669:65)
    at C:\Users\sh.kahrizi\Desktop\code\acorex-demo\node_modules\@angular\build\src\utils\server-rendering\prerender.js:166:35
    at async Promise.all (index 136)
    at async renderPages (C:\Users\sh.kahrizi\Desktop\code\acorex-demo\node_modules\@angular\build\src\utils\server-rendering\prerender.js:170:9)
    at async prerenderPages (C:\Users\sh.kahrizi\Desktop\code\acorex-demo\node_modules\@angular\build\src\utils\server-rendering\prerender.js:107:49)
    at async executePostBundleSteps (C:\Users\sh.kahrizi\Desktop\code\acorex-demo\node_modules\@angular\build\src\builders\application\execute-post-bundle.js:77:73)
    at async executeBuild (C:\Users\sh.kahrizi\Desktop\code\acorex-demo\node_modules\@angular\build\src\builders\application\execute-build.js:267:28)
    at async watch (C:\Users\sh.kahrizi\Desktop\code\acorex-demo\node_modules\@angular\build\src\builders\application\index.js:110:24)
    at async Task.task [as taskFn] (C:\Users\sh.kahrizi\Desktop\code\acorex-demo\node_modules\@angular\build\src\tools\esbuild\utils.js:138:26)[0m


[31mX [41;31m[[41;97mERROR[41;31m][0m [1mAn error occurred while prerendering route '/list/custom-loading'.

Error: Terminating worker thread
    at ThreadPool.destroy (C:\Users\sh.kahrizi\Desktop\code\acorex-demo\node_modules\piscina\dist\index.js:489:27)
    at WorkerPool.destroy (C:\Users\sh.kahrizi\Desktop\code\acorex-demo\node_modules\piscina\dist\index.js:669:65)
    at C:\Users\sh.kahrizi\Desktop\code\acorex-demo\node_modules\@angular\build\src\utils\server-rendering\prerender.js:166:35
    at async Promise.all (index 136)
    at async renderPages (C:\Users\sh.kahrizi\Desktop\code\acorex-demo\node_modules\@angular\build\src\utils\server-rendering\prerender.js:170:9)
    at async prerenderPages (C:\Users\sh.kahrizi\Desktop\code\acorex-demo\node_modules\@angular\build\src\utils\server-rendering\prerender.js:107:49)
    at async executePostBundleSteps (C:\Users\sh.kahrizi\Desktop\code\acorex-demo\node_modules\@angular\build\src\builders\application\execute-post-bundle.js:77:73)
    at async executeBuild (C:\Users\sh.kahrizi\Desktop\code\acorex-demo\node_modules\@angular\build\src\builders\application\execute-build.js:267:28)
    at async watch (C:\Users\sh.kahrizi\Desktop\code\acorex-demo\node_modules\@angular\build\src\builders\application\index.js:110:24)
    at async Task.task [as taskFn] (C:\Users\sh.kahrizi\Desktop\code\acorex-demo\node_modules\@angular\build\src\tools\esbuild\utils.js:138:26)[0m


[31mX [41;31m[[41;97mERROR[41;31m][0m [1mAn error occurred while prerendering route '/list/custom-empty'.

Error: Terminating worker thread
    at ThreadPool.destroy (C:\Users\sh.kahrizi\Desktop\code\acorex-demo\node_modules\piscina\dist\index.js:489:27)
    at WorkerPool.destroy (C:\Users\sh.kahrizi\Desktop\code\acorex-demo\node_modules\piscina\dist\index.js:669:65)
    at C:\Users\sh.kahrizi\Desktop\code\acorex-demo\node_modules\@angular\build\src\utils\server-rendering\prerender.js:166:35
    at async Promise.all (index 136)
    at async renderPages (C:\Users\sh.kahrizi\Desktop\code\acorex-demo\node_modules\@angular\build\src\utils\server-rendering\prerender.js:170:9)
    at async prerenderPages (C:\Users\sh.kahrizi\Desktop\code\acorex-demo\node_modules\@angular\build\src\utils\server-rendering\prerender.js:107:49)
    at async executePostBundleSteps (C:\Users\sh.kahrizi\Desktop\code\acorex-demo\node_modules\@angular\build\src\builders\application\execute-post-bundle.js:77:73)
    at async executeBuild (C:\Users\sh.kahrizi\Desktop\code\acorex-demo\node_modules\@angular\build\src\builders\application\execute-build.js:267:28)
    at async watch (C:\Users\sh.kahrizi\Desktop\code\acorex-demo\node_modules\@angular\build\src\builders\application\index.js:110:24)
    at async Task.task [as taskFn] (C:\Users\sh.kahrizi\Desktop\code\acorex-demo\node_modules\@angular\build\src\tools\esbuild\utils.js:138:26)[0m


[31mX [41;31m[[41;97mERROR[41;31m][0m [1mAn error occurred while prerendering route '/list/selection-mode'.

Error: Terminating worker thread
    at ThreadPool.destroy (C:\Users\sh.kahrizi\Desktop\code\acorex-demo\node_modules\piscina\dist\index.js:489:27)
    at WorkerPool.destroy (C:\Users\sh.kahrizi\Desktop\code\acorex-demo\node_modules\piscina\dist\index.js:669:65)
    at C:\Users\sh.kahrizi\Desktop\code\acorex-demo\node_modules\@angular\build\src\utils\server-rendering\prerender.js:166:35
    at async Promise.all (index 136)
    at async renderPages (C:\Users\sh.kahrizi\Desktop\code\acorex-demo\node_modules\@angular\build\src\utils\server-rendering\prerender.js:170:9)
    at async prerenderPages (C:\Users\sh.kahrizi\Desktop\code\acorex-demo\node_modules\@angular\build\src\utils\server-rendering\prerender.js:107:49)
    at async executePostBundleSteps (C:\Users\sh.kahrizi\Desktop\code\acorex-demo\node_modules\@angular\build\src\builders\application\execute-post-bundle.js:77:73)
    at async executeBuild (C:\Users\sh.kahrizi\Desktop\code\acorex-demo\node_modules\@angular\build\src\builders\application\execute-build.js:267:28)
    at async watch (C:\Users\sh.kahrizi\Desktop\code\acorex-demo\node_modules\@angular\build\src\builders\application\index.js:110:24)
    at async Task.task [as taskFn] (C:\Users\sh.kahrizi\Desktop\code\acorex-demo\node_modules\@angular\build\src\tools\esbuild\utils.js:138:26)[0m


[31mX [41;31m[[41;97mERROR[41;31m][0m [1mAn error occurred while prerendering route '/loading/region'.

Error: Terminating worker thread
    at ThreadPool.destroy (C:\Users\sh.kahrizi\Desktop\code\acorex-demo\node_modules\piscina\dist\index.js:489:27)
    at WorkerPool.destroy (C:\Users\sh.kahrizi\Desktop\code\acorex-demo\node_modules\piscina\dist\index.js:669:65)
    at C:\Users\sh.kahrizi\Desktop\code\acorex-demo\node_modules\@angular\build\src\utils\server-rendering\prerender.js:166:35
    at async Promise.all (index 136)
    at async renderPages (C:\Users\sh.kahrizi\Desktop\code\acorex-demo\node_modules\@angular\build\src\utils\server-rendering\prerender.js:170:9)
    at async prerenderPages (C:\Users\sh.kahrizi\Desktop\code\acorex-demo\node_modules\@angular\build\src\utils\server-rendering\prerender.js:107:49)
    at async executePostBundleSteps (C:\Users\sh.kahrizi\Desktop\code\acorex-demo\node_modules\@angular\build\src\builders\application\execute-post-bundle.js:77:73)
    at async executeBuild (C:\Users\sh.kahrizi\Desktop\code\acorex-demo\node_modules\@angular\build\src\builders\application\execute-build.js:267:28)
    at async watch (C:\Users\sh.kahrizi\Desktop\code\acorex-demo\node_modules\@angular\build\src\builders\application\index.js:110:24)
    at async Task.task [as taskFn] (C:\Users\sh.kahrizi\Desktop\code\acorex-demo\node_modules\@angular\build\src\tools\esbuild\utils.js:138:26)[0m


[31mX [41;31m[[41;97mERROR[41;31m][0m [1mAn error occurred while prerendering route '/loading/directive'.

Error: Terminating worker thread
    at ThreadPool.destroy (C:\Users\sh.kahrizi\Desktop\code\acorex-demo\node_modules\piscina\dist\index.js:489:27)
    at WorkerPool.destroy (C:\Users\sh.kahrizi\Desktop\code\acorex-demo\node_modules\piscina\dist\index.js:669:65)
    at C:\Users\sh.kahrizi\Desktop\code\acorex-demo\node_modules\@angular\build\src\utils\server-rendering\prerender.js:166:35
    at async Promise.all (index 136)
    at async renderPages (C:\Users\sh.kahrizi\Desktop\code\acorex-demo\node_modules\@angular\build\src\utils\server-rendering\prerender.js:170:9)
    at async prerenderPages (C:\Users\sh.kahrizi\Desktop\code\acorex-demo\node_modules\@angular\build\src\utils\server-rendering\prerender.js:107:49)
    at async executePostBundleSteps (C:\Users\sh.kahrizi\Desktop\code\acorex-demo\node_modules\@angular\build\src\builders\application\execute-post-bundle.js:77:73)
    at async executeBuild (C:\Users\sh.kahrizi\Desktop\code\acorex-demo\node_modules\@angular\build\src\builders\application\execute-build.js:267:28)
    at async watch (C:\Users\sh.kahrizi\Desktop\code\acorex-demo\node_modules\@angular\build\src\builders\application\index.js:110:24)
    at async Task.task [as taskFn] (C:\Users\sh.kahrizi\Desktop\code\acorex-demo\node_modules\@angular\build\src\tools\esbuild\utils.js:138:26)[0m


[31mX [41;31m[[41;97mERROR[41;31m][0m [1mAn error occurred while prerendering route '/loading/usage'.

Error: Terminating worker thread
    at ThreadPool.destroy (C:\Users\sh.kahrizi\Desktop\code\acorex-demo\node_modules\piscina\dist\index.js:489:27)
    at WorkerPool.destroy (C:\Users\sh.kahrizi\Desktop\code\acorex-demo\node_modules\piscina\dist\index.js:669:65)
    at C:\Users\sh.kahrizi\Desktop\code\acorex-demo\node_modules\@angular\build\src\utils\server-rendering\prerender.js:166:35
    at async Promise.all (index 136)
    at async renderPages (C:\Users\sh.kahrizi\Desktop\code\acorex-demo\node_modules\@angular\build\src\utils\server-rendering\prerender.js:170:9)
    at async prerenderPages (C:\Users\sh.kahrizi\Desktop\code\acorex-demo\node_modules\@angular\build\src\utils\server-rendering\prerender.js:107:49)
    at async executePostBundleSteps (C:\Users\sh.kahrizi\Desktop\code\acorex-demo\node_modules\@angular\build\src\builders\application\execute-post-bundle.js:77:73)
    at async executeBuild (C:\Users\sh.kahrizi\Desktop\code\acorex-demo\node_modules\@angular\build\src\builders\application\execute-build.js:267:28)
    at async watch (C:\Users\sh.kahrizi\Desktop\code\acorex-demo\node_modules\@angular\build\src\builders\application\index.js:110:24)
    at async Task.task [as taskFn] (C:\Users\sh.kahrizi\Desktop\code\acorex-demo\node_modules\@angular\build\src\tools\esbuild\utils.js:138:26)[0m


[31mX [41;31m[[41;97mERROR[41;31m][0m [1mAn error occurred while prerendering route '/loading/service-overlay'.

Error: Terminating worker thread
    at ThreadPool.destroy (C:\Users\sh.kahrizi\Desktop\code\acorex-demo\node_modules\piscina\dist\index.js:489:27)
    at WorkerPool.destroy (C:\Users\sh.kahrizi\Desktop\code\acorex-demo\node_modules\piscina\dist\index.js:669:65)
    at C:\Users\sh.kahrizi\Desktop\code\acorex-demo\node_modules\@angular\build\src\utils\server-rendering\prerender.js:166:35
    at async Promise.all (index 136)
    at async renderPages (C:\Users\sh.kahrizi\Desktop\code\acorex-demo\node_modules\@angular\build\src\utils\server-rendering\prerender.js:170:9)
    at async prerenderPages (C:\Users\sh.kahrizi\Desktop\code\acorex-demo\node_modules\@angular\build\src\utils\server-rendering\prerender.js:107:49)
    at async executePostBundleSteps (C:\Users\sh.kahrizi\Desktop\code\acorex-demo\node_modules\@angular\build\src\builders\application\execute-post-bundle.js:77:73)
    at async executeBuild (C:\Users\sh.kahrizi\Desktop\code\acorex-demo\node_modules\@angular\build\src\builders\application\execute-build.js:267:28)
    at async watch (C:\Users\sh.kahrizi\Desktop\code\acorex-demo\node_modules\@angular\build\src\builders\application\index.js:110:24)
    at async Task.task [as taskFn] (C:\Users\sh.kahrizi\Desktop\code\acorex-demo\node_modules\@angular\build\src\tools\esbuild\utils.js:138:26)[0m


[31mX [41;31m[[41;97mERROR[41;31m][0m [1mAn error occurred while prerendering route '/loading/service-doloading'.

Error: Terminating worker thread
    at ThreadPool.destroy (C:\Users\sh.kahrizi\Desktop\code\acorex-demo\node_modules\piscina\dist\index.js:489:27)
    at WorkerPool.destroy (C:\Users\sh.kahrizi\Desktop\code\acorex-demo\node_modules\piscina\dist\index.js:669:65)
    at C:\Users\sh.kahrizi\Desktop\code\acorex-demo\node_modules\@angular\build\src\utils\server-rendering\prerender.js:166:35
    at async Promise.all (index 136)
    at async renderPages (C:\Users\sh.kahrizi\Desktop\code\acorex-demo\node_modules\@angular\build\src\utils\server-rendering\prerender.js:170:9)
    at async prerenderPages (C:\Users\sh.kahrizi\Desktop\code\acorex-demo\node_modules\@angular\build\src\utils\server-rendering\prerender.js:107:49)
    at async executePostBundleSteps (C:\Users\sh.kahrizi\Desktop\code\acorex-demo\node_modules\@angular\build\src\builders\application\execute-post-bundle.js:77:73)
    at async executeBuild (C:\Users\sh.kahrizi\Desktop\code\acorex-demo\node_modules\@angular\build\src\builders\application\execute-build.js:267:28)
    at async watch (C:\Users\sh.kahrizi\Desktop\code\acorex-demo\node_modules\@angular\build\src\builders\application\index.js:110:24)
    at async Task.task [as taskFn] (C:\Users\sh.kahrizi\Desktop\code\acorex-demo\node_modules\@angular\build\src\tools\esbuild\utils.js:138:26)[0m


[31mX [41;31m[[41;97mERROR[41;31m][0m [1mAn error occurred while prerendering route '/loading/multi-loader-state'.

Error: Terminating worker thread
    at ThreadPool.destroy (C:\Users\sh.kahrizi\Desktop\code\acorex-demo\node_modules\piscina\dist\index.js:489:27)
    at WorkerPool.destroy (C:\Users\sh.kahrizi\Desktop\code\acorex-demo\node_modules\piscina\dist\index.js:669:65)
    at C:\Users\sh.kahrizi\Desktop\code\acorex-demo\node_modules\@angular\build\src\utils\server-rendering\prerender.js:166:35
    at async Promise.all (index 136)
    at async renderPages (C:\Users\sh.kahrizi\Desktop\code\acorex-demo\node_modules\@angular\build\src\utils\server-rendering\prerender.js:170:9)
    at async prerenderPages (C:\Users\sh.kahrizi\Desktop\code\acorex-demo\node_modules\@angular\build\src\utils\server-rendering\prerender.js:107:49)
    at async executePostBundleSteps (C:\Users\sh.kahrizi\Desktop\code\acorex-demo\node_modules\@angular\build\src\builders\application\execute-post-bundle.js:77:73)
    at async executeBuild (C:\Users\sh.kahrizi\Desktop\code\acorex-demo\node_modules\@angular\build\src\builders\application\execute-build.js:267:28)
    at async watch (C:\Users\sh.kahrizi\Desktop\code\acorex-demo\node_modules\@angular\build\src\builders\application\index.js:110:24)
    at async Task.task [as taskFn] (C:\Users\sh.kahrizi\Desktop\code\acorex-demo\node_modules\@angular\build\src\tools\esbuild\utils.js:138:26)[0m


[31mX [41;31m[[41;97mERROR[41;31m][0m [1mAn error occurred while prerendering route '/loading/context'.

Error: Terminating worker thread
    at ThreadPool.destroy (C:\Users\sh.kahrizi\Desktop\code\acorex-demo\node_modules\piscina\dist\index.js:489:27)
    at WorkerPool.destroy (C:\Users\sh.kahrizi\Desktop\code\acorex-demo\node_modules\piscina\dist\index.js:669:65)
    at C:\Users\sh.kahrizi\Desktop\code\acorex-demo\node_modules\@angular\build\src\utils\server-rendering\prerender.js:166:35
    at async Promise.all (index 136)
    at async renderPages (C:\Users\sh.kahrizi\Desktop\code\acorex-demo\node_modules\@angular\build\src\utils\server-rendering\prerender.js:170:9)
    at async prerenderPages (C:\Users\sh.kahrizi\Desktop\code\acorex-demo\node_modules\@angular\build\src\utils\server-rendering\prerender.js:107:49)
    at async executePostBundleSteps (C:\Users\sh.kahrizi\Desktop\code\acorex-demo\node_modules\@angular\build\src\builders\application\execute-post-bundle.js:77:73)
    at async executeBuild (C:\Users\sh.kahrizi\Desktop\code\acorex-demo\node_modules\@angular\build\src\builders\application\execute-build.js:267:28)
    at async watch (C:\Users\sh.kahrizi\Desktop\code\acorex-demo\node_modules\@angular\build\src\builders\application\index.js:110:24)
    at async Task.task [as taskFn] (C:\Users\sh.kahrizi\Desktop\code\acorex-demo\node_modules\@angular\build\src\tools\esbuild\utils.js:138:26)[0m


[31mX [41;31m[[41;97mERROR[41;31m][0m [1mAn error occurred while prerendering route '/loading/custom-spinner'.

Error: Terminating worker thread
    at ThreadPool.destroy (C:\Users\sh.kahrizi\Desktop\code\acorex-demo\node_modules\piscina\dist\index.js:489:27)
    at WorkerPool.destroy (C:\Users\sh.kahrizi\Desktop\code\acorex-demo\node_modules\piscina\dist\index.js:669:65)
    at C:\Users\sh.kahrizi\Desktop\code\acorex-demo\node_modules\@angular\build\src\utils\server-rendering\prerender.js:166:35
    at async Promise.all (index 136)
    at async renderPages (C:\Users\sh.kahrizi\Desktop\code\acorex-demo\node_modules\@angular\build\src\utils\server-rendering\prerender.js:170:9)
    at async prerenderPages (C:\Users\sh.kahrizi\Desktop\code\acorex-demo\node_modules\@angular\build\src\utils\server-rendering\prerender.js:107:49)
    at async executePostBundleSteps (C:\Users\sh.kahrizi\Desktop\code\acorex-demo\node_modules\@angular\build\src\builders\application\execute-post-bundle.js:77:73)
    at async executeBuild (C:\Users\sh.kahrizi\Desktop\code\acorex-demo\node_modules\@angular\build\src\builders\application\execute-build.js:267:28)
    at async watch (C:\Users\sh.kahrizi\Desktop\code\acorex-demo\node_modules\@angular\build\src\builders\application\index.js:110:24)
    at async Task.task [as taskFn] (C:\Users\sh.kahrizi\Desktop\code\acorex-demo\node_modules\@angular\build\src\tools\esbuild\utils.js:138:26)[0m


[31mX [41;31m[[41;97mERROR[41;31m][0m [1mAn error occurred while prerendering route '/loading/spinner-color'.

Error: Terminating worker thread
    at ThreadPool.destroy (C:\Users\sh.kahrizi\Desktop\code\acorex-demo\node_modules\piscina\dist\index.js:489:27)
    at WorkerPool.destroy (C:\Users\sh.kahrizi\Desktop\code\acorex-demo\node_modules\piscina\dist\index.js:669:65)
    at C:\Users\sh.kahrizi\Desktop\code\acorex-demo\node_modules\@angular\build\src\utils\server-rendering\prerender.js:166:35
    at async Promise.all (index 136)
    at async renderPages (C:\Users\sh.kahrizi\Desktop\code\acorex-demo\node_modules\@angular\build\src\utils\server-rendering\prerender.js:170:9)
    at async prerenderPages (C:\Users\sh.kahrizi\Desktop\code\acorex-demo\node_modules\@angular\build\src\utils\server-rendering\prerender.js:107:49)
    at async executePostBundleSteps (C:\Users\sh.kahrizi\Desktop\code\acorex-demo\node_modules\@angular\build\src\builders\application\execute-post-bundle.js:77:73)
    at async executeBuild (C:\Users\sh.kahrizi\Desktop\code\acorex-demo\node_modules\@angular\build\src\builders\application\execute-build.js:267:28)
    at async watch (C:\Users\sh.kahrizi\Desktop\code\acorex-demo\node_modules\@angular\build\src\builders\application\index.js:110:24)
    at async Task.task [as taskFn] (C:\Users\sh.kahrizi\Desktop\code\acorex-demo\node_modules\@angular\build\src\tools\esbuild\utils.js:138:26)[0m


[31mX [41;31m[[41;97mERROR[41;31m][0m [1mAn error occurred while prerendering route '/loading/spinner-text'.

Error: Terminating worker thread
    at ThreadPool.destroy (C:\Users\sh.kahrizi\Desktop\code\acorex-demo\node_modules\piscina\dist\index.js:489:27)
    at WorkerPool.destroy (C:\Users\sh.kahrizi\Desktop\code\acorex-demo\node_modules\piscina\dist\index.js:669:65)
    at C:\Users\sh.kahrizi\Desktop\code\acorex-demo\node_modules\@angular\build\src\utils\server-rendering\prerender.js:166:35
    at async Promise.all (index 136)
    at async renderPages (C:\Users\sh.kahrizi\Desktop\code\acorex-demo\node_modules\@angular\build\src\utils\server-rendering\prerender.js:170:9)
    at async prerenderPages (C:\Users\sh.kahrizi\Desktop\code\acorex-demo\node_modules\@angular\build\src\utils\server-rendering\prerender.js:107:49)
    at async executePostBundleSteps (C:\Users\sh.kahrizi\Desktop\code\acorex-demo\node_modules\@angular\build\src\builders\application\execute-post-bundle.js:77:73)
    at async executeBuild (C:\Users\sh.kahrizi\Desktop\code\acorex-demo\node_modules\@angular\build\src\builders\application\execute-build.js:267:28)
    at async watch (C:\Users\sh.kahrizi\Desktop\code\acorex-demo\node_modules\@angular\build\src\builders\application\index.js:110:24)
    at async Task.task [as taskFn] (C:\Users\sh.kahrizi\Desktop\code\acorex-demo\node_modules\@angular\build\src\tools\esbuild\utils.js:138:26)[0m


[31mX [41;31m[[41;97mERROR[41;31m][0m [1mAn error occurred while prerendering route '/loading/spinner-contrast'.

Error: Terminating worker thread
    at ThreadPool.destroy (C:\Users\sh.kahrizi\Desktop\code\acorex-demo\node_modules\piscina\dist\index.js:489:27)
    at WorkerPool.destroy (C:\Users\sh.kahrizi\Desktop\code\acorex-demo\node_modules\piscina\dist\index.js:669:65)
    at C:\Users\sh.kahrizi\Desktop\code\acorex-demo\node_modules\@angular\build\src\utils\server-rendering\prerender.js:166:35
    at async Promise.all (index 136)
    at async renderPages (C:\Users\sh.kahrizi\Desktop\code\acorex-demo\node_modules\@angular\build\src\utils\server-rendering\prerender.js:170:9)
    at async prerenderPages (C:\Users\sh.kahrizi\Desktop\code\acorex-demo\node_modules\@angular\build\src\utils\server-rendering\prerender.js:107:49)
    at async executePostBundleSteps (C:\Users\sh.kahrizi\Desktop\code\acorex-demo\node_modules\@angular\build\src\builders\application\execute-post-bundle.js:77:73)
    at async executeBuild (C:\Users\sh.kahrizi\Desktop\code\acorex-demo\node_modules\@angular\build\src\builders\application\execute-build.js:267:28)
    at async watch (C:\Users\sh.kahrizi\Desktop\code\acorex-demo\node_modules\@angular\build\src\builders\application\index.js:110:24)
    at async Task.task [as taskFn] (C:\Users\sh.kahrizi\Desktop\code\acorex-demo\node_modules\@angular\build\src\tools\esbuild\utils.js:138:26)[0m


[31mX [41;31m[[41;97mERROR[41;31m][0m [1mAn error occurred while prerendering route '/loading/spinner-size'.

Error: Terminating worker thread
    at ThreadPool.destroy (C:\Users\sh.kahrizi\Desktop\code\acorex-demo\node_modules\piscina\dist\index.js:489:27)
    at WorkerPool.destroy (C:\Users\sh.kahrizi\Desktop\code\acorex-demo\node_modules\piscina\dist\index.js:669:65)
    at C:\Users\sh.kahrizi\Desktop\code\acorex-demo\node_modules\@angular\build\src\utils\server-rendering\prerender.js:166:35
    at async Promise.all (index 136)
    at async renderPages (C:\Users\sh.kahrizi\Desktop\code\acorex-demo\node_modules\@angular\build\src\utils\server-rendering\prerender.js:170:9)
    at async prerenderPages (C:\Users\sh.kahrizi\Desktop\code\acorex-demo\node_modules\@angular\build\src\utils\server-rendering\prerender.js:107:49)
    at async executePostBundleSteps (C:\Users\sh.kahrizi\Desktop\code\acorex-demo\node_modules\@angular\build\src\builders\application\execute-post-bundle.js:77:73)
    at async executeBuild (C:\Users\sh.kahrizi\Desktop\code\acorex-demo\node_modules\@angular\build\src\builders\application\execute-build.js:267:28)
    at async watch (C:\Users\sh.kahrizi\Desktop\code\acorex-demo\node_modules\@angular\build\src\builders\application\index.js:110:24)
    at async Task.task [as taskFn] (C:\Users\sh.kahrizi\Desktop\code\acorex-demo\node_modules\@angular\build\src\tools\esbuild\utils.js:138:26)[0m


[31mX [41;31m[[41;97mERROR[41;31m][0m [1mAn error occurred while prerendering route '/loading/spinner-stroke-size'.

Error: Terminating worker thread
    at ThreadPool.destroy (C:\Users\sh.kahrizi\Desktop\code\acorex-demo\node_modules\piscina\dist\index.js:489:27)
    at WorkerPool.destroy (C:\Users\sh.kahrizi\Desktop\code\acorex-demo\node_modules\piscina\dist\index.js:669:65)
    at C:\Users\sh.kahrizi\Desktop\code\acorex-demo\node_modules\@angular\build\src\utils\server-rendering\prerender.js:166:35
    at async Promise.all (index 136)
    at async renderPages (C:\Users\sh.kahrizi\Desktop\code\acorex-demo\node_modules\@angular\build\src\utils\server-rendering\prerender.js:170:9)
    at async prerenderPages (C:\Users\sh.kahrizi\Desktop\code\acorex-demo\node_modules\@angular\build\src\utils\server-rendering\prerender.js:107:49)
    at async executePostBundleSteps (C:\Users\sh.kahrizi\Desktop\code\acorex-demo\node_modules\@angular\build\src\builders\application\execute-post-bundle.js:77:73)
    at async executeBuild (C:\Users\sh.kahrizi\Desktop\code\acorex-demo\node_modules\@angular\build\src\builders\application\execute-build.js:267:28)
    at async watch (C:\Users\sh.kahrizi\Desktop\code\acorex-demo\node_modules\@angular\build\src\builders\application\index.js:110:24)
    at async Task.task [as taskFn] (C:\Users\sh.kahrizi\Desktop\code\acorex-demo\node_modules\@angular\build\src\tools\esbuild\utils.js:138:26)[0m


[31mX [41;31m[[41;97mERROR[41;31m][0m [1mAn error occurred while prerendering route '/loading/loading-spinner'.

Error: Terminating worker thread
    at ThreadPool.destroy (C:\Users\sh.kahrizi\Desktop\code\acorex-demo\node_modules\piscina\dist\index.js:489:27)
    at WorkerPool.destroy (C:\Users\sh.kahrizi\Desktop\code\acorex-demo\node_modules\piscina\dist\index.js:669:65)
    at C:\Users\sh.kahrizi\Desktop\code\acorex-demo\node_modules\@angular\build\src\utils\server-rendering\prerender.js:166:35
    at async Promise.all (index 136)
    at async renderPages (C:\Users\sh.kahrizi\Desktop\code\acorex-demo\node_modules\@angular\build\src\utils\server-rendering\prerender.js:170:9)
    at async prerenderPages (C:\Users\sh.kahrizi\Desktop\code\acorex-demo\node_modules\@angular\build\src\utils\server-rendering\prerender.js:107:49)
    at async executePostBundleSteps (C:\Users\sh.kahrizi\Desktop\code\acorex-demo\node_modules\@angular\build\src\builders\application\execute-post-bundle.js:77:73)
    at async executeBuild (C:\Users\sh.kahrizi\Desktop\code\acorex-demo\node_modules\@angular\build\src\builders\application\execute-build.js:267:28)
    at async watch (C:\Users\sh.kahrizi\Desktop\code\acorex-demo\node_modules\@angular\build\src\builders\application\index.js:110:24)
    at async Task.task [as taskFn] (C:\Users\sh.kahrizi\Desktop\code\acorex-demo\node_modules\@angular\build\src\tools\esbuild\utils.js:138:26)[0m


[31mX [41;31m[[41;97mERROR[41;31m][0m [1mAn error occurred while prerendering route '/loading-dialog/usage'.

Error: Terminating worker thread
    at ThreadPool.destroy (C:\Users\sh.kahrizi\Desktop\code\acorex-demo\node_modules\piscina\dist\index.js:489:27)
    at WorkerPool.destroy (C:\Users\sh.kahrizi\Desktop\code\acorex-demo\node_modules\piscina\dist\index.js:669:65)
    at C:\Users\sh.kahrizi\Desktop\code\acorex-demo\node_modules\@angular\build\src\utils\server-rendering\prerender.js:166:35
    at async Promise.all (index 136)
    at async renderPages (C:\Users\sh.kahrizi\Desktop\code\acorex-demo\node_modules\@angular\build\src\utils\server-rendering\prerender.js:170:9)
    at async prerenderPages (C:\Users\sh.kahrizi\Desktop\code\acorex-demo\node_modules\@angular\build\src\utils\server-rendering\prerender.js:107:49)
    at async executePostBundleSteps (C:\Users\sh.kahrizi\Desktop\code\acorex-demo\node_modules\@angular\build\src\builders\application\execute-post-bundle.js:77:73)
    at async executeBuild (C:\Users\sh.kahrizi\Desktop\code\acorex-demo\node_modules\@angular\build\src\builders\application\execute-build.js:267:28)
    at async watch (C:\Users\sh.kahrizi\Desktop\code\acorex-demo\node_modules\@angular\build\src\builders\application\index.js:110:24)
    at async Task.task [as taskFn] (C:\Users\sh.kahrizi\Desktop\code\acorex-demo\node_modules\@angular\build\src\tools\esbuild\utils.js:138:26)[0m


[31mX [41;31m[[41;97mERROR[41;31m][0m [1mAn error occurred while prerendering route '/loading-dialog/indeterminate'.

Error: Terminating worker thread
    at ThreadPool.destroy (C:\Users\sh.kahrizi\Desktop\code\acorex-demo\node_modules\piscina\dist\index.js:489:27)
    at WorkerPool.destroy (C:\Users\sh.kahrizi\Desktop\code\acorex-demo\node_modules\piscina\dist\index.js:669:65)
    at C:\Users\sh.kahrizi\Desktop\code\acorex-demo\node_modules\@angular\build\src\utils\server-rendering\prerender.js:166:35
    at async Promise.all (index 136)
    at async renderPages (C:\Users\sh.kahrizi\Desktop\code\acorex-demo\node_modules\@angular\build\src\utils\server-rendering\prerender.js:170:9)
    at async prerenderPages (C:\Users\sh.kahrizi\Desktop\code\acorex-demo\node_modules\@angular\build\src\utils\server-rendering\prerender.js:107:49)
    at async executePostBundleSteps (C:\Users\sh.kahrizi\Desktop\code\acorex-demo\node_modules\@angular\build\src\builders\application\execute-post-bundle.js:77:73)
    at async executeBuild (C:\Users\sh.kahrizi\Desktop\code\acorex-demo\node_modules\@angular\build\src\builders\application\execute-build.js:267:28)
    at async watch (C:\Users\sh.kahrizi\Desktop\code\acorex-demo\node_modules\@angular\build\src\builders\application\index.js:110:24)
    at async Task.task [as taskFn] (C:\Users\sh.kahrizi\Desktop\code\acorex-demo\node_modules\@angular\build\src\tools\esbuild\utils.js:138:26)[0m


[31mX [41;31m[[41;97mERROR[41;31m][0m [1mAn error occurred while prerendering route '/loading-dialog/multiple-buttons'.

Error: Terminating worker thread
    at ThreadPool.destroy (C:\Users\sh.kahrizi\Desktop\code\acorex-demo\node_modules\piscina\dist\index.js:489:27)
    at WorkerPool.destroy (C:\Users\sh.kahrizi\Desktop\code\acorex-demo\node_modules\piscina\dist\index.js:669:65)
    at C:\Users\sh.kahrizi\Desktop\code\acorex-demo\node_modules\@angular\build\src\utils\server-rendering\prerender.js:166:35
    at async Promise.all (index 136)
    at async renderPages (C:\Users\sh.kahrizi\Desktop\code\acorex-demo\node_modules\@angular\build\src\utils\server-rendering\prerender.js:170:9)
    at async prerenderPages (C:\Users\sh.kahrizi\Desktop\code\acorex-demo\node_modules\@angular\build\src\utils\server-rendering\prerender.js:107:49)
    at async executePostBundleSteps (C:\Users\sh.kahrizi\Desktop\code\acorex-demo\node_modules\@angular\build\src\builders\application\execute-post-bundle.js:77:73)
    at async executeBuild (C:\Users\sh.kahrizi\Desktop\code\acorex-demo\node_modules\@angular\build\src\builders\application\execute-build.js:267:28)
    at async watch (C:\Users\sh.kahrizi\Desktop\code\acorex-demo\node_modules\@angular\build\src\builders\application\index.js:110:24)
    at async Task.task [as taskFn] (C:\Users\sh.kahrizi\Desktop\code\acorex-demo\node_modules\@angular\build\src\tools\esbuild\utils.js:138:26)[0m


[31mX [41;31m[[41;97mERROR[41;31m][0m [1mAn error occurred while prerendering route '/loading-dialog/button-states'.

Error: Terminating worker thread
    at ThreadPool.destroy (C:\Users\sh.kahrizi\Desktop\code\acorex-demo\node_modules\piscina\dist\index.js:489:27)
    at WorkerPool.destroy (C:\Users\sh.kahrizi\Desktop\code\acorex-demo\node_modules\piscina\dist\index.js:669:65)
    at C:\Users\sh.kahrizi\Desktop\code\acorex-demo\node_modules\@angular\build\src\utils\server-rendering\prerender.js:166:35
    at async Promise.all (index 136)
    at async renderPages (C:\Users\sh.kahrizi\Desktop\code\acorex-demo\node_modules\@angular\build\src\utils\server-rendering\prerender.js:170:9)
    at async prerenderPages (C:\Users\sh.kahrizi\Desktop\code\acorex-demo\node_modules\@angular\build\src\utils\server-rendering\prerender.js:107:49)
    at async executePostBundleSteps (C:\Users\sh.kahrizi\Desktop\code\acorex-demo\node_modules\@angular\build\src\builders\application\execute-post-bundle.js:77:73)
    at async executeBuild (C:\Users\sh.kahrizi\Desktop\code\acorex-demo\node_modules\@angular\build\src\builders\application\execute-build.js:267:28)
    at async watch (C:\Users\sh.kahrizi\Desktop\code\acorex-demo\node_modules\@angular\build\src\builders\application\index.js:110:24)
    at async Task.task [as taskFn] (C:\Users\sh.kahrizi\Desktop\code\acorex-demo\node_modules\@angular\build\src\tools\esbuild\utils.js:138:26)[0m


[31mX [41;31m[[41;97mERROR[41;31m][0m [1mAn error occurred while prerendering route '/loading-dialog/progress-colors'.

Error: Terminating worker thread
    at ThreadPool.destroy (C:\Users\sh.kahrizi\Desktop\code\acorex-demo\node_modules\piscina\dist\index.js:489:27)
    at WorkerPool.destroy (C:\Users\sh.kahrizi\Desktop\code\acorex-demo\node_modules\piscina\dist\index.js:669:65)
    at C:\Users\sh.kahrizi\Desktop\code\acorex-demo\node_modules\@angular\build\src\utils\server-rendering\prerender.js:166:35
    at async Promise.all (index 136)
    at async renderPages (C:\Users\sh.kahrizi\Desktop\code\acorex-demo\node_modules\@angular\build\src\utils\server-rendering\prerender.js:170:9)
    at async prerenderPages (C:\Users\sh.kahrizi\Desktop\code\acorex-demo\node_modules\@angular\build\src\utils\server-rendering\prerender.js:107:49)
    at async executePostBundleSteps (C:\Users\sh.kahrizi\Desktop\code\acorex-demo\node_modules\@angular\build\src\builders\application\execute-post-bundle.js:77:73)
    at async executeBuild (C:\Users\sh.kahrizi\Desktop\code\acorex-demo\node_modules\@angular\build\src\builders\application\execute-build.js:267:28)
    at async watch (C:\Users\sh.kahrizi\Desktop\code\acorex-demo\node_modules\@angular\build\src\builders\application\index.js:110:24)
    at async Task.task [as taskFn] (C:\Users\sh.kahrizi\Desktop\code\acorex-demo\node_modules\@angular\build\src\tools\esbuild\utils.js:138:26)[0m


[31mX [41;31m[[41;97mERROR[41;31m][0m [1mAn error occurred while prerendering route '/loading-dialog/dynamic-updates'.

Error: Terminating worker thread
    at ThreadPool.destroy (C:\Users\sh.kahrizi\Desktop\code\acorex-demo\node_modules\piscina\dist\index.js:489:27)
    at WorkerPool.destroy (C:\Users\sh.kahrizi\Desktop\code\acorex-demo\node_modules\piscina\dist\index.js:669:65)
    at C:\Users\sh.kahrizi\Desktop\code\acorex-demo\node_modules\@angular\build\src\utils\server-rendering\prerender.js:166:35
    at async Promise.all (index 136)
    at async renderPages (C:\Users\sh.kahrizi\Desktop\code\acorex-demo\node_modules\@angular\build\src\utils\server-rendering\prerender.js:170:9)
    at async prerenderPages (C:\Users\sh.kahrizi\Desktop\code\acorex-demo\node_modules\@angular\build\src\utils\server-rendering\prerender.js:107:49)
    at async executePostBundleSteps (C:\Users\sh.kahrizi\Desktop\code\acorex-demo\node_modules\@angular\build\src\builders\application\execute-post-bundle.js:77:73)
    at async executeBuild (C:\Users\sh.kahrizi\Desktop\code\acorex-demo\node_modules\@angular\build\src\builders\application\execute-build.js:267:28)
    at async watch (C:\Users\sh.kahrizi\Desktop\code\acorex-demo\node_modules\@angular\build\src\builders\application\index.js:110:24)
    at async Task.task [as taskFn] (C:\Users\sh.kahrizi\Desktop\code\acorex-demo\node_modules\@angular\build\src\tools\esbuild\utils.js:138:26)[0m


[31mX [41;31m[[41;97mERROR[41;31m][0m [1mAn error occurred while prerendering route '/loading-dialog/no-buttons'.

Error: Terminating worker thread
    at ThreadPool.destroy (C:\Users\sh.kahrizi\Desktop\code\acorex-demo\node_modules\piscina\dist\index.js:489:27)
    at WorkerPool.destroy (C:\Users\sh.kahrizi\Desktop\code\acorex-demo\node_modules\piscina\dist\index.js:669:65)
    at C:\Users\sh.kahrizi\Desktop\code\acorex-demo\node_modules\@angular\build\src\utils\server-rendering\prerender.js:166:35
    at async Promise.all (index 136)
    at async renderPages (C:\Users\sh.kahrizi\Desktop\code\acorex-demo\node_modules\@angular\build\src\utils\server-rendering\prerender.js:170:9)
    at async prerenderPages (C:\Users\sh.kahrizi\Desktop\code\acorex-demo\node_modules\@angular\build\src\utils\server-rendering\prerender.js:107:49)
    at async executePostBundleSteps (C:\Users\sh.kahrizi\Desktop\code\acorex-demo\node_modules\@angular\build\src\builders\application\execute-post-bundle.js:77:73)
    at async executeBuild (C:\Users\sh.kahrizi\Desktop\code\acorex-demo\node_modules\@angular\build\src\builders\application\execute-build.js:267:28)
    at async watch (C:\Users\sh.kahrizi\Desktop\code\acorex-demo\node_modules\@angular\build\src\builders\application\index.js:110:24)
    at async Task.task [as taskFn] (C:\Users\sh.kahrizi\Desktop\code\acorex-demo\node_modules\@angular\build\src\tools\esbuild\utils.js:138:26)[0m


[31mX [41;31m[[41;97mERROR[41;31m][0m [1mAn error occurred while prerendering route '/loading-dialog/long-text'.

Error: Terminating worker thread
    at ThreadPool.destroy (C:\Users\sh.kahrizi\Desktop\code\acorex-demo\node_modules\piscina\dist\index.js:489:27)
    at WorkerPool.destroy (C:\Users\sh.kahrizi\Desktop\code\acorex-demo\node_modules\piscina\dist\index.js:669:65)
    at C:\Users\sh.kahrizi\Desktop\code\acorex-demo\node_modules\@angular\build\src\utils\server-rendering\prerender.js:166:35
    at async Promise.all (index 136)
    at async renderPages (C:\Users\sh.kahrizi\Desktop\code\acorex-demo\node_modules\@angular\build\src\utils\server-rendering\prerender.js:170:9)
    at async prerenderPages (C:\Users\sh.kahrizi\Desktop\code\acorex-demo\node_modules\@angular\build\src\utils\server-rendering\prerender.js:107:49)
    at async executePostBundleSteps (C:\Users\sh.kahrizi\Desktop\code\acorex-demo\node_modules\@angular\build\src\builders\application\execute-post-bundle.js:77:73)
    at async executeBuild (C:\Users\sh.kahrizi\Desktop\code\acorex-demo\node_modules\@angular\build\src\builders\application\execute-build.js:267:28)
    at async watch (C:\Users\sh.kahrizi\Desktop\code\acorex-demo\node_modules\@angular\build\src\builders\application\index.js:110:24)
    at async Task.task [as taskFn] (C:\Users\sh.kahrizi\Desktop\code\acorex-demo\node_modules\@angular\build\src\tools\esbuild\utils.js:138:26)[0m


[31mX [41;31m[[41;97mERROR[41;31m][0m [1mAn error occurred while prerendering route '/loading-dialog/accessibility'.

Error: Terminating worker thread
    at ThreadPool.destroy (C:\Users\sh.kahrizi\Desktop\code\acorex-demo\node_modules\piscina\dist\index.js:489:27)
    at WorkerPool.destroy (C:\Users\sh.kahrizi\Desktop\code\acorex-demo\node_modules\piscina\dist\index.js:669:65)
    at C:\Users\sh.kahrizi\Desktop\code\acorex-demo\node_modules\@angular\build\src\utils\server-rendering\prerender.js:166:35
    at async Promise.all (index 136)
    at async renderPages (C:\Users\sh.kahrizi\Desktop\code\acorex-demo\node_modules\@angular\build\src\utils\server-rendering\prerender.js:170:9)
    at async prerenderPages (C:\Users\sh.kahrizi\Desktop\code\acorex-demo\node_modules\@angular\build\src\utils\server-rendering\prerender.js:107:49)
    at async executePostBundleSteps (C:\Users\sh.kahrizi\Desktop\code\acorex-demo\node_modules\@angular\build\src\builders\application\execute-post-bundle.js:77:73)
    at async executeBuild (C:\Users\sh.kahrizi\Desktop\code\acorex-demo\node_modules\@angular\build\src\builders\application\execute-build.js:267:28)
    at async watch (C:\Users\sh.kahrizi\Desktop\code\acorex-demo\node_modules\@angular\build\src\builders\application\index.js:110:24)
    at async Task.task [as taskFn] (C:\Users\sh.kahrizi\Desktop\code\acorex-demo\node_modules\@angular\build\src\tools\esbuild\utils.js:138:26)[0m


[31mX [41;31m[[41;97mERROR[41;31m][0m [1mAn error occurred while prerendering route '/menu/usage'.

Error: Terminating worker thread
    at ThreadPool.destroy (C:\Users\sh.kahrizi\Desktop\code\acorex-demo\node_modules\piscina\dist\index.js:489:27)
    at WorkerPool.destroy (C:\Users\sh.kahrizi\Desktop\code\acorex-demo\node_modules\piscina\dist\index.js:669:65)
    at C:\Users\sh.kahrizi\Desktop\code\acorex-demo\node_modules\@angular\build\src\utils\server-rendering\prerender.js:166:35
    at async Promise.all (index 136)
    at async renderPages (C:\Users\sh.kahrizi\Desktop\code\acorex-demo\node_modules\@angular\build\src\utils\server-rendering\prerender.js:170:9)
    at async prerenderPages (C:\Users\sh.kahrizi\Desktop\code\acorex-demo\node_modules\@angular\build\src\utils\server-rendering\prerender.js:107:49)
    at async executePostBundleSteps (C:\Users\sh.kahrizi\Desktop\code\acorex-demo\node_modules\@angular\build\src\builders\application\execute-post-bundle.js:77:73)
    at async executeBuild (C:\Users\sh.kahrizi\Desktop\code\acorex-demo\node_modules\@angular\build\src\builders\application\execute-build.js:267:28)
    at async watch (C:\Users\sh.kahrizi\Desktop\code\acorex-demo\node_modules\@angular\build\src\builders\application\index.js:110:24)
    at async Task.task [as taskFn] (C:\Users\sh.kahrizi\Desktop\code\acorex-demo\node_modules\@angular\build\src\tools\esbuild\utils.js:138:26)[0m


[31mX [41;31m[[41;97mERROR[41;31m][0m [1mAn error occurred while prerendering route '/menu/use-decorators'.

Error: Terminating worker thread
    at ThreadPool.destroy (C:\Users\sh.kahrizi\Desktop\code\acorex-demo\node_modules\piscina\dist\index.js:489:27)
    at WorkerPool.destroy (C:\Users\sh.kahrizi\Desktop\code\acorex-demo\node_modules\piscina\dist\index.js:669:65)
    at C:\Users\sh.kahrizi\Desktop\code\acorex-demo\node_modules\@angular\build\src\utils\server-rendering\prerender.js:166:35
    at async Promise.all (index 136)
    at async renderPages (C:\Users\sh.kahrizi\Desktop\code\acorex-demo\node_modules\@angular\build\src\utils\server-rendering\prerender.js:170:9)
    at async prerenderPages (C:\Users\sh.kahrizi\Desktop\code\acorex-demo\node_modules\@angular\build\src\utils\server-rendering\prerender.js:107:49)
    at async executePostBundleSteps (C:\Users\sh.kahrizi\Desktop\code\acorex-demo\node_modules\@angular\build\src\builders\application\execute-post-bundle.js:77:73)
    at async executeBuild (C:\Users\sh.kahrizi\Desktop\code\acorex-demo\node_modules\@angular\build\src\builders\application\execute-build.js:267:28)
    at async watch (C:\Users\sh.kahrizi\Desktop\code\acorex-demo\node_modules\@angular\build\src\builders\application\index.js:110:24)
    at async Task.task [as taskFn] (C:\Users\sh.kahrizi\Desktop\code\acorex-demo\node_modules\@angular\build\src\tools\esbuild\utils.js:138:26)[0m


[31mX [41;31m[[41;97mERROR[41;31m][0m [1mAn error occurred while prerendering route '/menu/multi-level'.

Error: Terminating worker thread
    at ThreadPool.destroy (C:\Users\sh.kahrizi\Desktop\code\acorex-demo\node_modules\piscina\dist\index.js:489:27)
    at WorkerPool.destroy (C:\Users\sh.kahrizi\Desktop\code\acorex-demo\node_modules\piscina\dist\index.js:669:65)
    at C:\Users\sh.kahrizi\Desktop\code\acorex-demo\node_modules\@angular\build\src\utils\server-rendering\prerender.js:166:35
    at async Promise.all (index 136)
    at async renderPages (C:\Users\sh.kahrizi\Desktop\code\acorex-demo\node_modules\@angular\build\src\utils\server-rendering\prerender.js:170:9)
    at async prerenderPages (C:\Users\sh.kahrizi\Desktop\code\acorex-demo\node_modules\@angular\build\src\utils\server-rendering\prerender.js:107:49)
    at async executePostBundleSteps (C:\Users\sh.kahrizi\Desktop\code\acorex-demo\node_modules\@angular\build\src\builders\application\execute-post-bundle.js:77:73)
    at async executeBuild (C:\Users\sh.kahrizi\Desktop\code\acorex-demo\node_modules\@angular\build\src\builders\application\execute-build.js:267:28)
    at async watch (C:\Users\sh.kahrizi\Desktop\code\acorex-demo\node_modules\@angular\build\src\builders\application\index.js:110:24)
    at async Task.task [as taskFn] (C:\Users\sh.kahrizi\Desktop\code\acorex-demo\node_modules\@angular\build\src\tools\esbuild\utils.js:138:26)[0m


[31mX [41;31m[[41;97mERROR[41;31m][0m [1mAn error occurred while prerendering route '/menu/vertical'.

Error: Terminating worker thread
    at ThreadPool.destroy (C:\Users\sh.kahrizi\Desktop\code\acorex-demo\node_modules\piscina\dist\index.js:489:27)
    at WorkerPool.destroy (C:\Users\sh.kahrizi\Desktop\code\acorex-demo\node_modules\piscina\dist\index.js:669:65)
    at C:\Users\sh.kahrizi\Desktop\code\acorex-demo\node_modules\@angular\build\src\utils\server-rendering\prerender.js:166:35
    at async Promise.all (index 136)
    at async renderPages (C:\Users\sh.kahrizi\Desktop\code\acorex-demo\node_modules\@angular\build\src\utils\server-rendering\prerender.js:170:9)
    at async prerenderPages (C:\Users\sh.kahrizi\Desktop\code\acorex-demo\node_modules\@angular\build\src\utils\server-rendering\prerender.js:107:49)
    at async executePostBundleSteps (C:\Users\sh.kahrizi\Desktop\code\acorex-demo\node_modules\@angular\build\src\builders\application\execute-post-bundle.js:77:73)
    at async executeBuild (C:\Users\sh.kahrizi\Desktop\code\acorex-demo\node_modules\@angular\build\src\builders\application\execute-build.js:267:28)
    at async watch (C:\Users\sh.kahrizi\Desktop\code\acorex-demo\node_modules\@angular\build\src\builders\application\index.js:110:24)
    at async Task.task [as taskFn] (C:\Users\sh.kahrizi\Desktop\code\acorex-demo\node_modules\@angular\build\src\tools\esbuild\utils.js:138:26)[0m


[31mX [41;31m[[41;97mERROR[41;31m][0m [1mAn error occurred while prerendering route '/menu/data-driven'.

Error: Terminating worker thread
    at ThreadPool.destroy (C:\Users\sh.kahrizi\Desktop\code\acorex-demo\node_modules\piscina\dist\index.js:489:27)
    at WorkerPool.destroy (C:\Users\sh.kahrizi\Desktop\code\acorex-demo\node_modules\piscina\dist\index.js:669:65)
    at C:\Users\sh.kahrizi\Desktop\code\acorex-demo\node_modules\@angular\build\src\utils\server-rendering\prerender.js:166:35
    at async Promise.all (index 136)
    at async renderPages (C:\Users\sh.kahrizi\Desktop\code\acorex-demo\node_modules\@angular\build\src\utils\server-rendering\prerender.js:170:9)
    at async prerenderPages (C:\Users\sh.kahrizi\Desktop\code\acorex-demo\node_modules\@angular\build\src\utils\server-rendering\prerender.js:107:49)
    at async executePostBundleSteps (C:\Users\sh.kahrizi\Desktop\code\acorex-demo\node_modules\@angular\build\src\builders\application\execute-post-bundle.js:77:73)
    at async executeBuild (C:\Users\sh.kahrizi\Desktop\code\acorex-demo\node_modules\@angular\build\src\builders\application\execute-build.js:267:28)
    at async watch (C:\Users\sh.kahrizi\Desktop\code\acorex-demo\node_modules\@angular\build\src\builders\application\index.js:110:24)
    at async Task.task [as taskFn] (C:\Users\sh.kahrizi\Desktop\code\acorex-demo\node_modules\@angular\build\src\tools\esbuild\utils.js:138:26)[0m


[31mX [41;31m[[41;97mERROR[41;31m][0m [1mAn error occurred while prerendering route '/menu/open-close'.

Error: Terminating worker thread
    at ThreadPool.destroy (C:\Users\sh.kahrizi\Desktop\code\acorex-demo\node_modules\piscina\dist\index.js:489:27)
    at WorkerPool.destroy (C:\Users\sh.kahrizi\Desktop\code\acorex-demo\node_modules\piscina\dist\index.js:669:65)
    at C:\Users\sh.kahrizi\Desktop\code\acorex-demo\node_modules\@angular\build\src\utils\server-rendering\prerender.js:166:35
    at async Promise.all (index 136)
    at async renderPages (C:\Users\sh.kahrizi\Desktop\code\acorex-demo\node_modules\@angular\build\src\utils\server-rendering\prerender.js:170:9)
    at async prerenderPages (C:\Users\sh.kahrizi\Desktop\code\acorex-demo\node_modules\@angular\build\src\utils\server-rendering\prerender.js:107:49)
    at async executePostBundleSteps (C:\Users\sh.kahrizi\Desktop\code\acorex-demo\node_modules\@angular\build\src\builders\application\execute-post-bundle.js:77:73)
    at async executeBuild (C:\Users\sh.kahrizi\Desktop\code\acorex-demo\node_modules\@angular\build\src\builders\application\execute-build.js:267:28)
    at async watch (C:\Users\sh.kahrizi\Desktop\code\acorex-demo\node_modules\@angular\build\src\builders\application\index.js:110:24)
    at async Task.task [as taskFn] (C:\Users\sh.kahrizi\Desktop\code\acorex-demo\node_modules\@angular\build\src\tools\esbuild\utils.js:138:26)[0m


[31mX [41;31m[[41;97mERROR[41;31m][0m [1mAn error occurred while prerendering route '/menu/disabled'.

Error: Terminating worker thread
    at ThreadPool.destroy (C:\Users\sh.kahrizi\Desktop\code\acorex-demo\node_modules\piscina\dist\index.js:489:27)
    at WorkerPool.destroy (C:\Users\sh.kahrizi\Desktop\code\acorex-demo\node_modules\piscina\dist\index.js:669:65)
    at C:\Users\sh.kahrizi\Desktop\code\acorex-demo\node_modules\@angular\build\src\utils\server-rendering\prerender.js:166:35
    at async Promise.all (index 136)
    at async renderPages (C:\Users\sh.kahrizi\Desktop\code\acorex-demo\node_modules\@angular\build\src\utils\server-rendering\prerender.js:170:9)
    at async prerenderPages (C:\Users\sh.kahrizi\Desktop\code\acorex-demo\node_modules\@angular\build\src\utils\server-rendering\prerender.js:107:49)
    at async executePostBundleSteps (C:\Users\sh.kahrizi\Desktop\code\acorex-demo\node_modules\@angular\build\src\builders\application\execute-post-bundle.js:77:73)
    at async executeBuild (C:\Users\sh.kahrizi\Desktop\code\acorex-demo\node_modules\@angular\build\src\builders\application\execute-build.js:267:28)
    at async watch (C:\Users\sh.kahrizi\Desktop\code\acorex-demo\node_modules\@angular\build\src\builders\application\index.js:110:24)
    at async Task.task [as taskFn] (C:\Users\sh.kahrizi\Desktop\code\acorex-demo\node_modules\@angular\build\src\tools\esbuild\utils.js:138:26)[0m


[31mX [41;31m[[41;97mERROR[41;31m][0m [1mAn error occurred while prerendering route '/menu/color'.

Error: Terminating worker thread
    at ThreadPool.destroy (C:\Users\sh.kahrizi\Desktop\code\acorex-demo\node_modules\piscina\dist\index.js:489:27)
    at WorkerPool.destroy (C:\Users\sh.kahrizi\Desktop\code\acorex-demo\node_modules\piscina\dist\index.js:669:65)
    at C:\Users\sh.kahrizi\Desktop\code\acorex-demo\node_modules\@angular\build\src\utils\server-rendering\prerender.js:166:35
    at async Promise.all (index 136)
    at async renderPages (C:\Users\sh.kahrizi\Desktop\code\acorex-demo\node_modules\@angular\build\src\utils\server-rendering\prerender.js:170:9)
    at async prerenderPages (C:\Users\sh.kahrizi\Desktop\code\acorex-demo\node_modules\@angular\build\src\utils\server-rendering\prerender.js:107:49)
    at async executePostBundleSteps (C:\Users\sh.kahrizi\Desktop\code\acorex-demo\node_modules\@angular\build\src\builders\application\execute-post-bundle.js:77:73)
    at async executeBuild (C:\Users\sh.kahrizi\Desktop\code\acorex-demo\node_modules\@angular\build\src\builders\application\execute-build.js:267:28)
    at async watch (C:\Users\sh.kahrizi\Desktop\code\acorex-demo\node_modules\@angular\build\src\builders\application\index.js:110:24)
    at async Task.task [as taskFn] (C:\Users\sh.kahrizi\Desktop\code\acorex-demo\node_modules\@angular\build\src\tools\esbuild\utils.js:138:26)[0m


[31mX [41;31m[[41;97mERROR[41;31m][0m [1mAn error occurred while prerendering route '/menu/hide-arrows'.

Error: Terminating worker thread
    at ThreadPool.destroy (C:\Users\sh.kahrizi\Desktop\code\acorex-demo\node_modules\piscina\dist\index.js:489:27)
    at WorkerPool.destroy (C:\Users\sh.kahrizi\Desktop\code\acorex-demo\node_modules\piscina\dist\index.js:669:65)
    at C:\Users\sh.kahrizi\Desktop\code\acorex-demo\node_modules\@angular\build\src\utils\server-rendering\prerender.js:166:35
    at async Promise.all (index 136)
    at async renderPages (C:\Users\sh.kahrizi\Desktop\code\acorex-demo\node_modules\@angular\build\src\utils\server-rendering\prerender.js:170:9)
    at async prerenderPages (C:\Users\sh.kahrizi\Desktop\code\acorex-demo\node_modules\@angular\build\src\utils\server-rendering\prerender.js:107:49)
    at async executePostBundleSteps (C:\Users\sh.kahrizi\Desktop\code\acorex-demo\node_modules\@angular\build\src\builders\application\execute-post-bundle.js:77:73)
    at async executeBuild (C:\Users\sh.kahrizi\Desktop\code\acorex-demo\node_modules\@angular\build\src\builders\application\execute-build.js:267:28)
    at async watch (C:\Users\sh.kahrizi\Desktop\code\acorex-demo\node_modules\@angular\build\src\builders\application\index.js:110:24)
    at async Task.task [as taskFn] (C:\Users\sh.kahrizi\Desktop\code\acorex-demo\node_modules\@angular\build\src\tools\esbuild\utils.js:138:26)[0m


[31mX [41;31m[[41;97mERROR[41;31m][0m [1mAn error occurred while prerendering route '/menu/dividers'.

Error: Terminating worker thread
    at ThreadPool.destroy (C:\Users\sh.kahrizi\Desktop\code\acorex-demo\node_modules\piscina\dist\index.js:489:27)
    at WorkerPool.destroy (C:\Users\sh.kahrizi\Desktop\code\acorex-demo\node_modules\piscina\dist\index.js:669:65)
    at C:\Users\sh.kahrizi\Desktop\code\acorex-demo\node_modules\@angular\build\src\utils\server-rendering\prerender.js:166:35
    at async Promise.all (index 136)
    at async renderPages (C:\Users\sh.kahrizi\Desktop\code\acorex-demo\node_modules\@angular\build\src\utils\server-rendering\prerender.js:170:9)
    at async prerenderPages (C:\Users\sh.kahrizi\Desktop\code\acorex-demo\node_modules\@angular\build\src\utils\server-rendering\prerender.js:107:49)
    at async executePostBundleSteps (C:\Users\sh.kahrizi\Desktop\code\acorex-demo\node_modules\@angular\build\src\builders\application\execute-post-bundle.js:77:73)
    at async executeBuild (C:\Users\sh.kahrizi\Desktop\code\acorex-demo\node_modules\@angular\build\src\builders\application\execute-build.js:267:28)
    at async watch (C:\Users\sh.kahrizi\Desktop\code\acorex-demo\node_modules\@angular\build\src\builders\application\index.js:110:24)
    at async Task.task [as taskFn] (C:\Users\sh.kahrizi\Desktop\code\acorex-demo\node_modules\@angular\build\src\tools\esbuild\utils.js:138:26)[0m


[31mX [41;31m[[41;97mERROR[41;31m][0m [1mAn error occurred while prerendering route '/menu/programmatic-close'.

Error: Terminating worker thread
    at ThreadPool.destroy (C:\Users\sh.kahrizi\Desktop\code\acorex-demo\node_modules\piscina\dist\index.js:489:27)
    at WorkerPool.destroy (C:\Users\sh.kahrizi\Desktop\code\acorex-demo\node_modules\piscina\dist\index.js:669:65)
    at C:\Users\sh.kahrizi\Desktop\code\acorex-demo\node_modules\@angular\build\src\utils\server-rendering\prerender.js:166:35
    at async Promise.all (index 136)
    at async renderPages (C:\Users\sh.kahrizi\Desktop\code\acorex-demo\node_modules\@angular\build\src\utils\server-rendering\prerender.js:170:9)
    at async prerenderPages (C:\Users\sh.kahrizi\Desktop\code\acorex-demo\node_modules\@angular\build\src\utils\server-rendering\prerender.js:107:49)
    at async executePostBundleSteps (C:\Users\sh.kahrizi\Desktop\code\acorex-demo\node_modules\@angular\build\src\builders\application\execute-post-bundle.js:77:73)
    at async executeBuild (C:\Users\sh.kahrizi\Desktop\code\acorex-demo\node_modules\@angular\build\src\builders\application\execute-build.js:267:28)
    at async watch (C:\Users\sh.kahrizi\Desktop\code\acorex-demo\node_modules\@angular\build\src\builders\application\index.js:110:24)
    at async Task.task [as taskFn] (C:\Users\sh.kahrizi\Desktop\code\acorex-demo\node_modules\@angular\build\src\tools\esbuild\utils.js:138:26)[0m


[31mX [41;31m[[41;97mERROR[41;31m][0m [1mAn error occurred while prerendering route '/menu/rtl'.

Error: Terminating worker thread
    at ThreadPool.destroy (C:\Users\sh.kahrizi\Desktop\code\acorex-demo\node_modules\piscina\dist\index.js:489:27)
    at WorkerPool.destroy (C:\Users\sh.kahrizi\Desktop\code\acorex-demo\node_modules\piscina\dist\index.js:669:65)
    at C:\Users\sh.kahrizi\Desktop\code\acorex-demo\node_modules\@angular\build\src\utils\server-rendering\prerender.js:166:35
    at async Promise.all (index 136)
    at async renderPages (C:\Users\sh.kahrizi\Desktop\code\acorex-demo\node_modules\@angular\build\src\utils\server-rendering\prerender.js:170:9)
    at async prerenderPages (C:\Users\sh.kahrizi\Desktop\code\acorex-demo\node_modules\@angular\build\src\utils\server-rendering\prerender.js:107:49)
    at async executePostBundleSteps (C:\Users\sh.kahrizi\Desktop\code\acorex-demo\node_modules\@angular\build\src\builders\application\execute-post-bundle.js:77:73)
    at async executeBuild (C:\Users\sh.kahrizi\Desktop\code\acorex-demo\node_modules\@angular\build\src\builders\application\execute-build.js:267:28)
    at async watch (C:\Users\sh.kahrizi\Desktop\code\acorex-demo\node_modules\@angular\build\src\builders\application\index.js:110:24)
    at async Task.task [as taskFn] (C:\Users\sh.kahrizi\Desktop\code\acorex-demo\node_modules\@angular\build\src\tools\esbuild\utils.js:138:26)[0m


[31mX [41;31m[[41;97mERROR[41;31m][0m [1mAn error occurred while prerendering route '/menu/scrollable'.

Error: Terminating worker thread
    at ThreadPool.destroy (C:\Users\sh.kahrizi\Desktop\code\acorex-demo\node_modules\piscina\dist\index.js:489:27)
    at WorkerPool.destroy (C:\Users\sh.kahrizi\Desktop\code\acorex-demo\node_modules\piscina\dist\index.js:669:65)
    at C:\Users\sh.kahrizi\Desktop\code\acorex-demo\node_modules\@angular\build\src\utils\server-rendering\prerender.js:166:35
    at async Promise.all (index 136)
    at async renderPages (C:\Users\sh.kahrizi\Desktop\code\acorex-demo\node_modules\@angular\build\src\utils\server-rendering\prerender.js:170:9)
    at async prerenderPages (C:\Users\sh.kahrizi\Desktop\code\acorex-demo\node_modules\@angular\build\src\utils\server-rendering\prerender.js:107:49)
    at async executePostBundleSteps (C:\Users\sh.kahrizi\Desktop\code\acorex-demo\node_modules\@angular\build\src\builders\application\execute-post-bundle.js:77:73)
    at async executeBuild (C:\Users\sh.kahrizi\Desktop\code\acorex-demo\node_modules\@angular\build\src\builders\application\execute-build.js:267:28)
    at async watch (C:\Users\sh.kahrizi\Desktop\code\acorex-demo\node_modules\@angular\build\src\builders\application\index.js:110:24)
    at async Task.task [as taskFn] (C:\Users\sh.kahrizi\Desktop\code\acorex-demo\node_modules\@angular\build\src\tools\esbuild\utils.js:138:26)[0m


[31mX [41;31m[[41;97mERROR[41;31m][0m [1mAn error occurred while prerendering route '/navbar/simple-usage'.

Error: Terminating worker thread
    at ThreadPool.destroy (C:\Users\sh.kahrizi\Desktop\code\acorex-demo\node_modules\piscina\dist\index.js:489:27)
    at WorkerPool.destroy (C:\Users\sh.kahrizi\Desktop\code\acorex-demo\node_modules\piscina\dist\index.js:669:65)
    at C:\Users\sh.kahrizi\Desktop\code\acorex-demo\node_modules\@angular\build\src\utils\server-rendering\prerender.js:166:35
    at async Promise.all (index 136)
    at async renderPages (C:\Users\sh.kahrizi\Desktop\code\acorex-demo\node_modules\@angular\build\src\utils\server-rendering\prerender.js:170:9)
    at async prerenderPages (C:\Users\sh.kahrizi\Desktop\code\acorex-demo\node_modules\@angular\build\src\utils\server-rendering\prerender.js:107:49)
    at async executePostBundleSteps (C:\Users\sh.kahrizi\Desktop\code\acorex-demo\node_modules\@angular\build\src\builders\application\execute-post-bundle.js:77:73)
    at async executeBuild (C:\Users\sh.kahrizi\Desktop\code\acorex-demo\node_modules\@angular\build\src\builders\application\execute-build.js:267:28)
    at async watch (C:\Users\sh.kahrizi\Desktop\code\acorex-demo\node_modules\@angular\build\src\builders\application\index.js:110:24)
    at async Task.task [as taskFn] (C:\Users\sh.kahrizi\Desktop\code\acorex-demo\node_modules\@angular\build\src\tools\esbuild\utils.js:138:26)[0m


[31mX [41;31m[[41;97mERROR[41;31m][0m [1mAn error occurred while prerendering route '/navbar/look-variants'.

Error: Terminating worker thread
    at ThreadPool.destroy (C:\Users\sh.kahrizi\Desktop\code\acorex-demo\node_modules\piscina\dist\index.js:489:27)
    at WorkerPool.destroy (C:\Users\sh.kahrizi\Desktop\code\acorex-demo\node_modules\piscina\dist\index.js:669:65)
    at C:\Users\sh.kahrizi\Desktop\code\acorex-demo\node_modules\@angular\build\src\utils\server-rendering\prerender.js:166:35
    at async Promise.all (index 136)
    at async renderPages (C:\Users\sh.kahrizi\Desktop\code\acorex-demo\node_modules\@angular\build\src\utils\server-rendering\prerender.js:170:9)
    at async prerenderPages (C:\Users\sh.kahrizi\Desktop\code\acorex-demo\node_modules\@angular\build\src\utils\server-rendering\prerender.js:107:49)
    at async executePostBundleSteps (C:\Users\sh.kahrizi\Desktop\code\acorex-demo\node_modules\@angular\build\src\builders\application\execute-post-bundle.js:77:73)
    at async executeBuild (C:\Users\sh.kahrizi\Desktop\code\acorex-demo\node_modules\@angular\build\src\builders\application\execute-build.js:267:28)
    at async watch (C:\Users\sh.kahrizi\Desktop\code\acorex-demo\node_modules\@angular\build\src\builders\application\index.js:110:24)
    at async Task.task [as taskFn] (C:\Users\sh.kahrizi\Desktop\code\acorex-demo\node_modules\@angular\build\src\tools\esbuild\utils.js:138:26)[0m


[31mX [41;31m[[41;97mERROR[41;31m][0m [1mAn error occurred while prerendering route '/navbar/content-projection'.

Error: Terminating worker thread
    at ThreadPool.destroy (C:\Users\sh.kahrizi\Desktop\code\acorex-demo\node_modules\piscina\dist\index.js:489:27)
    at WorkerPool.destroy (C:\Users\sh.kahrizi\Desktop\code\acorex-demo\node_modules\piscina\dist\index.js:669:65)
    at C:\Users\sh.kahrizi\Desktop\code\acorex-demo\node_modules\@angular\build\src\utils\server-rendering\prerender.js:166:35
    at async Promise.all (index 136)
    at async renderPages (C:\Users\sh.kahrizi\Desktop\code\acorex-demo\node_modules\@angular\build\src\utils\server-rendering\prerender.js:170:9)
    at async prerenderPages (C:\Users\sh.kahrizi\Desktop\code\acorex-demo\node_modules\@angular\build\src\utils\server-rendering\prerender.js:107:49)
    at async executePostBundleSteps (C:\Users\sh.kahrizi\Desktop\code\acorex-demo\node_modules\@angular\build\src\builders\application\execute-post-bundle.js:77:73)
    at async executeBuild (C:\Users\sh.kahrizi\Desktop\code\acorex-demo\node_modules\@angular\build\src\builders\application\execute-build.js:267:28)
    at async watch (C:\Users\sh.kahrizi\Desktop\code\acorex-demo\node_modules\@angular\build\src\builders\application\index.js:110:24)
    at async Task.task [as taskFn] (C:\Users\sh.kahrizi\Desktop\code\acorex-demo\node_modules\@angular\build\src\tools\esbuild\utils.js:138:26)[0m


[31mX [41;31m[[41;97mERROR[41;31m][0m [1mAn error occurred while prerendering route '/notification/usage'.

Error: Terminating worker thread
    at ThreadPool.destroy (C:\Users\sh.kahrizi\Desktop\code\acorex-demo\node_modules\piscina\dist\index.js:489:27)
    at WorkerPool.destroy (C:\Users\sh.kahrizi\Desktop\code\acorex-demo\node_modules\piscina\dist\index.js:669:65)
    at C:\Users\sh.kahrizi\Desktop\code\acorex-demo\node_modules\@angular\build\src\utils\server-rendering\prerender.js:166:35
    at async Promise.all (index 136)
    at async renderPages (C:\Users\sh.kahrizi\Desktop\code\acorex-demo\node_modules\@angular\build\src\utils\server-rendering\prerender.js:170:9)
    at async prerenderPages (C:\Users\sh.kahrizi\Desktop\code\acorex-demo\node_modules\@angular\build\src\utils\server-rendering\prerender.js:107:49)
    at async executePostBundleSteps (C:\Users\sh.kahrizi\Desktop\code\acorex-demo\node_modules\@angular\build\src\builders\application\execute-post-bundle.js:77:73)
    at async executeBuild (C:\Users\sh.kahrizi\Desktop\code\acorex-demo\node_modules\@angular\build\src\builders\application\execute-build.js:267:28)
    at async watch (C:\Users\sh.kahrizi\Desktop\code\acorex-demo\node_modules\@angular\build\src\builders\application\index.js:110:24)
    at async Task.task [as taskFn] (C:\Users\sh.kahrizi\Desktop\code\acorex-demo\node_modules\@angular\build\src\tools\esbuild\utils.js:138:26)[0m


[31mX [41;31m[[41;97mERROR[41;31m][0m [1mAn error occurred while prerendering route '/notification/asynchronous-process'.

Error: Terminating worker thread
    at ThreadPool.destroy (C:\Users\sh.kahrizi\Desktop\code\acorex-demo\node_modules\piscina\dist\index.js:489:27)
    at WorkerPool.destroy (C:\Users\sh.kahrizi\Desktop\code\acorex-demo\node_modules\piscina\dist\index.js:669:65)
    at C:\Users\sh.kahrizi\Desktop\code\acorex-demo\node_modules\@angular\build\src\utils\server-rendering\prerender.js:166:35
    at async Promise.all (index 136)
    at async renderPages (C:\Users\sh.kahrizi\Desktop\code\acorex-demo\node_modules\@angular\build\src\utils\server-rendering\prerender.js:170:9)
    at async prerenderPages (C:\Users\sh.kahrizi\Desktop\code\acorex-demo\node_modules\@angular\build\src\utils\server-rendering\prerender.js:107:49)
    at async executePostBundleSteps (C:\Users\sh.kahrizi\Desktop\code\acorex-demo\node_modules\@angular\build\src\builders\application\execute-post-bundle.js:77:73)
    at async executeBuild (C:\Users\sh.kahrizi\Desktop\code\acorex-demo\node_modules\@angular\build\src\builders\application\execute-build.js:267:28)
    at async watch (C:\Users\sh.kahrizi\Desktop\code\acorex-demo\node_modules\@angular\build\src\builders\application\index.js:110:24)
    at async Task.task [as taskFn] (C:\Users\sh.kahrizi\Desktop\code\acorex-demo\node_modules\@angular\build\src\tools\esbuild\utils.js:138:26)[0m


[31mX [41;31m[[41;97mERROR[41;31m][0m [1mAn error occurred while prerendering route '/notification/custom-content'.

Error: Terminating worker thread
    at ThreadPool.destroy (C:\Users\sh.kahrizi\Desktop\code\acorex-demo\node_modules\piscina\dist\index.js:489:27)
    at WorkerPool.destroy (C:\Users\sh.kahrizi\Desktop\code\acorex-demo\node_modules\piscina\dist\index.js:669:65)
    at C:\Users\sh.kahrizi\Desktop\code\acorex-demo\node_modules\@angular\build\src\utils\server-rendering\prerender.js:166:35
    at async Promise.all (index 136)
    at async renderPages (C:\Users\sh.kahrizi\Desktop\code\acorex-demo\node_modules\@angular\build\src\utils\server-rendering\prerender.js:170:9)
    at async prerenderPages (C:\Users\sh.kahrizi\Desktop\code\acorex-demo\node_modules\@angular\build\src\utils\server-rendering\prerender.js:107:49)
    at async executePostBundleSteps (C:\Users\sh.kahrizi\Desktop\code\acorex-demo\node_modules\@angular\build\src\builders\application\execute-post-bundle.js:77:73)
    at async executeBuild (C:\Users\sh.kahrizi\Desktop\code\acorex-demo\node_modules\@angular\build\src\builders\application\execute-build.js:267:28)
    at async watch (C:\Users\sh.kahrizi\Desktop\code\acorex-demo\node_modules\@angular\build\src\builders\application\index.js:110:24)
    at async Task.task [as taskFn] (C:\Users\sh.kahrizi\Desktop\code\acorex-demo\node_modules\@angular\build\src\tools\esbuild\utils.js:138:26)[0m


[31mX [41;31m[[41;97mERROR[41;31m][0m [1mAn error occurred while prerendering route '/notification/locations'.

Error: Terminating worker thread
    at ThreadPool.destroy (C:\Users\sh.kahrizi\Desktop\code\acorex-demo\node_modules\piscina\dist\index.js:489:27)
    at WorkerPool.destroy (C:\Users\sh.kahrizi\Desktop\code\acorex-demo\node_modules\piscina\dist\index.js:669:65)
    at C:\Users\sh.kahrizi\Desktop\code\acorex-demo\node_modules\@angular\build\src\utils\server-rendering\prerender.js:166:35
    at async Promise.all (index 136)
    at async renderPages (C:\Users\sh.kahrizi\Desktop\code\acorex-demo\node_modules\@angular\build\src\utils\server-rendering\prerender.js:170:9)
    at async prerenderPages (C:\Users\sh.kahrizi\Desktop\code\acorex-demo\node_modules\@angular\build\src\utils\server-rendering\prerender.js:107:49)
    at async executePostBundleSteps (C:\Users\sh.kahrizi\Desktop\code\acorex-demo\node_modules\@angular\build\src\builders\application\execute-post-bundle.js:77:73)
    at async executeBuild (C:\Users\sh.kahrizi\Desktop\code\acorex-demo\node_modules\@angular\build\src\builders\application\execute-build.js:267:28)
    at async watch (C:\Users\sh.kahrizi\Desktop\code\acorex-demo\node_modules\@angular\build\src\builders\application\index.js:110:24)
    at async Task.task [as taskFn] (C:\Users\sh.kahrizi\Desktop\code\acorex-demo\node_modules\@angular\build\src\tools\esbuild\utils.js:138:26)[0m


[31mX [41;31m[[41;97mERROR[41;31m][0m [1mAn error occurred while prerendering route '/notification/timeout-progress'.

Error: Terminating worker thread
    at ThreadPool.destroy (C:\Users\sh.kahrizi\Desktop\code\acorex-demo\node_modules\piscina\dist\index.js:489:27)
    at WorkerPool.destroy (C:\Users\sh.kahrizi\Desktop\code\acorex-demo\node_modules\piscina\dist\index.js:669:65)
    at C:\Users\sh.kahrizi\Desktop\code\acorex-demo\node_modules\@angular\build\src\utils\server-rendering\prerender.js:166:35
    at async Promise.all (index 136)
    at async renderPages (C:\Users\sh.kahrizi\Desktop\code\acorex-demo\node_modules\@angular\build\src\utils\server-rendering\prerender.js:170:9)
    at async prerenderPages (C:\Users\sh.kahrizi\Desktop\code\acorex-demo\node_modules\@angular\build\src\utils\server-rendering\prerender.js:107:49)
    at async executePostBundleSteps (C:\Users\sh.kahrizi\Desktop\code\acorex-demo\node_modules\@angular\build\src\builders\application\execute-post-bundle.js:77:73)
    at async executeBuild (C:\Users\sh.kahrizi\Desktop\code\acorex-demo\node_modules\@angular\build\src\builders\application\execute-build.js:267:28)
    at async watch (C:\Users\sh.kahrizi\Desktop\code\acorex-demo\node_modules\@angular\build\src\builders\application\index.js:110:24)
    at async Task.task [as taskFn] (C:\Users\sh.kahrizi\Desktop\code\acorex-demo\node_modules\@angular\build\src\tools\esbuild\utils.js:138:26)[0m


[31mX [41;31m[[41;97mERROR[41;31m][0m [1mAn error occurred while prerendering route '/notification/interactive-features'.

Error: Terminating worker thread
    at ThreadPool.destroy (C:\Users\sh.kahrizi\Desktop\code\acorex-demo\node_modules\piscina\dist\index.js:489:27)
    at WorkerPool.destroy (C:\Users\sh.kahrizi\Desktop\code\acorex-demo\node_modules\piscina\dist\index.js:669:65)
    at C:\Users\sh.kahrizi\Desktop\code\acorex-demo\node_modules\@angular\build\src\utils\server-rendering\prerender.js:166:35
    at async Promise.all (index 136)
    at async renderPages (C:\Users\sh.kahrizi\Desktop\code\acorex-demo\node_modules\@angular\build\src\utils\server-rendering\prerender.js:170:9)
    at async prerenderPages (C:\Users\sh.kahrizi\Desktop\code\acorex-demo\node_modules\@angular\build\src\utils\server-rendering\prerender.js:107:49)
    at async executePostBundleSteps (C:\Users\sh.kahrizi\Desktop\code\acorex-demo\node_modules\@angular\build\src\builders\application\execute-post-bundle.js:77:73)
    at async executeBuild (C:\Users\sh.kahrizi\Desktop\code\acorex-demo\node_modules\@angular\build\src\builders\application\execute-build.js:267:28)
    at async watch (C:\Users\sh.kahrizi\Desktop\code\acorex-demo\node_modules\@angular\build\src\builders\application\index.js:110:24)
    at async Task.task [as taskFn] (C:\Users\sh.kahrizi\Desktop\code\acorex-demo\node_modules\@angular\build\src\tools\esbuild\utils.js:138:26)[0m


[31mX [41;31m[[41;97mERROR[41;31m][0m [1mAn error occurred while prerendering route '/number-box/usage'.

Error: Terminating worker thread
    at ThreadPool.destroy (C:\Users\sh.kahrizi\Desktop\code\acorex-demo\node_modules\piscina\dist\index.js:489:27)
    at WorkerPool.destroy (C:\Users\sh.kahrizi\Desktop\code\acorex-demo\node_modules\piscina\dist\index.js:669:65)
    at C:\Users\sh.kahrizi\Desktop\code\acorex-demo\node_modules\@angular\build\src\utils\server-rendering\prerender.js:166:35
    at async Promise.all (index 136)
    at async renderPages (C:\Users\sh.kahrizi\Desktop\code\acorex-demo\node_modules\@angular\build\src\utils\server-rendering\prerender.js:170:9)
    at async prerenderPages (C:\Users\sh.kahrizi\Desktop\code\acorex-demo\node_modules\@angular\build\src\utils\server-rendering\prerender.js:107:49)
    at async executePostBundleSteps (C:\Users\sh.kahrizi\Desktop\code\acorex-demo\node_modules\@angular\build\src\builders\application\execute-post-bundle.js:77:73)
    at async executeBuild (C:\Users\sh.kahrizi\Desktop\code\acorex-demo\node_modules\@angular\build\src\builders\application\execute-build.js:267:28)
    at async watch (C:\Users\sh.kahrizi\Desktop\code\acorex-demo\node_modules\@angular\build\src\builders\application\index.js:110:24)
    at async Task.task [as taskFn] (C:\Users\sh.kahrizi\Desktop\code\acorex-demo\node_modules\@angular\build\src\tools\esbuild\utils.js:138:26)[0m


[31mX [41;31m[[41;97mERROR[41;31m][0m [1mAn error occurred while prerendering route '/number-box/change-on-scroll'.

Error: Terminating worker thread
    at ThreadPool.destroy (C:\Users\sh.kahrizi\Desktop\code\acorex-demo\node_modules\piscina\dist\index.js:489:27)
    at WorkerPool.destroy (C:\Users\sh.kahrizi\Desktop\code\acorex-demo\node_modules\piscina\dist\index.js:669:65)
    at C:\Users\sh.kahrizi\Desktop\code\acorex-demo\node_modules\@angular\build\src\utils\server-rendering\prerender.js:166:35
    at async Promise.all (index 136)
    at async renderPages (C:\Users\sh.kahrizi\Desktop\code\acorex-demo\node_modules\@angular\build\src\utils\server-rendering\prerender.js:170:9)
    at async prerenderPages (C:\Users\sh.kahrizi\Desktop\code\acorex-demo\node_modules\@angular\build\src\utils\server-rendering\prerender.js:107:49)
    at async executePostBundleSteps (C:\Users\sh.kahrizi\Desktop\code\acorex-demo\node_modules\@angular\build\src\builders\application\execute-post-bundle.js:77:73)
    at async executeBuild (C:\Users\sh.kahrizi\Desktop\code\acorex-demo\node_modules\@angular\build\src\builders\application\execute-build.js:267:28)
    at async watch (C:\Users\sh.kahrizi\Desktop\code\acorex-demo\node_modules\@angular\build\src\builders\application\index.js:110:24)
    at async Task.task [as taskFn] (C:\Users\sh.kahrizi\Desktop\code\acorex-demo\node_modules\@angular\build\src\tools\esbuild\utils.js:138:26)[0m


[31mX [41;31m[[41;97mERROR[41;31m][0m [1mAn error occurred while prerendering route '/number-box/separator'.

Error: Terminating worker thread
    at ThreadPool.destroy (C:\Users\sh.kahrizi\Desktop\code\acorex-demo\node_modules\piscina\dist\index.js:489:27)
    at WorkerPool.destroy (C:\Users\sh.kahrizi\Desktop\code\acorex-demo\node_modules\piscina\dist\index.js:669:65)
    at C:\Users\sh.kahrizi\Desktop\code\acorex-demo\node_modules\@angular\build\src\utils\server-rendering\prerender.js:166:35
    at async Promise.all (index 136)
    at async renderPages (C:\Users\sh.kahrizi\Desktop\code\acorex-demo\node_modules\@angular\build\src\utils\server-rendering\prerender.js:170:9)
    at async prerenderPages (C:\Users\sh.kahrizi\Desktop\code\acorex-demo\node_modules\@angular\build\src\utils\server-rendering\prerender.js:107:49)
    at async executePostBundleSteps (C:\Users\sh.kahrizi\Desktop\code\acorex-demo\node_modules\@angular\build\src\builders\application\execute-post-bundle.js:77:73)
    at async executeBuild (C:\Users\sh.kahrizi\Desktop\code\acorex-demo\node_modules\@angular\build\src\builders\application\execute-build.js:267:28)
    at async watch (C:\Users\sh.kahrizi\Desktop\code\acorex-demo\node_modules\@angular\build\src\builders\application\index.js:110:24)
    at async Task.task [as taskFn] (C:\Users\sh.kahrizi\Desktop\code\acorex-demo\node_modules\@angular\build\src\tools\esbuild\utils.js:138:26)[0m


[31mX [41;31m[[41;97mERROR[41;31m][0m [1mAn error occurred while prerendering route '/number-box/max-min-value'.

Error: Terminating worker thread
    at ThreadPool.destroy (C:\Users\sh.kahrizi\Desktop\code\acorex-demo\node_modules\piscina\dist\index.js:489:27)
    at WorkerPool.destroy (C:\Users\sh.kahrizi\Desktop\code\acorex-demo\node_modules\piscina\dist\index.js:669:65)
    at C:\Users\sh.kahrizi\Desktop\code\acorex-demo\node_modules\@angular\build\src\utils\server-rendering\prerender.js:166:35
    at async Promise.all (index 136)
    at async renderPages (C:\Users\sh.kahrizi\Desktop\code\acorex-demo\node_modules\@angular\build\src\utils\server-rendering\prerender.js:170:9)
    at async prerenderPages (C:\Users\sh.kahrizi\Desktop\code\acorex-demo\node_modules\@angular\build\src\utils\server-rendering\prerender.js:107:49)
    at async executePostBundleSteps (C:\Users\sh.kahrizi\Desktop\code\acorex-demo\node_modules\@angular\build\src\builders\application\execute-post-bundle.js:77:73)
    at async executeBuild (C:\Users\sh.kahrizi\Desktop\code\acorex-demo\node_modules\@angular\build\src\builders\application\execute-build.js:267:28)
    at async watch (C:\Users\sh.kahrizi\Desktop\code\acorex-demo\node_modules\@angular\build\src\builders\application\index.js:110:24)
    at async Task.task [as taskFn] (C:\Users\sh.kahrizi\Desktop\code\acorex-demo\node_modules\@angular\build\src\tools\esbuild\utils.js:138:26)[0m


[31mX [41;31m[[41;97mERROR[41;31m][0m [1mAn error occurred while prerendering route '/number-box/step-size'.

Error: Terminating worker thread
    at ThreadPool.destroy (C:\Users\sh.kahrizi\Desktop\code\acorex-demo\node_modules\piscina\dist\index.js:489:27)
    at WorkerPool.destroy (C:\Users\sh.kahrizi\Desktop\code\acorex-demo\node_modules\piscina\dist\index.js:669:65)
    at C:\Users\sh.kahrizi\Desktop\code\acorex-demo\node_modules\@angular\build\src\utils\server-rendering\prerender.js:166:35
    at async Promise.all (index 136)
    at async renderPages (C:\Users\sh.kahrizi\Desktop\code\acorex-demo\node_modules\@angular\build\src\utils\server-rendering\prerender.js:170:9)
    at async prerenderPages (C:\Users\sh.kahrizi\Desktop\code\acorex-demo\node_modules\@angular\build\src\utils\server-rendering\prerender.js:107:49)
    at async executePostBundleSteps (C:\Users\sh.kahrizi\Desktop\code\acorex-demo\node_modules\@angular\build\src\builders\application\execute-post-bundle.js:77:73)
    at async executeBuild (C:\Users\sh.kahrizi\Desktop\code\acorex-demo\node_modules\@angular\build\src\builders\application\execute-build.js:267:28)
    at async watch (C:\Users\sh.kahrizi\Desktop\code\acorex-demo\node_modules\@angular\build\src\builders\application\index.js:110:24)
    at async Task.task [as taskFn] (C:\Users\sh.kahrizi\Desktop\code\acorex-demo\node_modules\@angular\build\src\tools\esbuild\utils.js:138:26)[0m


[31mX [41;31m[[41;97mERROR[41;31m][0m [1mAn error occurred while prerendering route '/otp/usage'.

Error: Terminating worker thread
    at ThreadPool.destroy (C:\Users\sh.kahrizi\Desktop\code\acorex-demo\node_modules\piscina\dist\index.js:489:27)
    at WorkerPool.destroy (C:\Users\sh.kahrizi\Desktop\code\acorex-demo\node_modules\piscina\dist\index.js:669:65)
    at C:\Users\sh.kahrizi\Desktop\code\acorex-demo\node_modules\@angular\build\src\utils\server-rendering\prerender.js:166:35
    at async Promise.all (index 136)
    at async renderPages (C:\Users\sh.kahrizi\Desktop\code\acorex-demo\node_modules\@angular\build\src\utils\server-rendering\prerender.js:170:9)
    at async prerenderPages (C:\Users\sh.kahrizi\Desktop\code\acorex-demo\node_modules\@angular\build\src\utils\server-rendering\prerender.js:107:49)
    at async executePostBundleSteps (C:\Users\sh.kahrizi\Desktop\code\acorex-demo\node_modules\@angular\build\src\builders\application\execute-post-bundle.js:77:73)
    at async executeBuild (C:\Users\sh.kahrizi\Desktop\code\acorex-demo\node_modules\@angular\build\src\builders\application\execute-build.js:267:28)
    at async watch (C:\Users\sh.kahrizi\Desktop\code\acorex-demo\node_modules\@angular\build\src\builders\application\index.js:110:24)
    at async Task.task [as taskFn] (C:\Users\sh.kahrizi\Desktop\code\acorex-demo\node_modules\@angular\build\src\tools\esbuild\utils.js:138:26)[0m


[31mX [41;31m[[41;97mERROR[41;31m][0m [1mAn error occurred while prerendering route '/otp/length'.

Error: Terminating worker thread
    at ThreadPool.destroy (C:\Users\sh.kahrizi\Desktop\code\acorex-demo\node_modules\piscina\dist\index.js:489:27)
    at WorkerPool.destroy (C:\Users\sh.kahrizi\Desktop\code\acorex-demo\node_modules\piscina\dist\index.js:669:65)
    at C:\Users\sh.kahrizi\Desktop\code\acorex-demo\node_modules\@angular\build\src\utils\server-rendering\prerender.js:166:35
    at async Promise.all (index 136)
    at async renderPages (C:\Users\sh.kahrizi\Desktop\code\acorex-demo\node_modules\@angular\build\src\utils\server-rendering\prerender.js:170:9)
    at async prerenderPages (C:\Users\sh.kahrizi\Desktop\code\acorex-demo\node_modules\@angular\build\src\utils\server-rendering\prerender.js:107:49)
    at async executePostBundleSteps (C:\Users\sh.kahrizi\Desktop\code\acorex-demo\node_modules\@angular\build\src\builders\application\execute-post-bundle.js:77:73)
    at async executeBuild (C:\Users\sh.kahrizi\Desktop\code\acorex-demo\node_modules\@angular\build\src\builders\application\execute-build.js:267:28)
    at async watch (C:\Users\sh.kahrizi\Desktop\code\acorex-demo\node_modules\@angular\build\src\builders\application\index.js:110:24)
    at async Task.task [as taskFn] (C:\Users\sh.kahrizi\Desktop\code\acorex-demo\node_modules\@angular\build\src\tools\esbuild\utils.js:138:26)[0m


[31mX [41;31m[[41;97mERROR[41;31m][0m [1mAn error occurred while prerendering route '/otp/copy-paste'.

Error: Terminating worker thread
    at ThreadPool.destroy (C:\Users\sh.kahrizi\Desktop\code\acorex-demo\node_modules\piscina\dist\index.js:489:27)
    at WorkerPool.destroy (C:\Users\sh.kahrizi\Desktop\code\acorex-demo\node_modules\piscina\dist\index.js:669:65)
    at C:\Users\sh.kahrizi\Desktop\code\acorex-demo\node_modules\@angular\build\src\utils\server-rendering\prerender.js:166:35
    at async Promise.all (index 136)
    at async renderPages (C:\Users\sh.kahrizi\Desktop\code\acorex-demo\node_modules\@angular\build\src\utils\server-rendering\prerender.js:170:9)
    at async prerenderPages (C:\Users\sh.kahrizi\Desktop\code\acorex-demo\node_modules\@angular\build\src\utils\server-rendering\prerender.js:107:49)
    at async executePostBundleSteps (C:\Users\sh.kahrizi\Desktop\code\acorex-demo\node_modules\@angular\build\src\builders\application\execute-post-bundle.js:77:73)
    at async executeBuild (C:\Users\sh.kahrizi\Desktop\code\acorex-demo\node_modules\@angular\build\src\builders\application\execute-build.js:267:28)
    at async watch (C:\Users\sh.kahrizi\Desktop\code\acorex-demo\node_modules\@angular\build\src\builders\application\index.js:110:24)
    at async Task.task [as taskFn] (C:\Users\sh.kahrizi\Desktop\code\acorex-demo\node_modules\@angular\build\src\tools\esbuild\utils.js:138:26)[0m


[31mX [41;31m[[41;97mERROR[41;31m][0m [1mAn error occurred while prerendering route '/otp/validation'.

Error: Terminating worker thread
    at ThreadPool.destroy (C:\Users\sh.kahrizi\Desktop\code\acorex-demo\node_modules\piscina\dist\index.js:489:27)
    at WorkerPool.destroy (C:\Users\sh.kahrizi\Desktop\code\acorex-demo\node_modules\piscina\dist\index.js:669:65)
    at C:\Users\sh.kahrizi\Desktop\code\acorex-demo\node_modules\@angular\build\src\utils\server-rendering\prerender.js:166:35
    at async Promise.all (index 136)
    at async renderPages (C:\Users\sh.kahrizi\Desktop\code\acorex-demo\node_modules\@angular\build\src\utils\server-rendering\prerender.js:170:9)
    at async prerenderPages (C:\Users\sh.kahrizi\Desktop\code\acorex-demo\node_modules\@angular\build\src\utils\server-rendering\prerender.js:107:49)
    at async executePostBundleSteps (C:\Users\sh.kahrizi\Desktop\code\acorex-demo\node_modules\@angular\build\src\builders\application\execute-post-bundle.js:77:73)
    at async executeBuild (C:\Users\sh.kahrizi\Desktop\code\acorex-demo\node_modules\@angular\build\src\builders\application\execute-build.js:267:28)
    at async watch (C:\Users\sh.kahrizi\Desktop\code\acorex-demo\node_modules\@angular\build\src\builders\application\index.js:110:24)
    at async Task.task [as taskFn] (C:\Users\sh.kahrizi\Desktop\code\acorex-demo\node_modules\@angular\build\src\tools\esbuild\utils.js:138:26)[0m


[31mX [41;31m[[41;97mERROR[41;31m][0m [1mAn error occurred while prerendering route '/otp/auto-focus'.

Error: Terminating worker thread
    at ThreadPool.destroy (C:\Users\sh.kahrizi\Desktop\code\acorex-demo\node_modules\piscina\dist\index.js:489:27)
    at WorkerPool.destroy (C:\Users\sh.kahrizi\Desktop\code\acorex-demo\node_modules\piscina\dist\index.js:669:65)
    at C:\Users\sh.kahrizi\Desktop\code\acorex-demo\node_modules\@angular\build\src\utils\server-rendering\prerender.js:166:35
    at async Promise.all (index 136)
    at async renderPages (C:\Users\sh.kahrizi\Desktop\code\acorex-demo\node_modules\@angular\build\src\utils\server-rendering\prerender.js:170:9)
    at async prerenderPages (C:\Users\sh.kahrizi\Desktop\code\acorex-demo\node_modules\@angular\build\src\utils\server-rendering\prerender.js:107:49)
    at async executePostBundleSteps (C:\Users\sh.kahrizi\Desktop\code\acorex-demo\node_modules\@angular\build\src\builders\application\execute-post-bundle.js:77:73)
    at async executeBuild (C:\Users\sh.kahrizi\Desktop\code\acorex-demo\node_modules\@angular\build\src\builders\application\execute-build.js:267:28)
    at async watch (C:\Users\sh.kahrizi\Desktop\code\acorex-demo\node_modules\@angular\build\src\builders\application\index.js:110:24)
    at async Task.task [as taskFn] (C:\Users\sh.kahrizi\Desktop\code\acorex-demo\node_modules\@angular\build\src\tools\esbuild\utils.js:138:26)[0m


[31mX [41;31m[[41;97mERROR[41;31m][0m [1mAn error occurred while prerendering route '/otp/looks'.

Error: Terminating worker thread
    at ThreadPool.destroy (C:\Users\sh.kahrizi\Desktop\code\acorex-demo\node_modules\piscina\dist\index.js:489:27)
    at WorkerPool.destroy (C:\Users\sh.kahrizi\Desktop\code\acorex-demo\node_modules\piscina\dist\index.js:669:65)
    at C:\Users\sh.kahrizi\Desktop\code\acorex-demo\node_modules\@angular\build\src\utils\server-rendering\prerender.js:166:35
    at async Promise.all (index 136)
    at async renderPages (C:\Users\sh.kahrizi\Desktop\code\acorex-demo\node_modules\@angular\build\src\utils\server-rendering\prerender.js:170:9)
    at async prerenderPages (C:\Users\sh.kahrizi\Desktop\code\acorex-demo\node_modules\@angular\build\src\utils\server-rendering\prerender.js:107:49)
    at async executePostBundleSteps (C:\Users\sh.kahrizi\Desktop\code\acorex-demo\node_modules\@angular\build\src\builders\application\execute-post-bundle.js:77:73)
    at async executeBuild (C:\Users\sh.kahrizi\Desktop\code\acorex-demo\node_modules\@angular\build\src\builders\application\execute-build.js:267:28)
    at async watch (C:\Users\sh.kahrizi\Desktop\code\acorex-demo\node_modules\@angular\build\src\builders\application\index.js:110:24)
    at async Task.task [as taskFn] (C:\Users\sh.kahrizi\Desktop\code\acorex-demo\node_modules\@angular\build\src\tools\esbuild\utils.js:138:26)[0m


[31mX [41;31m[[41;97mERROR[41;31m][0m [1mAn error occurred while prerendering route '/otp/states'.

Error: Terminating worker thread
    at ThreadPool.destroy (C:\Users\sh.kahrizi\Desktop\code\acorex-demo\node_modules\piscina\dist\index.js:489:27)
    at WorkerPool.destroy (C:\Users\sh.kahrizi\Desktop\code\acorex-demo\node_modules\piscina\dist\index.js:669:65)
    at C:\Users\sh.kahrizi\Desktop\code\acorex-demo\node_modules\@angular\build\src\utils\server-rendering\prerender.js:166:35
    at async Promise.all (index 136)
    at async renderPages (C:\Users\sh.kahrizi\Desktop\code\acorex-demo\node_modules\@angular\build\src\utils\server-rendering\prerender.js:170:9)
    at async prerenderPages (C:\Users\sh.kahrizi\Desktop\code\acorex-demo\node_modules\@angular\build\src\utils\server-rendering\prerender.js:107:49)
    at async executePostBundleSteps (C:\Users\sh.kahrizi\Desktop\code\acorex-demo\node_modules\@angular\build\src\builders\application\execute-post-bundle.js:77:73)
    at async executeBuild (C:\Users\sh.kahrizi\Desktop\code\acorex-demo\node_modules\@angular\build\src\builders\application\execute-build.js:267:28)
    at async watch (C:\Users\sh.kahrizi\Desktop\code\acorex-demo\node_modules\@angular\build\src\builders\application\index.js:110:24)
    at async Task.task [as taskFn] (C:\Users\sh.kahrizi\Desktop\code\acorex-demo\node_modules\@angular\build\src\tools\esbuild\utils.js:138:26)[0m


[31mX [41;31m[[41;97mERROR[41;31m][0m [1mAn error occurred while prerendering route '/otp/disabled-readonly'.

Error: Terminating worker thread
    at ThreadPool.destroy (C:\Users\sh.kahrizi\Desktop\code\acorex-demo\node_modules\piscina\dist\index.js:489:27)
    at WorkerPool.destroy (C:\Users\sh.kahrizi\Desktop\code\acorex-demo\node_modules\piscina\dist\index.js:669:65)
    at C:\Users\sh.kahrizi\Desktop\code\acorex-demo\node_modules\@angular\build\src\utils\server-rendering\prerender.js:166:35
    at async Promise.all (index 136)
    at async renderPages (C:\Users\sh.kahrizi\Desktop\code\acorex-demo\node_modules\@angular\build\src\utils\server-rendering\prerender.js:170:9)
    at async prerenderPages (C:\Users\sh.kahrizi\Desktop\code\acorex-demo\node_modules\@angular\build\src\utils\server-rendering\prerender.js:107:49)
    at async executePostBundleSteps (C:\Users\sh.kahrizi\Desktop\code\acorex-demo\node_modules\@angular\build\src\builders\application\execute-post-bundle.js:77:73)
    at async executeBuild (C:\Users\sh.kahrizi\Desktop\code\acorex-demo\node_modules\@angular\build\src\builders\application\execute-build.js:267:28)
    at async watch (C:\Users\sh.kahrizi\Desktop\code\acorex-demo\node_modules\@angular\build\src\builders\application\index.js:110:24)
    at async Task.task [as taskFn] (C:\Users\sh.kahrizi\Desktop\code\acorex-demo\node_modules\@angular\build\src\tools\esbuild\utils.js:138:26)[0m


[31mX [41;31m[[41;97mERROR[41;31m][0m [1mAn error occurred while prerendering route '/picker/usage'.

Error: Terminating worker thread
    at ThreadPool.destroy (C:\Users\sh.kahrizi\Desktop\code\acorex-demo\node_modules\piscina\dist\index.js:489:27)
    at WorkerPool.destroy (C:\Users\sh.kahrizi\Desktop\code\acorex-demo\node_modules\piscina\dist\index.js:669:65)
    at C:\Users\sh.kahrizi\Desktop\code\acorex-demo\node_modules\@angular\build\src\utils\server-rendering\prerender.js:166:35
    at async Promise.all (index 136)
    at async renderPages (C:\Users\sh.kahrizi\Desktop\code\acorex-demo\node_modules\@angular\build\src\utils\server-rendering\prerender.js:170:9)
    at async prerenderPages (C:\Users\sh.kahrizi\Desktop\code\acorex-demo\node_modules\@angular\build\src\utils\server-rendering\prerender.js:107:49)
    at async executePostBundleSteps (C:\Users\sh.kahrizi\Desktop\code\acorex-demo\node_modules\@angular\build\src\builders\application\execute-post-bundle.js:77:73)
    at async executeBuild (C:\Users\sh.kahrizi\Desktop\code\acorex-demo\node_modules\@angular\build\src\builders\application\execute-build.js:267:28)
    at async watch (C:\Users\sh.kahrizi\Desktop\code\acorex-demo\node_modules\@angular\build\src\builders\application\index.js:110:24)
    at async Task.task [as taskFn] (C:\Users\sh.kahrizi\Desktop\code\acorex-demo\node_modules\@angular\build\src\tools\esbuild\utils.js:138:26)[0m


[31mX [41;31m[[41;97mERROR[41;31m][0m [1mAn error occurred while prerendering route '/password-box/usage'.

Error: Terminating worker thread
    at ThreadPool.destroy (C:\Users\sh.kahrizi\Desktop\code\acorex-demo\node_modules\piscina\dist\index.js:489:27)
    at WorkerPool.destroy (C:\Users\sh.kahrizi\Desktop\code\acorex-demo\node_modules\piscina\dist\index.js:669:65)
    at C:\Users\sh.kahrizi\Desktop\code\acorex-demo\node_modules\@angular\build\src\utils\server-rendering\prerender.js:166:35
    at async Promise.all (index 136)
    at async renderPages (C:\Users\sh.kahrizi\Desktop\code\acorex-demo\node_modules\@angular\build\src\utils\server-rendering\prerender.js:170:9)
    at async prerenderPages (C:\Users\sh.kahrizi\Desktop\code\acorex-demo\node_modules\@angular\build\src\utils\server-rendering\prerender.js:107:49)
    at async executePostBundleSteps (C:\Users\sh.kahrizi\Desktop\code\acorex-demo\node_modules\@angular\build\src\builders\application\execute-post-bundle.js:77:73)
    at async executeBuild (C:\Users\sh.kahrizi\Desktop\code\acorex-demo\node_modules\@angular\build\src\builders\application\execute-build.js:267:28)
    at async watch (C:\Users\sh.kahrizi\Desktop\code\acorex-demo\node_modules\@angular\build\src\builders\application\index.js:110:24)
    at async Task.task [as taskFn] (C:\Users\sh.kahrizi\Desktop\code\acorex-demo\node_modules\@angular\build\src\tools\esbuild\utils.js:138:26)[0m


[31mX [41;31m[[41;97mERROR[41;31m][0m [1mAn error occurred while prerendering route '/password-box/auto-complete'.

Error: Terminating worker thread
    at ThreadPool.destroy (C:\Users\sh.kahrizi\Desktop\code\acorex-demo\node_modules\piscina\dist\index.js:489:27)
    at WorkerPool.destroy (C:\Users\sh.kahrizi\Desktop\code\acorex-demo\node_modules\piscina\dist\index.js:669:65)
    at C:\Users\sh.kahrizi\Desktop\code\acorex-demo\node_modules\@angular\build\src\utils\server-rendering\prerender.js:166:35
    at async Promise.all (index 136)
    at async renderPages (C:\Users\sh.kahrizi\Desktop\code\acorex-demo\node_modules\@angular\build\src\utils\server-rendering\prerender.js:170:9)
    at async prerenderPages (C:\Users\sh.kahrizi\Desktop\code\acorex-demo\node_modules\@angular\build\src\utils\server-rendering\prerender.js:107:49)
    at async executePostBundleSteps (C:\Users\sh.kahrizi\Desktop\code\acorex-demo\node_modules\@angular\build\src\builders\application\execute-post-bundle.js:77:73)
    at async executeBuild (C:\Users\sh.kahrizi\Desktop\code\acorex-demo\node_modules\@angular\build\src\builders\application\execute-build.js:267:28)
    at async watch (C:\Users\sh.kahrizi\Desktop\code\acorex-demo\node_modules\@angular\build\src\builders\application\index.js:110:24)
    at async Task.task [as taskFn] (C:\Users\sh.kahrizi\Desktop\code\acorex-demo\node_modules\@angular\build\src\tools\esbuild\utils.js:138:26)[0m


[31mX [41;31m[[41;97mERROR[41;31m][0m [1mAn error occurred while prerendering route '/password-box/clear-button'.

Error: Terminating worker thread
    at ThreadPool.destroy (C:\Users\sh.kahrizi\Desktop\code\acorex-demo\node_modules\piscina\dist\index.js:489:27)
    at WorkerPool.destroy (C:\Users\sh.kahrizi\Desktop\code\acorex-demo\node_modules\piscina\dist\index.js:669:65)
    at C:\Users\sh.kahrizi\Desktop\code\acorex-demo\node_modules\@angular\build\src\utils\server-rendering\prerender.js:166:35
    at async Promise.all (index 136)
    at async renderPages (C:\Users\sh.kahrizi\Desktop\code\acorex-demo\node_modules\@angular\build\src\utils\server-rendering\prerender.js:170:9)
    at async prerenderPages (C:\Users\sh.kahrizi\Desktop\code\acorex-demo\node_modules\@angular\build\src\utils\server-rendering\prerender.js:107:49)
    at async executePostBundleSteps (C:\Users\sh.kahrizi\Desktop\code\acorex-demo\node_modules\@angular\build\src\builders\application\execute-post-bundle.js:77:73)
    at async executeBuild (C:\Users\sh.kahrizi\Desktop\code\acorex-demo\node_modules\@angular\build\src\builders\application\execute-build.js:267:28)
    at async watch (C:\Users\sh.kahrizi\Desktop\code\acorex-demo\node_modules\@angular\build\src\builders\application\index.js:110:24)
    at async Task.task [as taskFn] (C:\Users\sh.kahrizi\Desktop\code\acorex-demo\node_modules\@angular\build\src\tools\esbuild\utils.js:138:26)[0m


[31mX [41;31m[[41;97mERROR[41;31m][0m [1mAn error occurred while prerendering route '/password-box/read-only-disable'.

Error: Terminating worker thread
    at ThreadPool.destroy (C:\Users\sh.kahrizi\Desktop\code\acorex-demo\node_modules\piscina\dist\index.js:489:27)
    at WorkerPool.destroy (C:\Users\sh.kahrizi\Desktop\code\acorex-demo\node_modules\piscina\dist\index.js:669:65)
    at C:\Users\sh.kahrizi\Desktop\code\acorex-demo\node_modules\@angular\build\src\utils\server-rendering\prerender.js:166:35
    at async Promise.all (index 136)
    at async renderPages (C:\Users\sh.kahrizi\Desktop\code\acorex-demo\node_modules\@angular\build\src\utils\server-rendering\prerender.js:170:9)
    at async prerenderPages (C:\Users\sh.kahrizi\Desktop\code\acorex-demo\node_modules\@angular\build\src\utils\server-rendering\prerender.js:107:49)
    at async executePostBundleSteps (C:\Users\sh.kahrizi\Desktop\code\acorex-demo\node_modules\@angular\build\src\builders\application\execute-post-bundle.js:77:73)
    at async executeBuild (C:\Users\sh.kahrizi\Desktop\code\acorex-demo\node_modules\@angular\build\src\builders\application\execute-build.js:267:28)
    at async watch (C:\Users\sh.kahrizi\Desktop\code\acorex-demo\node_modules\@angular\build\src\builders\application\index.js:110:24)
    at async Task.task [as taskFn] (C:\Users\sh.kahrizi\Desktop\code\acorex-demo\node_modules\@angular\build\src\tools\esbuild\utils.js:138:26)[0m


[31mX [41;31m[[41;97mERROR[41;31m][0m [1mAn error occurred while prerendering route '/password-box/toggle'.

Error: Terminating worker thread
    at ThreadPool.destroy (C:\Users\sh.kahrizi\Desktop\code\acorex-demo\node_modules\piscina\dist\index.js:489:27)
    at WorkerPool.destroy (C:\Users\sh.kahrizi\Desktop\code\acorex-demo\node_modules\piscina\dist\index.js:669:65)
    at C:\Users\sh.kahrizi\Desktop\code\acorex-demo\node_modules\@angular\build\src\utils\server-rendering\prerender.js:166:35
    at async Promise.all (index 136)
    at async renderPages (C:\Users\sh.kahrizi\Desktop\code\acorex-demo\node_modules\@angular\build\src\utils\server-rendering\prerender.js:170:9)
    at async prerenderPages (C:\Users\sh.kahrizi\Desktop\code\acorex-demo\node_modules\@angular\build\src\utils\server-rendering\prerender.js:107:49)
    at async executePostBundleSteps (C:\Users\sh.kahrizi\Desktop\code\acorex-demo\node_modules\@angular\build\src\builders\application\execute-post-bundle.js:77:73)
    at async executeBuild (C:\Users\sh.kahrizi\Desktop\code\acorex-demo\node_modules\@angular\build\src\builders\application\execute-build.js:267:28)
    at async watch (C:\Users\sh.kahrizi\Desktop\code\acorex-demo\node_modules\@angular\build\src\builders\application\index.js:110:24)
    at async Task.task [as taskFn] (C:\Users\sh.kahrizi\Desktop\code\acorex-demo\node_modules\@angular\build\src\tools\esbuild\utils.js:138:26)[0m


[31mX [41;31m[[41;97mERROR[41;31m][0m [1mAn error occurred while prerendering route '/password-box/password-strength-validation'.

Error: Terminating worker thread
    at ThreadPool.destroy (C:\Users\sh.kahrizi\Desktop\code\acorex-demo\node_modules\piscina\dist\index.js:489:27)
    at WorkerPool.destroy (C:\Users\sh.kahrizi\Desktop\code\acorex-demo\node_modules\piscina\dist\index.js:669:65)
    at C:\Users\sh.kahrizi\Desktop\code\acorex-demo\node_modules\@angular\build\src\utils\server-rendering\prerender.js:166:35
    at async Promise.all (index 136)
    at async renderPages (C:\Users\sh.kahrizi\Desktop\code\acorex-demo\node_modules\@angular\build\src\utils\server-rendering\prerender.js:170:9)
    at async prerenderPages (C:\Users\sh.kahrizi\Desktop\code\acorex-demo\node_modules\@angular\build\src\utils\server-rendering\prerender.js:107:49)
    at async executePostBundleSteps (C:\Users\sh.kahrizi\Desktop\code\acorex-demo\node_modules\@angular\build\src\builders\application\execute-post-bundle.js:77:73)
    at async executeBuild (C:\Users\sh.kahrizi\Desktop\code\acorex-demo\node_modules\@angular\build\src\builders\application\execute-build.js:267:28)
    at async watch (C:\Users\sh.kahrizi\Desktop\code\acorex-demo\node_modules\@angular\build\src\builders\application\index.js:110:24)
    at async Task.task [as taskFn] (C:\Users\sh.kahrizi\Desktop\code\acorex-demo\node_modules\@angular\build\src\tools\esbuild\utils.js:138:26)[0m


[31mX [41;31m[[41;97mERROR[41;31m][0m [1mAn error occurred while prerendering route '/phone-box/usage'.

Error: Terminating worker thread
    at ThreadPool.destroy (C:\Users\sh.kahrizi\Desktop\code\acorex-demo\node_modules\piscina\dist\index.js:489:27)
    at WorkerPool.destroy (C:\Users\sh.kahrizi\Desktop\code\acorex-demo\node_modules\piscina\dist\index.js:669:65)
    at C:\Users\sh.kahrizi\Desktop\code\acorex-demo\node_modules\@angular\build\src\utils\server-rendering\prerender.js:166:35
    at async Promise.all (index 136)
    at async renderPages (C:\Users\sh.kahrizi\Desktop\code\acorex-demo\node_modules\@angular\build\src\utils\server-rendering\prerender.js:170:9)
    at async prerenderPages (C:\Users\sh.kahrizi\Desktop\code\acorex-demo\node_modules\@angular\build\src\utils\server-rendering\prerender.js:107:49)
    at async executePostBundleSteps (C:\Users\sh.kahrizi\Desktop\code\acorex-demo\node_modules\@angular\build\src\builders\application\execute-post-bundle.js:77:73)
    at async executeBuild (C:\Users\sh.kahrizi\Desktop\code\acorex-demo\node_modules\@angular\build\src\builders\application\execute-build.js:267:28)
    at async watch (C:\Users\sh.kahrizi\Desktop\code\acorex-demo\node_modules\@angular\build\src\builders\application\index.js:110:24)
    at async Task.task [as taskFn] (C:\Users\sh.kahrizi\Desktop\code\acorex-demo\node_modules\@angular\build\src\tools\esbuild\utils.js:138:26)[0m


[31mX [41;31m[[41;97mERROR[41;31m][0m [1mAn error occurred while prerendering route '/phone-box/validation'.

Error: Terminating worker thread
    at ThreadPool.destroy (C:\Users\sh.kahrizi\Desktop\code\acorex-demo\node_modules\piscina\dist\index.js:489:27)
    at WorkerPool.destroy (C:\Users\sh.kahrizi\Desktop\code\acorex-demo\node_modules\piscina\dist\index.js:669:65)
    at C:\Users\sh.kahrizi\Desktop\code\acorex-demo\node_modules\@angular\build\src\utils\server-rendering\prerender.js:166:35
    at async Promise.all (index 136)
    at async renderPages (C:\Users\sh.kahrizi\Desktop\code\acorex-demo\node_modules\@angular\build\src\utils\server-rendering\prerender.js:170:9)
    at async prerenderPages (C:\Users\sh.kahrizi\Desktop\code\acorex-demo\node_modules\@angular\build\src\utils\server-rendering\prerender.js:107:49)
    at async executePostBundleSteps (C:\Users\sh.kahrizi\Desktop\code\acorex-demo\node_modules\@angular\build\src\builders\application\execute-post-bundle.js:77:73)
    at async executeBuild (C:\Users\sh.kahrizi\Desktop\code\acorex-demo\node_modules\@angular\build\src\builders\application\execute-build.js:267:28)
    at async watch (C:\Users\sh.kahrizi\Desktop\code\acorex-demo\node_modules\@angular\build\src\builders\application\index.js:110:24)
    at async Task.task [as taskFn] (C:\Users\sh.kahrizi\Desktop\code\acorex-demo\node_modules\@angular\build\src\tools\esbuild\utils.js:138:26)[0m


[31mX [41;31m[[41;97mERROR[41;31m][0m [1mAn error occurred while prerendering route '/phone-box/only-countries'.

Error: Terminating worker thread
    at ThreadPool.destroy (C:\Users\sh.kahrizi\Desktop\code\acorex-demo\node_modules\piscina\dist\index.js:489:27)
    at WorkerPool.destroy (C:\Users\sh.kahrizi\Desktop\code\acorex-demo\node_modules\piscina\dist\index.js:669:65)
    at C:\Users\sh.kahrizi\Desktop\code\acorex-demo\node_modules\@angular\build\src\utils\server-rendering\prerender.js:166:35
    at async Promise.all (index 136)
    at async renderPages (C:\Users\sh.kahrizi\Desktop\code\acorex-demo\node_modules\@angular\build\src\utils\server-rendering\prerender.js:170:9)
    at async prerenderPages (C:\Users\sh.kahrizi\Desktop\code\acorex-demo\node_modules\@angular\build\src\utils\server-rendering\prerender.js:107:49)
    at async executePostBundleSteps (C:\Users\sh.kahrizi\Desktop\code\acorex-demo\node_modules\@angular\build\src\builders\application\execute-post-bundle.js:77:73)
    at async executeBuild (C:\Users\sh.kahrizi\Desktop\code\acorex-demo\node_modules\@angular\build\src\builders\application\execute-build.js:267:28)
    at async watch (C:\Users\sh.kahrizi\Desktop\code\acorex-demo\node_modules\@angular\build\src\builders\application\index.js:110:24)
    at async Task.task [as taskFn] (C:\Users\sh.kahrizi\Desktop\code\acorex-demo\node_modules\@angular\build\src\tools\esbuild\utils.js:138:26)[0m


[31mX [41;31m[[41;97mERROR[41;31m][0m [1mAn error occurred while prerendering route '/phone-box/exclude'.

Error: Terminating worker thread
    at ThreadPool.destroy (C:\Users\sh.kahrizi\Desktop\code\acorex-demo\node_modules\piscina\dist\index.js:489:27)
    at WorkerPool.destroy (C:\Users\sh.kahrizi\Desktop\code\acorex-demo\node_modules\piscina\dist\index.js:669:65)
    at C:\Users\sh.kahrizi\Desktop\code\acorex-demo\node_modules\@angular\build\src\utils\server-rendering\prerender.js:166:35
    at async Promise.all (index 136)
    at async renderPages (C:\Users\sh.kahrizi\Desktop\code\acorex-demo\node_modules\@angular\build\src\utils\server-rendering\prerender.js:170:9)
    at async prerenderPages (C:\Users\sh.kahrizi\Desktop\code\acorex-demo\node_modules\@angular\build\src\utils\server-rendering\prerender.js:107:49)
    at async executePostBundleSteps (C:\Users\sh.kahrizi\Desktop\code\acorex-demo\node_modules\@angular\build\src\builders\application\execute-post-bundle.js:77:73)
    at async executeBuild (C:\Users\sh.kahrizi\Desktop\code\acorex-demo\node_modules\@angular\build\src\builders\application\execute-build.js:267:28)
    at async watch (C:\Users\sh.kahrizi\Desktop\code\acorex-demo\node_modules\@angular\build\src\builders\application\index.js:110:24)
    at async Task.task [as taskFn] (C:\Users\sh.kahrizi\Desktop\code\acorex-demo\node_modules\@angular\build\src\tools\esbuild\utils.js:138:26)[0m


[31mX [41;31m[[41;97mERROR[41;31m][0m [1mAn error occurred while prerendering route '/popover/usage'.

Error: Terminating worker thread
    at ThreadPool.destroy (C:\Users\sh.kahrizi\Desktop\code\acorex-demo\node_modules\piscina\dist\index.js:489:27)
    at WorkerPool.destroy (C:\Users\sh.kahrizi\Desktop\code\acorex-demo\node_modules\piscina\dist\index.js:669:65)
    at C:\Users\sh.kahrizi\Desktop\code\acorex-demo\node_modules\@angular\build\src\utils\server-rendering\prerender.js:166:35
    at async Promise.all (index 136)
    at async renderPages (C:\Users\sh.kahrizi\Desktop\code\acorex-demo\node_modules\@angular\build\src\utils\server-rendering\prerender.js:170:9)
    at async prerenderPages (C:\Users\sh.kahrizi\Desktop\code\acorex-demo\node_modules\@angular\build\src\utils\server-rendering\prerender.js:107:49)
    at async executePostBundleSteps (C:\Users\sh.kahrizi\Desktop\code\acorex-demo\node_modules\@angular\build\src\builders\application\execute-post-bundle.js:77:73)
    at async executeBuild (C:\Users\sh.kahrizi\Desktop\code\acorex-demo\node_modules\@angular\build\src\builders\application\execute-build.js:267:28)
    at async watch (C:\Users\sh.kahrizi\Desktop\code\acorex-demo\node_modules\@angular\build\src\builders\application\index.js:110:24)
    at async Task.task [as taskFn] (C:\Users\sh.kahrizi\Desktop\code\acorex-demo\node_modules\@angular\build\src\tools\esbuild\utils.js:138:26)[0m


[31mX [41;31m[[41;97mERROR[41;31m][0m [1mAn error occurred while prerendering route '/popover/hover'.

Error: Terminating worker thread
    at ThreadPool.destroy (C:\Users\sh.kahrizi\Desktop\code\acorex-demo\node_modules\piscina\dist\index.js:489:27)
    at WorkerPool.destroy (C:\Users\sh.kahrizi\Desktop\code\acorex-demo\node_modules\piscina\dist\index.js:669:65)
    at C:\Users\sh.kahrizi\Desktop\code\acorex-demo\node_modules\@angular\build\src\utils\server-rendering\prerender.js:166:35
    at async Promise.all (index 136)
    at async renderPages (C:\Users\sh.kahrizi\Desktop\code\acorex-demo\node_modules\@angular\build\src\utils\server-rendering\prerender.js:170:9)
    at async prerenderPages (C:\Users\sh.kahrizi\Desktop\code\acorex-demo\node_modules\@angular\build\src\utils\server-rendering\prerender.js:107:49)
    at async executePostBundleSteps (C:\Users\sh.kahrizi\Desktop\code\acorex-demo\node_modules\@angular\build\src\builders\application\execute-post-bundle.js:77:73)
    at async executeBuild (C:\Users\sh.kahrizi\Desktop\code\acorex-demo\node_modules\@angular\build\src\builders\application\execute-build.js:267:28)
    at async watch (C:\Users\sh.kahrizi\Desktop\code\acorex-demo\node_modules\@angular\build\src\builders\application\index.js:110:24)
    at async Task.task [as taskFn] (C:\Users\sh.kahrizi\Desktop\code\acorex-demo\node_modules\@angular\build\src\tools\esbuild\utils.js:138:26)[0m


[31mX [41;31m[[41;97mERROR[41;31m][0m [1mAn error occurred while prerendering route '/popover/leave'.

Error: Terminating worker thread
    at ThreadPool.destroy (C:\Users\sh.kahrizi\Desktop\code\acorex-demo\node_modules\piscina\dist\index.js:489:27)
    at WorkerPool.destroy (C:\Users\sh.kahrizi\Desktop\code\acorex-demo\node_modules\piscina\dist\index.js:669:65)
    at C:\Users\sh.kahrizi\Desktop\code\acorex-demo\node_modules\@angular\build\src\utils\server-rendering\prerender.js:166:35
    at async Promise.all (index 136)
    at async renderPages (C:\Users\sh.kahrizi\Desktop\code\acorex-demo\node_modules\@angular\build\src\utils\server-rendering\prerender.js:170:9)
    at async prerenderPages (C:\Users\sh.kahrizi\Desktop\code\acorex-demo\node_modules\@angular\build\src\utils\server-rendering\prerender.js:107:49)
    at async executePostBundleSteps (C:\Users\sh.kahrizi\Desktop\code\acorex-demo\node_modules\@angular\build\src\builders\application\execute-post-bundle.js:77:73)
    at async executeBuild (C:\Users\sh.kahrizi\Desktop\code\acorex-demo\node_modules\@angular\build\src\builders\application\execute-build.js:267:28)
    at async watch (C:\Users\sh.kahrizi\Desktop\code\acorex-demo\node_modules\@angular\build\src\builders\application\index.js:110:24)
    at async Task.task [as taskFn] (C:\Users\sh.kahrizi\Desktop\code\acorex-demo\node_modules\@angular\build\src\tools\esbuild\utils.js:138:26)[0m


[31mX [41;31m[[41;97mERROR[41;31m][0m [1mAn error occurred while prerendering route '/popover/methods'.

Error: Terminating worker thread
    at ThreadPool.destroy (C:\Users\sh.kahrizi\Desktop\code\acorex-demo\node_modules\piscina\dist\index.js:489:27)
    at WorkerPool.destroy (C:\Users\sh.kahrizi\Desktop\code\acorex-demo\node_modules\piscina\dist\index.js:669:65)
    at C:\Users\sh.kahrizi\Desktop\code\acorex-demo\node_modules\@angular\build\src\utils\server-rendering\prerender.js:166:35
    at async Promise.all (index 136)
    at async renderPages (C:\Users\sh.kahrizi\Desktop\code\acorex-demo\node_modules\@angular\build\src\utils\server-rendering\prerender.js:170:9)
    at async prerenderPages (C:\Users\sh.kahrizi\Desktop\code\acorex-demo\node_modules\@angular\build\src\utils\server-rendering\prerender.js:107:49)
    at async executePostBundleSteps (C:\Users\sh.kahrizi\Desktop\code\acorex-demo\node_modules\@angular\build\src\builders\application\execute-post-bundle.js:77:73)
    at async executeBuild (C:\Users\sh.kahrizi\Desktop\code\acorex-demo\node_modules\@angular\build\src\builders\application\execute-build.js:267:28)
    at async watch (C:\Users\sh.kahrizi\Desktop\code\acorex-demo\node_modules\@angular\build\src\builders\application\index.js:110:24)
    at async Task.task [as taskFn] (C:\Users\sh.kahrizi\Desktop\code\acorex-demo\node_modules\@angular\build\src\tools\esbuild\utils.js:138:26)[0m


[31mX [41;31m[[41;97mERROR[41;31m][0m [1mAn error occurred while prerendering route '/popup/usage'.

Error: Terminating worker thread
    at ThreadPool.destroy (C:\Users\sh.kahrizi\Desktop\code\acorex-demo\node_modules\piscina\dist\index.js:489:27)
    at WorkerPool.destroy (C:\Users\sh.kahrizi\Desktop\code\acorex-demo\node_modules\piscina\dist\index.js:669:65)
    at C:\Users\sh.kahrizi\Desktop\code\acorex-demo\node_modules\@angular\build\src\utils\server-rendering\prerender.js:166:35
    at async Promise.all (index 136)
    at async renderPages (C:\Users\sh.kahrizi\Desktop\code\acorex-demo\node_modules\@angular\build\src\utils\server-rendering\prerender.js:170:9)
    at async prerenderPages (C:\Users\sh.kahrizi\Desktop\code\acorex-demo\node_modules\@angular\build\src\utils\server-rendering\prerender.js:107:49)
    at async executePostBundleSteps (C:\Users\sh.kahrizi\Desktop\code\acorex-demo\node_modules\@angular\build\src\builders\application\execute-post-bundle.js:77:73)
    at async executeBuild (C:\Users\sh.kahrizi\Desktop\code\acorex-demo\node_modules\@angular\build\src\builders\application\execute-build.js:267:28)
    at async watch (C:\Users\sh.kahrizi\Desktop\code\acorex-demo\node_modules\@angular\build\src\builders\application\index.js:110:24)
    at async Task.task [as taskFn] (C:\Users\sh.kahrizi\Desktop\code\acorex-demo\node_modules\@angular\build\src\tools\esbuild\utils.js:138:26)[0m


[31mX [41;31m[[41;97mERROR[41;31m][0m [1mAn error occurred while prerendering route '/popup/size'.

Error: Terminating worker thread
    at ThreadPool.destroy (C:\Users\sh.kahrizi\Desktop\code\acorex-demo\node_modules\piscina\dist\index.js:489:27)
    at WorkerPool.destroy (C:\Users\sh.kahrizi\Desktop\code\acorex-demo\node_modules\piscina\dist\index.js:669:65)
    at C:\Users\sh.kahrizi\Desktop\code\acorex-demo\node_modules\@angular\build\src\utils\server-rendering\prerender.js:166:35
    at async Promise.all (index 136)
    at async renderPages (C:\Users\sh.kahrizi\Desktop\code\acorex-demo\node_modules\@angular\build\src\utils\server-rendering\prerender.js:170:9)
    at async prerenderPages (C:\Users\sh.kahrizi\Desktop\code\acorex-demo\node_modules\@angular\build\src\utils\server-rendering\prerender.js:107:49)
    at async executePostBundleSteps (C:\Users\sh.kahrizi\Desktop\code\acorex-demo\node_modules\@angular\build\src\builders\application\execute-post-bundle.js:77:73)
    at async executeBuild (C:\Users\sh.kahrizi\Desktop\code\acorex-demo\node_modules\@angular\build\src\builders\application\execute-build.js:267:28)
    at async watch (C:\Users\sh.kahrizi\Desktop\code\acorex-demo\node_modules\@angular\build\src\builders\application\index.js:110:24)
    at async Task.task [as taskFn] (C:\Users\sh.kahrizi\Desktop\code\acorex-demo\node_modules\@angular\build\src\tools\esbuild\utils.js:138:26)[0m


[31mX [41;31m[[41;97mERROR[41;31m][0m [1mAn error occurred while prerendering route '/popup/size-in-screens'.

Error: Terminating worker thread
    at ThreadPool.destroy (C:\Users\sh.kahrizi\Desktop\code\acorex-demo\node_modules\piscina\dist\index.js:489:27)
    at WorkerPool.destroy (C:\Users\sh.kahrizi\Desktop\code\acorex-demo\node_modules\piscina\dist\index.js:669:65)
    at C:\Users\sh.kahrizi\Desktop\code\acorex-demo\node_modules\@angular\build\src\utils\server-rendering\prerender.js:166:35
    at async Promise.all (index 136)
    at async renderPages (C:\Users\sh.kahrizi\Desktop\code\acorex-demo\node_modules\@angular\build\src\utils\server-rendering\prerender.js:170:9)
    at async prerenderPages (C:\Users\sh.kahrizi\Desktop\code\acorex-demo\node_modules\@angular\build\src\utils\server-rendering\prerender.js:107:49)
    at async executePostBundleSteps (C:\Users\sh.kahrizi\Desktop\code\acorex-demo\node_modules\@angular\build\src\builders\application\execute-post-bundle.js:77:73)
    at async executeBuild (C:\Users\sh.kahrizi\Desktop\code\acorex-demo\node_modules\@angular\build\src\builders\application\execute-build.js:267:28)
    at async watch (C:\Users\sh.kahrizi\Desktop\code\acorex-demo\node_modules\@angular\build\src\builders\application\index.js:110:24)
    at async Task.task [as taskFn] (C:\Users\sh.kahrizi\Desktop\code\acorex-demo\node_modules\@angular\build\src\tools\esbuild\utils.js:138:26)[0m


[31mX [41;31m[[41;97mERROR[41;31m][0m [1mAn error occurred while prerendering route '/popup/header'.

Error: Terminating worker thread
    at ThreadPool.destroy (C:\Users\sh.kahrizi\Desktop\code\acorex-demo\node_modules\piscina\dist\index.js:489:27)
    at WorkerPool.destroy (C:\Users\sh.kahrizi\Desktop\code\acorex-demo\node_modules\piscina\dist\index.js:669:65)
    at C:\Users\sh.kahrizi\Desktop\code\acorex-demo\node_modules\@angular\build\src\utils\server-rendering\prerender.js:166:35
    at async Promise.all (index 136)
    at async renderPages (C:\Users\sh.kahrizi\Desktop\code\acorex-demo\node_modules\@angular\build\src\utils\server-rendering\prerender.js:170:9)
    at async prerenderPages (C:\Users\sh.kahrizi\Desktop\code\acorex-demo\node_modules\@angular\build\src\utils\server-rendering\prerender.js:107:49)
    at async executePostBundleSteps (C:\Users\sh.kahrizi\Desktop\code\acorex-demo\node_modules\@angular\build\src\builders\application\execute-post-bundle.js:77:73)
    at async executeBuild (C:\Users\sh.kahrizi\Desktop\code\acorex-demo\node_modules\@angular\build\src\builders\application\execute-build.js:267:28)
    at async watch (C:\Users\sh.kahrizi\Desktop\code\acorex-demo\node_modules\@angular\build\src\builders\application\index.js:110:24)
    at async Task.task [as taskFn] (C:\Users\sh.kahrizi\Desktop\code\acorex-demo\node_modules\@angular\build\src\tools\esbuild\utils.js:138:26)[0m


[31mX [41;31m[[41;97mERROR[41;31m][0m [1mAn error occurred while prerendering route '/progress-bar/usage'.

Error: Terminating worker thread
    at ThreadPool.destroy (C:\Users\sh.kahrizi\Desktop\code\acorex-demo\node_modules\piscina\dist\index.js:489:27)
    at WorkerPool.destroy (C:\Users\sh.kahrizi\Desktop\code\acorex-demo\node_modules\piscina\dist\index.js:669:65)
    at C:\Users\sh.kahrizi\Desktop\code\acorex-demo\node_modules\@angular\build\src\utils\server-rendering\prerender.js:166:35
    at async Promise.all (index 136)
    at async renderPages (C:\Users\sh.kahrizi\Desktop\code\acorex-demo\node_modules\@angular\build\src\utils\server-rendering\prerender.js:170:9)
    at async prerenderPages (C:\Users\sh.kahrizi\Desktop\code\acorex-demo\node_modules\@angular\build\src\utils\server-rendering\prerender.js:107:49)
    at async executePostBundleSteps (C:\Users\sh.kahrizi\Desktop\code\acorex-demo\node_modules\@angular\build\src\builders\application\execute-post-bundle.js:77:73)
    at async executeBuild (C:\Users\sh.kahrizi\Desktop\code\acorex-demo\node_modules\@angular\build\src\builders\application\execute-build.js:267:28)
    at async watch (C:\Users\sh.kahrizi\Desktop\code\acorex-demo\node_modules\@angular\build\src\builders\application\index.js:110:24)
    at async Task.task [as taskFn] (C:\Users\sh.kahrizi\Desktop\code\acorex-demo\node_modules\@angular\build\src\tools\esbuild\utils.js:138:26)[0m


[31mX [41;31m[[41;97mERROR[41;31m][0m [1mAn error occurred while prerendering route '/progress-bar/using-decorators'.

Error: Terminating worker thread
    at ThreadPool.destroy (C:\Users\sh.kahrizi\Desktop\code\acorex-demo\node_modules\piscina\dist\index.js:489:27)
    at WorkerPool.destroy (C:\Users\sh.kahrizi\Desktop\code\acorex-demo\node_modules\piscina\dist\index.js:669:65)
    at C:\Users\sh.kahrizi\Desktop\code\acorex-demo\node_modules\@angular\build\src\utils\server-rendering\prerender.js:166:35
    at async Promise.all (index 136)
    at async renderPages (C:\Users\sh.kahrizi\Desktop\code\acorex-demo\node_modules\@angular\build\src\utils\server-rendering\prerender.js:170:9)
    at async prerenderPages (C:\Users\sh.kahrizi\Desktop\code\acorex-demo\node_modules\@angular\build\src\utils\server-rendering\prerender.js:107:49)
    at async executePostBundleSteps (C:\Users\sh.kahrizi\Desktop\code\acorex-demo\node_modules\@angular\build\src\builders\application\execute-post-bundle.js:77:73)
    at async executeBuild (C:\Users\sh.kahrizi\Desktop\code\acorex-demo\node_modules\@angular\build\src\builders\application\execute-build.js:267:28)
    at async watch (C:\Users\sh.kahrizi\Desktop\code\acorex-demo\node_modules\@angular\build\src\builders\application\index.js:110:24)
    at async Task.task [as taskFn] (C:\Users\sh.kahrizi\Desktop\code\acorex-demo\node_modules\@angular\build\src\tools\esbuild\utils.js:138:26)[0m


[31mX [41;31m[[41;97mERROR[41;31m][0m [1mAn error occurred while prerendering route '/progress-bar/custom-height'.

Error: Terminating worker thread
    at ThreadPool.destroy (C:\Users\sh.kahrizi\Desktop\code\acorex-demo\node_modules\piscina\dist\index.js:489:27)
    at WorkerPool.destroy (C:\Users\sh.kahrizi\Desktop\code\acorex-demo\node_modules\piscina\dist\index.js:669:65)
    at C:\Users\sh.kahrizi\Desktop\code\acorex-demo\node_modules\@angular\build\src\utils\server-rendering\prerender.js:166:35
    at async Promise.all (index 136)
    at async renderPages (C:\Users\sh.kahrizi\Desktop\code\acorex-demo\node_modules\@angular\build\src\utils\server-rendering\prerender.js:170:9)
    at async prerenderPages (C:\Users\sh.kahrizi\Desktop\code\acorex-demo\node_modules\@angular\build\src\utils\server-rendering\prerender.js:107:49)
    at async executePostBundleSteps (C:\Users\sh.kahrizi\Desktop\code\acorex-demo\node_modules\@angular\build\src\builders\application\execute-post-bundle.js:77:73)
    at async executeBuild (C:\Users\sh.kahrizi\Desktop\code\acorex-demo\node_modules\@angular\build\src\builders\application\execute-build.js:267:28)
    at async watch (C:\Users\sh.kahrizi\Desktop\code\acorex-demo\node_modules\@angular\build\src\builders\application\index.js:110:24)
    at async Task.task [as taskFn] (C:\Users\sh.kahrizi\Desktop\code\acorex-demo\node_modules\@angular\build\src\tools\esbuild\utils.js:138:26)[0m


[31mX [41;31m[[41;97mERROR[41;31m][0m [1mAn error occurred while prerendering route '/progress-bar/mode'.

Error: Terminating worker thread
    at ThreadPool.destroy (C:\Users\sh.kahrizi\Desktop\code\acorex-demo\node_modules\piscina\dist\index.js:489:27)
    at WorkerPool.destroy (C:\Users\sh.kahrizi\Desktop\code\acorex-demo\node_modules\piscina\dist\index.js:669:65)
    at C:\Users\sh.kahrizi\Desktop\code\acorex-demo\node_modules\@angular\build\src\utils\server-rendering\prerender.js:166:35
    at async Promise.all (index 136)
    at async renderPages (C:\Users\sh.kahrizi\Desktop\code\acorex-demo\node_modules\@angular\build\src\utils\server-rendering\prerender.js:170:9)
    at async prerenderPages (C:\Users\sh.kahrizi\Desktop\code\acorex-demo\node_modules\@angular\build\src\utils\server-rendering\prerender.js:107:49)
    at async executePostBundleSteps (C:\Users\sh.kahrizi\Desktop\code\acorex-demo\node_modules\@angular\build\src\builders\application\execute-post-bundle.js:77:73)
    at async executeBuild (C:\Users\sh.kahrizi\Desktop\code\acorex-demo\node_modules\@angular\build\src\builders\application\execute-build.js:267:28)
    at async watch (C:\Users\sh.kahrizi\Desktop\code\acorex-demo\node_modules\@angular\build\src\builders\application\index.js:110:24)
    at async Task.task [as taskFn] (C:\Users\sh.kahrizi\Desktop\code\acorex-demo\node_modules\@angular\build\src\tools\esbuild\utils.js:138:26)[0m


[31mX [41;31m[[41;97mERROR[41;31m][0m [1mAn error occurred while prerendering route '/qrcode/usage'.

Error: Terminating worker thread
    at ThreadPool.destroy (C:\Users\sh.kahrizi\Desktop\code\acorex-demo\node_modules\piscina\dist\index.js:489:27)
    at WorkerPool.destroy (C:\Users\sh.kahrizi\Desktop\code\acorex-demo\node_modules\piscina\dist\index.js:669:65)
    at C:\Users\sh.kahrizi\Desktop\code\acorex-demo\node_modules\@angular\build\src\utils\server-rendering\prerender.js:166:35
    at async Promise.all (index 136)
    at async renderPages (C:\Users\sh.kahrizi\Desktop\code\acorex-demo\node_modules\@angular\build\src\utils\server-rendering\prerender.js:170:9)
    at async prerenderPages (C:\Users\sh.kahrizi\Desktop\code\acorex-demo\node_modules\@angular\build\src\utils\server-rendering\prerender.js:107:49)
    at async executePostBundleSteps (C:\Users\sh.kahrizi\Desktop\code\acorex-demo\node_modules\@angular\build\src\builders\application\execute-post-bundle.js:77:73)
    at async executeBuild (C:\Users\sh.kahrizi\Desktop\code\acorex-demo\node_modules\@angular\build\src\builders\application\execute-build.js:267:28)
    at async watch (C:\Users\sh.kahrizi\Desktop\code\acorex-demo\node_modules\@angular\build\src\builders\application\index.js:110:24)
    at async Task.task [as taskFn] (C:\Users\sh.kahrizi\Desktop\code\acorex-demo\node_modules\@angular\build\src\tools\esbuild\utils.js:138:26)[0m


[31mX [41;31m[[41;97mERROR[41;31m][0m [1mAn error occurred while prerendering route '/qrcode/logo'.

Error: Terminating worker thread
    at ThreadPool.destroy (C:\Users\sh.kahrizi\Desktop\code\acorex-demo\node_modules\piscina\dist\index.js:489:27)
    at WorkerPool.destroy (C:\Users\sh.kahrizi\Desktop\code\acorex-demo\node_modules\piscina\dist\index.js:669:65)
    at C:\Users\sh.kahrizi\Desktop\code\acorex-demo\node_modules\@angular\build\src\utils\server-rendering\prerender.js:166:35
    at async Promise.all (index 136)
    at async renderPages (C:\Users\sh.kahrizi\Desktop\code\acorex-demo\node_modules\@angular\build\src\utils\server-rendering\prerender.js:170:9)
    at async prerenderPages (C:\Users\sh.kahrizi\Desktop\code\acorex-demo\node_modules\@angular\build\src\utils\server-rendering\prerender.js:107:49)
    at async executePostBundleSteps (C:\Users\sh.kahrizi\Desktop\code\acorex-demo\node_modules\@angular\build\src\builders\application\execute-post-bundle.js:77:73)
    at async executeBuild (C:\Users\sh.kahrizi\Desktop\code\acorex-demo\node_modules\@angular\build\src\builders\application\execute-build.js:267:28)
    at async watch (C:\Users\sh.kahrizi\Desktop\code\acorex-demo\node_modules\@angular\build\src\builders\application\index.js:110:24)
    at async Task.task [as taskFn] (C:\Users\sh.kahrizi\Desktop\code\acorex-demo\node_modules\@angular\build\src\tools\esbuild\utils.js:138:26)[0m


[31mX [41;31m[[41;97mERROR[41;31m][0m [1mAn error occurred while prerendering route '/qrcode/output-types'.

Error: Terminating worker thread
    at ThreadPool.destroy (C:\Users\sh.kahrizi\Desktop\code\acorex-demo\node_modules\piscina\dist\index.js:489:27)
    at WorkerPool.destroy (C:\Users\sh.kahrizi\Desktop\code\acorex-demo\node_modules\piscina\dist\index.js:669:65)
    at C:\Users\sh.kahrizi\Desktop\code\acorex-demo\node_modules\@angular\build\src\utils\server-rendering\prerender.js:166:35
    at async Promise.all (index 136)
    at async renderPages (C:\Users\sh.kahrizi\Desktop\code\acorex-demo\node_modules\@angular\build\src\utils\server-rendering\prerender.js:170:9)
    at async prerenderPages (C:\Users\sh.kahrizi\Desktop\code\acorex-demo\node_modules\@angular\build\src\utils\server-rendering\prerender.js:107:49)
    at async executePostBundleSteps (C:\Users\sh.kahrizi\Desktop\code\acorex-demo\node_modules\@angular\build\src\builders\application\execute-post-bundle.js:77:73)
    at async executeBuild (C:\Users\sh.kahrizi\Desktop\code\acorex-demo\node_modules\@angular\build\src\builders\application\execute-build.js:267:28)
    at async watch (C:\Users\sh.kahrizi\Desktop\code\acorex-demo\node_modules\@angular\build\src\builders\application\index.js:110:24)
    at async Task.task [as taskFn] (C:\Users\sh.kahrizi\Desktop\code\acorex-demo\node_modules\@angular\build\src\tools\esbuild\utils.js:138:26)[0m


[31mX [41;31m[[41;97mERROR[41;31m][0m [1mAn error occurred while prerendering route '/qrcode/error-levels'.

Error: Terminating worker thread
    at ThreadPool.destroy (C:\Users\sh.kahrizi\Desktop\code\acorex-demo\node_modules\piscina\dist\index.js:489:27)
    at WorkerPool.destroy (C:\Users\sh.kahrizi\Desktop\code\acorex-demo\node_modules\piscina\dist\index.js:669:65)
    at C:\Users\sh.kahrizi\Desktop\code\acorex-demo\node_modules\@angular\build\src\utils\server-rendering\prerender.js:166:35
    at async Promise.all (index 136)
    at async renderPages (C:\Users\sh.kahrizi\Desktop\code\acorex-demo\node_modules\@angular\build\src\utils\server-rendering\prerender.js:170:9)
    at async prerenderPages (C:\Users\sh.kahrizi\Desktop\code\acorex-demo\node_modules\@angular\build\src\utils\server-rendering\prerender.js:107:49)
    at async executePostBundleSteps (C:\Users\sh.kahrizi\Desktop\code\acorex-demo\node_modules\@angular\build\src\builders\application\execute-post-bundle.js:77:73)
    at async executeBuild (C:\Users\sh.kahrizi\Desktop\code\acorex-demo\node_modules\@angular\build\src\builders\application\execute-build.js:267:28)
    at async watch (C:\Users\sh.kahrizi\Desktop\code\acorex-demo\node_modules\@angular\build\src\builders\application\index.js:110:24)
    at async Task.task [as taskFn] (C:\Users\sh.kahrizi\Desktop\code\acorex-demo\node_modules\@angular\build\src\tools\esbuild\utils.js:138:26)[0m


[31mX [41;31m[[41;97mERROR[41;31m][0m [1mAn error occurred while prerendering route '/qrcode/sizes'.

Error: Terminating worker thread
    at ThreadPool.destroy (C:\Users\sh.kahrizi\Desktop\code\acorex-demo\node_modules\piscina\dist\index.js:489:27)
    at WorkerPool.destroy (C:\Users\sh.kahrizi\Desktop\code\acorex-demo\node_modules\piscina\dist\index.js:669:65)
    at C:\Users\sh.kahrizi\Desktop\code\acorex-demo\node_modules\@angular\build\src\utils\server-rendering\prerender.js:166:35
    at async Promise.all (index 136)
    at async renderPages (C:\Users\sh.kahrizi\Desktop\code\acorex-demo\node_modules\@angular\build\src\utils\server-rendering\prerender.js:170:9)
    at async prerenderPages (C:\Users\sh.kahrizi\Desktop\code\acorex-demo\node_modules\@angular\build\src\utils\server-rendering\prerender.js:107:49)
    at async executePostBundleSteps (C:\Users\sh.kahrizi\Desktop\code\acorex-demo\node_modules\@angular\build\src\builders\application\execute-post-bundle.js:77:73)
    at async executeBuild (C:\Users\sh.kahrizi\Desktop\code\acorex-demo\node_modules\@angular\build\src\builders\application\execute-build.js:267:28)
    at async watch (C:\Users\sh.kahrizi\Desktop\code\acorex-demo\node_modules\@angular\build\src\builders\application\index.js:110:24)
    at async Task.task [as taskFn] (C:\Users\sh.kahrizi\Desktop\code\acorex-demo\node_modules\@angular\build\src\tools\esbuild\utils.js:138:26)[0m


[31mX [41;31m[[41;97mERROR[41;31m][0m [1mAn error occurred while prerendering route '/qrcode/colors'.

Error: Terminating worker thread
    at ThreadPool.destroy (C:\Users\sh.kahrizi\Desktop\code\acorex-demo\node_modules\piscina\dist\index.js:489:27)
    at WorkerPool.destroy (C:\Users\sh.kahrizi\Desktop\code\acorex-demo\node_modules\piscina\dist\index.js:669:65)
    at C:\Users\sh.kahrizi\Desktop\code\acorex-demo\node_modules\@angular\build\src\utils\server-rendering\prerender.js:166:35
    at async Promise.all (index 136)
    at async renderPages (C:\Users\sh.kahrizi\Desktop\code\acorex-demo\node_modules\@angular\build\src\utils\server-rendering\prerender.js:170:9)
    at async prerenderPages (C:\Users\sh.kahrizi\Desktop\code\acorex-demo\node_modules\@angular\build\src\utils\server-rendering\prerender.js:107:49)
    at async executePostBundleSteps (C:\Users\sh.kahrizi\Desktop\code\acorex-demo\node_modules\@angular\build\src\builders\application\execute-post-bundle.js:77:73)
    at async executeBuild (C:\Users\sh.kahrizi\Desktop\code\acorex-demo\node_modules\@angular\build\src\builders\application\execute-build.js:267:28)
    at async watch (C:\Users\sh.kahrizi\Desktop\code\acorex-demo\node_modules\@angular\build\src\builders\application\index.js:110:24)
    at async Task.task [as taskFn] (C:\Users\sh.kahrizi\Desktop\code\acorex-demo\node_modules\@angular\build\src\tools\esbuild\utils.js:138:26)[0m


[31mX [41;31m[[41;97mERROR[41;31m][0m [1mAn error occurred while prerendering route '/query-builder/usage'.

Error: Terminating worker thread
    at ThreadPool.destroy (C:\Users\sh.kahrizi\Desktop\code\acorex-demo\node_modules\piscina\dist\index.js:489:27)
    at WorkerPool.destroy (C:\Users\sh.kahrizi\Desktop\code\acorex-demo\node_modules\piscina\dist\index.js:669:65)
    at C:\Users\sh.kahrizi\Desktop\code\acorex-demo\node_modules\@angular\build\src\utils\server-rendering\prerender.js:166:35
    at async Promise.all (index 136)
    at async renderPages (C:\Users\sh.kahrizi\Desktop\code\acorex-demo\node_modules\@angular\build\src\utils\server-rendering\prerender.js:170:9)
    at async prerenderPages (C:\Users\sh.kahrizi\Desktop\code\acorex-demo\node_modules\@angular\build\src\utils\server-rendering\prerender.js:107:49)
    at async executePostBundleSteps (C:\Users\sh.kahrizi\Desktop\code\acorex-demo\node_modules\@angular\build\src\builders\application\execute-post-bundle.js:77:73)
    at async executeBuild (C:\Users\sh.kahrizi\Desktop\code\acorex-demo\node_modules\@angular\build\src\builders\application\execute-build.js:267:28)
    at async watch (C:\Users\sh.kahrizi\Desktop\code\acorex-demo\node_modules\@angular\build\src\builders\application\index.js:110:24)
    at async Task.task [as taskFn] (C:\Users\sh.kahrizi\Desktop\code\acorex-demo\node_modules\@angular\build\src\tools\esbuild\utils.js:138:26)[0m


[31mX [41;31m[[41;97mERROR[41;31m][0m [1mAn error occurred while prerendering route '/result/usage'.

Error: Terminating worker thread
    at ThreadPool.destroy (C:\Users\sh.kahrizi\Desktop\code\acorex-demo\node_modules\piscina\dist\index.js:489:27)
    at WorkerPool.destroy (C:\Users\sh.kahrizi\Desktop\code\acorex-demo\node_modules\piscina\dist\index.js:669:65)
    at C:\Users\sh.kahrizi\Desktop\code\acorex-demo\node_modules\@angular\build\src\utils\server-rendering\prerender.js:166:35
    at async Promise.all (index 136)
    at async renderPages (C:\Users\sh.kahrizi\Desktop\code\acorex-demo\node_modules\@angular\build\src\utils\server-rendering\prerender.js:170:9)
    at async prerenderPages (C:\Users\sh.kahrizi\Desktop\code\acorex-demo\node_modules\@angular\build\src\utils\server-rendering\prerender.js:107:49)
    at async executePostBundleSteps (C:\Users\sh.kahrizi\Desktop\code\acorex-demo\node_modules\@angular\build\src\builders\application\execute-post-bundle.js:77:73)
    at async executeBuild (C:\Users\sh.kahrizi\Desktop\code\acorex-demo\node_modules\@angular\build\src\builders\application\execute-build.js:267:28)
    at async watch (C:\Users\sh.kahrizi\Desktop\code\acorex-demo\node_modules\@angular\build\src\builders\application\index.js:110:24)
    at async Task.task [as taskFn] (C:\Users\sh.kahrizi\Desktop\code\acorex-demo\node_modules\@angular\build\src\tools\esbuild\utils.js:138:26)[0m


[31mX [41;31m[[41;97mERROR[41;31m][0m [1mAn error occurred while prerendering route '/rrule/usage'.

Error: Terminating worker thread
    at ThreadPool.destroy (C:\Users\sh.kahrizi\Desktop\code\acorex-demo\node_modules\piscina\dist\index.js:489:27)
    at WorkerPool.destroy (C:\Users\sh.kahrizi\Desktop\code\acorex-demo\node_modules\piscina\dist\index.js:669:65)
    at C:\Users\sh.kahrizi\Desktop\code\acorex-demo\node_modules\@angular\build\src\utils\server-rendering\prerender.js:166:35
    at async Promise.all (index 136)
    at async renderPages (C:\Users\sh.kahrizi\Desktop\code\acorex-demo\node_modules\@angular\build\src\utils\server-rendering\prerender.js:170:9)
    at async prerenderPages (C:\Users\sh.kahrizi\Desktop\code\acorex-demo\node_modules\@angular\build\src\utils\server-rendering\prerender.js:107:49)
    at async executePostBundleSteps (C:\Users\sh.kahrizi\Desktop\code\acorex-demo\node_modules\@angular\build\src\builders\application\execute-post-bundle.js:77:73)
    at async executeBuild (C:\Users\sh.kahrizi\Desktop\code\acorex-demo\node_modules\@angular\build\src\builders\application\execute-build.js:267:28)
    at async watch (C:\Users\sh.kahrizi\Desktop\code\acorex-demo\node_modules\@angular\build\src\builders\application\index.js:110:24)
    at async Task.task [as taskFn] (C:\Users\sh.kahrizi\Desktop\code\acorex-demo\node_modules\@angular\build\src\tools\esbuild\utils.js:138:26)[0m


[31mX [41;31m[[41;97mERROR[41;31m][0m [1mAn error occurred while prerendering route '/rrule/frequency-options'.

Error: Terminating worker thread
    at ThreadPool.destroy (C:\Users\sh.kahrizi\Desktop\code\acorex-demo\node_modules\piscina\dist\index.js:489:27)
    at WorkerPool.destroy (C:\Users\sh.kahrizi\Desktop\code\acorex-demo\node_modules\piscina\dist\index.js:669:65)
    at C:\Users\sh.kahrizi\Desktop\code\acorex-demo\node_modules\@angular\build\src\utils\server-rendering\prerender.js:166:35
    at async Promise.all (index 136)
    at async renderPages (C:\Users\sh.kahrizi\Desktop\code\acorex-demo\node_modules\@angular\build\src\utils\server-rendering\prerender.js:170:9)
    at async prerenderPages (C:\Users\sh.kahrizi\Desktop\code\acorex-demo\node_modules\@angular\build\src\utils\server-rendering\prerender.js:107:49)
    at async executePostBundleSteps (C:\Users\sh.kahrizi\Desktop\code\acorex-demo\node_modules\@angular\build\src\builders\application\execute-post-bundle.js:77:73)
    at async executeBuild (C:\Users\sh.kahrizi\Desktop\code\acorex-demo\node_modules\@angular\build\src\builders\application\execute-build.js:267:28)
    at async watch (C:\Users\sh.kahrizi\Desktop\code\acorex-demo\node_modules\@angular\build\src\builders\application\index.js:110:24)
    at async Task.task [as taskFn] (C:\Users\sh.kahrizi\Desktop\code\acorex-demo\node_modules\@angular\build\src\tools\esbuild\utils.js:138:26)[0m


[31mX [41;31m[[41;97mERROR[41;31m][0m [1mAn error occurred while prerendering route '/rrule/interval-count'.

Error: Terminating worker thread
    at ThreadPool.destroy (C:\Users\sh.kahrizi\Desktop\code\acorex-demo\node_modules\piscina\dist\index.js:489:27)
    at WorkerPool.destroy (C:\Users\sh.kahrizi\Desktop\code\acorex-demo\node_modules\piscina\dist\index.js:669:65)
    at C:\Users\sh.kahrizi\Desktop\code\acorex-demo\node_modules\@angular\build\src\utils\server-rendering\prerender.js:166:35
    at async Promise.all (index 136)
    at async renderPages (C:\Users\sh.kahrizi\Desktop\code\acorex-demo\node_modules\@angular\build\src\utils\server-rendering\prerender.js:170:9)
    at async prerenderPages (C:\Users\sh.kahrizi\Desktop\code\acorex-demo\node_modules\@angular\build\src\utils\server-rendering\prerender.js:107:49)
    at async executePostBundleSteps (C:\Users\sh.kahrizi\Desktop\code\acorex-demo\node_modules\@angular\build\src\builders\application\execute-post-bundle.js:77:73)
    at async executeBuild (C:\Users\sh.kahrizi\Desktop\code\acorex-demo\node_modules\@angular\build\src\builders\application\execute-build.js:267:28)
    at async watch (C:\Users\sh.kahrizi\Desktop\code\acorex-demo\node_modules\@angular\build\src\builders\application\index.js:110:24)
    at async Task.task [as taskFn] (C:\Users\sh.kahrizi\Desktop\code\acorex-demo\node_modules\@angular\build\src\tools\esbuild\utils.js:138:26)[0m


[31mX [41;31m[[41;97mERROR[41;31m][0m [1mAn error occurred while prerendering route '/rrule/byweekday'.

Error: Terminating worker thread
    at ThreadPool.destroy (C:\Users\sh.kahrizi\Desktop\code\acorex-demo\node_modules\piscina\dist\index.js:489:27)
    at WorkerPool.destroy (C:\Users\sh.kahrizi\Desktop\code\acorex-demo\node_modules\piscina\dist\index.js:669:65)
    at C:\Users\sh.kahrizi\Desktop\code\acorex-demo\node_modules\@angular\build\src\utils\server-rendering\prerender.js:166:35
    at async Promise.all (index 136)
    at async renderPages (C:\Users\sh.kahrizi\Desktop\code\acorex-demo\node_modules\@angular\build\src\utils\server-rendering\prerender.js:170:9)
    at async prerenderPages (C:\Users\sh.kahrizi\Desktop\code\acorex-demo\node_modules\@angular\build\src\utils\server-rendering\prerender.js:107:49)
    at async executePostBundleSteps (C:\Users\sh.kahrizi\Desktop\code\acorex-demo\node_modules\@angular\build\src\builders\application\execute-post-bundle.js:77:73)
    at async executeBuild (C:\Users\sh.kahrizi\Desktop\code\acorex-demo\node_modules\@angular\build\src\builders\application\execute-build.js:267:28)
    at async watch (C:\Users\sh.kahrizi\Desktop\code\acorex-demo\node_modules\@angular\build\src\builders\application\index.js:110:24)
    at async Task.task [as taskFn] (C:\Users\sh.kahrizi\Desktop\code\acorex-demo\node_modules\@angular\build\src\tools\esbuild\utils.js:138:26)[0m


[31mX [41;31m[[41;97mERROR[41;31m][0m [1mAn error occurred while prerendering route '/rrule/bymonthday'.

Error: Terminating worker thread
    at ThreadPool.destroy (C:\Users\sh.kahrizi\Desktop\code\acorex-demo\node_modules\piscina\dist\index.js:489:27)
    at WorkerPool.destroy (C:\Users\sh.kahrizi\Desktop\code\acorex-demo\node_modules\piscina\dist\index.js:669:65)
    at C:\Users\sh.kahrizi\Desktop\code\acorex-demo\node_modules\@angular\build\src\utils\server-rendering\prerender.js:166:35
    at async Promise.all (index 136)
    at async renderPages (C:\Users\sh.kahrizi\Desktop\code\acorex-demo\node_modules\@angular\build\src\utils\server-rendering\prerender.js:170:9)
    at async prerenderPages (C:\Users\sh.kahrizi\Desktop\code\acorex-demo\node_modules\@angular\build\src\utils\server-rendering\prerender.js:107:49)
    at async executePostBundleSteps (C:\Users\sh.kahrizi\Desktop\code\acorex-demo\node_modules\@angular\build\src\builders\application\execute-post-bundle.js:77:73)
    at async executeBuild (C:\Users\sh.kahrizi\Desktop\code\acorex-demo\node_modules\@angular\build\src\builders\application\execute-build.js:267:28)
    at async watch (C:\Users\sh.kahrizi\Desktop\code\acorex-demo\node_modules\@angular\build\src\builders\application\index.js:110:24)
    at async Task.task [as taskFn] (C:\Users\sh.kahrizi\Desktop\code\acorex-demo\node_modules\@angular\build\src\tools\esbuild\utils.js:138:26)[0m


[31mX [41;31m[[41;97mERROR[41;31m][0m [1mAn error occurred while prerendering route '/rrule/until-date'.

Error: Terminating worker thread
    at ThreadPool.destroy (C:\Users\sh.kahrizi\Desktop\code\acorex-demo\node_modules\piscina\dist\index.js:489:27)
    at WorkerPool.destroy (C:\Users\sh.kahrizi\Desktop\code\acorex-demo\node_modules\piscina\dist\index.js:669:65)
    at C:\Users\sh.kahrizi\Desktop\code\acorex-demo\node_modules\@angular\build\src\utils\server-rendering\prerender.js:166:35
    at async Promise.all (index 136)
    at async renderPages (C:\Users\sh.kahrizi\Desktop\code\acorex-demo\node_modules\@angular\build\src\utils\server-rendering\prerender.js:170:9)
    at async prerenderPages (C:\Users\sh.kahrizi\Desktop\code\acorex-demo\node_modules\@angular\build\src\utils\server-rendering\prerender.js:107:49)
    at async executePostBundleSteps (C:\Users\sh.kahrizi\Desktop\code\acorex-demo\node_modules\@angular\build\src\builders\application\execute-post-bundle.js:77:73)
    at async executeBuild (C:\Users\sh.kahrizi\Desktop\code\acorex-demo\node_modules\@angular\build\src\builders\application\execute-build.js:267:28)
    at async watch (C:\Users\sh.kahrizi\Desktop\code\acorex-demo\node_modules\@angular\build\src\builders\application\index.js:110:24)
    at async Task.task [as taskFn] (C:\Users\sh.kahrizi\Desktop\code\acorex-demo\node_modules\@angular\build\src\tools\esbuild\utils.js:138:26)[0m


[31mX [41;31m[[41;97mERROR[41;31m][0m [1mAn error occurred while prerendering route '/rrule/complex-rules'.

Error: Terminating worker thread
    at ThreadPool.destroy (C:\Users\sh.kahrizi\Desktop\code\acorex-demo\node_modules\piscina\dist\index.js:489:27)
    at WorkerPool.destroy (C:\Users\sh.kahrizi\Desktop\code\acorex-demo\node_modules\piscina\dist\index.js:669:65)
    at C:\Users\sh.kahrizi\Desktop\code\acorex-demo\node_modules\@angular\build\src\utils\server-rendering\prerender.js:166:35
    at async Promise.all (index 136)
    at async renderPages (C:\Users\sh.kahrizi\Desktop\code\acorex-demo\node_modules\@angular\build\src\utils\server-rendering\prerender.js:170:9)
    at async prerenderPages (C:\Users\sh.kahrizi\Desktop\code\acorex-demo\node_modules\@angular\build\src\utils\server-rendering\prerender.js:107:49)
    at async executePostBundleSteps (C:\Users\sh.kahrizi\Desktop\code\acorex-demo\node_modules\@angular\build\src\builders\application\execute-post-bundle.js:77:73)
    at async executeBuild (C:\Users\sh.kahrizi\Desktop\code\acorex-demo\node_modules\@angular\build\src\builders\application\execute-build.js:267:28)
    at async watch (C:\Users\sh.kahrizi\Desktop\code\acorex-demo\node_modules\@angular\build\src\builders\application\index.js:110:24)
    at async Task.task [as taskFn] (C:\Users\sh.kahrizi\Desktop\code\acorex-demo\node_modules\@angular\build\src\tools\esbuild\utils.js:138:26)[0m


[31mX [41;31m[[41;97mERROR[41;31m][0m [1mAn error occurred while prerendering route '/rrule/rrule-picker'.

Error: Terminating worker thread
    at ThreadPool.destroy (C:\Users\sh.kahrizi\Desktop\code\acorex-demo\node_modules\piscina\dist\index.js:489:27)
    at WorkerPool.destroy (C:\Users\sh.kahrizi\Desktop\code\acorex-demo\node_modules\piscina\dist\index.js:669:65)
    at C:\Users\sh.kahrizi\Desktop\code\acorex-demo\node_modules\@angular\build\src\utils\server-rendering\prerender.js:166:35
    at async Promise.all (index 136)
    at async renderPages (C:\Users\sh.kahrizi\Desktop\code\acorex-demo\node_modules\@angular\build\src\utils\server-rendering\prerender.js:170:9)
    at async prerenderPages (C:\Users\sh.kahrizi\Desktop\code\acorex-demo\node_modules\@angular\build\src\utils\server-rendering\prerender.js:107:49)
    at async executePostBundleSteps (C:\Users\sh.kahrizi\Desktop\code\acorex-demo\node_modules\@angular\build\src\builders\application\execute-post-bundle.js:77:73)
    at async executeBuild (C:\Users\sh.kahrizi\Desktop\code\acorex-demo\node_modules\@angular\build\src\builders\application\execute-build.js:267:28)
    at async watch (C:\Users\sh.kahrizi\Desktop\code\acorex-demo\node_modules\@angular\build\src\builders\application\index.js:110:24)
    at async Task.task [as taskFn] (C:\Users\sh.kahrizi\Desktop\code\acorex-demo\node_modules\@angular\build\src\tools\esbuild\utils.js:138:26)[0m


[31mX [41;31m[[41;97mERROR[41;31m][0m [1mAn error occurred while prerendering route '/rail-navigation/usage'.

Error: Terminating worker thread
    at ThreadPool.destroy (C:\Users\sh.kahrizi\Desktop\code\acorex-demo\node_modules\piscina\dist\index.js:489:27)
    at WorkerPool.destroy (C:\Users\sh.kahrizi\Desktop\code\acorex-demo\node_modules\piscina\dist\index.js:669:65)
    at C:\Users\sh.kahrizi\Desktop\code\acorex-demo\node_modules\@angular\build\src\utils\server-rendering\prerender.js:166:35
    at async Promise.all (index 136)
    at async renderPages (C:\Users\sh.kahrizi\Desktop\code\acorex-demo\node_modules\@angular\build\src\utils\server-rendering\prerender.js:170:9)
    at async prerenderPages (C:\Users\sh.kahrizi\Desktop\code\acorex-demo\node_modules\@angular\build\src\utils\server-rendering\prerender.js:107:49)
    at async executePostBundleSteps (C:\Users\sh.kahrizi\Desktop\code\acorex-demo\node_modules\@angular\build\src\builders\application\execute-post-bundle.js:77:73)
    at async executeBuild (C:\Users\sh.kahrizi\Desktop\code\acorex-demo\node_modules\@angular\build\src\builders\application\execute-build.js:267:28)
    at async watch (C:\Users\sh.kahrizi\Desktop\code\acorex-demo\node_modules\@angular\build\src\builders\application\index.js:110:24)
    at async Task.task [as taskFn] (C:\Users\sh.kahrizi\Desktop\code\acorex-demo\node_modules\@angular\build\src\tools\esbuild\utils.js:138:26)[0m


[31mX [41;31m[[41;97mERROR[41;31m][0m [1mAn error occurred while prerendering route '/rail-navigation/looks'.

Error: Terminating worker thread
    at ThreadPool.destroy (C:\Users\sh.kahrizi\Desktop\code\acorex-demo\node_modules\piscina\dist\index.js:489:27)
    at WorkerPool.destroy (C:\Users\sh.kahrizi\Desktop\code\acorex-demo\node_modules\piscina\dist\index.js:669:65)
    at C:\Users\sh.kahrizi\Desktop\code\acorex-demo\node_modules\@angular\build\src\utils\server-rendering\prerender.js:166:35
    at async Promise.all (index 136)
    at async renderPages (C:\Users\sh.kahrizi\Desktop\code\acorex-demo\node_modules\@angular\build\src\utils\server-rendering\prerender.js:170:9)
    at async prerenderPages (C:\Users\sh.kahrizi\Desktop\code\acorex-demo\node_modules\@angular\build\src\utils\server-rendering\prerender.js:107:49)
    at async executePostBundleSteps (C:\Users\sh.kahrizi\Desktop\code\acorex-demo\node_modules\@angular\build\src\builders\application\execute-post-bundle.js:77:73)
    at async executeBuild (C:\Users\sh.kahrizi\Desktop\code\acorex-demo\node_modules\@angular\build\src\builders\application\execute-build.js:267:28)
    at async watch (C:\Users\sh.kahrizi\Desktop\code\acorex-demo\node_modules\@angular\build\src\builders\application\index.js:110:24)
    at async Task.task [as taskFn] (C:\Users\sh.kahrizi\Desktop\code\acorex-demo\node_modules\@angular\build\src\tools\esbuild\utils.js:138:26)[0m


[31mX [41;31m[[41;97mERROR[41;31m][0m [1mAn error occurred while prerendering route '/rail-navigation/states'.

Error: Terminating worker thread
    at ThreadPool.destroy (C:\Users\sh.kahrizi\Desktop\code\acorex-demo\node_modules\piscina\dist\index.js:489:27)
    at WorkerPool.destroy (C:\Users\sh.kahrizi\Desktop\code\acorex-demo\node_modules\piscina\dist\index.js:669:65)
    at C:\Users\sh.kahrizi\Desktop\code\acorex-demo\node_modules\@angular\build\src\utils\server-rendering\prerender.js:166:35
    at async Promise.all (index 136)
    at async renderPages (C:\Users\sh.kahrizi\Desktop\code\acorex-demo\node_modules\@angular\build\src\utils\server-rendering\prerender.js:170:9)
    at async prerenderPages (C:\Users\sh.kahrizi\Desktop\code\acorex-demo\node_modules\@angular\build\src\utils\server-rendering\prerender.js:107:49)
    at async executePostBundleSteps (C:\Users\sh.kahrizi\Desktop\code\acorex-demo\node_modules\@angular\build\src\builders\application\execute-post-bundle.js:77:73)
    at async executeBuild (C:\Users\sh.kahrizi\Desktop\code\acorex-demo\node_modules\@angular\build\src\builders\application\execute-build.js:267:28)
    at async watch (C:\Users\sh.kahrizi\Desktop\code\acorex-demo\node_modules\@angular\build\src\builders\application\index.js:110:24)
    at async Task.task [as taskFn] (C:\Users\sh.kahrizi\Desktop\code\acorex-demo\node_modules\@angular\build\src\tools\esbuild\utils.js:138:26)[0m


[31mX [41;31m[[41;97mERROR[41;31m][0m [1mAn error occurred while prerendering route '/rail-navigation/locations'.

Error: Terminating worker thread
    at ThreadPool.destroy (C:\Users\sh.kahrizi\Desktop\code\acorex-demo\node_modules\piscina\dist\index.js:489:27)
    at WorkerPool.destroy (C:\Users\sh.kahrizi\Desktop\code\acorex-demo\node_modules\piscina\dist\index.js:669:65)
    at C:\Users\sh.kahrizi\Desktop\code\acorex-demo\node_modules\@angular\build\src\utils\server-rendering\prerender.js:166:35
    at async Promise.all (index 136)
    at async renderPages (C:\Users\sh.kahrizi\Desktop\code\acorex-demo\node_modules\@angular\build\src\utils\server-rendering\prerender.js:170:9)
    at async prerenderPages (C:\Users\sh.kahrizi\Desktop\code\acorex-demo\node_modules\@angular\build\src\utils\server-rendering\prerender.js:107:49)
    at async executePostBundleSteps (C:\Users\sh.kahrizi\Desktop\code\acorex-demo\node_modules\@angular\build\src\builders\application\execute-post-bundle.js:77:73)
    at async executeBuild (C:\Users\sh.kahrizi\Desktop\code\acorex-demo\node_modules\@angular\build\src\builders\application\execute-build.js:267:28)
    at async watch (C:\Users\sh.kahrizi\Desktop\code\acorex-demo\node_modules\@angular\build\src\builders\application\index.js:110:24)
    at async Task.task [as taskFn] (C:\Users\sh.kahrizi\Desktop\code\acorex-demo\node_modules\@angular\build\src\tools\esbuild\utils.js:138:26)[0m


[31mX [41;31m[[41;97mERROR[41;31m][0m [1mAn error occurred while prerendering route '/rail-navigation/service'.

Error: Terminating worker thread
    at ThreadPool.destroy (C:\Users\sh.kahrizi\Desktop\code\acorex-demo\node_modules\piscina\dist\index.js:489:27)
    at WorkerPool.destroy (C:\Users\sh.kahrizi\Desktop\code\acorex-demo\node_modules\piscina\dist\index.js:669:65)
    at C:\Users\sh.kahrizi\Desktop\code\acorex-demo\node_modules\@angular\build\src\utils\server-rendering\prerender.js:166:35
    at async Promise.all (index 136)
    at async renderPages (C:\Users\sh.kahrizi\Desktop\code\acorex-demo\node_modules\@angular\build\src\utils\server-rendering\prerender.js:170:9)
    at async prerenderPages (C:\Users\sh.kahrizi\Desktop\code\acorex-demo\node_modules\@angular\build\src\utils\server-rendering\prerender.js:107:49)
    at async executePostBundleSteps (C:\Users\sh.kahrizi\Desktop\code\acorex-demo\node_modules\@angular\build\src\builders\application\execute-post-bundle.js:77:73)
    at async executeBuild (C:\Users\sh.kahrizi\Desktop\code\acorex-demo\node_modules\@angular\build\src\builders\application\execute-build.js:267:28)
    at async watch (C:\Users\sh.kahrizi\Desktop\code\acorex-demo\node_modules\@angular\build\src\builders\application\index.js:110:24)
    at async Task.task [as taskFn] (C:\Users\sh.kahrizi\Desktop\code\acorex-demo\node_modules\@angular\build\src\tools\esbuild\utils.js:138:26)[0m


[31mX [41;31m[[41;97mERROR[41;31m][0m [1mAn error occurred while prerendering route '/search-box/usage'.

Error: Terminating worker thread
    at ThreadPool.destroy (C:\Users\sh.kahrizi\Desktop\code\acorex-demo\node_modules\piscina\dist\index.js:489:27)
    at WorkerPool.destroy (C:\Users\sh.kahrizi\Desktop\code\acorex-demo\node_modules\piscina\dist\index.js:669:65)
    at C:\Users\sh.kahrizi\Desktop\code\acorex-demo\node_modules\@angular\build\src\utils\server-rendering\prerender.js:166:35
    at async Promise.all (index 136)
    at async renderPages (C:\Users\sh.kahrizi\Desktop\code\acorex-demo\node_modules\@angular\build\src\utils\server-rendering\prerender.js:170:9)
    at async prerenderPages (C:\Users\sh.kahrizi\Desktop\code\acorex-demo\node_modules\@angular\build\src\utils\server-rendering\prerender.js:107:49)
    at async executePostBundleSteps (C:\Users\sh.kahrizi\Desktop\code\acorex-demo\node_modules\@angular\build\src\builders\application\execute-post-bundle.js:77:73)
    at async executeBuild (C:\Users\sh.kahrizi\Desktop\code\acorex-demo\node_modules\@angular\build\src\builders\application\execute-build.js:267:28)
    at async watch (C:\Users\sh.kahrizi\Desktop\code\acorex-demo\node_modules\@angular\build\src\builders\application\index.js:110:24)
    at async Task.task [as taskFn] (C:\Users\sh.kahrizi\Desktop\code\acorex-demo\node_modules\@angular\build\src\tools\esbuild\utils.js:138:26)[0m


[31mX [41;31m[[41;97mERROR[41;31m][0m [1mAn error occurred while prerendering route '/search-box/changing-default-icon'.

Error: Terminating worker thread
    at ThreadPool.destroy (C:\Users\sh.kahrizi\Desktop\code\acorex-demo\node_modules\piscina\dist\index.js:489:27)
    at WorkerPool.destroy (C:\Users\sh.kahrizi\Desktop\code\acorex-demo\node_modules\piscina\dist\index.js:669:65)
    at C:\Users\sh.kahrizi\Desktop\code\acorex-demo\node_modules\@angular\build\src\utils\server-rendering\prerender.js:166:35
    at async Promise.all (index 136)
    at async renderPages (C:\Users\sh.kahrizi\Desktop\code\acorex-demo\node_modules\@angular\build\src\utils\server-rendering\prerender.js:170:9)
    at async prerenderPages (C:\Users\sh.kahrizi\Desktop\code\acorex-demo\node_modules\@angular\build\src\utils\server-rendering\prerender.js:107:49)
    at async executePostBundleSteps (C:\Users\sh.kahrizi\Desktop\code\acorex-demo\node_modules\@angular\build\src\builders\application\execute-post-bundle.js:77:73)
    at async executeBuild (C:\Users\sh.kahrizi\Desktop\code\acorex-demo\node_modules\@angular\build\src\builders\application\execute-build.js:267:28)
    at async watch (C:\Users\sh.kahrizi\Desktop\code\acorex-demo\node_modules\@angular\build\src\builders\application\index.js:110:24)
    at async Task.task [as taskFn] (C:\Users\sh.kahrizi\Desktop\code\acorex-demo\node_modules\@angular\build\src\tools\esbuild\utils.js:138:26)[0m


[31mX [41;31m[[41;97mERROR[41;31m][0m [1mAn error occurred while prerendering route '/search-box/using-decorators'.

Error: Terminating worker thread
    at ThreadPool.destroy (C:\Users\sh.kahrizi\Desktop\code\acorex-demo\node_modules\piscina\dist\index.js:489:27)
    at WorkerPool.destroy (C:\Users\sh.kahrizi\Desktop\code\acorex-demo\node_modules\piscina\dist\index.js:669:65)
    at C:\Users\sh.kahrizi\Desktop\code\acorex-demo\node_modules\@angular\build\src\utils\server-rendering\prerender.js:166:35
    at async Promise.all (index 136)
    at async renderPages (C:\Users\sh.kahrizi\Desktop\code\acorex-demo\node_modules\@angular\build\src\utils\server-rendering\prerender.js:170:9)
    at async prerenderPages (C:\Users\sh.kahrizi\Desktop\code\acorex-demo\node_modules\@angular\build\src\utils\server-rendering\prerender.js:107:49)
    at async executePostBundleSteps (C:\Users\sh.kahrizi\Desktop\code\acorex-demo\node_modules\@angular\build\src\builders\application\execute-post-bundle.js:77:73)
    at async executeBuild (C:\Users\sh.kahrizi\Desktop\code\acorex-demo\node_modules\@angular\build\src\builders\application\execute-build.js:267:28)
    at async watch (C:\Users\sh.kahrizi\Desktop\code\acorex-demo\node_modules\@angular\build\src\builders\application\index.js:110:24)
    at async Task.task [as taskFn] (C:\Users\sh.kahrizi\Desktop\code\acorex-demo\node_modules\@angular\build\src\tools\esbuild\utils.js:138:26)[0m


[31mX [41;31m[[41;97mERROR[41;31m][0m [1mAn error occurred while prerendering route '/select-box/usage'.

Error: Terminating worker thread
    at ThreadPool.destroy (C:\Users\sh.kahrizi\Desktop\code\acorex-demo\node_modules\piscina\dist\index.js:489:27)
    at WorkerPool.destroy (C:\Users\sh.kahrizi\Desktop\code\acorex-demo\node_modules\piscina\dist\index.js:669:65)
    at C:\Users\sh.kahrizi\Desktop\code\acorex-demo\node_modules\@angular\build\src\utils\server-rendering\prerender.js:166:35
    at async Promise.all (index 136)
    at async renderPages (C:\Users\sh.kahrizi\Desktop\code\acorex-demo\node_modules\@angular\build\src\utils\server-rendering\prerender.js:170:9)
    at async prerenderPages (C:\Users\sh.kahrizi\Desktop\code\acorex-demo\node_modules\@angular\build\src\utils\server-rendering\prerender.js:107:49)
    at async executePostBundleSteps (C:\Users\sh.kahrizi\Desktop\code\acorex-demo\node_modules\@angular\build\src\builders\application\execute-post-bundle.js:77:73)
    at async executeBuild (C:\Users\sh.kahrizi\Desktop\code\acorex-demo\node_modules\@angular\build\src\builders\application\execute-build.js:267:28)
    at async watch (C:\Users\sh.kahrizi\Desktop\code\acorex-demo\node_modules\@angular\build\src\builders\application\index.js:110:24)
    at async Task.task [as taskFn] (C:\Users\sh.kahrizi\Desktop\code\acorex-demo\node_modules\@angular\build\src\tools\esbuild\utils.js:138:26)[0m


[31mX [41;31m[[41;97mERROR[41;31m][0m [1mAn error occurred while prerendering route '/select-box/multiple-selection'.

Error: Terminating worker thread
    at ThreadPool.destroy (C:\Users\sh.kahrizi\Desktop\code\acorex-demo\node_modules\piscina\dist\index.js:489:27)
    at WorkerPool.destroy (C:\Users\sh.kahrizi\Desktop\code\acorex-demo\node_modules\piscina\dist\index.js:669:65)
    at C:\Users\sh.kahrizi\Desktop\code\acorex-demo\node_modules\@angular\build\src\utils\server-rendering\prerender.js:166:35
    at async Promise.all (index 136)
    at async renderPages (C:\Users\sh.kahrizi\Desktop\code\acorex-demo\node_modules\@angular\build\src\utils\server-rendering\prerender.js:170:9)
    at async prerenderPages (C:\Users\sh.kahrizi\Desktop\code\acorex-demo\node_modules\@angular\build\src\utils\server-rendering\prerender.js:107:49)
    at async executePostBundleSteps (C:\Users\sh.kahrizi\Desktop\code\acorex-demo\node_modules\@angular\build\src\builders\application\execute-post-bundle.js:77:73)
    at async executeBuild (C:\Users\sh.kahrizi\Desktop\code\acorex-demo\node_modules\@angular\build\src\builders\application\execute-build.js:267:28)
    at async watch (C:\Users\sh.kahrizi\Desktop\code\acorex-demo\node_modules\@angular\build\src\builders\application\index.js:110:24)
    at async Task.task [as taskFn] (C:\Users\sh.kahrizi\Desktop\code\acorex-demo\node_modules\@angular\build\src\tools\esbuild\utils.js:138:26)[0m


[31mX [41;31m[[41;97mERROR[41;31m][0m [1mAn error occurred while prerendering route '/select-box/custom-item-template'.

Error: Terminating worker thread
    at ThreadPool.destroy (C:\Users\sh.kahrizi\Desktop\code\acorex-demo\node_modules\piscina\dist\index.js:489:27)
    at WorkerPool.destroy (C:\Users\sh.kahrizi\Desktop\code\acorex-demo\node_modules\piscina\dist\index.js:669:65)
    at C:\Users\sh.kahrizi\Desktop\code\acorex-demo\node_modules\@angular\build\src\utils\server-rendering\prerender.js:166:35
    at async Promise.all (index 136)
    at async renderPages (C:\Users\sh.kahrizi\Desktop\code\acorex-demo\node_modules\@angular\build\src\utils\server-rendering\prerender.js:170:9)
    at async prerenderPages (C:\Users\sh.kahrizi\Desktop\code\acorex-demo\node_modules\@angular\build\src\utils\server-rendering\prerender.js:107:49)
    at async executePostBundleSteps (C:\Users\sh.kahrizi\Desktop\code\acorex-demo\node_modules\@angular\build\src\builders\application\execute-post-bundle.js:77:73)
    at async executeBuild (C:\Users\sh.kahrizi\Desktop\code\acorex-demo\node_modules\@angular\build\src\builders\application\execute-build.js:267:28)
    at async watch (C:\Users\sh.kahrizi\Desktop\code\acorex-demo\node_modules\@angular\build\src\builders\application\index.js:110:24)
    at async Task.task [as taskFn] (C:\Users\sh.kahrizi\Desktop\code\acorex-demo\node_modules\@angular\build\src\tools\esbuild\utils.js:138:26)[0m


[31mX [41;31m[[41;97mERROR[41;31m][0m [1mAn error occurred while prerendering route '/select-box/custom-loading-template'.

Error: Terminating worker thread
    at ThreadPool.destroy (C:\Users\sh.kahrizi\Desktop\code\acorex-demo\node_modules\piscina\dist\index.js:489:27)
    at WorkerPool.destroy (C:\Users\sh.kahrizi\Desktop\code\acorex-demo\node_modules\piscina\dist\index.js:669:65)
    at C:\Users\sh.kahrizi\Desktop\code\acorex-demo\node_modules\@angular\build\src\utils\server-rendering\prerender.js:166:35
    at async Promise.all (index 136)
    at async renderPages (C:\Users\sh.kahrizi\Desktop\code\acorex-demo\node_modules\@angular\build\src\utils\server-rendering\prerender.js:170:9)
    at async prerenderPages (C:\Users\sh.kahrizi\Desktop\code\acorex-demo\node_modules\@angular\build\src\utils\server-rendering\prerender.js:107:49)
    at async executePostBundleSteps (C:\Users\sh.kahrizi\Desktop\code\acorex-demo\node_modules\@angular\build\src\builders\application\execute-post-bundle.js:77:73)
    at async executeBuild (C:\Users\sh.kahrizi\Desktop\code\acorex-demo\node_modules\@angular\build\src\builders\application\execute-build.js:267:28)
    at async watch (C:\Users\sh.kahrizi\Desktop\code\acorex-demo\node_modules\@angular\build\src\builders\application\index.js:110:24)
    at async Task.task [as taskFn] (C:\Users\sh.kahrizi\Desktop\code\acorex-demo\node_modules\@angular\build\src\tools\esbuild\utils.js:138:26)[0m


[31mX [41;31m[[41;97mERROR[41;31m][0m [1mAn error occurred while prerendering route '/select-box/custom-empty-template'.

Error: Terminating worker thread
    at ThreadPool.destroy (C:\Users\sh.kahrizi\Desktop\code\acorex-demo\node_modules\piscina\dist\index.js:489:27)
    at WorkerPool.destroy (C:\Users\sh.kahrizi\Desktop\code\acorex-demo\node_modules\piscina\dist\index.js:669:65)
    at C:\Users\sh.kahrizi\Desktop\code\acorex-demo\node_modules\@angular\build\src\utils\server-rendering\prerender.js:166:35
    at async Promise.all (index 136)
    at async renderPages (C:\Users\sh.kahrizi\Desktop\code\acorex-demo\node_modules\@angular\build\src\utils\server-rendering\prerender.js:170:9)
    at async prerenderPages (C:\Users\sh.kahrizi\Desktop\code\acorex-demo\node_modules\@angular\build\src\utils\server-rendering\prerender.js:107:49)
    at async executePostBundleSteps (C:\Users\sh.kahrizi\Desktop\code\acorex-demo\node_modules\@angular\build\src\builders\application\execute-post-bundle.js:77:73)
    at async executeBuild (C:\Users\sh.kahrizi\Desktop\code\acorex-demo\node_modules\@angular\build\src\builders\application\execute-build.js:267:28)
    at async watch (C:\Users\sh.kahrizi\Desktop\code\acorex-demo\node_modules\@angular\build\src\builders\application\index.js:110:24)
    at async Task.task [as taskFn] (C:\Users\sh.kahrizi\Desktop\code\acorex-demo\node_modules\@angular\build\src\tools\esbuild\utils.js:138:26)[0m


[31mX [41;31m[[41;97mERROR[41;31m][0m [1mAn error occurred while prerendering route '/select-box/api-call'.

Error: Terminating worker thread
    at ThreadPool.destroy (C:\Users\sh.kahrizi\Desktop\code\acorex-demo\node_modules\piscina\dist\index.js:489:27)
    at WorkerPool.destroy (C:\Users\sh.kahrizi\Desktop\code\acorex-demo\node_modules\piscina\dist\index.js:669:65)
    at C:\Users\sh.kahrizi\Desktop\code\acorex-demo\node_modules\@angular\build\src\utils\server-rendering\prerender.js:166:35
    at async Promise.all (index 136)
    at async renderPages (C:\Users\sh.kahrizi\Desktop\code\acorex-demo\node_modules\@angular\build\src\utils\server-rendering\prerender.js:170:9)
    at async prerenderPages (C:\Users\sh.kahrizi\Desktop\code\acorex-demo\node_modules\@angular\build\src\utils\server-rendering\prerender.js:107:49)
    at async executePostBundleSteps (C:\Users\sh.kahrizi\Desktop\code\acorex-demo\node_modules\@angular\build\src\builders\application\execute-post-bundle.js:77:73)
    at async executeBuild (C:\Users\sh.kahrizi\Desktop\code\acorex-demo\node_modules\@angular\build\src\builders\application\execute-build.js:267:28)
    at async watch (C:\Users\sh.kahrizi\Desktop\code\acorex-demo\node_modules\@angular\build\src\builders\application\index.js:110:24)
    at async Task.task [as taskFn] (C:\Users\sh.kahrizi\Desktop\code\acorex-demo\node_modules\@angular\build\src\tools\esbuild\utils.js:138:26)[0m


[31mX [41;31m[[41;97mERROR[41;31m][0m [1mAn error occurred while prerendering route '/selection-list/usage'.

Error: Terminating worker thread
    at ThreadPool.destroy (C:\Users\sh.kahrizi\Desktop\code\acorex-demo\node_modules\piscina\dist\index.js:489:27)
    at WorkerPool.destroy (C:\Users\sh.kahrizi\Desktop\code\acorex-demo\node_modules\piscina\dist\index.js:669:65)
    at C:\Users\sh.kahrizi\Desktop\code\acorex-demo\node_modules\@angular\build\src\utils\server-rendering\prerender.js:166:35
    at async Promise.all (index 136)
    at async renderPages (C:\Users\sh.kahrizi\Desktop\code\acorex-demo\node_modules\@angular\build\src\utils\server-rendering\prerender.js:170:9)
    at async prerenderPages (C:\Users\sh.kahrizi\Desktop\code\acorex-demo\node_modules\@angular\build\src\utils\server-rendering\prerender.js:107:49)
    at async executePostBundleSteps (C:\Users\sh.kahrizi\Desktop\code\acorex-demo\node_modules\@angular\build\src\builders\application\execute-post-bundle.js:77:73)
    at async executeBuild (C:\Users\sh.kahrizi\Desktop\code\acorex-demo\node_modules\@angular\build\src\builders\application\execute-build.js:267:28)
    at async watch (C:\Users\sh.kahrizi\Desktop\code\acorex-demo\node_modules\@angular\build\src\builders\application\index.js:110:24)
    at async Task.task [as taskFn] (C:\Users\sh.kahrizi\Desktop\code\acorex-demo\node_modules\@angular\build\src\tools\esbuild\utils.js:138:26)[0m


[31mX [41;31m[[41;97mERROR[41;31m][0m [1mAn error occurred while prerendering route '/selection-list/control'.

Error: Terminating worker thread
    at ThreadPool.destroy (C:\Users\sh.kahrizi\Desktop\code\acorex-demo\node_modules\piscina\dist\index.js:489:27)
    at WorkerPool.destroy (C:\Users\sh.kahrizi\Desktop\code\acorex-demo\node_modules\piscina\dist\index.js:669:65)
    at C:\Users\sh.kahrizi\Desktop\code\acorex-demo\node_modules\@angular\build\src\utils\server-rendering\prerender.js:166:35
    at async Promise.all (index 136)
    at async renderPages (C:\Users\sh.kahrizi\Desktop\code\acorex-demo\node_modules\@angular\build\src\utils\server-rendering\prerender.js:170:9)
    at async prerenderPages (C:\Users\sh.kahrizi\Desktop\code\acorex-demo\node_modules\@angular\build\src\utils\server-rendering\prerender.js:107:49)
    at async executePostBundleSteps (C:\Users\sh.kahrizi\Desktop\code\acorex-demo\node_modules\@angular\build\src\builders\application\execute-post-bundle.js:77:73)
    at async executeBuild (C:\Users\sh.kahrizi\Desktop\code\acorex-demo\node_modules\@angular\build\src\builders\application\execute-build.js:267:28)
    at async watch (C:\Users\sh.kahrizi\Desktop\code\acorex-demo\node_modules\@angular\build\src\builders\application\index.js:110:24)
    at async Task.task [as taskFn] (C:\Users\sh.kahrizi\Desktop\code\acorex-demo\node_modules\@angular\build\src\tools\esbuild\utils.js:138:26)[0m


[31mX [41;31m[[41;97mERROR[41;31m][0m [1mAn error occurred while prerendering route '/selection-list/hint'.

Error: Terminating worker thread
    at ThreadPool.destroy (C:\Users\sh.kahrizi\Desktop\code\acorex-demo\node_modules\piscina\dist\index.js:489:27)
    at WorkerPool.destroy (C:\Users\sh.kahrizi\Desktop\code\acorex-demo\node_modules\piscina\dist\index.js:669:65)
    at C:\Users\sh.kahrizi\Desktop\code\acorex-demo\node_modules\@angular\build\src\utils\server-rendering\prerender.js:166:35
    at async Promise.all (index 136)
    at async renderPages (C:\Users\sh.kahrizi\Desktop\code\acorex-demo\node_modules\@angular\build\src\utils\server-rendering\prerender.js:170:9)
    at async prerenderPages (C:\Users\sh.kahrizi\Desktop\code\acorex-demo\node_modules\@angular\build\src\utils\server-rendering\prerender.js:107:49)
    at async executePostBundleSteps (C:\Users\sh.kahrizi\Desktop\code\acorex-demo\node_modules\@angular\build\src\builders\application\execute-post-bundle.js:77:73)
    at async executeBuild (C:\Users\sh.kahrizi\Desktop\code\acorex-demo\node_modules\@angular\build\src\builders\application\execute-build.js:267:28)
    at async watch (C:\Users\sh.kahrizi\Desktop\code\acorex-demo\node_modules\@angular\build\src\builders\application\index.js:110:24)
    at async Task.task [as taskFn] (C:\Users\sh.kahrizi\Desktop\code\acorex-demo\node_modules\@angular\build\src\tools\esbuild\utils.js:138:26)[0m


[31mX [41;31m[[41;97mERROR[41;31m][0m [1mAn error occurred while prerendering route '/selection-list/horizontal'.

Error: Terminating worker thread
    at ThreadPool.destroy (C:\Users\sh.kahrizi\Desktop\code\acorex-demo\node_modules\piscina\dist\index.js:489:27)
    at WorkerPool.destroy (C:\Users\sh.kahrizi\Desktop\code\acorex-demo\node_modules\piscina\dist\index.js:669:65)
    at C:\Users\sh.kahrizi\Desktop\code\acorex-demo\node_modules\@angular\build\src\utils\server-rendering\prerender.js:166:35
    at async Promise.all (index 136)
    at async renderPages (C:\Users\sh.kahrizi\Desktop\code\acorex-demo\node_modules\@angular\build\src\utils\server-rendering\prerender.js:170:9)
    at async prerenderPages (C:\Users\sh.kahrizi\Desktop\code\acorex-demo\node_modules\@angular\build\src\utils\server-rendering\prerender.js:107:49)
    at async executePostBundleSteps (C:\Users\sh.kahrizi\Desktop\code\acorex-demo\node_modules\@angular\build\src\builders\application\execute-post-bundle.js:77:73)
    at async executeBuild (C:\Users\sh.kahrizi\Desktop\code\acorex-demo\node_modules\@angular\build\src\builders\application\execute-build.js:267:28)
    at async watch (C:\Users\sh.kahrizi\Desktop\code\acorex-demo\node_modules\@angular\build\src\builders\application\index.js:110:24)
    at async Task.task [as taskFn] (C:\Users\sh.kahrizi\Desktop\code\acorex-demo\node_modules\@angular\build\src\tools\esbuild\utils.js:138:26)[0m


[31mX [41;31m[[41;97mERROR[41;31m][0m [1mAn error occurred while prerendering route '/selection-list/multiple'.

Error: Terminating worker thread
    at ThreadPool.destroy (C:\Users\sh.kahrizi\Desktop\code\acorex-demo\node_modules\piscina\dist\index.js:489:27)
    at WorkerPool.destroy (C:\Users\sh.kahrizi\Desktop\code\acorex-demo\node_modules\piscina\dist\index.js:669:65)
    at C:\Users\sh.kahrizi\Desktop\code\acorex-demo\node_modules\@angular\build\src\utils\server-rendering\prerender.js:166:35
    at async Promise.all (index 136)
    at async renderPages (C:\Users\sh.kahrizi\Desktop\code\acorex-demo\node_modules\@angular\build\src\utils\server-rendering\prerender.js:170:9)
    at async prerenderPages (C:\Users\sh.kahrizi\Desktop\code\acorex-demo\node_modules\@angular\build\src\utils\server-rendering\prerender.js:107:49)
    at async executePostBundleSteps (C:\Users\sh.kahrizi\Desktop\code\acorex-demo\node_modules\@angular\build\src\builders\application\execute-post-bundle.js:77:73)
    at async executeBuild (C:\Users\sh.kahrizi\Desktop\code\acorex-demo\node_modules\@angular\build\src\builders\application\execute-build.js:267:28)
    at async watch (C:\Users\sh.kahrizi\Desktop\code\acorex-demo\node_modules\@angular\build\src\builders\application\index.js:110:24)
    at async Task.task [as taskFn] (C:\Users\sh.kahrizi\Desktop\code\acorex-demo\node_modules\@angular\build\src\tools\esbuild\utils.js:138:26)[0m


[31mX [41;31m[[41;97mERROR[41;31m][0m [1mAn error occurred while prerendering route '/selection-list/custom'.

Error: Terminating worker thread
    at ThreadPool.destroy (C:\Users\sh.kahrizi\Desktop\code\acorex-demo\node_modules\piscina\dist\index.js:489:27)
    at WorkerPool.destroy (C:\Users\sh.kahrizi\Desktop\code\acorex-demo\node_modules\piscina\dist\index.js:669:65)
    at C:\Users\sh.kahrizi\Desktop\code\acorex-demo\node_modules\@angular\build\src\utils\server-rendering\prerender.js:166:35
    at async Promise.all (index 136)
    at async renderPages (C:\Users\sh.kahrizi\Desktop\code\acorex-demo\node_modules\@angular\build\src\utils\server-rendering\prerender.js:170:9)
    at async prerenderPages (C:\Users\sh.kahrizi\Desktop\code\acorex-demo\node_modules\@angular\build\src\utils\server-rendering\prerender.js:107:49)
    at async executePostBundleSteps (C:\Users\sh.kahrizi\Desktop\code\acorex-demo\node_modules\@angular\build\src\builders\application\execute-post-bundle.js:77:73)
    at async executeBuild (C:\Users\sh.kahrizi\Desktop\code\acorex-demo\node_modules\@angular\build\src\builders\application\execute-build.js:267:28)
    at async watch (C:\Users\sh.kahrizi\Desktop\code\acorex-demo\node_modules\@angular\build\src\builders\application\index.js:110:24)
    at async Task.task [as taskFn] (C:\Users\sh.kahrizi\Desktop\code\acorex-demo\node_modules\@angular\build\src\tools\esbuild\utils.js:138:26)[0m


[31mX [41;31m[[41;97mERROR[41;31m][0m [1mAn error occurred while prerendering route '/side-menu/usage'.

Error: Terminating worker thread
    at ThreadPool.destroy (C:\Users\sh.kahrizi\Desktop\code\acorex-demo\node_modules\piscina\dist\index.js:489:27)
    at WorkerPool.destroy (C:\Users\sh.kahrizi\Desktop\code\acorex-demo\node_modules\piscina\dist\index.js:669:65)
    at C:\Users\sh.kahrizi\Desktop\code\acorex-demo\node_modules\@angular\build\src\utils\server-rendering\prerender.js:166:35
    at async Promise.all (index 136)
    at async renderPages (C:\Users\sh.kahrizi\Desktop\code\acorex-demo\node_modules\@angular\build\src\utils\server-rendering\prerender.js:170:9)
    at async prerenderPages (C:\Users\sh.kahrizi\Desktop\code\acorex-demo\node_modules\@angular\build\src\utils\server-rendering\prerender.js:107:49)
    at async executePostBundleSteps (C:\Users\sh.kahrizi\Desktop\code\acorex-demo\node_modules\@angular\build\src\builders\application\execute-post-bundle.js:77:73)
    at async executeBuild (C:\Users\sh.kahrizi\Desktop\code\acorex-demo\node_modules\@angular\build\src\builders\application\execute-build.js:267:28)
    at async watch (C:\Users\sh.kahrizi\Desktop\code\acorex-demo\node_modules\@angular\build\src\builders\application\index.js:110:24)
    at async Task.task [as taskFn] (C:\Users\sh.kahrizi\Desktop\code\acorex-demo\node_modules\@angular\build\src\tools\esbuild\utils.js:138:26)[0m


[31mX [41;31m[[41;97mERROR[41;31m][0m [1mAn error occurred while prerendering route '/side-menu/color'.

Error: Terminating worker thread
    at ThreadPool.destroy (C:\Users\sh.kahrizi\Desktop\code\acorex-demo\node_modules\piscina\dist\index.js:489:27)
    at WorkerPool.destroy (C:\Users\sh.kahrizi\Desktop\code\acorex-demo\node_modules\piscina\dist\index.js:669:65)
    at C:\Users\sh.kahrizi\Desktop\code\acorex-demo\node_modules\@angular\build\src\utils\server-rendering\prerender.js:166:35
    at async Promise.all (index 136)
    at async renderPages (C:\Users\sh.kahrizi\Desktop\code\acorex-demo\node_modules\@angular\build\src\utils\server-rendering\prerender.js:170:9)
    at async prerenderPages (C:\Users\sh.kahrizi\Desktop\code\acorex-demo\node_modules\@angular\build\src\utils\server-rendering\prerender.js:107:49)
    at async executePostBundleSteps (C:\Users\sh.kahrizi\Desktop\code\acorex-demo\node_modules\@angular\build\src\builders\application\execute-post-bundle.js:77:73)
    at async executeBuild (C:\Users\sh.kahrizi\Desktop\code\acorex-demo\node_modules\@angular\build\src\builders\application\execute-build.js:267:28)
    at async watch (C:\Users\sh.kahrizi\Desktop\code\acorex-demo\node_modules\@angular\build\src\builders\application\index.js:110:24)
    at async Task.task [as taskFn] (C:\Users\sh.kahrizi\Desktop\code\acorex-demo\node_modules\@angular\build\src\tools\esbuild\utils.js:138:26)[0m


[31mX [41;31m[[41;97mERROR[41;31m][0m [1mAn error occurred while prerendering route '/side-menu/customize-font'.

Error: Terminating worker thread
    at ThreadPool.destroy (C:\Users\sh.kahrizi\Desktop\code\acorex-demo\node_modules\piscina\dist\index.js:489:27)
    at WorkerPool.destroy (C:\Users\sh.kahrizi\Desktop\code\acorex-demo\node_modules\piscina\dist\index.js:669:65)
    at C:\Users\sh.kahrizi\Desktop\code\acorex-demo\node_modules\@angular\build\src\utils\server-rendering\prerender.js:166:35
    at async Promise.all (index 136)
    at async renderPages (C:\Users\sh.kahrizi\Desktop\code\acorex-demo\node_modules\@angular\build\src\utils\server-rendering\prerender.js:170:9)
    at async prerenderPages (C:\Users\sh.kahrizi\Desktop\code\acorex-demo\node_modules\@angular\build\src\utils\server-rendering\prerender.js:107:49)
    at async executePostBundleSteps (C:\Users\sh.kahrizi\Desktop\code\acorex-demo\node_modules\@angular\build\src\builders\application\execute-post-bundle.js:77:73)
    at async executeBuild (C:\Users\sh.kahrizi\Desktop\code\acorex-demo\node_modules\@angular\build\src\builders\application\execute-build.js:267:28)
    at async watch (C:\Users\sh.kahrizi\Desktop\code\acorex-demo\node_modules\@angular\build\src\builders\application\index.js:110:24)
    at async Task.task [as taskFn] (C:\Users\sh.kahrizi\Desktop\code\acorex-demo\node_modules\@angular\build\src\tools\esbuild\utils.js:138:26)[0m


[31mX [41;31m[[41;97mERROR[41;31m][0m [1mAn error occurred while prerendering route '/side-menu/use-decorator'.

Error: Terminating worker thread
    at ThreadPool.destroy (C:\Users\sh.kahrizi\Desktop\code\acorex-demo\node_modules\piscina\dist\index.js:489:27)
    at WorkerPool.destroy (C:\Users\sh.kahrizi\Desktop\code\acorex-demo\node_modules\piscina\dist\index.js:669:65)
    at C:\Users\sh.kahrizi\Desktop\code\acorex-demo\node_modules\@angular\build\src\utils\server-rendering\prerender.js:166:35
    at async Promise.all (index 136)
    at async renderPages (C:\Users\sh.kahrizi\Desktop\code\acorex-demo\node_modules\@angular\build\src\utils\server-rendering\prerender.js:170:9)
    at async prerenderPages (C:\Users\sh.kahrizi\Desktop\code\acorex-demo\node_modules\@angular\build\src\utils\server-rendering\prerender.js:107:49)
    at async executePostBundleSteps (C:\Users\sh.kahrizi\Desktop\code\acorex-demo\node_modules\@angular\build\src\builders\application\execute-post-bundle.js:77:73)
    at async executeBuild (C:\Users\sh.kahrizi\Desktop\code\acorex-demo\node_modules\@angular\build\src\builders\application\execute-build.js:267:28)
    at async watch (C:\Users\sh.kahrizi\Desktop\code\acorex-demo\node_modules\@angular\build\src\builders\application\index.js:110:24)
    at async Task.task [as taskFn] (C:\Users\sh.kahrizi\Desktop\code\acorex-demo\node_modules\@angular\build\src\tools\esbuild\utils.js:138:26)[0m


[31mX [41;31m[[41;97mERROR[41;31m][0m [1mAn error occurred while prerendering route '/side-menu/group-title'.

Error: Terminating worker thread
    at ThreadPool.destroy (C:\Users\sh.kahrizi\Desktop\code\acorex-demo\node_modules\piscina\dist\index.js:489:27)
    at WorkerPool.destroy (C:\Users\sh.kahrizi\Desktop\code\acorex-demo\node_modules\piscina\dist\index.js:669:65)
    at C:\Users\sh.kahrizi\Desktop\code\acorex-demo\node_modules\@angular\build\src\utils\server-rendering\prerender.js:166:35
    at async Promise.all (index 136)
    at async renderPages (C:\Users\sh.kahrizi\Desktop\code\acorex-demo\node_modules\@angular\build\src\utils\server-rendering\prerender.js:170:9)
    at async prerenderPages (C:\Users\sh.kahrizi\Desktop\code\acorex-demo\node_modules\@angular\build\src\utils\server-rendering\prerender.js:107:49)
    at async executePostBundleSteps (C:\Users\sh.kahrizi\Desktop\code\acorex-demo\node_modules\@angular\build\src\builders\application\execute-post-bundle.js:77:73)
    at async executeBuild (C:\Users\sh.kahrizi\Desktop\code\acorex-demo\node_modules\@angular\build\src\builders\application\execute-build.js:267:28)
    at async watch (C:\Users\sh.kahrizi\Desktop\code\acorex-demo\node_modules\@angular\build\src\builders\application\index.js:110:24)
    at async Task.task [as taskFn] (C:\Users\sh.kahrizi\Desktop\code\acorex-demo\node_modules\@angular\build\src\tools\esbuild\utils.js:138:26)[0m


[31mX [41;31m[[41;97mERROR[41;31m][0m [1mAn error occurred while prerendering route '/skeleton/usage'.

Error: Terminating worker thread
    at ThreadPool.destroy (C:\Users\sh.kahrizi\Desktop\code\acorex-demo\node_modules\piscina\dist\index.js:489:27)
    at WorkerPool.destroy (C:\Users\sh.kahrizi\Desktop\code\acorex-demo\node_modules\piscina\dist\index.js:669:65)
    at C:\Users\sh.kahrizi\Desktop\code\acorex-demo\node_modules\@angular\build\src\utils\server-rendering\prerender.js:166:35
    at async Promise.all (index 136)
    at async renderPages (C:\Users\sh.kahrizi\Desktop\code\acorex-demo\node_modules\@angular\build\src\utils\server-rendering\prerender.js:170:9)
    at async prerenderPages (C:\Users\sh.kahrizi\Desktop\code\acorex-demo\node_modules\@angular\build\src\utils\server-rendering\prerender.js:107:49)
    at async executePostBundleSteps (C:\Users\sh.kahrizi\Desktop\code\acorex-demo\node_modules\@angular\build\src\builders\application\execute-post-bundle.js:77:73)
    at async executeBuild (C:\Users\sh.kahrizi\Desktop\code\acorex-demo\node_modules\@angular\build\src\builders\application\execute-build.js:267:28)
    at async watch (C:\Users\sh.kahrizi\Desktop\code\acorex-demo\node_modules\@angular\build\src\builders\application\index.js:110:24)
    at async Task.task [as taskFn] (C:\Users\sh.kahrizi\Desktop\code\acorex-demo\node_modules\@angular\build\src\tools\esbuild\utils.js:138:26)[0m


[31mX [41;31m[[41;97mERROR[41;31m][0m [1mAn error occurred while prerendering route '/skeleton/animated'.

Error: Terminating worker thread
    at ThreadPool.destroy (C:\Users\sh.kahrizi\Desktop\code\acorex-demo\node_modules\piscina\dist\index.js:489:27)
    at WorkerPool.destroy (C:\Users\sh.kahrizi\Desktop\code\acorex-demo\node_modules\piscina\dist\index.js:669:65)
    at C:\Users\sh.kahrizi\Desktop\code\acorex-demo\node_modules\@angular\build\src\utils\server-rendering\prerender.js:166:35
    at async Promise.all (index 136)
    at async renderPages (C:\Users\sh.kahrizi\Desktop\code\acorex-demo\node_modules\@angular\build\src\utils\server-rendering\prerender.js:170:9)
    at async prerenderPages (C:\Users\sh.kahrizi\Desktop\code\acorex-demo\node_modules\@angular\build\src\utils\server-rendering\prerender.js:107:49)
    at async executePostBundleSteps (C:\Users\sh.kahrizi\Desktop\code\acorex-demo\node_modules\@angular\build\src\builders\application\execute-post-bundle.js:77:73)
    at async executeBuild (C:\Users\sh.kahrizi\Desktop\code\acorex-demo\node_modules\@angular\build\src\builders\application\execute-build.js:267:28)
    at async watch (C:\Users\sh.kahrizi\Desktop\code\acorex-demo\node_modules\@angular\build\src\builders\application\index.js:110:24)
    at async Task.task [as taskFn] (C:\Users\sh.kahrizi\Desktop\code\acorex-demo\node_modules\@angular\build\src\tools\esbuild\utils.js:138:26)[0m


[31mX [41;31m[[41;97mERROR[41;31m][0m [1mAn error occurred while prerendering route '/sliding-item/usage'.

Error: Terminating worker thread
    at ThreadPool.destroy (C:\Users\sh.kahrizi\Desktop\code\acorex-demo\node_modules\piscina\dist\index.js:489:27)
    at WorkerPool.destroy (C:\Users\sh.kahrizi\Desktop\code\acorex-demo\node_modules\piscina\dist\index.js:669:65)
    at C:\Users\sh.kahrizi\Desktop\code\acorex-demo\node_modules\@angular\build\src\utils\server-rendering\prerender.js:166:35
    at async Promise.all (index 136)
    at async renderPages (C:\Users\sh.kahrizi\Desktop\code\acorex-demo\node_modules\@angular\build\src\utils\server-rendering\prerender.js:170:9)
    at async prerenderPages (C:\Users\sh.kahrizi\Desktop\code\acorex-demo\node_modules\@angular\build\src\utils\server-rendering\prerender.js:107:49)
    at async executePostBundleSteps (C:\Users\sh.kahrizi\Desktop\code\acorex-demo\node_modules\@angular\build\src\builders\application\execute-post-bundle.js:77:73)
    at async executeBuild (C:\Users\sh.kahrizi\Desktop\code\acorex-demo\node_modules\@angular\build\src\builders\application\execute-build.js:267:28)
    at async watch (C:\Users\sh.kahrizi\Desktop\code\acorex-demo\node_modules\@angular\build\src\builders\application\index.js:110:24)
    at async Task.task [as taskFn] (C:\Users\sh.kahrizi\Desktop\code\acorex-demo\node_modules\@angular\build\src\tools\esbuild\utils.js:138:26)[0m


[31mX [41;31m[[41;97mERROR[41;31m][0m [1mAn error occurred while prerendering route '/range-slider/usage'.

Error: Terminating worker thread
    at ThreadPool.destroy (C:\Users\sh.kahrizi\Desktop\code\acorex-demo\node_modules\piscina\dist\index.js:489:27)
    at WorkerPool.destroy (C:\Users\sh.kahrizi\Desktop\code\acorex-demo\node_modules\piscina\dist\index.js:669:65)
    at C:\Users\sh.kahrizi\Desktop\code\acorex-demo\node_modules\@angular\build\src\utils\server-rendering\prerender.js:166:35
    at async Promise.all (index 136)
    at async renderPages (C:\Users\sh.kahrizi\Desktop\code\acorex-demo\node_modules\@angular\build\src\utils\server-rendering\prerender.js:170:9)
    at async prerenderPages (C:\Users\sh.kahrizi\Desktop\code\acorex-demo\node_modules\@angular\build\src\utils\server-rendering\prerender.js:107:49)
    at async executePostBundleSteps (C:\Users\sh.kahrizi\Desktop\code\acorex-demo\node_modules\@angular\build\src\builders\application\execute-post-bundle.js:77:73)
    at async executeBuild (C:\Users\sh.kahrizi\Desktop\code\acorex-demo\node_modules\@angular\build\src\builders\application\execute-build.js:267:28)
    at async watch (C:\Users\sh.kahrizi\Desktop\code\acorex-demo\node_modules\@angular\build\src\builders\application\index.js:110:24)
    at async Task.task [as taskFn] (C:\Users\sh.kahrizi\Desktop\code\acorex-demo\node_modules\@angular\build\src\tools\esbuild\utils.js:138:26)[0m


[31mX [41;31m[[41;97mERROR[41;31m][0m [1mAn error occurred while prerendering route '/range-slider/vertical'.

Error: Terminating worker thread
    at ThreadPool.destroy (C:\Users\sh.kahrizi\Desktop\code\acorex-demo\node_modules\piscina\dist\index.js:489:27)
    at WorkerPool.destroy (C:\Users\sh.kahrizi\Desktop\code\acorex-demo\node_modules\piscina\dist\index.js:669:65)
    at C:\Users\sh.kahrizi\Desktop\code\acorex-demo\node_modules\@angular\build\src\utils\server-rendering\prerender.js:166:35
    at async Promise.all (index 136)
    at async renderPages (C:\Users\sh.kahrizi\Desktop\code\acorex-demo\node_modules\@angular\build\src\utils\server-rendering\prerender.js:170:9)
    at async prerenderPages (C:\Users\sh.kahrizi\Desktop\code\acorex-demo\node_modules\@angular\build\src\utils\server-rendering\prerender.js:107:49)
    at async executePostBundleSteps (C:\Users\sh.kahrizi\Desktop\code\acorex-demo\node_modules\@angular\build\src\builders\application\execute-post-bundle.js:77:73)
    at async executeBuild (C:\Users\sh.kahrizi\Desktop\code\acorex-demo\node_modules\@angular\build\src\builders\application\execute-build.js:267:28)
    at async watch (C:\Users\sh.kahrizi\Desktop\code\acorex-demo\node_modules\@angular\build\src\builders\application\index.js:110:24)
    at async Task.task [as taskFn] (C:\Users\sh.kahrizi\Desktop\code\acorex-demo\node_modules\@angular\build\src\tools\esbuild\utils.js:138:26)[0m


[31mX [41;31m[[41;97mERROR[41;31m][0m [1mAn error occurred while prerendering route '/range-slider/music-player'.

Error: Terminating worker thread
    at ThreadPool.destroy (C:\Users\sh.kahrizi\Desktop\code\acorex-demo\node_modules\piscina\dist\index.js:489:27)
    at WorkerPool.destroy (C:\Users\sh.kahrizi\Desktop\code\acorex-demo\node_modules\piscina\dist\index.js:669:65)
    at C:\Users\sh.kahrizi\Desktop\code\acorex-demo\node_modules\@angular\build\src\utils\server-rendering\prerender.js:166:35
    at async Promise.all (index 136)
    at async renderPages (C:\Users\sh.kahrizi\Desktop\code\acorex-demo\node_modules\@angular\build\src\utils\server-rendering\prerender.js:170:9)
    at async prerenderPages (C:\Users\sh.kahrizi\Desktop\code\acorex-demo\node_modules\@angular\build\src\utils\server-rendering\prerender.js:107:49)
    at async executePostBundleSteps (C:\Users\sh.kahrizi\Desktop\code\acorex-demo\node_modules\@angular\build\src\builders\application\execute-post-bundle.js:77:73)
    at async executeBuild (C:\Users\sh.kahrizi\Desktop\code\acorex-demo\node_modules\@angular\build\src\builders\application\execute-build.js:267:28)
    at async watch (C:\Users\sh.kahrizi\Desktop\code\acorex-demo\node_modules\@angular\build\src\builders\application\index.js:110:24)
    at async Task.task [as taskFn] (C:\Users\sh.kahrizi\Desktop\code\acorex-demo\node_modules\@angular\build\src\tools\esbuild\utils.js:138:26)[0m


[31mX [41;31m[[41;97mERROR[41;31m][0m [1mAn error occurred while prerendering route '/range-slider/modes'.

Error: Terminating worker thread
    at ThreadPool.destroy (C:\Users\sh.kahrizi\Desktop\code\acorex-demo\node_modules\piscina\dist\index.js:489:27)
    at WorkerPool.destroy (C:\Users\sh.kahrizi\Desktop\code\acorex-demo\node_modules\piscina\dist\index.js:669:65)
    at C:\Users\sh.kahrizi\Desktop\code\acorex-demo\node_modules\@angular\build\src\utils\server-rendering\prerender.js:166:35
    at async Promise.all (index 136)
    at async renderPages (C:\Users\sh.kahrizi\Desktop\code\acorex-demo\node_modules\@angular\build\src\utils\server-rendering\prerender.js:170:9)
    at async prerenderPages (C:\Users\sh.kahrizi\Desktop\code\acorex-demo\node_modules\@angular\build\src\utils\server-rendering\prerender.js:107:49)
    at async executePostBundleSteps (C:\Users\sh.kahrizi\Desktop\code\acorex-demo\node_modules\@angular\build\src\builders\application\execute-post-bundle.js:77:73)
    at async executeBuild (C:\Users\sh.kahrizi\Desktop\code\acorex-demo\node_modules\@angular\build\src\builders\application\execute-build.js:267:28)
    at async watch (C:\Users\sh.kahrizi\Desktop\code\acorex-demo\node_modules\@angular\build\src\builders\application\index.js:110:24)
    at async Task.task [as taskFn] (C:\Users\sh.kahrizi\Desktop\code\acorex-demo\node_modules\@angular\build\src\tools\esbuild\utils.js:138:26)[0m


[31mX [41;31m[[41;97mERROR[41;31m][0m [1mAn error occurred while prerendering route '/range-slider/steps'.

Error: Terminating worker thread
    at ThreadPool.destroy (C:\Users\sh.kahrizi\Desktop\code\acorex-demo\node_modules\piscina\dist\index.js:489:27)
    at WorkerPool.destroy (C:\Users\sh.kahrizi\Desktop\code\acorex-demo\node_modules\piscina\dist\index.js:669:65)
    at C:\Users\sh.kahrizi\Desktop\code\acorex-demo\node_modules\@angular\build\src\utils\server-rendering\prerender.js:166:35
    at async Promise.all (index 136)
    at async renderPages (C:\Users\sh.kahrizi\Desktop\code\acorex-demo\node_modules\@angular\build\src\utils\server-rendering\prerender.js:170:9)
    at async prerenderPages (C:\Users\sh.kahrizi\Desktop\code\acorex-demo\node_modules\@angular\build\src\utils\server-rendering\prerender.js:107:49)
    at async executePostBundleSteps (C:\Users\sh.kahrizi\Desktop\code\acorex-demo\node_modules\@angular\build\src\builders\application\execute-post-bundle.js:77:73)
    at async executeBuild (C:\Users\sh.kahrizi\Desktop\code\acorex-demo\node_modules\@angular\build\src\builders\application\execute-build.js:267:28)
    at async watch (C:\Users\sh.kahrizi\Desktop\code\acorex-demo\node_modules\@angular\build\src\builders\application\index.js:110:24)
    at async Task.task [as taskFn] (C:\Users\sh.kahrizi\Desktop\code\acorex-demo\node_modules\@angular\build\src\tools\esbuild\utils.js:138:26)[0m


[31mX [41;31m[[41;97mERROR[41;31m][0m [1mAn error occurred while prerendering route '/range-slider/snap-modes'.

Error: Terminating worker thread
    at ThreadPool.destroy (C:\Users\sh.kahrizi\Desktop\code\acorex-demo\node_modules\piscina\dist\index.js:489:27)
    at WorkerPool.destroy (C:\Users\sh.kahrizi\Desktop\code\acorex-demo\node_modules\piscina\dist\index.js:669:65)
    at C:\Users\sh.kahrizi\Desktop\code\acorex-demo\node_modules\@angular\build\src\utils\server-rendering\prerender.js:166:35
    at async Promise.all (index 136)
    at async renderPages (C:\Users\sh.kahrizi\Desktop\code\acorex-demo\node_modules\@angular\build\src\utils\server-rendering\prerender.js:170:9)
    at async prerenderPages (C:\Users\sh.kahrizi\Desktop\code\acorex-demo\node_modules\@angular\build\src\utils\server-rendering\prerender.js:107:49)
    at async executePostBundleSteps (C:\Users\sh.kahrizi\Desktop\code\acorex-demo\node_modules\@angular\build\src\builders\application\execute-post-bundle.js:77:73)
    at async executeBuild (C:\Users\sh.kahrizi\Desktop\code\acorex-demo\node_modules\@angular\build\src\builders\application\execute-build.js:267:28)
    at async watch (C:\Users\sh.kahrizi\Desktop\code\acorex-demo\node_modules\@angular\build\src\builders\application\index.js:110:24)
    at async Task.task [as taskFn] (C:\Users\sh.kahrizi\Desktop\code\acorex-demo\node_modules\@angular\build\src\tools\esbuild\utils.js:138:26)[0m


[31mX [41;31m[[41;97mERROR[41;31m][0m [1mAn error occurred while prerendering route '/range-slider/tooltip-modes'.

Error: Terminating worker thread
    at ThreadPool.destroy (C:\Users\sh.kahrizi\Desktop\code\acorex-demo\node_modules\piscina\dist\index.js:489:27)
    at WorkerPool.destroy (C:\Users\sh.kahrizi\Desktop\code\acorex-demo\node_modules\piscina\dist\index.js:669:65)
    at C:\Users\sh.kahrizi\Desktop\code\acorex-demo\node_modules\@angular\build\src\utils\server-rendering\prerender.js:166:35
    at async Promise.all (index 136)
    at async renderPages (C:\Users\sh.kahrizi\Desktop\code\acorex-demo\node_modules\@angular\build\src\utils\server-rendering\prerender.js:170:9)
    at async prerenderPages (C:\Users\sh.kahrizi\Desktop\code\acorex-demo\node_modules\@angular\build\src\utils\server-rendering\prerender.js:107:49)
    at async executePostBundleSteps (C:\Users\sh.kahrizi\Desktop\code\acorex-demo\node_modules\@angular\build\src\builders\application\execute-post-bundle.js:77:73)
    at async executeBuild (C:\Users\sh.kahrizi\Desktop\code\acorex-demo\node_modules\@angular\build\src\builders\application\execute-build.js:267:28)
    at async watch (C:\Users\sh.kahrizi\Desktop\code\acorex-demo\node_modules\@angular\build\src\builders\application\index.js:110:24)
    at async Task.task [as taskFn] (C:\Users\sh.kahrizi\Desktop\code\acorex-demo\node_modules\@angular\build\src\tools\esbuild\utils.js:138:26)[0m


[31mX [41;31m[[41;97mERROR[41;31m][0m [1mAn error occurred while prerendering route '/range-slider/colors'.

Error: Terminating worker thread
    at ThreadPool.destroy (C:\Users\sh.kahrizi\Desktop\code\acorex-demo\node_modules\piscina\dist\index.js:489:27)
    at WorkerPool.destroy (C:\Users\sh.kahrizi\Desktop\code\acorex-demo\node_modules\piscina\dist\index.js:669:65)
    at C:\Users\sh.kahrizi\Desktop\code\acorex-demo\node_modules\@angular\build\src\utils\server-rendering\prerender.js:166:35
    at async Promise.all (index 136)
    at async renderPages (C:\Users\sh.kahrizi\Desktop\code\acorex-demo\node_modules\@angular\build\src\utils\server-rendering\prerender.js:170:9)
    at async prerenderPages (C:\Users\sh.kahrizi\Desktop\code\acorex-demo\node_modules\@angular\build\src\utils\server-rendering\prerender.js:107:49)
    at async executePostBundleSteps (C:\Users\sh.kahrizi\Desktop\code\acorex-demo\node_modules\@angular\build\src\builders\application\execute-post-bundle.js:77:73)
    at async executeBuild (C:\Users\sh.kahrizi\Desktop\code\acorex-demo\node_modules\@angular\build\src\builders\application\execute-build.js:267:28)
    at async watch (C:\Users\sh.kahrizi\Desktop\code\acorex-demo\node_modules\@angular\build\src\builders\application\index.js:110:24)
    at async Task.task [as taskFn] (C:\Users\sh.kahrizi\Desktop\code\acorex-demo\node_modules\@angular\build\src\tools\esbuild\utils.js:138:26)[0m


[31mX [41;31m[[41;97mERROR[41;31m][0m [1mAn error occurred while prerendering route '/range-slider/states'.

Error: Terminating worker thread
    at ThreadPool.destroy (C:\Users\sh.kahrizi\Desktop\code\acorex-demo\node_modules\piscina\dist\index.js:489:27)
    at WorkerPool.destroy (C:\Users\sh.kahrizi\Desktop\code\acorex-demo\node_modules\piscina\dist\index.js:669:65)
    at C:\Users\sh.kahrizi\Desktop\code\acorex-demo\node_modules\@angular\build\src\utils\server-rendering\prerender.js:166:35
    at async Promise.all (index 136)
    at async renderPages (C:\Users\sh.kahrizi\Desktop\code\acorex-demo\node_modules\@angular\build\src\utils\server-rendering\prerender.js:170:9)
    at async prerenderPages (C:\Users\sh.kahrizi\Desktop\code\acorex-demo\node_modules\@angular\build\src\utils\server-rendering\prerender.js:107:49)
    at async executePostBundleSteps (C:\Users\sh.kahrizi\Desktop\code\acorex-demo\node_modules\@angular\build\src\builders\application\execute-post-bundle.js:77:73)
    at async executeBuild (C:\Users\sh.kahrizi\Desktop\code\acorex-demo\node_modules\@angular\build\src\builders\application\execute-build.js:267:28)
    at async watch (C:\Users\sh.kahrizi\Desktop\code\acorex-demo\node_modules\@angular\build\src\builders\application\index.js:110:24)
    at async Task.task [as taskFn] (C:\Users\sh.kahrizi\Desktop\code\acorex-demo\node_modules\@angular\build\src\tools\esbuild\utils.js:138:26)[0m


[31mX [41;31m[[41;97mERROR[41;31m][0m [1mAn error occurred while prerendering route '/range-slider/ranges'.

Error: Terminating worker thread
    at ThreadPool.destroy (C:\Users\sh.kahrizi\Desktop\code\acorex-demo\node_modules\piscina\dist\index.js:489:27)
    at WorkerPool.destroy (C:\Users\sh.kahrizi\Desktop\code\acorex-demo\node_modules\piscina\dist\index.js:669:65)
    at C:\Users\sh.kahrizi\Desktop\code\acorex-demo\node_modules\@angular\build\src\utils\server-rendering\prerender.js:166:35
    at async Promise.all (index 136)
    at async renderPages (C:\Users\sh.kahrizi\Desktop\code\acorex-demo\node_modules\@angular\build\src\utils\server-rendering\prerender.js:170:9)
    at async prerenderPages (C:\Users\sh.kahrizi\Desktop\code\acorex-demo\node_modules\@angular\build\src\utils\server-rendering\prerender.js:107:49)
    at async executePostBundleSteps (C:\Users\sh.kahrizi\Desktop\code\acorex-demo\node_modules\@angular\build\src\builders\application\execute-post-bundle.js:77:73)
    at async executeBuild (C:\Users\sh.kahrizi\Desktop\code\acorex-demo\node_modules\@angular\build\src\builders\application\execute-build.js:267:28)
    at async watch (C:\Users\sh.kahrizi\Desktop\code\acorex-demo\node_modules\@angular\build\src\builders\application\index.js:110:24)
    at async Task.task [as taskFn] (C:\Users\sh.kahrizi\Desktop\code\acorex-demo\node_modules\@angular\build\src\tools\esbuild\utils.js:138:26)[0m


[31mX [41;31m[[41;97mERROR[41;31m][0m [1mAn error occurred while prerendering route '/range-slider/snap-labels'.

Error: Terminating worker thread
    at ThreadPool.destroy (C:\Users\sh.kahrizi\Desktop\code\acorex-demo\node_modules\piscina\dist\index.js:489:27)
    at WorkerPool.destroy (C:\Users\sh.kahrizi\Desktop\code\acorex-demo\node_modules\piscina\dist\index.js:669:65)
    at C:\Users\sh.kahrizi\Desktop\code\acorex-demo\node_modules\@angular\build\src\utils\server-rendering\prerender.js:166:35
    at async Promise.all (index 136)
    at async renderPages (C:\Users\sh.kahrizi\Desktop\code\acorex-demo\node_modules\@angular\build\src\utils\server-rendering\prerender.js:170:9)
    at async prerenderPages (C:\Users\sh.kahrizi\Desktop\code\acorex-demo\node_modules\@angular\build\src\utils\server-rendering\prerender.js:107:49)
    at async executePostBundleSteps (C:\Users\sh.kahrizi\Desktop\code\acorex-demo\node_modules\@angular\build\src\builders\application\execute-post-bundle.js:77:73)
    at async executeBuild (C:\Users\sh.kahrizi\Desktop\code\acorex-demo\node_modules\@angular\build\src\builders\application\execute-build.js:267:28)
    at async watch (C:\Users\sh.kahrizi\Desktop\code\acorex-demo\node_modules\@angular\build\src\builders\application\index.js:110:24)
    at async Task.task [as taskFn] (C:\Users\sh.kahrizi\Desktop\code\acorex-demo\node_modules\@angular\build\src\tools\esbuild\utils.js:138:26)[0m


[31mX [41;31m[[41;97mERROR[41;31m][0m [1mAn error occurred while prerendering route '/rate-picker/usage'.

Error: Terminating worker thread
    at ThreadPool.destroy (C:\Users\sh.kahrizi\Desktop\code\acorex-demo\node_modules\piscina\dist\index.js:489:27)
    at WorkerPool.destroy (C:\Users\sh.kahrizi\Desktop\code\acorex-demo\node_modules\piscina\dist\index.js:669:65)
    at C:\Users\sh.kahrizi\Desktop\code\acorex-demo\node_modules\@angular\build\src\utils\server-rendering\prerender.js:166:35
    at async Promise.all (index 136)
    at async renderPages (C:\Users\sh.kahrizi\Desktop\code\acorex-demo\node_modules\@angular\build\src\utils\server-rendering\prerender.js:170:9)
    at async prerenderPages (C:\Users\sh.kahrizi\Desktop\code\acorex-demo\node_modules\@angular\build\src\utils\server-rendering\prerender.js:107:49)
    at async executePostBundleSteps (C:\Users\sh.kahrizi\Desktop\code\acorex-demo\node_modules\@angular\build\src\builders\application\execute-post-bundle.js:77:73)
    at async executeBuild (C:\Users\sh.kahrizi\Desktop\code\acorex-demo\node_modules\@angular\build\src\builders\application\execute-build.js:267:28)
    at async watch (C:\Users\sh.kahrizi\Desktop\code\acorex-demo\node_modules\@angular\build\src\builders\application\index.js:110:24)
    at async Task.task [as taskFn] (C:\Users\sh.kahrizi\Desktop\code\acorex-demo\node_modules\@angular\build\src\tools\esbuild\utils.js:138:26)[0m


[31mX [41;31m[[41;97mERROR[41;31m][0m [1mAn error occurred while prerendering route '/rate-picker/custom-icon'.

Error: Terminating worker thread
    at ThreadPool.destroy (C:\Users\sh.kahrizi\Desktop\code\acorex-demo\node_modules\piscina\dist\index.js:489:27)
    at WorkerPool.destroy (C:\Users\sh.kahrizi\Desktop\code\acorex-demo\node_modules\piscina\dist\index.js:669:65)
    at C:\Users\sh.kahrizi\Desktop\code\acorex-demo\node_modules\@angular\build\src\utils\server-rendering\prerender.js:166:35
    at async Promise.all (index 136)
    at async renderPages (C:\Users\sh.kahrizi\Desktop\code\acorex-demo\node_modules\@angular\build\src\utils\server-rendering\prerender.js:170:9)
    at async prerenderPages (C:\Users\sh.kahrizi\Desktop\code\acorex-demo\node_modules\@angular\build\src\utils\server-rendering\prerender.js:107:49)
    at async executePostBundleSteps (C:\Users\sh.kahrizi\Desktop\code\acorex-demo\node_modules\@angular\build\src\builders\application\execute-post-bundle.js:77:73)
    at async executeBuild (C:\Users\sh.kahrizi\Desktop\code\acorex-demo\node_modules\@angular\build\src\builders\application\execute-build.js:267:28)
    at async watch (C:\Users\sh.kahrizi\Desktop\code\acorex-demo\node_modules\@angular\build\src\builders\application\index.js:110:24)
    at async Task.task [as taskFn] (C:\Users\sh.kahrizi\Desktop\code\acorex-demo\node_modules\@angular\build\src\tools\esbuild\utils.js:138:26)[0m


[31mX [41;31m[[41;97mERROR[41;31m][0m [1mAn error occurred while prerendering route '/rate-picker/max-values'.

Error: Terminating worker thread
    at ThreadPool.destroy (C:\Users\sh.kahrizi\Desktop\code\acorex-demo\node_modules\piscina\dist\index.js:489:27)
    at WorkerPool.destroy (C:\Users\sh.kahrizi\Desktop\code\acorex-demo\node_modules\piscina\dist\index.js:669:65)
    at C:\Users\sh.kahrizi\Desktop\code\acorex-demo\node_modules\@angular\build\src\utils\server-rendering\prerender.js:166:35
    at async Promise.all (index 136)
    at async renderPages (C:\Users\sh.kahrizi\Desktop\code\acorex-demo\node_modules\@angular\build\src\utils\server-rendering\prerender.js:170:9)
    at async prerenderPages (C:\Users\sh.kahrizi\Desktop\code\acorex-demo\node_modules\@angular\build\src\utils\server-rendering\prerender.js:107:49)
    at async executePostBundleSteps (C:\Users\sh.kahrizi\Desktop\code\acorex-demo\node_modules\@angular\build\src\builders\application\execute-post-bundle.js:77:73)
    at async executeBuild (C:\Users\sh.kahrizi\Desktop\code\acorex-demo\node_modules\@angular\build\src\builders\application\execute-build.js:267:28)
    at async watch (C:\Users\sh.kahrizi\Desktop\code\acorex-demo\node_modules\@angular\build\src\builders\application\index.js:110:24)
    at async Task.task [as taskFn] (C:\Users\sh.kahrizi\Desktop\code\acorex-demo\node_modules\@angular\build\src\tools\esbuild\utils.js:138:26)[0m


[31mX [41;31m[[41;97mERROR[41;31m][0m [1mAn error occurred while prerendering route '/rate-picker/step-precision'.

Error: Terminating worker thread
    at ThreadPool.destroy (C:\Users\sh.kahrizi\Desktop\code\acorex-demo\node_modules\piscina\dist\index.js:489:27)
    at WorkerPool.destroy (C:\Users\sh.kahrizi\Desktop\code\acorex-demo\node_modules\piscina\dist\index.js:669:65)
    at C:\Users\sh.kahrizi\Desktop\code\acorex-demo\node_modules\@angular\build\src\utils\server-rendering\prerender.js:166:35
    at async Promise.all (index 136)
    at async renderPages (C:\Users\sh.kahrizi\Desktop\code\acorex-demo\node_modules\@angular\build\src\utils\server-rendering\prerender.js:170:9)
    at async prerenderPages (C:\Users\sh.kahrizi\Desktop\code\acorex-demo\node_modules\@angular\build\src\utils\server-rendering\prerender.js:107:49)
    at async executePostBundleSteps (C:\Users\sh.kahrizi\Desktop\code\acorex-demo\node_modules\@angular\build\src\builders\application\execute-post-bundle.js:77:73)
    at async executeBuild (C:\Users\sh.kahrizi\Desktop\code\acorex-demo\node_modules\@angular\build\src\builders\application\execute-build.js:267:28)
    at async watch (C:\Users\sh.kahrizi\Desktop\code\acorex-demo\node_modules\@angular\build\src\builders\application\index.js:110:24)
    at async Task.task [as taskFn] (C:\Users\sh.kahrizi\Desktop\code\acorex-demo\node_modules\@angular\build\src\tools\esbuild\utils.js:138:26)[0m


[31mX [41;31m[[41;97mERROR[41;31m][0m [1mAn error occurred while prerendering route '/rate-picker/transitions'.

Error: Terminating worker thread
    at ThreadPool.destroy (C:\Users\sh.kahrizi\Desktop\code\acorex-demo\node_modules\piscina\dist\index.js:489:27)
    at WorkerPool.destroy (C:\Users\sh.kahrizi\Desktop\code\acorex-demo\node_modules\piscina\dist\index.js:669:65)
    at C:\Users\sh.kahrizi\Desktop\code\acorex-demo\node_modules\@angular\build\src\utils\server-rendering\prerender.js:166:35
    at async Promise.all (index 136)
    at async renderPages (C:\Users\sh.kahrizi\Desktop\code\acorex-demo\node_modules\@angular\build\src\utils\server-rendering\prerender.js:170:9)
    at async prerenderPages (C:\Users\sh.kahrizi\Desktop\code\acorex-demo\node_modules\@angular\build\src\utils\server-rendering\prerender.js:107:49)
    at async executePostBundleSteps (C:\Users\sh.kahrizi\Desktop\code\acorex-demo\node_modules\@angular\build\src\builders\application\execute-post-bundle.js:77:73)
    at async executeBuild (C:\Users\sh.kahrizi\Desktop\code\acorex-demo\node_modules\@angular\build\src\builders\application\execute-build.js:267:28)
    at async watch (C:\Users\sh.kahrizi\Desktop\code\acorex-demo\node_modules\@angular\build\src\builders\application\index.js:110:24)
    at async Task.task [as taskFn] (C:\Users\sh.kahrizi\Desktop\code\acorex-demo\node_modules\@angular\build\src\tools\esbuild\utils.js:138:26)[0m


[31mX [41;31m[[41;97mERROR[41;31m][0m [1mAn error occurred while prerendering route '/rate-picker/states'.

Error: Terminating worker thread
    at ThreadPool.destroy (C:\Users\sh.kahrizi\Desktop\code\acorex-demo\node_modules\piscina\dist\index.js:489:27)
    at WorkerPool.destroy (C:\Users\sh.kahrizi\Desktop\code\acorex-demo\node_modules\piscina\dist\index.js:669:65)
    at C:\Users\sh.kahrizi\Desktop\code\acorex-demo\node_modules\@angular\build\src\utils\server-rendering\prerender.js:166:35
    at async Promise.all (index 136)
    at async renderPages (C:\Users\sh.kahrizi\Desktop\code\acorex-demo\node_modules\@angular\build\src\utils\server-rendering\prerender.js:170:9)
    at async prerenderPages (C:\Users\sh.kahrizi\Desktop\code\acorex-demo\node_modules\@angular\build\src\utils\server-rendering\prerender.js:107:49)
    at async executePostBundleSteps (C:\Users\sh.kahrizi\Desktop\code\acorex-demo\node_modules\@angular\build\src\builders\application\execute-post-bundle.js:77:73)
    at async executeBuild (C:\Users\sh.kahrizi\Desktop\code\acorex-demo\node_modules\@angular\build\src\builders\application\execute-build.js:267:28)
    at async watch (C:\Users\sh.kahrizi\Desktop\code\acorex-demo\node_modules\@angular\build\src\builders\application\index.js:110:24)
    at async Task.task [as taskFn] (C:\Users\sh.kahrizi\Desktop\code\acorex-demo\node_modules\@angular\build\src\tools\esbuild\utils.js:138:26)[0m


[31mX [41;31m[[41;97mERROR[41;31m][0m [1mAn error occurred while prerendering route '/rate-picker/icons'.

Error: Terminating worker thread
    at ThreadPool.destroy (C:\Users\sh.kahrizi\Desktop\code\acorex-demo\node_modules\piscina\dist\index.js:489:27)
    at WorkerPool.destroy (C:\Users\sh.kahrizi\Desktop\code\acorex-demo\node_modules\piscina\dist\index.js:669:65)
    at C:\Users\sh.kahrizi\Desktop\code\acorex-demo\node_modules\@angular\build\src\utils\server-rendering\prerender.js:166:35
    at async Promise.all (index 136)
    at async renderPages (C:\Users\sh.kahrizi\Desktop\code\acorex-demo\node_modules\@angular\build\src\utils\server-rendering\prerender.js:170:9)
    at async prerenderPages (C:\Users\sh.kahrizi\Desktop\code\acorex-demo\node_modules\@angular\build\src\utils\server-rendering\prerender.js:107:49)
    at async executePostBundleSteps (C:\Users\sh.kahrizi\Desktop\code\acorex-demo\node_modules\@angular\build\src\builders\application\execute-post-bundle.js:77:73)
    at async executeBuild (C:\Users\sh.kahrizi\Desktop\code\acorex-demo\node_modules\@angular\build\src\builders\application\execute-build.js:267:28)
    at async watch (C:\Users\sh.kahrizi\Desktop\code\acorex-demo\node_modules\@angular\build\src\builders\application\index.js:110:24)
    at async Task.task [as taskFn] (C:\Users\sh.kahrizi\Desktop\code\acorex-demo\node_modules\@angular\build\src\tools\esbuild\utils.js:138:26)[0m


[31mX [41;31m[[41;97mERROR[41;31m][0m [1mAn error occurred while prerendering route '/rate-picker/sizes'.

Error: Terminating worker thread
    at ThreadPool.destroy (C:\Users\sh.kahrizi\Desktop\code\acorex-demo\node_modules\piscina\dist\index.js:489:27)
    at WorkerPool.destroy (C:\Users\sh.kahrizi\Desktop\code\acorex-demo\node_modules\piscina\dist\index.js:669:65)
    at C:\Users\sh.kahrizi\Desktop\code\acorex-demo\node_modules\@angular\build\src\utils\server-rendering\prerender.js:166:35
    at async Promise.all (index 136)
    at async renderPages (C:\Users\sh.kahrizi\Desktop\code\acorex-demo\node_modules\@angular\build\src\utils\server-rendering\prerender.js:170:9)
    at async prerenderPages (C:\Users\sh.kahrizi\Desktop\code\acorex-demo\node_modules\@angular\build\src\utils\server-rendering\prerender.js:107:49)
    at async executePostBundleSteps (C:\Users\sh.kahrizi\Desktop\code\acorex-demo\node_modules\@angular\build\src\builders\application\execute-post-bundle.js:77:73)
    at async executeBuild (C:\Users\sh.kahrizi\Desktop\code\acorex-demo\node_modules\@angular\build\src\builders\application\execute-build.js:267:28)
    at async watch (C:\Users\sh.kahrizi\Desktop\code\acorex-demo\node_modules\@angular\build\src\builders\application\index.js:110:24)
    at async Task.task [as taskFn] (C:\Users\sh.kahrizi\Desktop\code\acorex-demo\node_modules\@angular\build\src\tools\esbuild\utils.js:138:26)[0m


[31mX [41;31m[[41;97mERROR[41;31m][0m [1mAn error occurred while prerendering route '/rest-api-generator/usage'.

Error: Terminating worker thread
    at ThreadPool.destroy (C:\Users\sh.kahrizi\Desktop\code\acorex-demo\node_modules\piscina\dist\index.js:489:27)
    at WorkerPool.destroy (C:\Users\sh.kahrizi\Desktop\code\acorex-demo\node_modules\piscina\dist\index.js:669:65)
    at C:\Users\sh.kahrizi\Desktop\code\acorex-demo\node_modules\@angular\build\src\utils\server-rendering\prerender.js:166:35
    at async Promise.all (index 136)
    at async renderPages (C:\Users\sh.kahrizi\Desktop\code\acorex-demo\node_modules\@angular\build\src\utils\server-rendering\prerender.js:170:9)
    at async prerenderPages (C:\Users\sh.kahrizi\Desktop\code\acorex-demo\node_modules\@angular\build\src\utils\server-rendering\prerender.js:107:49)
    at async executePostBundleSteps (C:\Users\sh.kahrizi\Desktop\code\acorex-demo\node_modules\@angular\build\src\builders\application\execute-post-bundle.js:77:73)
    at async executeBuild (C:\Users\sh.kahrizi\Desktop\code\acorex-demo\node_modules\@angular\build\src\builders\application\execute-build.js:267:28)
    at async watch (C:\Users\sh.kahrizi\Desktop\code\acorex-demo\node_modules\@angular\build\src\builders\application\index.js:110:24)
    at async Task.task [as taskFn] (C:\Users\sh.kahrizi\Desktop\code\acorex-demo\node_modules\@angular\build\src\tools\esbuild\utils.js:138:26)[0m


[31mX [41;31m[[41;97mERROR[41;31m][0m [1mAn error occurred while prerendering route '/step-wizard/usage'.

Error: Terminating worker thread
    at ThreadPool.destroy (C:\Users\sh.kahrizi\Desktop\code\acorex-demo\node_modules\piscina\dist\index.js:489:27)
    at WorkerPool.destroy (C:\Users\sh.kahrizi\Desktop\code\acorex-demo\node_modules\piscina\dist\index.js:669:65)
    at C:\Users\sh.kahrizi\Desktop\code\acorex-demo\node_modules\@angular\build\src\utils\server-rendering\prerender.js:166:35
    at async Promise.all (index 136)
    at async renderPages (C:\Users\sh.kahrizi\Desktop\code\acorex-demo\node_modules\@angular\build\src\utils\server-rendering\prerender.js:170:9)
    at async prerenderPages (C:\Users\sh.kahrizi\Desktop\code\acorex-demo\node_modules\@angular\build\src\utils\server-rendering\prerender.js:107:49)
    at async executePostBundleSteps (C:\Users\sh.kahrizi\Desktop\code\acorex-demo\node_modules\@angular\build\src\builders\application\execute-post-bundle.js:77:73)
    at async executeBuild (C:\Users\sh.kahrizi\Desktop\code\acorex-demo\node_modules\@angular\build\src\builders\application\execute-build.js:267:28)
    at async watch (C:\Users\sh.kahrizi\Desktop\code\acorex-demo\node_modules\@angular\build\src\builders\application\index.js:110:24)
    at async Task.task [as taskFn] (C:\Users\sh.kahrizi\Desktop\code\acorex-demo\node_modules\@angular\build\src\tools\esbuild\utils.js:138:26)[0m


[31mX [41;31m[[41;97mERROR[41;31m][0m [1mAn error occurred while prerendering route '/step-wizard/methods'.

Error: Terminating worker thread
    at ThreadPool.destroy (C:\Users\sh.kahrizi\Desktop\code\acorex-demo\node_modules\piscina\dist\index.js:489:27)
    at WorkerPool.destroy (C:\Users\sh.kahrizi\Desktop\code\acorex-demo\node_modules\piscina\dist\index.js:669:65)
    at C:\Users\sh.kahrizi\Desktop\code\acorex-demo\node_modules\@angular\build\src\utils\server-rendering\prerender.js:166:35
    at async Promise.all (index 136)
    at async renderPages (C:\Users\sh.kahrizi\Desktop\code\acorex-demo\node_modules\@angular\build\src\utils\server-rendering\prerender.js:170:9)
    at async prerenderPages (C:\Users\sh.kahrizi\Desktop\code\acorex-demo\node_modules\@angular\build\src\utils\server-rendering\prerender.js:107:49)
    at async executePostBundleSteps (C:\Users\sh.kahrizi\Desktop\code\acorex-demo\node_modules\@angular\build\src\builders\application\execute-post-bundle.js:77:73)
    at async executeBuild (C:\Users\sh.kahrizi\Desktop\code\acorex-demo\node_modules\@angular\build\src\builders\application\execute-build.js:267:28)
    at async watch (C:\Users\sh.kahrizi\Desktop\code\acorex-demo\node_modules\@angular\build\src\builders\application\index.js:110:24)
    at async Task.task [as taskFn] (C:\Users\sh.kahrizi\Desktop\code\acorex-demo\node_modules\@angular\build\src\tools\esbuild\utils.js:138:26)[0m


[31mX [41;31m[[41;97mERROR[41;31m][0m [1mAn error occurred while prerendering route '/step-wizard/navigation-state'.

Error: Terminating worker thread
    at ThreadPool.destroy (C:\Users\sh.kahrizi\Desktop\code\acorex-demo\node_modules\piscina\dist\index.js:489:27)
    at WorkerPool.destroy (C:\Users\sh.kahrizi\Desktop\code\acorex-demo\node_modules\piscina\dist\index.js:669:65)
    at C:\Users\sh.kahrizi\Desktop\code\acorex-demo\node_modules\@angular\build\src\utils\server-rendering\prerender.js:166:35
    at async Promise.all (index 136)
    at async renderPages (C:\Users\sh.kahrizi\Desktop\code\acorex-demo\node_modules\@angular\build\src\utils\server-rendering\prerender.js:170:9)
    at async prerenderPages (C:\Users\sh.kahrizi\Desktop\code\acorex-demo\node_modules\@angular\build\src\utils\server-rendering\prerender.js:107:49)
    at async executePostBundleSteps (C:\Users\sh.kahrizi\Desktop\code\acorex-demo\node_modules\@angular\build\src\builders\application\execute-post-bundle.js:77:73)
    at async executeBuild (C:\Users\sh.kahrizi\Desktop\code\acorex-demo\node_modules\@angular\build\src\builders\application\execute-build.js:267:28)
    at async watch (C:\Users\sh.kahrizi\Desktop\code\acorex-demo\node_modules\@angular\build\src\builders\application\index.js:110:24)
    at async Task.task [as taskFn] (C:\Users\sh.kahrizi\Desktop\code\acorex-demo\node_modules\@angular\build\src\tools\esbuild\utils.js:138:26)[0m


[31mX [41;31m[[41;97mERROR[41;31m][0m [1mAn error occurred while prerendering route '/step-wizard/different-looks'.

Error: Terminating worker thread
    at ThreadPool.destroy (C:\Users\sh.kahrizi\Desktop\code\acorex-demo\node_modules\piscina\dist\index.js:489:27)
    at WorkerPool.destroy (C:\Users\sh.kahrizi\Desktop\code\acorex-demo\node_modules\piscina\dist\index.js:669:65)
    at C:\Users\sh.kahrizi\Desktop\code\acorex-demo\node_modules\@angular\build\src\utils\server-rendering\prerender.js:166:35
    at async Promise.all (index 136)
    at async renderPages (C:\Users\sh.kahrizi\Desktop\code\acorex-demo\node_modules\@angular\build\src\utils\server-rendering\prerender.js:170:9)
    at async prerenderPages (C:\Users\sh.kahrizi\Desktop\code\acorex-demo\node_modules\@angular\build\src\utils\server-rendering\prerender.js:107:49)
    at async executePostBundleSteps (C:\Users\sh.kahrizi\Desktop\code\acorex-demo\node_modules\@angular\build\src\builders\application\execute-post-bundle.js:77:73)
    at async executeBuild (C:\Users\sh.kahrizi\Desktop\code\acorex-demo\node_modules\@angular\build\src\builders\application\execute-build.js:267:28)
    at async watch (C:\Users\sh.kahrizi\Desktop\code\acorex-demo\node_modules\@angular\build\src\builders\application\index.js:110:24)
    at async Task.task [as taskFn] (C:\Users\sh.kahrizi\Desktop\code\acorex-demo\node_modules\@angular\build\src\tools\esbuild\utils.js:138:26)[0m


[31mX [41;31m[[41;97mERROR[41;31m][0m [1mAn error occurred while prerendering route '/step-wizard/different-sizes'.

Error: Terminating worker thread
    at ThreadPool.destroy (C:\Users\sh.kahrizi\Desktop\code\acorex-demo\node_modules\piscina\dist\index.js:489:27)
    at WorkerPool.destroy (C:\Users\sh.kahrizi\Desktop\code\acorex-demo\node_modules\piscina\dist\index.js:669:65)
    at C:\Users\sh.kahrizi\Desktop\code\acorex-demo\node_modules\@angular\build\src\utils\server-rendering\prerender.js:166:35
    at async Promise.all (index 136)
    at async renderPages (C:\Users\sh.kahrizi\Desktop\code\acorex-demo\node_modules\@angular\build\src\utils\server-rendering\prerender.js:170:9)
    at async prerenderPages (C:\Users\sh.kahrizi\Desktop\code\acorex-demo\node_modules\@angular\build\src\utils\server-rendering\prerender.js:107:49)
    at async executePostBundleSteps (C:\Users\sh.kahrizi\Desktop\code\acorex-demo\node_modules\@angular\build\src\builders\application\execute-post-bundle.js:77:73)
    at async executeBuild (C:\Users\sh.kahrizi\Desktop\code\acorex-demo\node_modules\@angular\build\src\builders\application\execute-build.js:267:28)
    at async watch (C:\Users\sh.kahrizi\Desktop\code\acorex-demo\node_modules\@angular\build\src\builders\application\index.js:110:24)
    at async Task.task [as taskFn] (C:\Users\sh.kahrizi\Desktop\code\acorex-demo\node_modules\@angular\build\src\tools\esbuild\utils.js:138:26)[0m


[31mX [41;31m[[41;97mERROR[41;31m][0m [1mAn error occurred while prerendering route '/step-wizard/orientation'.

Error: Terminating worker thread
    at ThreadPool.destroy (C:\Users\sh.kahrizi\Desktop\code\acorex-demo\node_modules\piscina\dist\index.js:489:27)
    at WorkerPool.destroy (C:\Users\sh.kahrizi\Desktop\code\acorex-demo\node_modules\piscina\dist\index.js:669:65)
    at C:\Users\sh.kahrizi\Desktop\code\acorex-demo\node_modules\@angular\build\src\utils\server-rendering\prerender.js:166:35
    at async Promise.all (index 136)
    at async renderPages (C:\Users\sh.kahrizi\Desktop\code\acorex-demo\node_modules\@angular\build\src\utils\server-rendering\prerender.js:170:9)
    at async prerenderPages (C:\Users\sh.kahrizi\Desktop\code\acorex-demo\node_modules\@angular\build\src\utils\server-rendering\prerender.js:107:49)
    at async executePostBundleSteps (C:\Users\sh.kahrizi\Desktop\code\acorex-demo\node_modules\@angular\build\src\builders\application\execute-post-bundle.js:77:73)
    at async executeBuild (C:\Users\sh.kahrizi\Desktop\code\acorex-demo\node_modules\@angular\build\src\builders\application\execute-build.js:267:28)
    at async watch (C:\Users\sh.kahrizi\Desktop\code\acorex-demo\node_modules\@angular\build\src\builders\application\index.js:110:24)
    at async Task.task [as taskFn] (C:\Users\sh.kahrizi\Desktop\code\acorex-demo\node_modules\@angular\build\src\tools\esbuild\utils.js:138:26)[0m


[31mX [41;31m[[41;97mERROR[41;31m][0m [1mAn error occurred while prerendering route '/step-wizard/connector-options'.

Error: Terminating worker thread
    at ThreadPool.destroy (C:\Users\sh.kahrizi\Desktop\code\acorex-demo\node_modules\piscina\dist\index.js:489:27)
    at WorkerPool.destroy (C:\Users\sh.kahrizi\Desktop\code\acorex-demo\node_modules\piscina\dist\index.js:669:65)
    at C:\Users\sh.kahrizi\Desktop\code\acorex-demo\node_modules\@angular\build\src\utils\server-rendering\prerender.js:166:35
    at async Promise.all (index 136)
    at async renderPages (C:\Users\sh.kahrizi\Desktop\code\acorex-demo\node_modules\@angular\build\src\utils\server-rendering\prerender.js:170:9)
    at async prerenderPages (C:\Users\sh.kahrizi\Desktop\code\acorex-demo\node_modules\@angular\build\src\utils\server-rendering\prerender.js:107:49)
    at async executePostBundleSteps (C:\Users\sh.kahrizi\Desktop\code\acorex-demo\node_modules\@angular\build\src\builders\application\execute-post-bundle.js:77:73)
    at async executeBuild (C:\Users\sh.kahrizi\Desktop\code\acorex-demo\node_modules\@angular\build\src\builders\application\execute-build.js:267:28)
    at async watch (C:\Users\sh.kahrizi\Desktop\code\acorex-demo\node_modules\@angular\build\src\builders\application\index.js:110:24)
    at async Task.task [as taskFn] (C:\Users\sh.kahrizi\Desktop\code\acorex-demo\node_modules\@angular\build\src\tools\esbuild\utils.js:138:26)[0m


[31mX [41;31m[[41;97mERROR[41;31m][0m [1mAn error occurred while prerendering route '/step-wizard/interactive-steps'.

Error: Terminating worker thread
    at ThreadPool.destroy (C:\Users\sh.kahrizi\Desktop\code\acorex-demo\node_modules\piscina\dist\index.js:489:27)
    at WorkerPool.destroy (C:\Users\sh.kahrizi\Desktop\code\acorex-demo\node_modules\piscina\dist\index.js:669:65)
    at C:\Users\sh.kahrizi\Desktop\code\acorex-demo\node_modules\@angular\build\src\utils\server-rendering\prerender.js:166:35
    at async Promise.all (index 136)
    at async renderPages (C:\Users\sh.kahrizi\Desktop\code\acorex-demo\node_modules\@angular\build\src\utils\server-rendering\prerender.js:170:9)
    at async prerenderPages (C:\Users\sh.kahrizi\Desktop\code\acorex-demo\node_modules\@angular\build\src\utils\server-rendering\prerender.js:107:49)
    at async executePostBundleSteps (C:\Users\sh.kahrizi\Desktop\code\acorex-demo\node_modules\@angular\build\src\builders\application\execute-post-bundle.js:77:73)
    at async executeBuild (C:\Users\sh.kahrizi\Desktop\code\acorex-demo\node_modules\@angular\build\src\builders\application\execute-build.js:267:28)
    at async watch (C:\Users\sh.kahrizi\Desktop\code\acorex-demo\node_modules\@angular\build\src\builders\application\index.js:110:24)
    at async Task.task [as taskFn] (C:\Users\sh.kahrizi\Desktop\code\acorex-demo\node_modules\@angular\build\src\tools\esbuild\utils.js:138:26)[0m


[31mX [41;31m[[41;97mERROR[41;31m][0m [1mAn error occurred while prerendering route '/switch/usage'.

Error: Terminating worker thread
    at ThreadPool.destroy (C:\Users\sh.kahrizi\Desktop\code\acorex-demo\node_modules\piscina\dist\index.js:489:27)
    at WorkerPool.destroy (C:\Users\sh.kahrizi\Desktop\code\acorex-demo\node_modules\piscina\dist\index.js:669:65)
    at C:\Users\sh.kahrizi\Desktop\code\acorex-demo\node_modules\@angular\build\src\utils\server-rendering\prerender.js:166:35
    at async Promise.all (index 136)
    at async renderPages (C:\Users\sh.kahrizi\Desktop\code\acorex-demo\node_modules\@angular\build\src\utils\server-rendering\prerender.js:170:9)
    at async prerenderPages (C:\Users\sh.kahrizi\Desktop\code\acorex-demo\node_modules\@angular\build\src\utils\server-rendering\prerender.js:107:49)
    at async executePostBundleSteps (C:\Users\sh.kahrizi\Desktop\code\acorex-demo\node_modules\@angular\build\src\builders\application\execute-post-bundle.js:77:73)
    at async executeBuild (C:\Users\sh.kahrizi\Desktop\code\acorex-demo\node_modules\@angular\build\src\builders\application\execute-build.js:267:28)
    at async watch (C:\Users\sh.kahrizi\Desktop\code\acorex-demo\node_modules\@angular\build\src\builders\application\index.js:110:24)
    at async Task.task [as taskFn] (C:\Users\sh.kahrizi\Desktop\code\acorex-demo\node_modules\@angular\build\src\tools\esbuild\utils.js:138:26)[0m


[31mX [41;31m[[41;97mERROR[41;31m][0m [1mAn error occurred while prerendering route '/switch/color'.

Error: Terminating worker thread
    at ThreadPool.destroy (C:\Users\sh.kahrizi\Desktop\code\acorex-demo\node_modules\piscina\dist\index.js:489:27)
    at WorkerPool.destroy (C:\Users\sh.kahrizi\Desktop\code\acorex-demo\node_modules\piscina\dist\index.js:669:65)
    at C:\Users\sh.kahrizi\Desktop\code\acorex-demo\node_modules\@angular\build\src\utils\server-rendering\prerender.js:166:35
    at async Promise.all (index 136)
    at async renderPages (C:\Users\sh.kahrizi\Desktop\code\acorex-demo\node_modules\@angular\build\src\utils\server-rendering\prerender.js:170:9)
    at async prerenderPages (C:\Users\sh.kahrizi\Desktop\code\acorex-demo\node_modules\@angular\build\src\utils\server-rendering\prerender.js:107:49)
    at async executePostBundleSteps (C:\Users\sh.kahrizi\Desktop\code\acorex-demo\node_modules\@angular\build\src\builders\application\execute-post-bundle.js:77:73)
    at async executeBuild (C:\Users\sh.kahrizi\Desktop\code\acorex-demo\node_modules\@angular\build\src\builders\application\execute-build.js:267:28)
    at async watch (C:\Users\sh.kahrizi\Desktop\code\acorex-demo\node_modules\@angular\build\src\builders\application\index.js:110:24)
    at async Task.task [as taskFn] (C:\Users\sh.kahrizi\Desktop\code\acorex-demo\node_modules\@angular\build\src\tools\esbuild\utils.js:138:26)[0m


[31mX [41;31m[[41;97mERROR[41;31m][0m [1mAn error occurred while prerendering route '/switch/on-off'.

Error: Terminating worker thread
    at ThreadPool.destroy (C:\Users\sh.kahrizi\Desktop\code\acorex-demo\node_modules\piscina\dist\index.js:489:27)
    at WorkerPool.destroy (C:\Users\sh.kahrizi\Desktop\code\acorex-demo\node_modules\piscina\dist\index.js:669:65)
    at C:\Users\sh.kahrizi\Desktop\code\acorex-demo\node_modules\@angular\build\src\utils\server-rendering\prerender.js:166:35
    at async Promise.all (index 136)
    at async renderPages (C:\Users\sh.kahrizi\Desktop\code\acorex-demo\node_modules\@angular\build\src\utils\server-rendering\prerender.js:170:9)
    at async prerenderPages (C:\Users\sh.kahrizi\Desktop\code\acorex-demo\node_modules\@angular\build\src\utils\server-rendering\prerender.js:107:49)
    at async executePostBundleSteps (C:\Users\sh.kahrizi\Desktop\code\acorex-demo\node_modules\@angular\build\src\builders\application\execute-post-bundle.js:77:73)
    at async executeBuild (C:\Users\sh.kahrizi\Desktop\code\acorex-demo\node_modules\@angular\build\src\builders\application\execute-build.js:267:28)
    at async watch (C:\Users\sh.kahrizi\Desktop\code\acorex-demo\node_modules\@angular\build\src\builders\application\index.js:110:24)
    at async Task.task [as taskFn] (C:\Users\sh.kahrizi\Desktop\code\acorex-demo\node_modules\@angular\build\src\tools\esbuild\utils.js:138:26)[0m


[31mX [41;31m[[41;97mERROR[41;31m][0m [1mAn error occurred while prerendering route '/switch/content'.

Error: Terminating worker thread
    at ThreadPool.destroy (C:\Users\sh.kahrizi\Desktop\code\acorex-demo\node_modules\piscina\dist\index.js:489:27)
    at WorkerPool.destroy (C:\Users\sh.kahrizi\Desktop\code\acorex-demo\node_modules\piscina\dist\index.js:669:65)
    at C:\Users\sh.kahrizi\Desktop\code\acorex-demo\node_modules\@angular\build\src\utils\server-rendering\prerender.js:166:35
    at async Promise.all (index 136)
    at async renderPages (C:\Users\sh.kahrizi\Desktop\code\acorex-demo\node_modules\@angular\build\src\utils\server-rendering\prerender.js:170:9)
    at async prerenderPages (C:\Users\sh.kahrizi\Desktop\code\acorex-demo\node_modules\@angular\build\src\utils\server-rendering\prerender.js:107:49)
    at async executePostBundleSteps (C:\Users\sh.kahrizi\Desktop\code\acorex-demo\node_modules\@angular\build\src\builders\application\execute-post-bundle.js:77:73)
    at async executeBuild (C:\Users\sh.kahrizi\Desktop\code\acorex-demo\node_modules\@angular\build\src\builders\application\execute-build.js:267:28)
    at async watch (C:\Users\sh.kahrizi\Desktop\code\acorex-demo\node_modules\@angular\build\src\builders\application\index.js:110:24)
    at async Task.task [as taskFn] (C:\Users\sh.kahrizi\Desktop\code\acorex-demo\node_modules\@angular\build\src\tools\esbuild\utils.js:138:26)[0m


[31mX [41;31m[[41;97mERROR[41;31m][0m [1mAn error occurred while prerendering route '/switch/on-off-content'.

Error: Terminating worker thread
    at ThreadPool.destroy (C:\Users\sh.kahrizi\Desktop\code\acorex-demo\node_modules\piscina\dist\index.js:489:27)
    at WorkerPool.destroy (C:\Users\sh.kahrizi\Desktop\code\acorex-demo\node_modules\piscina\dist\index.js:669:65)
    at C:\Users\sh.kahrizi\Desktop\code\acorex-demo\node_modules\@angular\build\src\utils\server-rendering\prerender.js:166:35
    at async Promise.all (index 136)
    at async renderPages (C:\Users\sh.kahrizi\Desktop\code\acorex-demo\node_modules\@angular\build\src\utils\server-rendering\prerender.js:170:9)
    at async prerenderPages (C:\Users\sh.kahrizi\Desktop\code\acorex-demo\node_modules\@angular\build\src\utils\server-rendering\prerender.js:107:49)
    at async executePostBundleSteps (C:\Users\sh.kahrizi\Desktop\code\acorex-demo\node_modules\@angular\build\src\builders\application\execute-post-bundle.js:77:73)
    at async executeBuild (C:\Users\sh.kahrizi\Desktop\code\acorex-demo\node_modules\@angular\build\src\builders\application\execute-build.js:267:28)
    at async watch (C:\Users\sh.kahrizi\Desktop\code\acorex-demo\node_modules\@angular\build\src\builders\application\index.js:110:24)
    at async Task.task [as taskFn] (C:\Users\sh.kahrizi\Desktop\code\acorex-demo\node_modules\@angular\build\src\tools\esbuild\utils.js:138:26)[0m


[31mX [41;31m[[41;97mERROR[41;31m][0m [1mAn error occurred while prerendering route '/switch/loading'.

Error: Terminating worker thread
    at ThreadPool.destroy (C:\Users\sh.kahrizi\Desktop\code\acorex-demo\node_modules\piscina\dist\index.js:489:27)
    at WorkerPool.destroy (C:\Users\sh.kahrizi\Desktop\code\acorex-demo\node_modules\piscina\dist\index.js:669:65)
    at C:\Users\sh.kahrizi\Desktop\code\acorex-demo\node_modules\@angular\build\src\utils\server-rendering\prerender.js:166:35
    at async Promise.all (index 136)
    at async renderPages (C:\Users\sh.kahrizi\Desktop\code\acorex-demo\node_modules\@angular\build\src\utils\server-rendering\prerender.js:170:9)
    at async prerenderPages (C:\Users\sh.kahrizi\Desktop\code\acorex-demo\node_modules\@angular\build\src\utils\server-rendering\prerender.js:107:49)
    at async executePostBundleSteps (C:\Users\sh.kahrizi\Desktop\code\acorex-demo\node_modules\@angular\build\src\builders\application\execute-post-bundle.js:77:73)
    at async executeBuild (C:\Users\sh.kahrizi\Desktop\code\acorex-demo\node_modules\@angular\build\src\builders\application\execute-build.js:267:28)
    at async watch (C:\Users\sh.kahrizi\Desktop\code\acorex-demo\node_modules\@angular\build\src\builders\application\index.js:110:24)
    at async Task.task [as taskFn] (C:\Users\sh.kahrizi\Desktop\code\acorex-demo\node_modules\@angular\build\src\tools\esbuild\utils.js:138:26)[0m


[31mX [41;31m[[41;97mERROR[41;31m][0m [1mAn error occurred while prerendering route '/switch/size'.

Error: Terminating worker thread
    at ThreadPool.destroy (C:\Users\sh.kahrizi\Desktop\code\acorex-demo\node_modules\piscina\dist\index.js:489:27)
    at WorkerPool.destroy (C:\Users\sh.kahrizi\Desktop\code\acorex-demo\node_modules\piscina\dist\index.js:669:65)
    at C:\Users\sh.kahrizi\Desktop\code\acorex-demo\node_modules\@angular\build\src\utils\server-rendering\prerender.js:166:35
    at async Promise.all (index 136)
    at async renderPages (C:\Users\sh.kahrizi\Desktop\code\acorex-demo\node_modules\@angular\build\src\utils\server-rendering\prerender.js:170:9)
    at async prerenderPages (C:\Users\sh.kahrizi\Desktop\code\acorex-demo\node_modules\@angular\build\src\utils\server-rendering\prerender.js:107:49)
    at async executePostBundleSteps (C:\Users\sh.kahrizi\Desktop\code\acorex-demo\node_modules\@angular\build\src\builders\application\execute-post-bundle.js:77:73)
    at async executeBuild (C:\Users\sh.kahrizi\Desktop\code\acorex-demo\node_modules\@angular\build\src\builders\application\execute-build.js:267:28)
    at async watch (C:\Users\sh.kahrizi\Desktop\code\acorex-demo\node_modules\@angular\build\src\builders\application\index.js:110:24)
    at async Task.task [as taskFn] (C:\Users\sh.kahrizi\Desktop\code\acorex-demo\node_modules\@angular\build\src\tools\esbuild\utils.js:138:26)[0m


[31mX [41;31m[[41;97mERROR[41;31m][0m [1mAn error occurred while prerendering route '/switch/disabled-readonly'.

Error: Terminating worker thread
    at ThreadPool.destroy (C:\Users\sh.kahrizi\Desktop\code\acorex-demo\node_modules\piscina\dist\index.js:489:27)
    at WorkerPool.destroy (C:\Users\sh.kahrizi\Desktop\code\acorex-demo\node_modules\piscina\dist\index.js:669:65)
    at C:\Users\sh.kahrizi\Desktop\code\acorex-demo\node_modules\@angular\build\src\utils\server-rendering\prerender.js:166:35
    at async Promise.all (index 136)
    at async renderPages (C:\Users\sh.kahrizi\Desktop\code\acorex-demo\node_modules\@angular\build\src\utils\server-rendering\prerender.js:170:9)
    at async prerenderPages (C:\Users\sh.kahrizi\Desktop\code\acorex-demo\node_modules\@angular\build\src\utils\server-rendering\prerender.js:107:49)
    at async executePostBundleSteps (C:\Users\sh.kahrizi\Desktop\code\acorex-demo\node_modules\@angular\build\src\builders\application\execute-post-bundle.js:77:73)
    at async executeBuild (C:\Users\sh.kahrizi\Desktop\code\acorex-demo\node_modules\@angular\build\src\builders\application\execute-build.js:267:28)
    at async watch (C:\Users\sh.kahrizi\Desktop\code\acorex-demo\node_modules\@angular\build\src\builders\application\index.js:110:24)
    at async Task.task [as taskFn] (C:\Users\sh.kahrizi\Desktop\code\acorex-demo\node_modules\@angular\build\src\tools\esbuild\utils.js:138:26)[0m


[31mX [41;31m[[41;97mERROR[41;31m][0m [1mAn error occurred while prerendering route '/tabs/decoration'.

Error: Terminating worker thread
    at ThreadPool.destroy (C:\Users\sh.kahrizi\Desktop\code\acorex-demo\node_modules\piscina\dist\index.js:489:27)
    at WorkerPool.destroy (C:\Users\sh.kahrizi\Desktop\code\acorex-demo\node_modules\piscina\dist\index.js:669:65)
    at C:\Users\sh.kahrizi\Desktop\code\acorex-demo\node_modules\@angular\build\src\utils\server-rendering\prerender.js:166:35
    at async Promise.all (index 136)
    at async renderPages (C:\Users\sh.kahrizi\Desktop\code\acorex-demo\node_modules\@angular\build\src\utils\server-rendering\prerender.js:170:9)
    at async prerenderPages (C:\Users\sh.kahrizi\Desktop\code\acorex-demo\node_modules\@angular\build\src\utils\server-rendering\prerender.js:107:49)
    at async executePostBundleSteps (C:\Users\sh.kahrizi\Desktop\code\acorex-demo\node_modules\@angular\build\src\builders\application\execute-post-bundle.js:77:73)
    at async executeBuild (C:\Users\sh.kahrizi\Desktop\code\acorex-demo\node_modules\@angular\build\src\builders\application\execute-build.js:267:28)
    at async watch (C:\Users\sh.kahrizi\Desktop\code\acorex-demo\node_modules\@angular\build\src\builders\application\index.js:110:24)
    at async Task.task [as taskFn] (C:\Users\sh.kahrizi\Desktop\code\acorex-demo\node_modules\@angular\build\src\tools\esbuild\utils.js:138:26)[0m


[31mX [41;31m[[41;97mERROR[41;31m][0m [1mAn error occurred while prerendering route '/tabs/usage'.

Error: Terminating worker thread
    at ThreadPool.destroy (C:\Users\sh.kahrizi\Desktop\code\acorex-demo\node_modules\piscina\dist\index.js:489:27)
    at WorkerPool.destroy (C:\Users\sh.kahrizi\Desktop\code\acorex-demo\node_modules\piscina\dist\index.js:669:65)
    at C:\Users\sh.kahrizi\Desktop\code\acorex-demo\node_modules\@angular\build\src\utils\server-rendering\prerender.js:166:35
    at async Promise.all (index 136)
    at async renderPages (C:\Users\sh.kahrizi\Desktop\code\acorex-demo\node_modules\@angular\build\src\utils\server-rendering\prerender.js:170:9)
    at async prerenderPages (C:\Users\sh.kahrizi\Desktop\code\acorex-demo\node_modules\@angular\build\src\utils\server-rendering\prerender.js:107:49)
    at async executePostBundleSteps (C:\Users\sh.kahrizi\Desktop\code\acorex-demo\node_modules\@angular\build\src\builders\application\execute-post-bundle.js:77:73)
    at async executeBuild (C:\Users\sh.kahrizi\Desktop\code\acorex-demo\node_modules\@angular\build\src\builders\application\execute-build.js:267:28)
    at async watch (C:\Users\sh.kahrizi\Desktop\code\acorex-demo\node_modules\@angular\build\src\builders\application\index.js:110:24)
    at async Task.task [as taskFn] (C:\Users\sh.kahrizi\Desktop\code\acorex-demo\node_modules\@angular\build\src\tools\esbuild\utils.js:138:26)[0m


[31mX [41;31m[[41;97mERROR[41;31m][0m [1mAn error occurred while prerendering route '/tabs/custom-template'.

Error: Terminating worker thread
    at ThreadPool.destroy (C:\Users\sh.kahrizi\Desktop\code\acorex-demo\node_modules\piscina\dist\index.js:489:27)
    at WorkerPool.destroy (C:\Users\sh.kahrizi\Desktop\code\acorex-demo\node_modules\piscina\dist\index.js:669:65)
    at C:\Users\sh.kahrizi\Desktop\code\acorex-demo\node_modules\@angular\build\src\utils\server-rendering\prerender.js:166:35
    at async Promise.all (index 136)
    at async renderPages (C:\Users\sh.kahrizi\Desktop\code\acorex-demo\node_modules\@angular\build\src\utils\server-rendering\prerender.js:170:9)
    at async prerenderPages (C:\Users\sh.kahrizi\Desktop\code\acorex-demo\node_modules\@angular\build\src\utils\server-rendering\prerender.js:107:49)
    at async executePostBundleSteps (C:\Users\sh.kahrizi\Desktop\code\acorex-demo\node_modules\@angular\build\src\builders\application\execute-post-bundle.js:77:73)
    at async executeBuild (C:\Users\sh.kahrizi\Desktop\code\acorex-demo\node_modules\@angular\build\src\builders\application\execute-build.js:267:28)
    at async watch (C:\Users\sh.kahrizi\Desktop\code\acorex-demo\node_modules\@angular\build\src\builders\application\index.js:110:24)
    at async Task.task [as taskFn] (C:\Users\sh.kahrizi\Desktop\code\acorex-demo\node_modules\@angular\build\src\tools\esbuild\utils.js:138:26)[0m


[31mX [41;31m[[41;97mERROR[41;31m][0m [1mAn error occurred while prerendering route '/tabs/tab-with-content'.

Error: Terminating worker thread
    at ThreadPool.destroy (C:\Users\sh.kahrizi\Desktop\code\acorex-demo\node_modules\piscina\dist\index.js:489:27)
    at WorkerPool.destroy (C:\Users\sh.kahrizi\Desktop\code\acorex-demo\node_modules\piscina\dist\index.js:669:65)
    at C:\Users\sh.kahrizi\Desktop\code\acorex-demo\node_modules\@angular\build\src\utils\server-rendering\prerender.js:166:35
    at async Promise.all (index 136)
    at async renderPages (C:\Users\sh.kahrizi\Desktop\code\acorex-demo\node_modules\@angular\build\src\utils\server-rendering\prerender.js:170:9)
    at async prerenderPages (C:\Users\sh.kahrizi\Desktop\code\acorex-demo\node_modules\@angular\build\src\utils\server-rendering\prerender.js:107:49)
    at async executePostBundleSteps (C:\Users\sh.kahrizi\Desktop\code\acorex-demo\node_modules\@angular\build\src\builders\application\execute-post-bundle.js:77:73)
    at async executeBuild (C:\Users\sh.kahrizi\Desktop\code\acorex-demo\node_modules\@angular\build\src\builders\application\execute-build.js:267:28)
    at async watch (C:\Users\sh.kahrizi\Desktop\code\acorex-demo\node_modules\@angular\build\src\builders\application\index.js:110:24)
    at async Task.task [as taskFn] (C:\Users\sh.kahrizi\Desktop\code\acorex-demo\node_modules\@angular\build\src\tools\esbuild\utils.js:138:26)[0m


[31mX [41;31m[[41;97mERROR[41;31m][0m [1mAn error occurred while prerendering route '/tabs/look-variants'.

Error: Terminating worker thread
    at ThreadPool.destroy (C:\Users\sh.kahrizi\Desktop\code\acorex-demo\node_modules\piscina\dist\index.js:489:27)
    at WorkerPool.destroy (C:\Users\sh.kahrizi\Desktop\code\acorex-demo\node_modules\piscina\dist\index.js:669:65)
    at C:\Users\sh.kahrizi\Desktop\code\acorex-demo\node_modules\@angular\build\src\utils\server-rendering\prerender.js:166:35
    at async Promise.all (index 136)
    at async renderPages (C:\Users\sh.kahrizi\Desktop\code\acorex-demo\node_modules\@angular\build\src\utils\server-rendering\prerender.js:170:9)
    at async prerenderPages (C:\Users\sh.kahrizi\Desktop\code\acorex-demo\node_modules\@angular\build\src\utils\server-rendering\prerender.js:107:49)
    at async executePostBundleSteps (C:\Users\sh.kahrizi\Desktop\code\acorex-demo\node_modules\@angular\build\src\builders\application\execute-post-bundle.js:77:73)
    at async executeBuild (C:\Users\sh.kahrizi\Desktop\code\acorex-demo\node_modules\@angular\build\src\builders\application\execute-build.js:267:28)
    at async watch (C:\Users\sh.kahrizi\Desktop\code\acorex-demo\node_modules\@angular\build\src\builders\application\index.js:110:24)
    at async Task.task [as taskFn] (C:\Users\sh.kahrizi\Desktop\code\acorex-demo\node_modules\@angular\build\src\tools\esbuild\utils.js:138:26)[0m


[31mX [41;31m[[41;97mERROR[41;31m][0m [1mAn error occurred while prerendering route '/tabs/location-variants'.

Error: Terminating worker thread
    at ThreadPool.destroy (C:\Users\sh.kahrizi\Desktop\code\acorex-demo\node_modules\piscina\dist\index.js:489:27)
    at WorkerPool.destroy (C:\Users\sh.kahrizi\Desktop\code\acorex-demo\node_modules\piscina\dist\index.js:669:65)
    at C:\Users\sh.kahrizi\Desktop\code\acorex-demo\node_modules\@angular\build\src\utils\server-rendering\prerender.js:166:35
    at async Promise.all (index 136)
    at async renderPages (C:\Users\sh.kahrizi\Desktop\code\acorex-demo\node_modules\@angular\build\src\utils\server-rendering\prerender.js:170:9)
    at async prerenderPages (C:\Users\sh.kahrizi\Desktop\code\acorex-demo\node_modules\@angular\build\src\utils\server-rendering\prerender.js:107:49)
    at async executePostBundleSteps (C:\Users\sh.kahrizi\Desktop\code\acorex-demo\node_modules\@angular\build\src\builders\application\execute-post-bundle.js:77:73)
    at async executeBuild (C:\Users\sh.kahrizi\Desktop\code\acorex-demo\node_modules\@angular\build\src\builders\application\execute-build.js:267:28)
    at async watch (C:\Users\sh.kahrizi\Desktop\code\acorex-demo\node_modules\@angular\build\src\builders\application\index.js:110:24)
    at async Task.task [as taskFn] (C:\Users\sh.kahrizi\Desktop\code\acorex-demo\node_modules\@angular\build\src\tools\esbuild\utils.js:138:26)[0m


[31mX [41;31m[[41;97mERROR[41;31m][0m [1mAn error occurred while prerendering route '/tabs/disabled-state'.

Error: Terminating worker thread
    at ThreadPool.destroy (C:\Users\sh.kahrizi\Desktop\code\acorex-demo\node_modules\piscina\dist\index.js:489:27)
    at WorkerPool.destroy (C:\Users\sh.kahrizi\Desktop\code\acorex-demo\node_modules\piscina\dist\index.js:669:65)
    at C:\Users\sh.kahrizi\Desktop\code\acorex-demo\node_modules\@angular\build\src\utils\server-rendering\prerender.js:166:35
    at async Promise.all (index 136)
    at async renderPages (C:\Users\sh.kahrizi\Desktop\code\acorex-demo\node_modules\@angular\build\src\utils\server-rendering\prerender.js:170:9)
    at async prerenderPages (C:\Users\sh.kahrizi\Desktop\code\acorex-demo\node_modules\@angular\build\src\utils\server-rendering\prerender.js:107:49)
    at async executePostBundleSteps (C:\Users\sh.kahrizi\Desktop\code\acorex-demo\node_modules\@angular\build\src\builders\application\execute-post-bundle.js:77:73)
    at async executeBuild (C:\Users\sh.kahrizi\Desktop\code\acorex-demo\node_modules\@angular\build\src\builders\application\execute-build.js:267:28)
    at async watch (C:\Users\sh.kahrizi\Desktop\code\acorex-demo\node_modules\@angular\build\src\builders\application\index.js:110:24)
    at async Task.task [as taskFn] (C:\Users\sh.kahrizi\Desktop\code\acorex-demo\node_modules\@angular\build\src\tools\esbuild\utils.js:138:26)[0m


[31mX [41;31m[[41;97mERROR[41;31m][0m [1mAn error occurred while prerendering route '/tabs/event-handling'.

Error: Terminating worker thread
    at ThreadPool.destroy (C:\Users\sh.kahrizi\Desktop\code\acorex-demo\node_modules\piscina\dist\index.js:489:27)
    at WorkerPool.destroy (C:\Users\sh.kahrizi\Desktop\code\acorex-demo\node_modules\piscina\dist\index.js:669:65)
    at C:\Users\sh.kahrizi\Desktop\code\acorex-demo\node_modules\@angular\build\src\utils\server-rendering\prerender.js:166:35
    at async Promise.all (index 136)
    at async renderPages (C:\Users\sh.kahrizi\Desktop\code\acorex-demo\node_modules\@angular\build\src\utils\server-rendering\prerender.js:170:9)
    at async prerenderPages (C:\Users\sh.kahrizi\Desktop\code\acorex-demo\node_modules\@angular\build\src\utils\server-rendering\prerender.js:107:49)
    at async executePostBundleSteps (C:\Users\sh.kahrizi\Desktop\code\acorex-demo\node_modules\@angular\build\src\builders\application\execute-post-bundle.js:77:73)
    at async executeBuild (C:\Users\sh.kahrizi\Desktop\code\acorex-demo\node_modules\@angular\build\src\builders\application\execute-build.js:267:28)
    at async watch (C:\Users\sh.kahrizi\Desktop\code\acorex-demo\node_modules\@angular\build\src\builders\application\index.js:110:24)
    at async Task.task [as taskFn] (C:\Users\sh.kahrizi\Desktop\code\acorex-demo\node_modules\@angular\build\src\tools\esbuild\utils.js:138:26)[0m


[31mX [41;31m[[41;97mERROR[41;31m][0m [1mAn error occurred while prerendering route '/tag/usage'.

Error: Terminating worker thread
    at ThreadPool.destroy (C:\Users\sh.kahrizi\Desktop\code\acorex-demo\node_modules\piscina\dist\index.js:489:27)
    at WorkerPool.destroy (C:\Users\sh.kahrizi\Desktop\code\acorex-demo\node_modules\piscina\dist\index.js:669:65)
    at C:\Users\sh.kahrizi\Desktop\code\acorex-demo\node_modules\@angular\build\src\utils\server-rendering\prerender.js:166:35
    at async Promise.all (index 136)
    at async renderPages (C:\Users\sh.kahrizi\Desktop\code\acorex-demo\node_modules\@angular\build\src\utils\server-rendering\prerender.js:170:9)
    at async prerenderPages (C:\Users\sh.kahrizi\Desktop\code\acorex-demo\node_modules\@angular\build\src\utils\server-rendering\prerender.js:107:49)
    at async executePostBundleSteps (C:\Users\sh.kahrizi\Desktop\code\acorex-demo\node_modules\@angular\build\src\builders\application\execute-post-bundle.js:77:73)
    at async executeBuild (C:\Users\sh.kahrizi\Desktop\code\acorex-demo\node_modules\@angular\build\src\builders\application\execute-build.js:267:28)
    at async watch (C:\Users\sh.kahrizi\Desktop\code\acorex-demo\node_modules\@angular\build\src\builders\application\index.js:110:24)
    at async Task.task [as taskFn] (C:\Users\sh.kahrizi\Desktop\code\acorex-demo\node_modules\@angular\build\src\tools\esbuild\utils.js:138:26)[0m


[31mX [41;31m[[41;97mERROR[41;31m][0m [1mAn error occurred while prerendering route '/tag/colors'.

Error: Terminating worker thread
    at ThreadPool.destroy (C:\Users\sh.kahrizi\Desktop\code\acorex-demo\node_modules\piscina\dist\index.js:489:27)
    at WorkerPool.destroy (C:\Users\sh.kahrizi\Desktop\code\acorex-demo\node_modules\piscina\dist\index.js:669:65)
    at C:\Users\sh.kahrizi\Desktop\code\acorex-demo\node_modules\@angular\build\src\utils\server-rendering\prerender.js:166:35
    at async Promise.all (index 136)
    at async renderPages (C:\Users\sh.kahrizi\Desktop\code\acorex-demo\node_modules\@angular\build\src\utils\server-rendering\prerender.js:170:9)
    at async prerenderPages (C:\Users\sh.kahrizi\Desktop\code\acorex-demo\node_modules\@angular\build\src\utils\server-rendering\prerender.js:107:49)
    at async executePostBundleSteps (C:\Users\sh.kahrizi\Desktop\code\acorex-demo\node_modules\@angular\build\src\builders\application\execute-post-bundle.js:77:73)
    at async executeBuild (C:\Users\sh.kahrizi\Desktop\code\acorex-demo\node_modules\@angular\build\src\builders\application\execute-build.js:267:28)
    at async watch (C:\Users\sh.kahrizi\Desktop\code\acorex-demo\node_modules\@angular\build\src\builders\application\index.js:110:24)
    at async Task.task [as taskFn] (C:\Users\sh.kahrizi\Desktop\code\acorex-demo\node_modules\@angular\build\src\tools\esbuild\utils.js:138:26)[0m


[31mX [41;31m[[41;97mERROR[41;31m][0m [1mAn error occurred while prerendering route '/tag/look'.

Error: Terminating worker thread
    at ThreadPool.destroy (C:\Users\sh.kahrizi\Desktop\code\acorex-demo\node_modules\piscina\dist\index.js:489:27)
    at WorkerPool.destroy (C:\Users\sh.kahrizi\Desktop\code\acorex-demo\node_modules\piscina\dist\index.js:669:65)
    at C:\Users\sh.kahrizi\Desktop\code\acorex-demo\node_modules\@angular\build\src\utils\server-rendering\prerender.js:166:35
    at async Promise.all (index 136)
    at async renderPages (C:\Users\sh.kahrizi\Desktop\code\acorex-demo\node_modules\@angular\build\src\utils\server-rendering\prerender.js:170:9)
    at async prerenderPages (C:\Users\sh.kahrizi\Desktop\code\acorex-demo\node_modules\@angular\build\src\utils\server-rendering\prerender.js:107:49)
    at async executePostBundleSteps (C:\Users\sh.kahrizi\Desktop\code\acorex-demo\node_modules\@angular\build\src\builders\application\execute-post-bundle.js:77:73)
    at async executeBuild (C:\Users\sh.kahrizi\Desktop\code\acorex-demo\node_modules\@angular\build\src\builders\application\execute-build.js:267:28)
    at async watch (C:\Users\sh.kahrizi\Desktop\code\acorex-demo\node_modules\@angular\build\src\builders\application\index.js:110:24)
    at async Task.task [as taskFn] (C:\Users\sh.kahrizi\Desktop\code\acorex-demo\node_modules\@angular\build\src\tools\esbuild\utils.js:138:26)[0m


[31mX [41;31m[[41;97mERROR[41;31m][0m [1mAn error occurred while prerendering route '/tag/size'.

Error: Terminating worker thread
    at ThreadPool.destroy (C:\Users\sh.kahrizi\Desktop\code\acorex-demo\node_modules\piscina\dist\index.js:489:27)
    at WorkerPool.destroy (C:\Users\sh.kahrizi\Desktop\code\acorex-demo\node_modules\piscina\dist\index.js:669:65)
    at C:\Users\sh.kahrizi\Desktop\code\acorex-demo\node_modules\@angular\build\src\utils\server-rendering\prerender.js:166:35
    at async Promise.all (index 136)
    at async renderPages (C:\Users\sh.kahrizi\Desktop\code\acorex-demo\node_modules\@angular\build\src\utils\server-rendering\prerender.js:170:9)
    at async prerenderPages (C:\Users\sh.kahrizi\Desktop\code\acorex-demo\node_modules\@angular\build\src\utils\server-rendering\prerender.js:107:49)
    at async executePostBundleSteps (C:\Users\sh.kahrizi\Desktop\code\acorex-demo\node_modules\@angular\build\src\builders\application\execute-post-bundle.js:77:73)
    at async executeBuild (C:\Users\sh.kahrizi\Desktop\code\acorex-demo\node_modules\@angular\build\src\builders\application\execute-build.js:267:28)
    at async watch (C:\Users\sh.kahrizi\Desktop\code\acorex-demo\node_modules\@angular\build\src\builders\application\index.js:110:24)
    at async Task.task [as taskFn] (C:\Users\sh.kahrizi\Desktop\code\acorex-demo\node_modules\@angular\build\src\tools\esbuild\utils.js:138:26)[0m


[31mX [41;31m[[41;97mERROR[41;31m][0m [1mAn error occurred while prerendering route '/tag/decorators'.

Error: Terminating worker thread
    at ThreadPool.destroy (C:\Users\sh.kahrizi\Desktop\code\acorex-demo\node_modules\piscina\dist\index.js:489:27)
    at WorkerPool.destroy (C:\Users\sh.kahrizi\Desktop\code\acorex-demo\node_modules\piscina\dist\index.js:669:65)
    at C:\Users\sh.kahrizi\Desktop\code\acorex-demo\node_modules\@angular\build\src\utils\server-rendering\prerender.js:166:35
    at async Promise.all (index 136)
    at async renderPages (C:\Users\sh.kahrizi\Desktop\code\acorex-demo\node_modules\@angular\build\src\utils\server-rendering\prerender.js:170:9)
    at async prerenderPages (C:\Users\sh.kahrizi\Desktop\code\acorex-demo\node_modules\@angular\build\src\utils\server-rendering\prerender.js:107:49)
    at async executePostBundleSteps (C:\Users\sh.kahrizi\Desktop\code\acorex-demo\node_modules\@angular\build\src\builders\application\execute-post-bundle.js:77:73)
    at async executeBuild (C:\Users\sh.kahrizi\Desktop\code\acorex-demo\node_modules\@angular\build\src\builders\application\execute-build.js:267:28)
    at async watch (C:\Users\sh.kahrizi\Desktop\code\acorex-demo\node_modules\@angular\build\src\builders\application\index.js:110:24)
    at async Task.task [as taskFn] (C:\Users\sh.kahrizi\Desktop\code\acorex-demo\node_modules\@angular\build\src\tools\esbuild\utils.js:138:26)[0m


[31mX [41;31m[[41;97mERROR[41;31m][0m [1mAn error occurred while prerendering route '/text-area/usage'.

Error: Terminating worker thread
    at ThreadPool.destroy (C:\Users\sh.kahrizi\Desktop\code\acorex-demo\node_modules\piscina\dist\index.js:489:27)
    at WorkerPool.destroy (C:\Users\sh.kahrizi\Desktop\code\acorex-demo\node_modules\piscina\dist\index.js:669:65)
    at C:\Users\sh.kahrizi\Desktop\code\acorex-demo\node_modules\@angular\build\src\utils\server-rendering\prerender.js:166:35
    at async Promise.all (index 136)
    at async renderPages (C:\Users\sh.kahrizi\Desktop\code\acorex-demo\node_modules\@angular\build\src\utils\server-rendering\prerender.js:170:9)
    at async prerenderPages (C:\Users\sh.kahrizi\Desktop\code\acorex-demo\node_modules\@angular\build\src\utils\server-rendering\prerender.js:107:49)
    at async executePostBundleSteps (C:\Users\sh.kahrizi\Desktop\code\acorex-demo\node_modules\@angular\build\src\builders\application\execute-post-bundle.js:77:73)
    at async executeBuild (C:\Users\sh.kahrizi\Desktop\code\acorex-demo\node_modules\@angular\build\src\builders\application\execute-build.js:267:28)
    at async watch (C:\Users\sh.kahrizi\Desktop\code\acorex-demo\node_modules\@angular\build\src\builders\application\index.js:110:24)
    at async Task.task [as taskFn] (C:\Users\sh.kahrizi\Desktop\code\acorex-demo\node_modules\@angular\build\src\tools\esbuild\utils.js:138:26)[0m


[31mX [41;31m[[41;97mERROR[41;31m][0m [1mAn error occurred while prerendering route '/text-area/counter'.

Error: Terminating worker thread
    at ThreadPool.destroy (C:\Users\sh.kahrizi\Desktop\code\acorex-demo\node_modules\piscina\dist\index.js:489:27)
    at WorkerPool.destroy (C:\Users\sh.kahrizi\Desktop\code\acorex-demo\node_modules\piscina\dist\index.js:669:65)
    at C:\Users\sh.kahrizi\Desktop\code\acorex-demo\node_modules\@angular\build\src\utils\server-rendering\prerender.js:166:35
    at async Promise.all (index 136)
    at async renderPages (C:\Users\sh.kahrizi\Desktop\code\acorex-demo\node_modules\@angular\build\src\utils\server-rendering\prerender.js:170:9)
    at async prerenderPages (C:\Users\sh.kahrizi\Desktop\code\acorex-demo\node_modules\@angular\build\src\utils\server-rendering\prerender.js:107:49)
    at async executePostBundleSteps (C:\Users\sh.kahrizi\Desktop\code\acorex-demo\node_modules\@angular\build\src\builders\application\execute-post-bundle.js:77:73)
    at async executeBuild (C:\Users\sh.kahrizi\Desktop\code\acorex-demo\node_modules\@angular\build\src\builders\application\execute-build.js:267:28)
    at async watch (C:\Users\sh.kahrizi\Desktop\code\acorex-demo\node_modules\@angular\build\src\builders\application\index.js:110:24)
    at async Task.task [as taskFn] (C:\Users\sh.kahrizi\Desktop\code\acorex-demo\node_modules\@angular\build\src\tools\esbuild\utils.js:138:26)[0m


[31mX [41;31m[[41;97mERROR[41;31m][0m [1mAn error occurred while prerendering route '/text-area/counter-max-length'.

Error: Terminating worker thread
    at ThreadPool.destroy (C:\Users\sh.kahrizi\Desktop\code\acorex-demo\node_modules\piscina\dist\index.js:489:27)
    at WorkerPool.destroy (C:\Users\sh.kahrizi\Desktop\code\acorex-demo\node_modules\piscina\dist\index.js:669:65)
    at C:\Users\sh.kahrizi\Desktop\code\acorex-demo\node_modules\@angular\build\src\utils\server-rendering\prerender.js:166:35
    at async Promise.all (index 136)
    at async renderPages (C:\Users\sh.kahrizi\Desktop\code\acorex-demo\node_modules\@angular\build\src\utils\server-rendering\prerender.js:170:9)
    at async prerenderPages (C:\Users\sh.kahrizi\Desktop\code\acorex-demo\node_modules\@angular\build\src\utils\server-rendering\prerender.js:107:49)
    at async executePostBundleSteps (C:\Users\sh.kahrizi\Desktop\code\acorex-demo\node_modules\@angular\build\src\builders\application\execute-post-bundle.js:77:73)
    at async executeBuild (C:\Users\sh.kahrizi\Desktop\code\acorex-demo\node_modules\@angular\build\src\builders\application\execute-build.js:267:28)
    at async watch (C:\Users\sh.kahrizi\Desktop\code\acorex-demo\node_modules\@angular\build\src\builders\application\index.js:110:24)
    at async Task.task [as taskFn] (C:\Users\sh.kahrizi\Desktop\code\acorex-demo\node_modules\@angular\build\src\tools\esbuild\utils.js:138:26)[0m


[31mX [41;31m[[41;97mERROR[41;31m][0m [1mAn error occurred while prerendering route '/text-area/rows'.

Error: Terminating worker thread
    at ThreadPool.destroy (C:\Users\sh.kahrizi\Desktop\code\acorex-demo\node_modules\piscina\dist\index.js:489:27)
    at WorkerPool.destroy (C:\Users\sh.kahrizi\Desktop\code\acorex-demo\node_modules\piscina\dist\index.js:669:65)
    at C:\Users\sh.kahrizi\Desktop\code\acorex-demo\node_modules\@angular\build\src\utils\server-rendering\prerender.js:166:35
    at async Promise.all (index 136)
    at async renderPages (C:\Users\sh.kahrizi\Desktop\code\acorex-demo\node_modules\@angular\build\src\utils\server-rendering\prerender.js:170:9)
    at async prerenderPages (C:\Users\sh.kahrizi\Desktop\code\acorex-demo\node_modules\@angular\build\src\utils\server-rendering\prerender.js:107:49)
    at async executePostBundleSteps (C:\Users\sh.kahrizi\Desktop\code\acorex-demo\node_modules\@angular\build\src\builders\application\execute-post-bundle.js:77:73)
    at async executeBuild (C:\Users\sh.kahrizi\Desktop\code\acorex-demo\node_modules\@angular\build\src\builders\application\execute-build.js:267:28)
    at async watch (C:\Users\sh.kahrizi\Desktop\code\acorex-demo\node_modules\@angular\build\src\builders\application\index.js:110:24)
    at async Task.task [as taskFn] (C:\Users\sh.kahrizi\Desktop\code\acorex-demo\node_modules\@angular\build\src\tools\esbuild\utils.js:138:26)[0m


[31mX [41;31m[[41;97mERROR[41;31m][0m [1mAn error occurred while prerendering route '/text-box/usage'.

Error: Terminating worker thread
    at ThreadPool.destroy (C:\Users\sh.kahrizi\Desktop\code\acorex-demo\node_modules\piscina\dist\index.js:489:27)
    at WorkerPool.destroy (C:\Users\sh.kahrizi\Desktop\code\acorex-demo\node_modules\piscina\dist\index.js:669:65)
    at C:\Users\sh.kahrizi\Desktop\code\acorex-demo\node_modules\@angular\build\src\utils\server-rendering\prerender.js:166:35
    at async Promise.all (index 136)
    at async renderPages (C:\Users\sh.kahrizi\Desktop\code\acorex-demo\node_modules\@angular\build\src\utils\server-rendering\prerender.js:170:9)
    at async prerenderPages (C:\Users\sh.kahrizi\Desktop\code\acorex-demo\node_modules\@angular\build\src\utils\server-rendering\prerender.js:107:49)
    at async executePostBundleSteps (C:\Users\sh.kahrizi\Desktop\code\acorex-demo\node_modules\@angular\build\src\builders\application\execute-post-bundle.js:77:73)
    at async executeBuild (C:\Users\sh.kahrizi\Desktop\code\acorex-demo\node_modules\@angular\build\src\builders\application\execute-build.js:267:28)
    at async watch (C:\Users\sh.kahrizi\Desktop\code\acorex-demo\node_modules\@angular\build\src\builders\application\index.js:110:24)
    at async Task.task [as taskFn] (C:\Users\sh.kahrizi\Desktop\code\acorex-demo\node_modules\@angular\build\src\tools\esbuild\utils.js:138:26)[0m


[31mX [41;31m[[41;97mERROR[41;31m][0m [1mAn error occurred while prerendering route '/text-box/using-decorators'.

Error: Terminating worker thread
    at ThreadPool.destroy (C:\Users\sh.kahrizi\Desktop\code\acorex-demo\node_modules\piscina\dist\index.js:489:27)
    at WorkerPool.destroy (C:\Users\sh.kahrizi\Desktop\code\acorex-demo\node_modules\piscina\dist\index.js:669:65)
    at C:\Users\sh.kahrizi\Desktop\code\acorex-demo\node_modules\@angular\build\src\utils\server-rendering\prerender.js:166:35
    at async Promise.all (index 136)
    at async renderPages (C:\Users\sh.kahrizi\Desktop\code\acorex-demo\node_modules\@angular\build\src\utils\server-rendering\prerender.js:170:9)
    at async prerenderPages (C:\Users\sh.kahrizi\Desktop\code\acorex-demo\node_modules\@angular\build\src\utils\server-rendering\prerender.js:107:49)
    at async executePostBundleSteps (C:\Users\sh.kahrizi\Desktop\code\acorex-demo\node_modules\@angular\build\src\builders\application\execute-post-bundle.js:77:73)
    at async executeBuild (C:\Users\sh.kahrizi\Desktop\code\acorex-demo\node_modules\@angular\build\src\builders\application\execute-build.js:267:28)
    at async watch (C:\Users\sh.kahrizi\Desktop\code\acorex-demo\node_modules\@angular\build\src\builders\application\index.js:110:24)
    at async Task.task [as taskFn] (C:\Users\sh.kahrizi\Desktop\code\acorex-demo\node_modules\@angular\build\src\tools\esbuild\utils.js:138:26)[0m


[31mX [41;31m[[41;97mERROR[41;31m][0m [1mAn error occurred while prerendering route '/text-box/number-mode'.

Error: Terminating worker thread
    at ThreadPool.destroy (C:\Users\sh.kahrizi\Desktop\code\acorex-demo\node_modules\piscina\dist\index.js:489:27)
    at WorkerPool.destroy (C:\Users\sh.kahrizi\Desktop\code\acorex-demo\node_modules\piscina\dist\index.js:669:65)
    at C:\Users\sh.kahrizi\Desktop\code\acorex-demo\node_modules\@angular\build\src\utils\server-rendering\prerender.js:166:35
    at async Promise.all (index 136)
    at async renderPages (C:\Users\sh.kahrizi\Desktop\code\acorex-demo\node_modules\@angular\build\src\utils\server-rendering\prerender.js:170:9)
    at async prerenderPages (C:\Users\sh.kahrizi\Desktop\code\acorex-demo\node_modules\@angular\build\src\utils\server-rendering\prerender.js:107:49)
    at async executePostBundleSteps (C:\Users\sh.kahrizi\Desktop\code\acorex-demo\node_modules\@angular\build\src\builders\application\execute-post-bundle.js:77:73)
    at async executeBuild (C:\Users\sh.kahrizi\Desktop\code\acorex-demo\node_modules\@angular\build\src\builders\application\execute-build.js:267:28)
    at async watch (C:\Users\sh.kahrizi\Desktop\code\acorex-demo\node_modules\@angular\build\src\builders\application\index.js:110:24)
    at async Task.task [as taskFn] (C:\Users\sh.kahrizi\Desktop\code\acorex-demo\node_modules\@angular\build\src\tools\esbuild\utils.js:138:26)[0m


[31mX [41;31m[[41;97mERROR[41;31m][0m [1mAn error occurred while prerendering route '/time-line/with-icon'.

Error: Terminating worker thread
    at ThreadPool.destroy (C:\Users\sh.kahrizi\Desktop\code\acorex-demo\node_modules\piscina\dist\index.js:489:27)
    at WorkerPool.destroy (C:\Users\sh.kahrizi\Desktop\code\acorex-demo\node_modules\piscina\dist\index.js:669:65)
    at C:\Users\sh.kahrizi\Desktop\code\acorex-demo\node_modules\@angular\build\src\utils\server-rendering\prerender.js:166:35
    at async Promise.all (index 136)
    at async renderPages (C:\Users\sh.kahrizi\Desktop\code\acorex-demo\node_modules\@angular\build\src\utils\server-rendering\prerender.js:170:9)
    at async prerenderPages (C:\Users\sh.kahrizi\Desktop\code\acorex-demo\node_modules\@angular\build\src\utils\server-rendering\prerender.js:107:49)
    at async executePostBundleSteps (C:\Users\sh.kahrizi\Desktop\code\acorex-demo\node_modules\@angular\build\src\builders\application\execute-post-bundle.js:77:73)
    at async executeBuild (C:\Users\sh.kahrizi\Desktop\code\acorex-demo\node_modules\@angular\build\src\builders\application\execute-build.js:267:28)
    at async watch (C:\Users\sh.kahrizi\Desktop\code\acorex-demo\node_modules\@angular\build\src\builders\application\index.js:110:24)
    at async Task.task [as taskFn] (C:\Users\sh.kahrizi\Desktop\code\acorex-demo\node_modules\@angular\build\src\tools\esbuild\utils.js:138:26)[0m


[31mX [41;31m[[41;97mERROR[41;31m][0m [1mAn error occurred while prerendering route '/time-line/usage'.

Error: Terminating worker thread
    at ThreadPool.destroy (C:\Users\sh.kahrizi\Desktop\code\acorex-demo\node_modules\piscina\dist\index.js:489:27)
    at WorkerPool.destroy (C:\Users\sh.kahrizi\Desktop\code\acorex-demo\node_modules\piscina\dist\index.js:669:65)
    at C:\Users\sh.kahrizi\Desktop\code\acorex-demo\node_modules\@angular\build\src\utils\server-rendering\prerender.js:166:35
    at async Promise.all (index 136)
    at async renderPages (C:\Users\sh.kahrizi\Desktop\code\acorex-demo\node_modules\@angular\build\src\utils\server-rendering\prerender.js:170:9)
    at async prerenderPages (C:\Users\sh.kahrizi\Desktop\code\acorex-demo\node_modules\@angular\build\src\utils\server-rendering\prerender.js:107:49)
    at async executePostBundleSteps (C:\Users\sh.kahrizi\Desktop\code\acorex-demo\node_modules\@angular\build\src\builders\application\execute-post-bundle.js:77:73)
    at async executeBuild (C:\Users\sh.kahrizi\Desktop\code\acorex-demo\node_modules\@angular\build\src\builders\application\execute-build.js:267:28)
    at async watch (C:\Users\sh.kahrizi\Desktop\code\acorex-demo\node_modules\@angular\build\src\builders\application\index.js:110:24)
    at async Task.task [as taskFn] (C:\Users\sh.kahrizi\Desktop\code\acorex-demo\node_modules\@angular\build\src\tools\esbuild\utils.js:138:26)[0m


[31mX [41;31m[[41;97mERROR[41;31m][0m [1mAn error occurred while prerendering route '/time-line/no-icon'.

Error: Terminating worker thread
    at ThreadPool.destroy (C:\Users\sh.kahrizi\Desktop\code\acorex-demo\node_modules\piscina\dist\index.js:489:27)
    at WorkerPool.destroy (C:\Users\sh.kahrizi\Desktop\code\acorex-demo\node_modules\piscina\dist\index.js:669:65)
    at C:\Users\sh.kahrizi\Desktop\code\acorex-demo\node_modules\@angular\build\src\utils\server-rendering\prerender.js:166:35
    at async Promise.all (index 136)
    at async renderPages (C:\Users\sh.kahrizi\Desktop\code\acorex-demo\node_modules\@angular\build\src\utils\server-rendering\prerender.js:170:9)
    at async prerenderPages (C:\Users\sh.kahrizi\Desktop\code\acorex-demo\node_modules\@angular\build\src\utils\server-rendering\prerender.js:107:49)
    at async executePostBundleSteps (C:\Users\sh.kahrizi\Desktop\code\acorex-demo\node_modules\@angular\build\src\builders\application\execute-post-bundle.js:77:73)
    at async executeBuild (C:\Users\sh.kahrizi\Desktop\code\acorex-demo\node_modules\@angular\build\src\builders\application\execute-build.js:267:28)
    at async watch (C:\Users\sh.kahrizi\Desktop\code\acorex-demo\node_modules\@angular\build\src\builders\application\index.js:110:24)
    at async Task.task [as taskFn] (C:\Users\sh.kahrizi\Desktop\code\acorex-demo\node_modules\@angular\build\src\tools\esbuild\utils.js:138:26)[0m


[31mX [41;31m[[41;97mERROR[41;31m][0m [1mAn error occurred while prerendering route '/time-duration/usage'.

Error: Terminating worker thread
    at ThreadPool.destroy (C:\Users\sh.kahrizi\Desktop\code\acorex-demo\node_modules\piscina\dist\index.js:489:27)
    at WorkerPool.destroy (C:\Users\sh.kahrizi\Desktop\code\acorex-demo\node_modules\piscina\dist\index.js:669:65)
    at C:\Users\sh.kahrizi\Desktop\code\acorex-demo\node_modules\@angular\build\src\utils\server-rendering\prerender.js:166:35
    at async Promise.all (index 136)
    at async renderPages (C:\Users\sh.kahrizi\Desktop\code\acorex-demo\node_modules\@angular\build\src\utils\server-rendering\prerender.js:170:9)
    at async prerenderPages (C:\Users\sh.kahrizi\Desktop\code\acorex-demo\node_modules\@angular\build\src\utils\server-rendering\prerender.js:107:49)
    at async executePostBundleSteps (C:\Users\sh.kahrizi\Desktop\code\acorex-demo\node_modules\@angular\build\src\builders\application\execute-post-bundle.js:77:73)
    at async executeBuild (C:\Users\sh.kahrizi\Desktop\code\acorex-demo\node_modules\@angular\build\src\builders\application\execute-build.js:267:28)
    at async watch (C:\Users\sh.kahrizi\Desktop\code\acorex-demo\node_modules\@angular\build\src\builders\application\index.js:110:24)
    at async Task.task [as taskFn] (C:\Users\sh.kahrizi\Desktop\code\acorex-demo\node_modules\@angular\build\src\tools\esbuild\utils.js:138:26)[0m


[31mX [41;31m[[41;97mERROR[41;31m][0m [1mAn error occurred while prerendering route '/toast/usage'.

Error: Terminating worker thread
    at ThreadPool.destroy (C:\Users\sh.kahrizi\Desktop\code\acorex-demo\node_modules\piscina\dist\index.js:489:27)
    at WorkerPool.destroy (C:\Users\sh.kahrizi\Desktop\code\acorex-demo\node_modules\piscina\dist\index.js:669:65)
    at C:\Users\sh.kahrizi\Desktop\code\acorex-demo\node_modules\@angular\build\src\utils\server-rendering\prerender.js:166:35
    at async Promise.all (index 136)
    at async renderPages (C:\Users\sh.kahrizi\Desktop\code\acorex-demo\node_modules\@angular\build\src\utils\server-rendering\prerender.js:170:9)
    at async prerenderPages (C:\Users\sh.kahrizi\Desktop\code\acorex-demo\node_modules\@angular\build\src\utils\server-rendering\prerender.js:107:49)
    at async executePostBundleSteps (C:\Users\sh.kahrizi\Desktop\code\acorex-demo\node_modules\@angular\build\src\builders\application\execute-post-bundle.js:77:73)
    at async executeBuild (C:\Users\sh.kahrizi\Desktop\code\acorex-demo\node_modules\@angular\build\src\builders\application\execute-build.js:267:28)
    at async watch (C:\Users\sh.kahrizi\Desktop\code\acorex-demo\node_modules\@angular\build\src\builders\application\index.js:110:24)
    at async Task.task [as taskFn] (C:\Users\sh.kahrizi\Desktop\code\acorex-demo\node_modules\@angular\build\src\tools\esbuild\utils.js:138:26)[0m


[31mX [41;31m[[41;97mERROR[41;31m][0m [1mAn error occurred while prerendering route '/toast/color-variants'.

Error: Terminating worker thread
    at ThreadPool.destroy (C:\Users\sh.kahrizi\Desktop\code\acorex-demo\node_modules\piscina\dist\index.js:489:27)
    at WorkerPool.destroy (C:\Users\sh.kahrizi\Desktop\code\acorex-demo\node_modules\piscina\dist\index.js:669:65)
    at C:\Users\sh.kahrizi\Desktop\code\acorex-demo\node_modules\@angular\build\src\utils\server-rendering\prerender.js:166:35
    at async Promise.all (index 136)
    at async renderPages (C:\Users\sh.kahrizi\Desktop\code\acorex-demo\node_modules\@angular\build\src\utils\server-rendering\prerender.js:170:9)
    at async prerenderPages (C:\Users\sh.kahrizi\Desktop\code\acorex-demo\node_modules\@angular\build\src\utils\server-rendering\prerender.js:107:49)
    at async executePostBundleSteps (C:\Users\sh.kahrizi\Desktop\code\acorex-demo\node_modules\@angular\build\src\builders\application\execute-post-bundle.js:77:73)
    at async executeBuild (C:\Users\sh.kahrizi\Desktop\code\acorex-demo\node_modules\@angular\build\src\builders\application\execute-build.js:267:28)
    at async watch (C:\Users\sh.kahrizi\Desktop\code\acorex-demo\node_modules\@angular\build\src\builders\application\index.js:110:24)
    at async Task.task [as taskFn] (C:\Users\sh.kahrizi\Desktop\code\acorex-demo\node_modules\@angular\build\src\tools\esbuild\utils.js:138:26)[0m


[31mX [41;31m[[41;97mERROR[41;31m][0m [1mAn error occurred while prerendering route '/toast/service-methods'.

Error: Terminating worker thread
    at ThreadPool.destroy (C:\Users\sh.kahrizi\Desktop\code\acorex-demo\node_modules\piscina\dist\index.js:489:27)
    at WorkerPool.destroy (C:\Users\sh.kahrizi\Desktop\code\acorex-demo\node_modules\piscina\dist\index.js:669:65)
    at C:\Users\sh.kahrizi\Desktop\code\acorex-demo\node_modules\@angular\build\src\utils\server-rendering\prerender.js:166:35
    at async Promise.all (index 136)
    at async renderPages (C:\Users\sh.kahrizi\Desktop\code\acorex-demo\node_modules\@angular\build\src\utils\server-rendering\prerender.js:170:9)
    at async prerenderPages (C:\Users\sh.kahrizi\Desktop\code\acorex-demo\node_modules\@angular\build\src\utils\server-rendering\prerender.js:107:49)
    at async executePostBundleSteps (C:\Users\sh.kahrizi\Desktop\code\acorex-demo\node_modules\@angular\build\src\builders\application\execute-post-bundle.js:77:73)
    at async executeBuild (C:\Users\sh.kahrizi\Desktop\code\acorex-demo\node_modules\@angular\build\src\builders\application\execute-build.js:267:28)
    at async watch (C:\Users\sh.kahrizi\Desktop\code\acorex-demo\node_modules\@angular\build\src\builders\application\index.js:110:24)
    at async Task.task [as taskFn] (C:\Users\sh.kahrizi\Desktop\code\acorex-demo\node_modules\@angular\build\src\tools\esbuild\utils.js:138:26)[0m


[31mX [41;31m[[41;97mERROR[41;31m][0m [1mAn error occurred while prerendering route '/toast/positioning'.

Error: Terminating worker thread
    at ThreadPool.destroy (C:\Users\sh.kahrizi\Desktop\code\acorex-demo\node_modules\piscina\dist\index.js:489:27)
    at WorkerPool.destroy (C:\Users\sh.kahrizi\Desktop\code\acorex-demo\node_modules\piscina\dist\index.js:669:65)
    at C:\Users\sh.kahrizi\Desktop\code\acorex-demo\node_modules\@angular\build\src\utils\server-rendering\prerender.js:166:35
    at async Promise.all (index 136)
    at async renderPages (C:\Users\sh.kahrizi\Desktop\code\acorex-demo\node_modules\@angular\build\src\utils\server-rendering\prerender.js:170:9)
    at async prerenderPages (C:\Users\sh.kahrizi\Desktop\code\acorex-demo\node_modules\@angular\build\src\utils\server-rendering\prerender.js:107:49)
    at async executePostBundleSteps (C:\Users\sh.kahrizi\Desktop\code\acorex-demo\node_modules\@angular\build\src\builders\application\execute-post-bundle.js:77:73)
    at async executeBuild (C:\Users\sh.kahrizi\Desktop\code\acorex-demo\node_modules\@angular\build\src\builders\application\execute-build.js:267:28)
    at async watch (C:\Users\sh.kahrizi\Desktop\code\acorex-demo\node_modules\@angular\build\src\builders\application\index.js:110:24)
    at async Task.task [as taskFn] (C:\Users\sh.kahrizi\Desktop\code\acorex-demo\node_modules\@angular\build\src\tools\esbuild\utils.js:138:26)[0m


[31mX [41;31m[[41;97mERROR[41;31m][0m [1mAn error occurred while prerendering route '/toast/timeout-progress'.

Error: Terminating worker thread
    at ThreadPool.destroy (C:\Users\sh.kahrizi\Desktop\code\acorex-demo\node_modules\piscina\dist\index.js:489:27)
    at WorkerPool.destroy (C:\Users\sh.kahrizi\Desktop\code\acorex-demo\node_modules\piscina\dist\index.js:669:65)
    at C:\Users\sh.kahrizi\Desktop\code\acorex-demo\node_modules\@angular\build\src\utils\server-rendering\prerender.js:166:35
    at async Promise.all (index 136)
    at async renderPages (C:\Users\sh.kahrizi\Desktop\code\acorex-demo\node_modules\@angular\build\src\utils\server-rendering\prerender.js:170:9)
    at async prerenderPages (C:\Users\sh.kahrizi\Desktop\code\acorex-demo\node_modules\@angular\build\src\utils\server-rendering\prerender.js:107:49)
    at async executePostBundleSteps (C:\Users\sh.kahrizi\Desktop\code\acorex-demo\node_modules\@angular\build\src\builders\application\execute-post-bundle.js:77:73)
    at async executeBuild (C:\Users\sh.kahrizi\Desktop\code\acorex-demo\node_modules\@angular\build\src\builders\application\execute-build.js:267:28)
    at async watch (C:\Users\sh.kahrizi\Desktop\code\acorex-demo\node_modules\@angular\build\src\builders\application\index.js:110:24)
    at async Task.task [as taskFn] (C:\Users\sh.kahrizi\Desktop\code\acorex-demo\node_modules\@angular\build\src\tools\esbuild\utils.js:138:26)[0m


[31mX [41;31m[[41;97mERROR[41;31m][0m [1mAn error occurred while prerendering route '/toast/close-buttons'.

Error: Terminating worker thread
    at ThreadPool.destroy (C:\Users\sh.kahrizi\Desktop\code\acorex-demo\node_modules\piscina\dist\index.js:489:27)
    at WorkerPool.destroy (C:\Users\sh.kahrizi\Desktop\code\acorex-demo\node_modules\piscina\dist\index.js:669:65)
    at C:\Users\sh.kahrizi\Desktop\code\acorex-demo\node_modules\@angular\build\src\utils\server-rendering\prerender.js:166:35
    at async Promise.all (index 136)
    at async renderPages (C:\Users\sh.kahrizi\Desktop\code\acorex-demo\node_modules\@angular\build\src\utils\server-rendering\prerender.js:170:9)
    at async prerenderPages (C:\Users\sh.kahrizi\Desktop\code\acorex-demo\node_modules\@angular\build\src\utils\server-rendering\prerender.js:107:49)
    at async executePostBundleSteps (C:\Users\sh.kahrizi\Desktop\code\acorex-demo\node_modules\@angular\build\src\builders\application\execute-post-bundle.js:77:73)
    at async executeBuild (C:\Users\sh.kahrizi\Desktop\code\acorex-demo\node_modules\@angular\build\src\builders\application\execute-build.js:267:28)
    at async watch (C:\Users\sh.kahrizi\Desktop\code\acorex-demo\node_modules\@angular\build\src\builders\application\index.js:110:24)
    at async Task.task [as taskFn] (C:\Users\sh.kahrizi\Desktop\code\acorex-demo\node_modules\@angular\build\src\tools\esbuild\utils.js:138:26)[0m


[31mX [41;31m[[41;97mERROR[41;31m][0m [1mAn error occurred while prerendering route '/toast/icon-customization'.

Error: Terminating worker thread
    at ThreadPool.destroy (C:\Users\sh.kahrizi\Desktop\code\acorex-demo\node_modules\piscina\dist\index.js:489:27)
    at WorkerPool.destroy (C:\Users\sh.kahrizi\Desktop\code\acorex-demo\node_modules\piscina\dist\index.js:669:65)
    at C:\Users\sh.kahrizi\Desktop\code\acorex-demo\node_modules\@angular\build\src\utils\server-rendering\prerender.js:166:35
    at async Promise.all (index 136)
    at async renderPages (C:\Users\sh.kahrizi\Desktop\code\acorex-demo\node_modules\@angular\build\src\utils\server-rendering\prerender.js:170:9)
    at async prerenderPages (C:\Users\sh.kahrizi\Desktop\code\acorex-demo\node_modules\@angular\build\src\utils\server-rendering\prerender.js:107:49)
    at async executePostBundleSteps (C:\Users\sh.kahrizi\Desktop\code\acorex-demo\node_modules\@angular\build\src\builders\application\execute-post-bundle.js:77:73)
    at async executeBuild (C:\Users\sh.kahrizi\Desktop\code\acorex-demo\node_modules\@angular\build\src\builders\application\execute-build.js:267:28)
    at async watch (C:\Users\sh.kahrizi\Desktop\code\acorex-demo\node_modules\@angular\build\src\builders\application\index.js:110:24)
    at async Task.task [as taskFn] (C:\Users\sh.kahrizi\Desktop\code\acorex-demo\node_modules\@angular\build\src\tools\esbuild\utils.js:138:26)[0m


[31mX [41;31m[[41;97mERROR[41;31m][0m [1mAn error occurred while prerendering route '/toast/pause-hover'.

Error: Terminating worker thread
    at ThreadPool.destroy (C:\Users\sh.kahrizi\Desktop\code\acorex-demo\node_modules\piscina\dist\index.js:489:27)
    at WorkerPool.destroy (C:\Users\sh.kahrizi\Desktop\code\acorex-demo\node_modules\piscina\dist\index.js:669:65)
    at C:\Users\sh.kahrizi\Desktop\code\acorex-demo\node_modules\@angular\build\src\utils\server-rendering\prerender.js:166:35
    at async Promise.all (index 136)
    at async renderPages (C:\Users\sh.kahrizi\Desktop\code\acorex-demo\node_modules\@angular\build\src\utils\server-rendering\prerender.js:170:9)
    at async prerenderPages (C:\Users\sh.kahrizi\Desktop\code\acorex-demo\node_modules\@angular\build\src\utils\server-rendering\prerender.js:107:49)
    at async executePostBundleSteps (C:\Users\sh.kahrizi\Desktop\code\acorex-demo\node_modules\@angular\build\src\builders\application\execute-post-bundle.js:77:73)
    at async executeBuild (C:\Users\sh.kahrizi\Desktop\code\acorex-demo\node_modules\@angular\build\src\builders\application\execute-build.js:267:28)
    at async watch (C:\Users\sh.kahrizi\Desktop\code\acorex-demo\node_modules\@angular\build\src\builders\application\index.js:110:24)
    at async Task.task [as taskFn] (C:\Users\sh.kahrizi\Desktop\code\acorex-demo\node_modules\@angular\build\src\tools\esbuild\utils.js:138:26)[0m


[31mX [41;31m[[41;97mERROR[41;31m][0m [1mAn error occurred while prerendering route '/toast/config-override'.

Error: Terminating worker thread
    at ThreadPool.destroy (C:\Users\sh.kahrizi\Desktop\code\acorex-demo\node_modules\piscina\dist\index.js:489:27)
    at WorkerPool.destroy (C:\Users\sh.kahrizi\Desktop\code\acorex-demo\node_modules\piscina\dist\index.js:669:65)
    at C:\Users\sh.kahrizi\Desktop\code\acorex-demo\node_modules\@angular\build\src\utils\server-rendering\prerender.js:166:35
    at async Promise.all (index 136)
    at async renderPages (C:\Users\sh.kahrizi\Desktop\code\acorex-demo\node_modules\@angular\build\src\utils\server-rendering\prerender.js:170:9)
    at async prerenderPages (C:\Users\sh.kahrizi\Desktop\code\acorex-demo\node_modules\@angular\build\src\utils\server-rendering\prerender.js:107:49)
    at async executePostBundleSteps (C:\Users\sh.kahrizi\Desktop\code\acorex-demo\node_modules\@angular\build\src\builders\application\execute-post-bundle.js:77:73)
    at async executeBuild (C:\Users\sh.kahrizi\Desktop\code\acorex-demo\node_modules\@angular\build\src\builders\application\execute-build.js:267:28)
    at async watch (C:\Users\sh.kahrizi\Desktop\code\acorex-demo\node_modules\@angular\build\src\builders\application\index.js:110:24)
    at async Task.task [as taskFn] (C:\Users\sh.kahrizi\Desktop\code\acorex-demo\node_modules\@angular\build\src\tools\esbuild\utils.js:138:26)[0m


[31mX [41;31m[[41;97mERROR[41;31m][0m [1mAn error occurred while prerendering route '/toast/translation'.

Error: Terminating worker thread
    at ThreadPool.destroy (C:\Users\sh.kahrizi\Desktop\code\acorex-demo\node_modules\piscina\dist\index.js:489:27)
    at WorkerPool.destroy (C:\Users\sh.kahrizi\Desktop\code\acorex-demo\node_modules\piscina\dist\index.js:669:65)
    at C:\Users\sh.kahrizi\Desktop\code\acorex-demo\node_modules\@angular\build\src\utils\server-rendering\prerender.js:166:35
    at async Promise.all (index 136)
    at async renderPages (C:\Users\sh.kahrizi\Desktop\code\acorex-demo\node_modules\@angular\build\src\utils\server-rendering\prerender.js:170:9)
    at async prerenderPages (C:\Users\sh.kahrizi\Desktop\code\acorex-demo\node_modules\@angular\build\src\utils\server-rendering\prerender.js:107:49)
    at async executePostBundleSteps (C:\Users\sh.kahrizi\Desktop\code\acorex-demo\node_modules\@angular\build\src\builders\application\execute-post-bundle.js:77:73)
    at async executeBuild (C:\Users\sh.kahrizi\Desktop\code\acorex-demo\node_modules\@angular\build\src\builders\application\execute-build.js:267:28)
    at async watch (C:\Users\sh.kahrizi\Desktop\code\acorex-demo\node_modules\@angular\build\src\builders\application\index.js:110:24)
    at async Task.task [as taskFn] (C:\Users\sh.kahrizi\Desktop\code\acorex-demo\node_modules\@angular\build\src\tools\esbuild\utils.js:138:26)[0m


[31mX [41;31m[[41;97mERROR[41;31m][0m [1mAn error occurred while prerendering route '/tooltip/custom-template'.

Error: Terminating worker thread
    at ThreadPool.destroy (C:\Users\sh.kahrizi\Desktop\code\acorex-demo\node_modules\piscina\dist\index.js:489:27)
    at WorkerPool.destroy (C:\Users\sh.kahrizi\Desktop\code\acorex-demo\node_modules\piscina\dist\index.js:669:65)
    at C:\Users\sh.kahrizi\Desktop\code\acorex-demo\node_modules\@angular\build\src\utils\server-rendering\prerender.js:166:35
    at async Promise.all (index 136)
    at async renderPages (C:\Users\sh.kahrizi\Desktop\code\acorex-demo\node_modules\@angular\build\src\utils\server-rendering\prerender.js:170:9)
    at async prerenderPages (C:\Users\sh.kahrizi\Desktop\code\acorex-demo\node_modules\@angular\build\src\utils\server-rendering\prerender.js:107:49)
    at async executePostBundleSteps (C:\Users\sh.kahrizi\Desktop\code\acorex-demo\node_modules\@angular\build\src\builders\application\execute-post-bundle.js:77:73)
    at async executeBuild (C:\Users\sh.kahrizi\Desktop\code\acorex-demo\node_modules\@angular\build\src\builders\application\execute-build.js:267:28)
    at async watch (C:\Users\sh.kahrizi\Desktop\code\acorex-demo\node_modules\@angular\build\src\builders\application\index.js:110:24)
    at async Task.task [as taskFn] (C:\Users\sh.kahrizi\Desktop\code\acorex-demo\node_modules\@angular\build\src\tools\esbuild\utils.js:138:26)[0m


[31mX [41;31m[[41;97mERROR[41;31m][0m [1mAn error occurred while prerendering route '/tooltip/usage'.

Error: Terminating worker thread
    at ThreadPool.destroy (C:\Users\sh.kahrizi\Desktop\code\acorex-demo\node_modules\piscina\dist\index.js:489:27)
    at WorkerPool.destroy (C:\Users\sh.kahrizi\Desktop\code\acorex-demo\node_modules\piscina\dist\index.js:669:65)
    at C:\Users\sh.kahrizi\Desktop\code\acorex-demo\node_modules\@angular\build\src\utils\server-rendering\prerender.js:166:35
    at async Promise.all (index 136)
    at async renderPages (C:\Users\sh.kahrizi\Desktop\code\acorex-demo\node_modules\@angular\build\src\utils\server-rendering\prerender.js:170:9)
    at async prerenderPages (C:\Users\sh.kahrizi\Desktop\code\acorex-demo\node_modules\@angular\build\src\utils\server-rendering\prerender.js:107:49)
    at async executePostBundleSteps (C:\Users\sh.kahrizi\Desktop\code\acorex-demo\node_modules\@angular\build\src\builders\application\execute-post-bundle.js:77:73)
    at async executeBuild (C:\Users\sh.kahrizi\Desktop\code\acorex-demo\node_modules\@angular\build\src\builders\application\execute-build.js:267:28)
    at async watch (C:\Users\sh.kahrizi\Desktop\code\acorex-demo\node_modules\@angular\build\src\builders\application\index.js:110:24)
    at async Task.task [as taskFn] (C:\Users\sh.kahrizi\Desktop\code\acorex-demo\node_modules\@angular\build\src\tools\esbuild\utils.js:138:26)[0m


[31mX [41;31m[[41;97mERROR[41;31m][0m [1mAn error occurred while prerendering route '/toolbar/usage'.

Error: Terminating worker thread
    at ThreadPool.destroy (C:\Users\sh.kahrizi\Desktop\code\acorex-demo\node_modules\piscina\dist\index.js:489:27)
    at WorkerPool.destroy (C:\Users\sh.kahrizi\Desktop\code\acorex-demo\node_modules\piscina\dist\index.js:669:65)
    at C:\Users\sh.kahrizi\Desktop\code\acorex-demo\node_modules\@angular\build\src\utils\server-rendering\prerender.js:166:35
    at async Promise.all (index 136)
    at async renderPages (C:\Users\sh.kahrizi\Desktop\code\acorex-demo\node_modules\@angular\build\src\utils\server-rendering\prerender.js:170:9)
    at async prerenderPages (C:\Users\sh.kahrizi\Desktop\code\acorex-demo\node_modules\@angular\build\src\utils\server-rendering\prerender.js:107:49)
    at async executePostBundleSteps (C:\Users\sh.kahrizi\Desktop\code\acorex-demo\node_modules\@angular\build\src\builders\application\execute-post-bundle.js:77:73)
    at async executeBuild (C:\Users\sh.kahrizi\Desktop\code\acorex-demo\node_modules\@angular\build\src\builders\application\execute-build.js:267:28)
    at async watch (C:\Users\sh.kahrizi\Desktop\code\acorex-demo\node_modules\@angular\build\src\builders\application\index.js:110:24)
    at async Task.task [as taskFn] (C:\Users\sh.kahrizi\Desktop\code\acorex-demo\node_modules\@angular\build\src\tools\esbuild\utils.js:138:26)[0m


[31mX [41;31m[[41;97mERROR[41;31m][0m [1mAn error occurred while prerendering route '/uploader/usage'.

Error: Terminating worker thread
    at ThreadPool.destroy (C:\Users\sh.kahrizi\Desktop\code\acorex-demo\node_modules\piscina\dist\index.js:489:27)
    at WorkerPool.destroy (C:\Users\sh.kahrizi\Desktop\code\acorex-demo\node_modules\piscina\dist\index.js:669:65)
    at C:\Users\sh.kahrizi\Desktop\code\acorex-demo\node_modules\@angular\build\src\utils\server-rendering\prerender.js:166:35
    at async Promise.all (index 136)
    at async renderPages (C:\Users\sh.kahrizi\Desktop\code\acorex-demo\node_modules\@angular\build\src\utils\server-rendering\prerender.js:170:9)
    at async prerenderPages (C:\Users\sh.kahrizi\Desktop\code\acorex-demo\node_modules\@angular\build\src\utils\server-rendering\prerender.js:107:49)
    at async executePostBundleSteps (C:\Users\sh.kahrizi\Desktop\code\acorex-demo\node_modules\@angular\build\src\builders\application\execute-post-bundle.js:77:73)
    at async executeBuild (C:\Users\sh.kahrizi\Desktop\code\acorex-demo\node_modules\@angular\build\src\builders\application\execute-build.js:267:28)
    at async watch (C:\Users\sh.kahrizi\Desktop\code\acorex-demo\node_modules\@angular\build\src\builders\application\index.js:110:24)
    at async Task.task [as taskFn] (C:\Users\sh.kahrizi\Desktop\code\acorex-demo\node_modules\@angular\build\src\tools\esbuild\utils.js:138:26)[0m


[31mX [41;31m[[41;97mERROR[41;31m][0m [1mAn error occurred while prerendering route '/uploader/feature-title'.

Error: Terminating worker thread
    at ThreadPool.destroy (C:\Users\sh.kahrizi\Desktop\code\acorex-demo\node_modules\piscina\dist\index.js:489:27)
    at WorkerPool.destroy (C:\Users\sh.kahrizi\Desktop\code\acorex-demo\node_modules\piscina\dist\index.js:669:65)
    at C:\Users\sh.kahrizi\Desktop\code\acorex-demo\node_modules\@angular\build\src\utils\server-rendering\prerender.js:166:35
    at async Promise.all (index 136)
    at async renderPages (C:\Users\sh.kahrizi\Desktop\code\acorex-demo\node_modules\@angular\build\src\utils\server-rendering\prerender.js:170:9)
    at async prerenderPages (C:\Users\sh.kahrizi\Desktop\code\acorex-demo\node_modules\@angular\build\src\utils\server-rendering\prerender.js:107:49)
    at async executePostBundleSteps (C:\Users\sh.kahrizi\Desktop\code\acorex-demo\node_modules\@angular\build\src\builders\application\execute-post-bundle.js:77:73)
    at async executeBuild (C:\Users\sh.kahrizi\Desktop\code\acorex-demo\node_modules\@angular\build\src\builders\application\execute-build.js:267:28)
    at async watch (C:\Users\sh.kahrizi\Desktop\code\acorex-demo\node_modules\@angular\build\src\builders\application\index.js:110:24)
    at async Task.task [as taskFn] (C:\Users\sh.kahrizi\Desktop\code\acorex-demo\node_modules\@angular\build\src\tools\esbuild\utils.js:138:26)[0m


[31mX [41;31m[[41;97mERROR[41;31m][0m [1mAn error occurred while prerendering route '/uploader/drag-drop-zone'.

Error: Terminating worker thread
    at ThreadPool.destroy (C:\Users\sh.kahrizi\Desktop\code\acorex-demo\node_modules\piscina\dist\index.js:489:27)
    at WorkerPool.destroy (C:\Users\sh.kahrizi\Desktop\code\acorex-demo\node_modules\piscina\dist\index.js:669:65)
    at C:\Users\sh.kahrizi\Desktop\code\acorex-demo\node_modules\@angular\build\src\utils\server-rendering\prerender.js:166:35
    at async Promise.all (index 136)
    at async renderPages (C:\Users\sh.kahrizi\Desktop\code\acorex-demo\node_modules\@angular\build\src\utils\server-rendering\prerender.js:170:9)
    at async prerenderPages (C:\Users\sh.kahrizi\Desktop\code\acorex-demo\node_modules\@angular\build\src\utils\server-rendering\prerender.js:107:49)
    at async executePostBundleSteps (C:\Users\sh.kahrizi\Desktop\code\acorex-demo\node_modules\@angular\build\src\builders\application\execute-post-bundle.js:77:73)
    at async executeBuild (C:\Users\sh.kahrizi\Desktop\code\acorex-demo\node_modules\@angular\build\src\builders\application\execute-build.js:267:28)
    at async watch (C:\Users\sh.kahrizi\Desktop\code\acorex-demo\node_modules\@angular\build\src\builders\application\index.js:110:24)
    at async Task.task [as taskFn] (C:\Users\sh.kahrizi\Desktop\code\acorex-demo\node_modules\@angular\build\src\tools\esbuild\utils.js:138:26)[0m


[31mX [41;31m[[41;97mERROR[41;31m][0m [1mAn error occurred while prerendering route '/uploader/zone-directive'.

Error: Terminating worker thread
    at ThreadPool.destroy (C:\Users\sh.kahrizi\Desktop\code\acorex-demo\node_modules\piscina\dist\index.js:489:27)
    at WorkerPool.destroy (C:\Users\sh.kahrizi\Desktop\code\acorex-demo\node_modules\piscina\dist\index.js:669:65)
    at C:\Users\sh.kahrizi\Desktop\code\acorex-demo\node_modules\@angular\build\src\utils\server-rendering\prerender.js:166:35
    at async Promise.all (index 136)
    at async renderPages (C:\Users\sh.kahrizi\Desktop\code\acorex-demo\node_modules\@angular\build\src\utils\server-rendering\prerender.js:170:9)
    at async prerenderPages (C:\Users\sh.kahrizi\Desktop\code\acorex-demo\node_modules\@angular\build\src\utils\server-rendering\prerender.js:107:49)
    at async executePostBundleSteps (C:\Users\sh.kahrizi\Desktop\code\acorex-demo\node_modules\@angular\build\src\builders\application\execute-post-bundle.js:77:73)
    at async executeBuild (C:\Users\sh.kahrizi\Desktop\code\acorex-demo\node_modules\@angular\build\src\builders\application\execute-build.js:267:28)
    at async watch (C:\Users\sh.kahrizi\Desktop\code\acorex-demo\node_modules\@angular\build\src\builders\application\index.js:110:24)
    at async Task.task [as taskFn] (C:\Users\sh.kahrizi\Desktop\code\acorex-demo\node_modules\@angular\build\src\tools\esbuild\utils.js:138:26)[0m


[31mX [41;31m[[41;97mERROR[41;31m][0m [1mAn error occurred while prerendering route '/uploader/browse-handle'.

Error: Terminating worker thread
    at ThreadPool.destroy (C:\Users\sh.kahrizi\Desktop\code\acorex-demo\node_modules\piscina\dist\index.js:489:27)
    at WorkerPool.destroy (C:\Users\sh.kahrizi\Desktop\code\acorex-demo\node_modules\piscina\dist\index.js:669:65)
    at C:\Users\sh.kahrizi\Desktop\code\acorex-demo\node_modules\@angular\build\src\utils\server-rendering\prerender.js:166:35
    at async Promise.all (index 136)
    at async renderPages (C:\Users\sh.kahrizi\Desktop\code\acorex-demo\node_modules\@angular\build\src\utils\server-rendering\prerender.js:170:9)
    at async prerenderPages (C:\Users\sh.kahrizi\Desktop\code\acorex-demo\node_modules\@angular\build\src\utils\server-rendering\prerender.js:107:49)
    at async executePostBundleSteps (C:\Users\sh.kahrizi\Desktop\code\acorex-demo\node_modules\@angular\build\src\builders\application\execute-post-bundle.js:77:73)
    at async executeBuild (C:\Users\sh.kahrizi\Desktop\code\acorex-demo\node_modules\@angular\build\src\builders\application\execute-build.js:267:28)
    at async watch (C:\Users\sh.kahrizi\Desktop\code\acorex-demo\node_modules\@angular\build\src\builders\application\index.js:110:24)
    at async Task.task [as taskFn] (C:\Users\sh.kahrizi\Desktop\code\acorex-demo\node_modules\@angular\build\src\tools\esbuild\utils.js:138:26)[0m


[31mX [41;31m[[41;97mERROR[41;31m][0m [1mAn error occurred while prerendering route '/uploader/service-integration'.

Error: Terminating worker thread
    at ThreadPool.destroy (C:\Users\sh.kahrizi\Desktop\code\acorex-demo\node_modules\piscina\dist\index.js:489:27)
    at WorkerPool.destroy (C:\Users\sh.kahrizi\Desktop\code\acorex-demo\node_modules\piscina\dist\index.js:669:65)
    at C:\Users\sh.kahrizi\Desktop\code\acorex-demo\node_modules\@angular\build\src\utils\server-rendering\prerender.js:166:35
    at async Promise.all (index 136)
    at async renderPages (C:\Users\sh.kahrizi\Desktop\code\acorex-demo\node_modules\@angular\build\src\utils\server-rendering\prerender.js:170:9)
    at async prerenderPages (C:\Users\sh.kahrizi\Desktop\code\acorex-demo\node_modules\@angular\build\src\utils\server-rendering\prerender.js:107:49)
    at async executePostBundleSteps (C:\Users\sh.kahrizi\Desktop\code\acorex-demo\node_modules\@angular\build\src\builders\application\execute-post-bundle.js:77:73)
    at async executeBuild (C:\Users\sh.kahrizi\Desktop\code\acorex-demo\node_modules\@angular\build\src\builders\application\execute-build.js:267:28)
    at async watch (C:\Users\sh.kahrizi\Desktop\code\acorex-demo\node_modules\@angular\build\src\builders\application\index.js:110:24)
    at async Task.task [as taskFn] (C:\Users\sh.kahrizi\Desktop\code\acorex-demo\node_modules\@angular\build\src\tools\esbuild\utils.js:138:26)[0m


[31mX [41;31m[[41;97mERROR[41;31m][0m [1mAn error occurred while prerendering route '/uploader/custom-template'.

Error: Terminating worker thread
    at ThreadPool.destroy (C:\Users\sh.kahrizi\Desktop\code\acorex-demo\node_modules\piscina\dist\index.js:489:27)
    at WorkerPool.destroy (C:\Users\sh.kahrizi\Desktop\code\acorex-demo\node_modules\piscina\dist\index.js:669:65)
    at C:\Users\sh.kahrizi\Desktop\code\acorex-demo\node_modules\@angular\build\src\utils\server-rendering\prerender.js:166:35
    at async Promise.all (index 136)
    at async renderPages (C:\Users\sh.kahrizi\Desktop\code\acorex-demo\node_modules\@angular\build\src\utils\server-rendering\prerender.js:170:9)
    at async prerenderPages (C:\Users\sh.kahrizi\Desktop\code\acorex-demo\node_modules\@angular\build\src\utils\server-rendering\prerender.js:107:49)
    at async executePostBundleSteps (C:\Users\sh.kahrizi\Desktop\code\acorex-demo\node_modules\@angular\build\src\builders\application\execute-post-bundle.js:77:73)
    at async executeBuild (C:\Users\sh.kahrizi\Desktop\code\acorex-demo\node_modules\@angular\build\src\builders\application\execute-build.js:267:28)
    at async watch (C:\Users\sh.kahrizi\Desktop\code\acorex-demo\node_modules\@angular\build\src\builders\application\index.js:110:24)
    at async Task.task [as taskFn] (C:\Users\sh.kahrizi\Desktop\code\acorex-demo\node_modules\@angular\build\src\tools\esbuild\utils.js:138:26)[0m


[31mX [41;31m[[41;97mERROR[41;31m][0m [1mAn error occurred while prerendering route '/json-viewer/usage'.

Error: Terminating worker thread
    at ThreadPool.destroy (C:\Users\sh.kahrizi\Desktop\code\acorex-demo\node_modules\piscina\dist\index.js:489:27)
    at WorkerPool.destroy (C:\Users\sh.kahrizi\Desktop\code\acorex-demo\node_modules\piscina\dist\index.js:669:65)
    at C:\Users\sh.kahrizi\Desktop\code\acorex-demo\node_modules\@angular\build\src\utils\server-rendering\prerender.js:166:35
    at async Promise.all (index 136)
    at async renderPages (C:\Users\sh.kahrizi\Desktop\code\acorex-demo\node_modules\@angular\build\src\utils\server-rendering\prerender.js:170:9)
    at async prerenderPages (C:\Users\sh.kahrizi\Desktop\code\acorex-demo\node_modules\@angular\build\src\utils\server-rendering\prerender.js:107:49)
    at async executePostBundleSteps (C:\Users\sh.kahrizi\Desktop\code\acorex-demo\node_modules\@angular\build\src\builders\application\execute-post-bundle.js:77:73)
    at async executeBuild (C:\Users\sh.kahrizi\Desktop\code\acorex-demo\node_modules\@angular\build\src\builders\application\execute-build.js:267:28)
    at async watch (C:\Users\sh.kahrizi\Desktop\code\acorex-demo\node_modules\@angular\build\src\builders\application\index.js:110:24)
    at async Task.task [as taskFn] (C:\Users\sh.kahrizi\Desktop\code\acorex-demo\node_modules\@angular\build\src\tools\esbuild\utils.js:138:26)[0m


[31mX [41;31m[[41;97mERROR[41;31m][0m [1mAn error occurred while prerendering route '/json-viewer/nested'.

Error: Terminating worker thread
    at ThreadPool.destroy (C:\Users\sh.kahrizi\Desktop\code\acorex-demo\node_modules\piscina\dist\index.js:489:27)
    at WorkerPool.destroy (C:\Users\sh.kahrizi\Desktop\code\acorex-demo\node_modules\piscina\dist\index.js:669:65)
    at C:\Users\sh.kahrizi\Desktop\code\acorex-demo\node_modules\@angular\build\src\utils\server-rendering\prerender.js:166:35
    at async Promise.all (index 136)
    at async renderPages (C:\Users\sh.kahrizi\Desktop\code\acorex-demo\node_modules\@angular\build\src\utils\server-rendering\prerender.js:170:9)
    at async prerenderPages (C:\Users\sh.kahrizi\Desktop\code\acorex-demo\node_modules\@angular\build\src\utils\server-rendering\prerender.js:107:49)
    at async executePostBundleSteps (C:\Users\sh.kahrizi\Desktop\code\acorex-demo\node_modules\@angular\build\src\builders\application\execute-post-bundle.js:77:73)
    at async executeBuild (C:\Users\sh.kahrizi\Desktop\code\acorex-demo\node_modules\@angular\build\src\builders\application\execute-build.js:267:28)
    at async watch (C:\Users\sh.kahrizi\Desktop\code\acorex-demo\node_modules\@angular\build\src\builders\application\index.js:110:24)
    at async Task.task [as taskFn] (C:\Users\sh.kahrizi\Desktop\code\acorex-demo\node_modules\@angular\build\src\tools\esbuild\utils.js:138:26)[0m


[31mX [41;31m[[41;97mERROR[41;31m][0m [1mAn error occurred while prerendering route '/json-viewer/dynamic'.

Error: Terminating worker thread
    at ThreadPool.destroy (C:\Users\sh.kahrizi\Desktop\code\acorex-demo\node_modules\piscina\dist\index.js:489:27)
    at WorkerPool.destroy (C:\Users\sh.kahrizi\Desktop\code\acorex-demo\node_modules\piscina\dist\index.js:669:65)
    at C:\Users\sh.kahrizi\Desktop\code\acorex-demo\node_modules\@angular\build\src\utils\server-rendering\prerender.js:166:35
    at async Promise.all (index 136)
    at async renderPages (C:\Users\sh.kahrizi\Desktop\code\acorex-demo\node_modules\@angular\build\src\utils\server-rendering\prerender.js:170:9)
    at async prerenderPages (C:\Users\sh.kahrizi\Desktop\code\acorex-demo\node_modules\@angular\build\src\utils\server-rendering\prerender.js:107:49)
    at async executePostBundleSteps (C:\Users\sh.kahrizi\Desktop\code\acorex-demo\node_modules\@angular\build\src\builders\application\execute-post-bundle.js:77:73)
    at async executeBuild (C:\Users\sh.kahrizi\Desktop\code\acorex-demo\node_modules\@angular\build\src\builders\application\execute-build.js:267:28)
    at async watch (C:\Users\sh.kahrizi\Desktop\code\acorex-demo\node_modules\@angular\build\src\builders\application\index.js:110:24)
    at async Task.task [as taskFn] (C:\Users\sh.kahrizi\Desktop\code\acorex-demo\node_modules\@angular\build\src\tools\esbuild\utils.js:138:26)[0m


[31mX [41;31m[[41;97mERROR[41;31m][0m [1mAn error occurred while prerendering route '/kbd/usage'.

Error: Terminating worker thread
    at ThreadPool.destroy (C:\Users\sh.kahrizi\Desktop\code\acorex-demo\node_modules\piscina\dist\index.js:489:27)
    at WorkerPool.destroy (C:\Users\sh.kahrizi\Desktop\code\acorex-demo\node_modules\piscina\dist\index.js:669:65)
    at C:\Users\sh.kahrizi\Desktop\code\acorex-demo\node_modules\@angular\build\src\utils\server-rendering\prerender.js:166:35
    at async Promise.all (index 136)
    at async renderPages (C:\Users\sh.kahrizi\Desktop\code\acorex-demo\node_modules\@angular\build\src\utils\server-rendering\prerender.js:170:9)
    at async prerenderPages (C:\Users\sh.kahrizi\Desktop\code\acorex-demo\node_modules\@angular\build\src\utils\server-rendering\prerender.js:107:49)
    at async executePostBundleSteps (C:\Users\sh.kahrizi\Desktop\code\acorex-demo\node_modules\@angular\build\src\builders\application\execute-post-bundle.js:77:73)
    at async executeBuild (C:\Users\sh.kahrizi\Desktop\code\acorex-demo\node_modules\@angular\build\src\builders\application\execute-build.js:267:28)
    at async watch (C:\Users\sh.kahrizi\Desktop\code\acorex-demo\node_modules\@angular\build\src\builders\application\index.js:110:24)
    at async Task.task [as taskFn] (C:\Users\sh.kahrizi\Desktop\code\acorex-demo\node_modules\@angular\build\src\tools\esbuild\utils.js:138:26)[0m


[31mX [41;31m[[41;97mERROR[41;31m][0m [1mAn error occurred while prerendering route '/kbd/single-key'.

Error: Terminating worker thread
    at ThreadPool.destroy (C:\Users\sh.kahrizi\Desktop\code\acorex-demo\node_modules\piscina\dist\index.js:489:27)
    at WorkerPool.destroy (C:\Users\sh.kahrizi\Desktop\code\acorex-demo\node_modules\piscina\dist\index.js:669:65)
    at C:\Users\sh.kahrizi\Desktop\code\acorex-demo\node_modules\@angular\build\src\utils\server-rendering\prerender.js:166:35
    at async Promise.all (index 136)
    at async renderPages (C:\Users\sh.kahrizi\Desktop\code\acorex-demo\node_modules\@angular\build\src\utils\server-rendering\prerender.js:170:9)
    at async prerenderPages (C:\Users\sh.kahrizi\Desktop\code\acorex-demo\node_modules\@angular\build\src\utils\server-rendering\prerender.js:107:49)
    at async executePostBundleSteps (C:\Users\sh.kahrizi\Desktop\code\acorex-demo\node_modules\@angular\build\src\builders\application\execute-post-bundle.js:77:73)
    at async executeBuild (C:\Users\sh.kahrizi\Desktop\code\acorex-demo\node_modules\@angular\build\src\builders\application\execute-build.js:267:28)
    at async watch (C:\Users\sh.kahrizi\Desktop\code\acorex-demo\node_modules\@angular\build\src\builders\application\index.js:110:24)
    at async Task.task [as taskFn] (C:\Users\sh.kahrizi\Desktop\code\acorex-demo\node_modules\@angular\build\src\tools\esbuild\utils.js:138:26)[0m


[31mX [41;31m[[41;97mERROR[41;31m][0m [1mAn error occurred while prerendering route '/kbd/key-combinations'.

Error: Terminating worker thread
    at ThreadPool.destroy (C:\Users\sh.kahrizi\Desktop\code\acorex-demo\node_modules\piscina\dist\index.js:489:27)
    at WorkerPool.destroy (C:\Users\sh.kahrizi\Desktop\code\acorex-demo\node_modules\piscina\dist\index.js:669:65)
    at C:\Users\sh.kahrizi\Desktop\code\acorex-demo\node_modules\@angular\build\src\utils\server-rendering\prerender.js:166:35
    at async Promise.all (index 136)
    at async renderPages (C:\Users\sh.kahrizi\Desktop\code\acorex-demo\node_modules\@angular\build\src\utils\server-rendering\prerender.js:170:9)
    at async prerenderPages (C:\Users\sh.kahrizi\Desktop\code\acorex-demo\node_modules\@angular\build\src\utils\server-rendering\prerender.js:107:49)
    at async executePostBundleSteps (C:\Users\sh.kahrizi\Desktop\code\acorex-demo\node_modules\@angular\build\src\builders\application\execute-post-bundle.js:77:73)
    at async executeBuild (C:\Users\sh.kahrizi\Desktop\code\acorex-demo\node_modules\@angular\build\src\builders\application\execute-build.js:267:28)
    at async watch (C:\Users\sh.kahrizi\Desktop\code\acorex-demo\node_modules\@angular\build\src\builders\application\index.js:110:24)
    at async Task.task [as taskFn] (C:\Users\sh.kahrizi\Desktop\code\acorex-demo\node_modules\@angular\build\src\tools\esbuild\utils.js:138:26)[0m


[31mX [41;31m[[41;97mERROR[41;31m][0m [1mAn error occurred while prerendering route '/kbd/modifier-keys'.

Error: Terminating worker thread
    at ThreadPool.destroy (C:\Users\sh.kahrizi\Desktop\code\acorex-demo\node_modules\piscina\dist\index.js:489:27)
    at WorkerPool.destroy (C:\Users\sh.kahrizi\Desktop\code\acorex-demo\node_modules\piscina\dist\index.js:669:65)
    at C:\Users\sh.kahrizi\Desktop\code\acorex-demo\node_modules\@angular\build\src\utils\server-rendering\prerender.js:166:35
    at async Promise.all (index 136)
    at async renderPages (C:\Users\sh.kahrizi\Desktop\code\acorex-demo\node_modules\@angular\build\src\utils\server-rendering\prerender.js:170:9)
    at async prerenderPages (C:\Users\sh.kahrizi\Desktop\code\acorex-demo\node_modules\@angular\build\src\utils\server-rendering\prerender.js:107:49)
    at async executePostBundleSteps (C:\Users\sh.kahrizi\Desktop\code\acorex-demo\node_modules\@angular\build\src\builders\application\execute-post-bundle.js:77:73)
    at async executeBuild (C:\Users\sh.kahrizi\Desktop\code\acorex-demo\node_modules\@angular\build\src\builders\application\execute-build.js:267:28)
    at async watch (C:\Users\sh.kahrizi\Desktop\code\acorex-demo\node_modules\@angular\build\src\builders\application\index.js:110:24)
    at async Task.task [as taskFn] (C:\Users\sh.kahrizi\Desktop\code\acorex-demo\node_modules\@angular\build\src\tools\esbuild\utils.js:138:26)[0m


[31mX [41;31m[[41;97mERROR[41;31m][0m [1mAn error occurred while prerendering route '/styles/appearance/showcase-selector'.

Error: Terminating worker thread
    at ThreadPool.destroy (C:\Users\sh.kahrizi\Desktop\code\acorex-demo\node_modules\piscina\dist\index.js:489:27)
    at WorkerPool.destroy (C:\Users\sh.kahrizi\Desktop\code\acorex-demo\node_modules\piscina\dist\index.js:669:65)
    at C:\Users\sh.kahrizi\Desktop\code\acorex-demo\node_modules\@angular\build\src\utils\server-rendering\prerender.js:166:35
    at async Promise.all (index 136)
    at async renderPages (C:\Users\sh.kahrizi\Desktop\code\acorex-demo\node_modules\@angular\build\src\utils\server-rendering\prerender.js:170:9)
    at async prerenderPages (C:\Users\sh.kahrizi\Desktop\code\acorex-demo\node_modules\@angular\build\src\utils\server-rendering\prerender.js:107:49)
    at async executePostBundleSteps (C:\Users\sh.kahrizi\Desktop\code\acorex-demo\node_modules\@angular\build\src\builders\application\execute-post-bundle.js:77:73)
    at async executeBuild (C:\Users\sh.kahrizi\Desktop\code\acorex-demo\node_modules\@angular\build\src\builders\application\execute-build.js:267:28)
    at async watch (C:\Users\sh.kahrizi\Desktop\code\acorex-demo\node_modules\@angular\build\src\builders\application\index.js:110:24)
    at async Task.task [as taskFn] (C:\Users\sh.kahrizi\Desktop\code\acorex-demo\node_modules\@angular\build\src\tools\esbuild\utils.js:138:26)[0m


[31mX [41;31m[[41;97mERROR[41;31m][0m [1mAn error occurred while prerendering route '/styles/appearance/contrast'.

Error: Terminating worker thread
    at ThreadPool.destroy (C:\Users\sh.kahrizi\Desktop\code\acorex-demo\node_modules\piscina\dist\index.js:489:27)
    at WorkerPool.destroy (C:\Users\sh.kahrizi\Desktop\code\acorex-demo\node_modules\piscina\dist\index.js:669:65)
    at C:\Users\sh.kahrizi\Desktop\code\acorex-demo\node_modules\@angular\build\src\utils\server-rendering\prerender.js:166:35
    at async Promise.all (index 136)
    at async renderPages (C:\Users\sh.kahrizi\Desktop\code\acorex-demo\node_modules\@angular\build\src\utils\server-rendering\prerender.js:170:9)
    at async prerenderPages (C:\Users\sh.kahrizi\Desktop\code\acorex-demo\node_modules\@angular\build\src\utils\server-rendering\prerender.js:107:49)
    at async executePostBundleSteps (C:\Users\sh.kahrizi\Desktop\code\acorex-demo\node_modules\@angular\build\src\builders\application\execute-post-bundle.js:77:73)
    at async executeBuild (C:\Users\sh.kahrizi\Desktop\code\acorex-demo\node_modules\@angular\build\src\builders\application\execute-build.js:267:28)
    at async watch (C:\Users\sh.kahrizi\Desktop\code\acorex-demo\node_modules\@angular\build\src\builders\application\index.js:110:24)
    at async Task.task [as taskFn] (C:\Users\sh.kahrizi\Desktop\code\acorex-demo\node_modules\@angular\build\src\tools\esbuild\utils.js:138:26)[0m


[31mX [41;31m[[41;97mERROR[41;31m][0m [1mAn error occurred while prerendering route '/styles/appearance/overlay-context'.

Error: Terminating worker thread
    at ThreadPool.destroy (C:\Users\sh.kahrizi\Desktop\code\acorex-demo\node_modules\piscina\dist\index.js:489:27)
    at WorkerPool.destroy (C:\Users\sh.kahrizi\Desktop\code\acorex-demo\node_modules\piscina\dist\index.js:669:65)
    at C:\Users\sh.kahrizi\Desktop\code\acorex-demo\node_modules\@angular\build\src\utils\server-rendering\prerender.js:166:35
    at async Promise.all (index 136)
    at async renderPages (C:\Users\sh.kahrizi\Desktop\code\acorex-demo\node_modules\@angular\build\src\utils\server-rendering\prerender.js:170:9)
    at async prerenderPages (C:\Users\sh.kahrizi\Desktop\code\acorex-demo\node_modules\@angular\build\src\utils\server-rendering\prerender.js:107:49)
    at async executePostBundleSteps (C:\Users\sh.kahrizi\Desktop\code\acorex-demo\node_modules\@angular\build\src\builders\application\execute-post-bundle.js:77:73)
    at async executeBuild (C:\Users\sh.kahrizi\Desktop\code\acorex-demo\node_modules\@angular\build\src\builders\application\execute-build.js:267:28)
    at async watch (C:\Users\sh.kahrizi\Desktop\code\acorex-demo\node_modules\@angular\build\src\builders\application\index.js:110:24)
    at async Task.task [as taskFn] (C:\Users\sh.kahrizi\Desktop\code\acorex-demo\node_modules\@angular\build\src\tools\esbuild\utils.js:138:26)[0m


[31mX [41;31m[[41;97mERROR[41;31m][0m [1mAn error occurred while prerendering route '/styles/appearance/activation-classes'.

Error: Terminating worker thread
    at ThreadPool.destroy (C:\Users\sh.kahrizi\Desktop\code\acorex-demo\node_modules\piscina\dist\index.js:489:27)
    at WorkerPool.destroy (C:\Users\sh.kahrizi\Desktop\code\acorex-demo\node_modules\piscina\dist\index.js:669:65)
    at C:\Users\sh.kahrizi\Desktop\code\acorex-demo\node_modules\@angular\build\src\utils\server-rendering\prerender.js:166:35
    at async Promise.all (index 136)
    at async renderPages (C:\Users\sh.kahrizi\Desktop\code\acorex-demo\node_modules\@angular\build\src\utils\server-rendering\prerender.js:170:9)
    at async prerenderPages (C:\Users\sh.kahrizi\Desktop\code\acorex-demo\node_modules\@angular\build\src\utils\server-rendering\prerender.js:107:49)
    at async executePostBundleSteps (C:\Users\sh.kahrizi\Desktop\code\acorex-demo\node_modules\@angular\build\src\builders\application\execute-post-bundle.js:77:73)
    at async executeBuild (C:\Users\sh.kahrizi\Desktop\code\acorex-demo\node_modules\@angular\build\src\builders\application\execute-build.js:267:28)
    at async watch (C:\Users\sh.kahrizi\Desktop\code\acorex-demo\node_modules\@angular\build\src\builders\application\index.js:110:24)
    at async Task.task [as taskFn] (C:\Users\sh.kahrizi\Desktop\code\acorex-demo\node_modules\@angular\build\src\tools\esbuild\utils.js:138:26)[0m


[31mX [41;31m[[41;97mERROR[41;31m][0m [1mAn error occurred while prerendering route '/styles/appearance/flat-compability'.

Error: Terminating worker thread
    at ThreadPool.destroy (C:\Users\sh.kahrizi\Desktop\code\acorex-demo\node_modules\piscina\dist\index.js:489:27)
    at WorkerPool.destroy (C:\Users\sh.kahrizi\Desktop\code\acorex-demo\node_modules\piscina\dist\index.js:669:65)
    at C:\Users\sh.kahrizi\Desktop\code\acorex-demo\node_modules\@angular\build\src\utils\server-rendering\prerender.js:166:35
    at async Promise.all (index 136)
    at async renderPages (C:\Users\sh.kahrizi\Desktop\code\acorex-demo\node_modules\@angular\build\src\utils\server-rendering\prerender.js:170:9)
    at async prerenderPages (C:\Users\sh.kahrizi\Desktop\code\acorex-demo\node_modules\@angular\build\src\utils\server-rendering\prerender.js:107:49)
    at async executePostBundleSteps (C:\Users\sh.kahrizi\Desktop\code\acorex-demo\node_modules\@angular\build\src\builders\application\execute-post-bundle.js:77:73)
    at async executeBuild (C:\Users\sh.kahrizi\Desktop\code\acorex-demo\node_modules\@angular\build\src\builders\application\execute-build.js:267:28)
    at async watch (C:\Users\sh.kahrizi\Desktop\code\acorex-demo\node_modules\@angular\build\src\builders\application\index.js:110:24)
    at async Task.task [as taskFn] (C:\Users\sh.kahrizi\Desktop\code\acorex-demo\node_modules\@angular\build\src\tools\esbuild\utils.js:138:26)[0m


[31mX [41;31m[[41;97mERROR[41;31m][0m [1mAn error occurred while prerendering route '/styles/appearance/visual-charecter'.

Error: Terminating worker thread
    at ThreadPool.destroy (C:\Users\sh.kahrizi\Desktop\code\acorex-demo\node_modules\piscina\dist\index.js:489:27)
    at WorkerPool.destroy (C:\Users\sh.kahrizi\Desktop\code\acorex-demo\node_modules\piscina\dist\index.js:669:65)
    at C:\Users\sh.kahrizi\Desktop\code\acorex-demo\node_modules\@angular\build\src\utils\server-rendering\prerender.js:166:35
    at async Promise.all (index 136)
    at async renderPages (C:\Users\sh.kahrizi\Desktop\code\acorex-demo\node_modules\@angular\build\src\utils\server-rendering\prerender.js:170:9)
    at async prerenderPages (C:\Users\sh.kahrizi\Desktop\code\acorex-demo\node_modules\@angular\build\src\utils\server-rendering\prerender.js:107:49)
    at async executePostBundleSteps (C:\Users\sh.kahrizi\Desktop\code\acorex-demo\node_modules\@angular\build\src\builders\application\execute-post-bundle.js:77:73)
    at async executeBuild (C:\Users\sh.kahrizi\Desktop\code\acorex-demo\node_modules\@angular\build\src\builders\application\execute-build.js:267:28)
    at async watch (C:\Users\sh.kahrizi\Desktop\code\acorex-demo\node_modules\@angular\build\src\builders\application\index.js:110:24)
    at async Task.task [as taskFn] (C:\Users\sh.kahrizi\Desktop\code\acorex-demo\node_modules\@angular\build\src\tools\esbuild\utils.js:138:26)[0m


[31mX [41;31m[[41;97mERROR[41;31m][0m [1mAn error occurred while prerendering route '/styles/appearance/semantic-roles'.

Error: Terminating worker thread
    at ThreadPool.destroy (C:\Users\sh.kahrizi\Desktop\code\acorex-demo\node_modules\piscina\dist\index.js:489:27)
    at WorkerPool.destroy (C:\Users\sh.kahrizi\Desktop\code\acorex-demo\node_modules\piscina\dist\index.js:669:65)
    at C:\Users\sh.kahrizi\Desktop\code\acorex-demo\node_modules\@angular\build\src\utils\server-rendering\prerender.js:166:35
    at async Promise.all (index 136)
    at async renderPages (C:\Users\sh.kahrizi\Desktop\code\acorex-demo\node_modules\@angular\build\src\utils\server-rendering\prerender.js:170:9)
    at async prerenderPages (C:\Users\sh.kahrizi\Desktop\code\acorex-demo\node_modules\@angular\build\src\utils\server-rendering\prerender.js:107:49)
    at async executePostBundleSteps (C:\Users\sh.kahrizi\Desktop\code\acorex-demo\node_modules\@angular\build\src\builders\application\execute-post-bundle.js:77:73)
    at async executeBuild (C:\Users\sh.kahrizi\Desktop\code\acorex-demo\node_modules\@angular\build\src\builders\application\execute-build.js:267:28)
    at async watch (C:\Users\sh.kahrizi\Desktop\code\acorex-demo\node_modules\@angular\build\src\builders\application\index.js:110:24)
    at async Task.task [as taskFn] (C:\Users\sh.kahrizi\Desktop\code\acorex-demo\node_modules\@angular\build\src\tools\esbuild\utils.js:138:26)[0m


[31mX [41;31m[[41;97mERROR[41;31m][0m [1mAn error occurred while prerendering route '/context-menu/usage'.

Error: Terminating worker thread
    at ThreadPool.destroy (C:\Users\sh.kahrizi\Desktop\code\acorex-demo\node_modules\piscina\dist\index.js:489:27)
    at WorkerPool.destroy (C:\Users\sh.kahrizi\Desktop\code\acorex-demo\node_modules\piscina\dist\index.js:669:65)
    at C:\Users\sh.kahrizi\Desktop\code\acorex-demo\node_modules\@angular\build\src\utils\server-rendering\prerender.js:166:35
    at async Promise.all (index 136)
    at async renderPages (C:\Users\sh.kahrizi\Desktop\code\acorex-demo\node_modules\@angular\build\src\utils\server-rendering\prerender.js:170:9)
    at async prerenderPages (C:\Users\sh.kahrizi\Desktop\code\acorex-demo\node_modules\@angular\build\src\utils\server-rendering\prerender.js:107:49)
    at async executePostBundleSteps (C:\Users\sh.kahrizi\Desktop\code\acorex-demo\node_modules\@angular\build\src\builders\application\execute-post-bundle.js:77:73)
    at async executeBuild (C:\Users\sh.kahrizi\Desktop\code\acorex-demo\node_modules\@angular\build\src\builders\application\execute-build.js:267:28)
    at async watch (C:\Users\sh.kahrizi\Desktop\code\acorex-demo\node_modules\@angular\build\src\builders\application\index.js:110:24)
    at async Task.task [as taskFn] (C:\Users\sh.kahrizi\Desktop\code\acorex-demo\node_modules\@angular\build\src\tools\esbuild\utils.js:138:26)[0m


[31mX [41;31m[[41;97mERROR[41;31m][0m [1mAn error occurred while prerendering route '/context-menu/basic'.

Error: Terminating worker thread
    at ThreadPool.destroy (C:\Users\sh.kahrizi\Desktop\code\acorex-demo\node_modules\piscina\dist\index.js:489:27)
    at WorkerPool.destroy (C:\Users\sh.kahrizi\Desktop\code\acorex-demo\node_modules\piscina\dist\index.js:669:65)
    at C:\Users\sh.kahrizi\Desktop\code\acorex-demo\node_modules\@angular\build\src\utils\server-rendering\prerender.js:166:35
    at async Promise.all (index 136)
    at async renderPages (C:\Users\sh.kahrizi\Desktop\code\acorex-demo\node_modules\@angular\build\src\utils\server-rendering\prerender.js:170:9)
    at async prerenderPages (C:\Users\sh.kahrizi\Desktop\code\acorex-demo\node_modules\@angular\build\src\utils\server-rendering\prerender.js:107:49)
    at async executePostBundleSteps (C:\Users\sh.kahrizi\Desktop\code\acorex-demo\node_modules\@angular\build\src\builders\application\execute-post-bundle.js:77:73)
    at async executeBuild (C:\Users\sh.kahrizi\Desktop\code\acorex-demo\node_modules\@angular\build\src\builders\application\execute-build.js:267:28)
    at async watch (C:\Users\sh.kahrizi\Desktop\code\acorex-demo\node_modules\@angular\build\src\builders\application\index.js:110:24)
    at async Task.task [as taskFn] (C:\Users\sh.kahrizi\Desktop\code\acorex-demo\node_modules\@angular\build\src\tools\esbuild\utils.js:138:26)[0m


[31mX [41;31m[[41;97mERROR[41;31m][0m [1mAn error occurred while prerendering route '/context-menu/dynamic-items'.

Error: Terminating worker thread
    at ThreadPool.destroy (C:\Users\sh.kahrizi\Desktop\code\acorex-demo\node_modules\piscina\dist\index.js:489:27)
    at WorkerPool.destroy (C:\Users\sh.kahrizi\Desktop\code\acorex-demo\node_modules\piscina\dist\index.js:669:65)
    at C:\Users\sh.kahrizi\Desktop\code\acorex-demo\node_modules\@angular\build\src\utils\server-rendering\prerender.js:166:35
    at async Promise.all (index 136)
    at async renderPages (C:\Users\sh.kahrizi\Desktop\code\acorex-demo\node_modules\@angular\build\src\utils\server-rendering\prerender.js:170:9)
    at async prerenderPages (C:\Users\sh.kahrizi\Desktop\code\acorex-demo\node_modules\@angular\build\src\utils\server-rendering\prerender.js:107:49)
    at async executePostBundleSteps (C:\Users\sh.kahrizi\Desktop\code\acorex-demo\node_modules\@angular\build\src\builders\application\execute-post-bundle.js:77:73)
    at async executeBuild (C:\Users\sh.kahrizi\Desktop\code\acorex-demo\node_modules\@angular\build\src\builders\application\execute-build.js:267:28)
    at async watch (C:\Users\sh.kahrizi\Desktop\code\acorex-demo\node_modules\@angular\build\src\builders\application\index.js:110:24)
    at async Task.task [as taskFn] (C:\Users\sh.kahrizi\Desktop\code\acorex-demo\node_modules\@angular\build\src\tools\esbuild\utils.js:138:26)[0m


[31mX [41;31m[[41;97mERROR[41;31m][0m [1mAn error occurred while prerendering route '/context-menu/programmatic-open'.

Error: Terminating worker thread
    at ThreadPool.destroy (C:\Users\sh.kahrizi\Desktop\code\acorex-demo\node_modules\piscina\dist\index.js:489:27)
    at WorkerPool.destroy (C:\Users\sh.kahrizi\Desktop\code\acorex-demo\node_modules\piscina\dist\index.js:669:65)
    at C:\Users\sh.kahrizi\Desktop\code\acorex-demo\node_modules\@angular\build\src\utils\server-rendering\prerender.js:166:35
    at async Promise.all (index 136)
    at async renderPages (C:\Users\sh.kahrizi\Desktop\code\acorex-demo\node_modules\@angular\build\src\utils\server-rendering\prerender.js:170:9)
    at async prerenderPages (C:\Users\sh.kahrizi\Desktop\code\acorex-demo\node_modules\@angular\build\src\utils\server-rendering\prerender.js:107:49)
    at async executePostBundleSteps (C:\Users\sh.kahrizi\Desktop\code\acorex-demo\node_modules\@angular\build\src\builders\application\execute-post-bundle.js:77:73)
    at async executeBuild (C:\Users\sh.kahrizi\Desktop\code\acorex-demo\node_modules\@angular\build\src\builders\application\execute-build.js:267:28)
    at async watch (C:\Users\sh.kahrizi\Desktop\code\acorex-demo\node_modules\@angular\build\src\builders\application\index.js:110:24)
    at async Task.task [as taskFn] (C:\Users\sh.kahrizi\Desktop\code\acorex-demo\node_modules\@angular\build\src\tools\esbuild\utils.js:138:26)[0m


[31mX [41;31m[[41;97mERROR[41;31m][0m [1mAn error occurred while prerendering route '/tag-box/usage'.

Error: Terminating worker thread
    at ThreadPool.destroy (C:\Users\sh.kahrizi\Desktop\code\acorex-demo\node_modules\piscina\dist\index.js:489:27)
    at WorkerPool.destroy (C:\Users\sh.kahrizi\Desktop\code\acorex-demo\node_modules\piscina\dist\index.js:669:65)
    at C:\Users\sh.kahrizi\Desktop\code\acorex-demo\node_modules\@angular\build\src\utils\server-rendering\prerender.js:166:35
    at async Promise.all (index 136)
    at async renderPages (C:\Users\sh.kahrizi\Desktop\code\acorex-demo\node_modules\@angular\build\src\utils\server-rendering\prerender.js:170:9)
    at async prerenderPages (C:\Users\sh.kahrizi\Desktop\code\acorex-demo\node_modules\@angular\build\src\utils\server-rendering\prerender.js:107:49)
    at async executePostBundleSteps (C:\Users\sh.kahrizi\Desktop\code\acorex-demo\node_modules\@angular\build\src\builders\application\execute-post-bundle.js:77:73)
    at async executeBuild (C:\Users\sh.kahrizi\Desktop\code\acorex-demo\node_modules\@angular\build\src\builders\application\execute-build.js:267:28)
    at async watch (C:\Users\sh.kahrizi\Desktop\code\acorex-demo\node_modules\@angular\build\src\builders\application\index.js:110:24)
    at async Task.task [as taskFn] (C:\Users\sh.kahrizi\Desktop\code\acorex-demo\node_modules\@angular\build\src\tools\esbuild\utils.js:138:26)[0m


[31mX [41;31m[[41;97mERROR[41;31m][0m [1mAn error occurred while prerendering route '/tag-box/auto-complete'.

Error: Terminating worker thread
    at ThreadPool.destroy (C:\Users\sh.kahrizi\Desktop\code\acorex-demo\node_modules\piscina\dist\index.js:489:27)
    at WorkerPool.destroy (C:\Users\sh.kahrizi\Desktop\code\acorex-demo\node_modules\piscina\dist\index.js:669:65)
    at C:\Users\sh.kahrizi\Desktop\code\acorex-demo\node_modules\@angular\build\src\utils\server-rendering\prerender.js:166:35
    at async Promise.all (index 136)
    at async renderPages (C:\Users\sh.kahrizi\Desktop\code\acorex-demo\node_modules\@angular\build\src\utils\server-rendering\prerender.js:170:9)
    at async prerenderPages (C:\Users\sh.kahrizi\Desktop\code\acorex-demo\node_modules\@angular\build\src\utils\server-rendering\prerender.js:107:49)
    at async executePostBundleSteps (C:\Users\sh.kahrizi\Desktop\code\acorex-demo\node_modules\@angular\build\src\builders\application\execute-post-bundle.js:77:73)
    at async executeBuild (C:\Users\sh.kahrizi\Desktop\code\acorex-demo\node_modules\@angular\build\src\builders\application\execute-build.js:267:28)
    at async watch (C:\Users\sh.kahrizi\Desktop\code\acorex-demo\node_modules\@angular\build\src\builders\application\index.js:110:24)
    at async Task.task [as taskFn] (C:\Users\sh.kahrizi\Desktop\code\acorex-demo\node_modules\@angular\build\src\tools\esbuild\utils.js:138:26)[0m


[31mX [41;31m[[41;97mERROR[41;31m][0m [1mAn error occurred while prerendering route '/tag-box/custom-templates'.

Error: Terminating worker thread
    at ThreadPool.destroy (C:\Users\sh.kahrizi\Desktop\code\acorex-demo\node_modules\piscina\dist\index.js:489:27)
    at WorkerPool.destroy (C:\Users\sh.kahrizi\Desktop\code\acorex-demo\node_modules\piscina\dist\index.js:669:65)
    at C:\Users\sh.kahrizi\Desktop\code\acorex-demo\node_modules\@angular\build\src\utils\server-rendering\prerender.js:166:35
    at async Promise.all (index 136)
    at async renderPages (C:\Users\sh.kahrizi\Desktop\code\acorex-demo\node_modules\@angular\build\src\utils\server-rendering\prerender.js:170:9)
    at async prerenderPages (C:\Users\sh.kahrizi\Desktop\code\acorex-demo\node_modules\@angular\build\src\utils\server-rendering\prerender.js:107:49)
    at async executePostBundleSteps (C:\Users\sh.kahrizi\Desktop\code\acorex-demo\node_modules\@angular\build\src\builders\application\execute-post-bundle.js:77:73)
    at async executeBuild (C:\Users\sh.kahrizi\Desktop\code\acorex-demo\node_modules\@angular\build\src\builders\application\execute-build.js:267:28)
    at async watch (C:\Users\sh.kahrizi\Desktop\code\acorex-demo\node_modules\@angular\build\src\builders\application\index.js:110:24)
    at async Task.task [as taskFn] (C:\Users\sh.kahrizi\Desktop\code\acorex-demo\node_modules\@angular\build\src\tools\esbuild\utils.js:138:26)[0m


[31mX [41;31m[[41;97mERROR[41;31m][0m [1mAn error occurred while prerendering route '/tag-box/header-footer-templates'.

Error: Terminating worker thread
    at ThreadPool.destroy (C:\Users\sh.kahrizi\Desktop\code\acorex-demo\node_modules\piscina\dist\index.js:489:27)
    at WorkerPool.destroy (C:\Users\sh.kahrizi\Desktop\code\acorex-demo\node_modules\piscina\dist\index.js:669:65)
    at C:\Users\sh.kahrizi\Desktop\code\acorex-demo\node_modules\@angular\build\src\utils\server-rendering\prerender.js:166:35
    at async Promise.all (index 136)
    at async renderPages (C:\Users\sh.kahrizi\Desktop\code\acorex-demo\node_modules\@angular\build\src\utils\server-rendering\prerender.js:170:9)
    at async prerenderPages (C:\Users\sh.kahrizi\Desktop\code\acorex-demo\node_modules\@angular\build\src\utils\server-rendering\prerender.js:107:49)
    at async executePostBundleSteps (C:\Users\sh.kahrizi\Desktop\code\acorex-demo\node_modules\@angular\build\src\builders\application\execute-post-bundle.js:77:73)
    at async executeBuild (C:\Users\sh.kahrizi\Desktop\code\acorex-demo\node_modules\@angular\build\src\builders\application\execute-build.js:267:28)
    at async watch (C:\Users\sh.kahrizi\Desktop\code\acorex-demo\node_modules\@angular\build\src\builders\application\index.js:110:24)
    at async Task.task [as taskFn] (C:\Users\sh.kahrizi\Desktop\code\acorex-demo\node_modules\@angular\build\src\tools\esbuild\utils.js:138:26)[0m


[31mX [41;31m[[41;97mERROR[41;31m][0m [1mAn error occurred while prerendering route '/scheduler/usage'.

Error: Terminating worker thread
    at ThreadPool.destroy (C:\Users\sh.kahrizi\Desktop\code\acorex-demo\node_modules\piscina\dist\index.js:489:27)
    at WorkerPool.destroy (C:\Users\sh.kahrizi\Desktop\code\acorex-demo\node_modules\piscina\dist\index.js:669:65)
    at C:\Users\sh.kahrizi\Desktop\code\acorex-demo\node_modules\@angular\build\src\utils\server-rendering\prerender.js:166:35
    at async Promise.all (index 136)
    at async renderPages (C:\Users\sh.kahrizi\Desktop\code\acorex-demo\node_modules\@angular\build\src\utils\server-rendering\prerender.js:170:9)
    at async prerenderPages (C:\Users\sh.kahrizi\Desktop\code\acorex-demo\node_modules\@angular\build\src\utils\server-rendering\prerender.js:107:49)
    at async executePostBundleSteps (C:\Users\sh.kahrizi\Desktop\code\acorex-demo\node_modules\@angular\build\src\builders\application\execute-post-bundle.js:77:73)
    at async executeBuild (C:\Users\sh.kahrizi\Desktop\code\acorex-demo\node_modules\@angular\build\src\builders\application\execute-build.js:267:28)
    at async watch (C:\Users\sh.kahrizi\Desktop\code\acorex-demo\node_modules\@angular\build\src\builders\application\index.js:110:24)
    at async Task.task [as taskFn] (C:\Users\sh.kahrizi\Desktop\code\acorex-demo\node_modules\@angular\build\src\tools\esbuild\utils.js:138:26)[0m


[31mX [41;31m[[41;97mERROR[41;31m][0m [1mAn error occurred while prerendering route '/scheduler/views'.

Error: Terminating worker thread
    at ThreadPool.destroy (C:\Users\sh.kahrizi\Desktop\code\acorex-demo\node_modules\piscina\dist\index.js:489:27)
    at WorkerPool.destroy (C:\Users\sh.kahrizi\Desktop\code\acorex-demo\node_modules\piscina\dist\index.js:669:65)
    at C:\Users\sh.kahrizi\Desktop\code\acorex-demo\node_modules\@angular\build\src\utils\server-rendering\prerender.js:166:35
    at async Promise.all (index 136)
    at async renderPages (C:\Users\sh.kahrizi\Desktop\code\acorex-demo\node_modules\@angular\build\src\utils\server-rendering\prerender.js:170:9)
    at async prerenderPages (C:\Users\sh.kahrizi\Desktop\code\acorex-demo\node_modules\@angular\build\src\utils\server-rendering\prerender.js:107:49)
    at async executePostBundleSteps (C:\Users\sh.kahrizi\Desktop\code\acorex-demo\node_modules\@angular\build\src\builders\application\execute-post-bundle.js:77:73)
    at async executeBuild (C:\Users\sh.kahrizi\Desktop\code\acorex-demo\node_modules\@angular\build\src\builders\application\execute-build.js:267:28)
    at async watch (C:\Users\sh.kahrizi\Desktop\code\acorex-demo\node_modules\@angular\build\src\builders\application\index.js:110:24)
    at async Task.task [as taskFn] (C:\Users\sh.kahrizi\Desktop\code\acorex-demo\node_modules\@angular\build\src\tools\esbuild\utils.js:138:26)[0m


[31mX [41;31m[[41;97mERROR[41;31m][0m [1mAn error occurred while prerendering route '/scheduler/calendar-types'.

Error: Terminating worker thread
    at ThreadPool.destroy (C:\Users\sh.kahrizi\Desktop\code\acorex-demo\node_modules\piscina\dist\index.js:489:27)
    at WorkerPool.destroy (C:\Users\sh.kahrizi\Desktop\code\acorex-demo\node_modules\piscina\dist\index.js:669:65)
    at C:\Users\sh.kahrizi\Desktop\code\acorex-demo\node_modules\@angular\build\src\utils\server-rendering\prerender.js:166:35
    at async Promise.all (index 136)
    at async renderPages (C:\Users\sh.kahrizi\Desktop\code\acorex-demo\node_modules\@angular\build\src\utils\server-rendering\prerender.js:170:9)
    at async prerenderPages (C:\Users\sh.kahrizi\Desktop\code\acorex-demo\node_modules\@angular\build\src\utils\server-rendering\prerender.js:107:49)
    at async executePostBundleSteps (C:\Users\sh.kahrizi\Desktop\code\acorex-demo\node_modules\@angular\build\src\builders\application\execute-post-bundle.js:77:73)
    at async executeBuild (C:\Users\sh.kahrizi\Desktop\code\acorex-demo\node_modules\@angular\build\src\builders\application\execute-build.js:267:28)
    at async watch (C:\Users\sh.kahrizi\Desktop\code\acorex-demo\node_modules\@angular\build\src\builders\application\index.js:110:24)
    at async Task.task [as taskFn] (C:\Users\sh.kahrizi\Desktop\code\acorex-demo\node_modules\@angular\build\src\tools\esbuild\utils.js:138:26)[0m


[31mX [41;31m[[41;97mERROR[41;31m][0m [1mAn error occurred while prerendering route '/scheduler/working-hours'.

Error: Terminating worker thread
    at ThreadPool.destroy (C:\Users\sh.kahrizi\Desktop\code\acorex-demo\node_modules\piscina\dist\index.js:489:27)
    at WorkerPool.destroy (C:\Users\sh.kahrizi\Desktop\code\acorex-demo\node_modules\piscina\dist\index.js:669:65)
    at C:\Users\sh.kahrizi\Desktop\code\acorex-demo\node_modules\@angular\build\src\utils\server-rendering\prerender.js:166:35
    at async Promise.all (index 136)
    at async renderPages (C:\Users\sh.kahrizi\Desktop\code\acorex-demo\node_modules\@angular\build\src\utils\server-rendering\prerender.js:170:9)
    at async prerenderPages (C:\Users\sh.kahrizi\Desktop\code\acorex-demo\node_modules\@angular\build\src\utils\server-rendering\prerender.js:107:49)
    at async executePostBundleSteps (C:\Users\sh.kahrizi\Desktop\code\acorex-demo\node_modules\@angular\build\src\builders\application\execute-post-bundle.js:77:73)
    at async executeBuild (C:\Users\sh.kahrizi\Desktop\code\acorex-demo\node_modules\@angular\build\src\builders\application\execute-build.js:267:28)
    at async watch (C:\Users\sh.kahrizi\Desktop\code\acorex-demo\node_modules\@angular\build\src\builders\application\index.js:110:24)
    at async Task.task [as taskFn] (C:\Users\sh.kahrizi\Desktop\code\acorex-demo\node_modules\@angular\build\src\tools\esbuild\utils.js:138:26)[0m


[31mX [41;31m[[41;97mERROR[41;31m][0m [1mAn error occurred while prerendering route '/scheduler/drag-drop'.

Error: Terminating worker thread
    at ThreadPool.destroy (C:\Users\sh.kahrizi\Desktop\code\acorex-demo\node_modules\piscina\dist\index.js:489:27)
    at WorkerPool.destroy (C:\Users\sh.kahrizi\Desktop\code\acorex-demo\node_modules\piscina\dist\index.js:669:65)
    at C:\Users\sh.kahrizi\Desktop\code\acorex-demo\node_modules\@angular\build\src\utils\server-rendering\prerender.js:166:35
    at async Promise.all (index 136)
    at async renderPages (C:\Users\sh.kahrizi\Desktop\code\acorex-demo\node_modules\@angular\build\src\utils\server-rendering\prerender.js:170:9)
    at async prerenderPages (C:\Users\sh.kahrizi\Desktop\code\acorex-demo\node_modules\@angular\build\src\utils\server-rendering\prerender.js:107:49)
    at async executePostBundleSteps (C:\Users\sh.kahrizi\Desktop\code\acorex-demo\node_modules\@angular\build\src\builders\application\execute-post-bundle.js:77:73)
    at async executeBuild (C:\Users\sh.kahrizi\Desktop\code\acorex-demo\node_modules\@angular\build\src\builders\application\execute-build.js:267:28)
    at async watch (C:\Users\sh.kahrizi\Desktop\code\acorex-demo\node_modules\@angular\build\src\builders\application\index.js:110:24)
    at async Task.task [as taskFn] (C:\Users\sh.kahrizi\Desktop\code\acorex-demo\node_modules\@angular\build\src\tools\esbuild\utils.js:138:26)[0m


[31mX [41;31m[[41;97mERROR[41;31m][0m [1mAn error occurred while prerendering route '/scheduler/event-handling'.

Error: Terminating worker thread
    at ThreadPool.destroy (C:\Users\sh.kahrizi\Desktop\code\acorex-demo\node_modules\piscina\dist\index.js:489:27)
    at WorkerPool.destroy (C:\Users\sh.kahrizi\Desktop\code\acorex-demo\node_modules\piscina\dist\index.js:669:65)
    at C:\Users\sh.kahrizi\Desktop\code\acorex-demo\node_modules\@angular\build\src\utils\server-rendering\prerender.js:166:35
    at async Promise.all (index 136)
    at async renderPages (C:\Users\sh.kahrizi\Desktop\code\acorex-demo\node_modules\@angular\build\src\utils\server-rendering\prerender.js:170:9)
    at async prerenderPages (C:\Users\sh.kahrizi\Desktop\code\acorex-demo\node_modules\@angular\build\src\utils\server-rendering\prerender.js:107:49)
    at async executePostBundleSteps (C:\Users\sh.kahrizi\Desktop\code\acorex-demo\node_modules\@angular\build\src\builders\application\execute-post-bundle.js:77:73)
    at async executeBuild (C:\Users\sh.kahrizi\Desktop\code\acorex-demo\node_modules\@angular\build\src\builders\application\execute-build.js:267:28)
    at async watch (C:\Users\sh.kahrizi\Desktop\code\acorex-demo\node_modules\@angular\build\src\builders\application\index.js:110:24)
    at async Task.task [as taskFn] (C:\Users\sh.kahrizi\Desktop\code\acorex-demo\node_modules\@angular\build\src\tools\esbuild\utils.js:138:26)[0m


[31mX [41;31m[[41;97mERROR[41;31m][0m [1mAn error occurred while prerendering route '/scheduler/readonly'.

Error: Terminating worker thread
    at ThreadPool.destroy (C:\Users\sh.kahrizi\Desktop\code\acorex-demo\node_modules\piscina\dist\index.js:489:27)
    at WorkerPool.destroy (C:\Users\sh.kahrizi\Desktop\code\acorex-demo\node_modules\piscina\dist\index.js:669:65)
    at C:\Users\sh.kahrizi\Desktop\code\acorex-demo\node_modules\@angular\build\src\utils\server-rendering\prerender.js:166:35
    at async Promise.all (index 136)
    at async renderPages (C:\Users\sh.kahrizi\Desktop\code\acorex-demo\node_modules\@angular\build\src\utils\server-rendering\prerender.js:170:9)
    at async prerenderPages (C:\Users\sh.kahrizi\Desktop\code\acorex-demo\node_modules\@angular\build\src\utils\server-rendering\prerender.js:107:49)
    at async executePostBundleSteps (C:\Users\sh.kahrizi\Desktop\code\acorex-demo\node_modules\@angular\build\src\builders\application\execute-post-bundle.js:77:73)
    at async executeBuild (C:\Users\sh.kahrizi\Desktop\code\acorex-demo\node_modules\@angular\build\src\builders\application\execute-build.js:267:28)
    at async watch (C:\Users\sh.kahrizi\Desktop\code\acorex-demo\node_modules\@angular\build\src\builders\application\index.js:110:24)
    at async Task.task [as taskFn] (C:\Users\sh.kahrizi\Desktop\code\acorex-demo\node_modules\@angular\build\src\tools\esbuild\utils.js:138:26)[0m


[31mX [41;31m[[41;97mERROR[41;31m][0m [1mAn error occurred while prerendering route '/scheduler/custom-templates'.

Error: Terminating worker thread
    at ThreadPool.destroy (C:\Users\sh.kahrizi\Desktop\code\acorex-demo\node_modules\piscina\dist\index.js:489:27)
    at WorkerPool.destroy (C:\Users\sh.kahrizi\Desktop\code\acorex-demo\node_modules\piscina\dist\index.js:669:65)
    at C:\Users\sh.kahrizi\Desktop\code\acorex-demo\node_modules\@angular\build\src\utils\server-rendering\prerender.js:166:35
    at async Promise.all (index 136)
    at async renderPages (C:\Users\sh.kahrizi\Desktop\code\acorex-demo\node_modules\@angular\build\src\utils\server-rendering\prerender.js:170:9)
    at async prerenderPages (C:\Users\sh.kahrizi\Desktop\code\acorex-demo\node_modules\@angular\build\src\utils\server-rendering\prerender.js:107:49)
    at async executePostBundleSteps (C:\Users\sh.kahrizi\Desktop\code\acorex-demo\node_modules\@angular\build\src\builders\application\execute-post-bundle.js:77:73)
    at async executeBuild (C:\Users\sh.kahrizi\Desktop\code\acorex-demo\node_modules\@angular\build\src\builders\application\execute-build.js:267:28)
    at async watch (C:\Users\sh.kahrizi\Desktop\code\acorex-demo\node_modules\@angular\build\src\builders\application\index.js:110:24)
    at async Task.task [as taskFn] (C:\Users\sh.kahrizi\Desktop\code\acorex-demo\node_modules\@angular\build\src\tools\esbuild\utils.js:138:26)[0m


[31mX [41;31m[[41;97mERROR[41;31m][0m [1mAn error occurred while prerendering route '/scheduler/data-loading'.

Error: Terminating worker thread
    at ThreadPool.destroy (C:\Users\sh.kahrizi\Desktop\code\acorex-demo\node_modules\piscina\dist\index.js:489:27)
    at WorkerPool.destroy (C:\Users\sh.kahrizi\Desktop\code\acorex-demo\node_modules\piscina\dist\index.js:669:65)
    at C:\Users\sh.kahrizi\Desktop\code\acorex-demo\node_modules\@angular\build\src\utils\server-rendering\prerender.js:166:35
    at async Promise.all (index 136)
    at async renderPages (C:\Users\sh.kahrizi\Desktop\code\acorex-demo\node_modules\@angular\build\src\utils\server-rendering\prerender.js:170:9)
    at async prerenderPages (C:\Users\sh.kahrizi\Desktop\code\acorex-demo\node_modules\@angular\build\src\utils\server-rendering\prerender.js:107:49)
    at async executePostBundleSteps (C:\Users\sh.kahrizi\Desktop\code\acorex-demo\node_modules\@angular\build\src\builders\application\execute-post-bundle.js:77:73)
    at async executeBuild (C:\Users\sh.kahrizi\Desktop\code\acorex-demo\node_modules\@angular\build\src\builders\application\execute-build.js:267:28)
    at async watch (C:\Users\sh.kahrizi\Desktop\code\acorex-demo\node_modules\@angular\build\src\builders\application\index.js:110:24)
    at async Task.task [as taskFn] (C:\Users\sh.kahrizi\Desktop\code\acorex-demo\node_modules\@angular\build\src\tools\esbuild\utils.js:138:26)[0m


[31mX [41;31m[[41;97mERROR[41;31m][0m [1mAn error occurred while prerendering route '/scheduler/holidays'.

Error: Terminating worker thread
    at ThreadPool.destroy (C:\Users\sh.kahrizi\Desktop\code\acorex-demo\node_modules\piscina\dist\index.js:489:27)
    at WorkerPool.destroy (C:\Users\sh.kahrizi\Desktop\code\acorex-demo\node_modules\piscina\dist\index.js:669:65)
    at C:\Users\sh.kahrizi\Desktop\code\acorex-demo\node_modules\@angular\build\src\utils\server-rendering\prerender.js:166:35
    at async Promise.all (index 136)
    at async renderPages (C:\Users\sh.kahrizi\Desktop\code\acorex-demo\node_modules\@angular\build\src\utils\server-rendering\prerender.js:170:9)
    at async prerenderPages (C:\Users\sh.kahrizi\Desktop\code\acorex-demo\node_modules\@angular\build\src\utils\server-rendering\prerender.js:107:49)
    at async executePostBundleSteps (C:\Users\sh.kahrizi\Desktop\code\acorex-demo\node_modules\@angular\build\src\builders\application\execute-post-bundle.js:77:73)
    at async executeBuild (C:\Users\sh.kahrizi\Desktop\code\acorex-demo\node_modules\@angular\build\src\builders\application\execute-build.js:267:28)
    at async watch (C:\Users\sh.kahrizi\Desktop\code\acorex-demo\node_modules\@angular\build\src\builders\application\index.js:110:24)
    at async Task.task [as taskFn] (C:\Users\sh.kahrizi\Desktop\code\acorex-demo\node_modules\@angular\build\src\tools\esbuild\utils.js:138:26)[0m


[31mX [41;31m[[41;97mERROR[41;31m][0m [1mAn error occurred while prerendering route '/scheduler/responsive'.

Error: Terminating worker thread
    at ThreadPool.destroy (C:\Users\sh.kahrizi\Desktop\code\acorex-demo\node_modules\piscina\dist\index.js:489:27)
    at WorkerPool.destroy (C:\Users\sh.kahrizi\Desktop\code\acorex-demo\node_modules\piscina\dist\index.js:669:65)
    at C:\Users\sh.kahrizi\Desktop\code\acorex-demo\node_modules\@angular\build\src\utils\server-rendering\prerender.js:166:35
    at async Promise.all (index 136)
    at async renderPages (C:\Users\sh.kahrizi\Desktop\code\acorex-demo\node_modules\@angular\build\src\utils\server-rendering\prerender.js:170:9)
    at async prerenderPages (C:\Users\sh.kahrizi\Desktop\code\acorex-demo\node_modules\@angular\build\src\utils\server-rendering\prerender.js:107:49)
    at async executePostBundleSteps (C:\Users\sh.kahrizi\Desktop\code\acorex-demo\node_modules\@angular\build\src\builders\application\execute-post-bundle.js:77:73)
    at async executeBuild (C:\Users\sh.kahrizi\Desktop\code\acorex-demo\node_modules\@angular\build\src\builders\application\execute-build.js:267:28)
    at async watch (C:\Users\sh.kahrizi\Desktop\code\acorex-demo\node_modules\@angular\build\src\builders\application\index.js:110:24)
    at async Task.task [as taskFn] (C:\Users\sh.kahrizi\Desktop\code\acorex-demo\node_modules\@angular\build\src\tools\esbuild\utils.js:138:26)[0m


[31mX [41;31m[[41;97mERROR[41;31m][0m [1mAn error occurred while prerendering route '/scheduler/custom-header'.

Error: Terminating worker thread
    at ThreadPool.destroy (C:\Users\sh.kahrizi\Desktop\code\acorex-demo\node_modules\piscina\dist\index.js:489:27)
    at WorkerPool.destroy (C:\Users\sh.kahrizi\Desktop\code\acorex-demo\node_modules\piscina\dist\index.js:669:65)
    at C:\Users\sh.kahrizi\Desktop\code\acorex-demo\node_modules\@angular\build\src\utils\server-rendering\prerender.js:166:35
    at async Promise.all (index 136)
    at async renderPages (C:\Users\sh.kahrizi\Desktop\code\acorex-demo\node_modules\@angular\build\src\utils\server-rendering\prerender.js:170:9)
    at async prerenderPages (C:\Users\sh.kahrizi\Desktop\code\acorex-demo\node_modules\@angular\build\src\utils\server-rendering\prerender.js:107:49)
    at async executePostBundleSteps (C:\Users\sh.kahrizi\Desktop\code\acorex-demo\node_modules\@angular\build\src\builders\application\execute-post-bundle.js:77:73)
    at async executeBuild (C:\Users\sh.kahrizi\Desktop\code\acorex-demo\node_modules\@angular\build\src\builders\application\execute-build.js:267:28)
    at async watch (C:\Users\sh.kahrizi\Desktop\code\acorex-demo\node_modules\@angular\build\src\builders\application\index.js:110:24)
    at async Task.task [as taskFn] (C:\Users\sh.kahrizi\Desktop\code\acorex-demo\node_modules\@angular\build\src\tools\esbuild\utils.js:138:26)[0m


[31mX [41;31m[[41;97mERROR[41;31m][0m [1mAn error occurred while prerendering route '/scheduler/actions'.

Error: Terminating worker thread
    at ThreadPool.destroy (C:\Users\sh.kahrizi\Desktop\code\acorex-demo\node_modules\piscina\dist\index.js:489:27)
    at WorkerPool.destroy (C:\Users\sh.kahrizi\Desktop\code\acorex-demo\node_modules\piscina\dist\index.js:669:65)
    at C:\Users\sh.kahrizi\Desktop\code\acorex-demo\node_modules\@angular\build\src\utils\server-rendering\prerender.js:166:35
    at async Promise.all (index 136)
    at async renderPages (C:\Users\sh.kahrizi\Desktop\code\acorex-demo\node_modules\@angular\build\src\utils\server-rendering\prerender.js:170:9)
    at async prerenderPages (C:\Users\sh.kahrizi\Desktop\code\acorex-demo\node_modules\@angular\build\src\utils\server-rendering\prerender.js:107:49)
    at async executePostBundleSteps (C:\Users\sh.kahrizi\Desktop\code\acorex-demo\node_modules\@angular\build\src\builders\application\execute-post-bundle.js:77:73)
    at async executeBuild (C:\Users\sh.kahrizi\Desktop\code\acorex-demo\node_modules\@angular\build\src\builders\application\execute-build.js:267:28)
    at async watch (C:\Users\sh.kahrizi\Desktop\code\acorex-demo\node_modules\@angular\build\src\builders\application\index.js:110:24)
    at async Task.task [as taskFn] (C:\Users\sh.kahrizi\Desktop\code\acorex-demo\node_modules\@angular\build\src\tools\esbuild\utils.js:138:26)[0m


[31mX [41;31m[[41;97mERROR[41;31m][0m [1mAn error occurred while prerendering route '/scheduler/current-time-indicator'.

Error: Terminating worker thread
    at ThreadPool.destroy (C:\Users\sh.kahrizi\Desktop\code\acorex-demo\node_modules\piscina\dist\index.js:489:27)
    at WorkerPool.destroy (C:\Users\sh.kahrizi\Desktop\code\acorex-demo\node_modules\piscina\dist\index.js:669:65)
    at C:\Users\sh.kahrizi\Desktop\code\acorex-demo\node_modules\@angular\build\src\utils\server-rendering\prerender.js:166:35
    at async Promise.all (index 136)
    at async renderPages (C:\Users\sh.kahrizi\Desktop\code\acorex-demo\node_modules\@angular\build\src\utils\server-rendering\prerender.js:170:9)
    at async prerenderPages (C:\Users\sh.kahrizi\Desktop\code\acorex-demo\node_modules\@angular\build\src\utils\server-rendering\prerender.js:107:49)
    at async executePostBundleSteps (C:\Users\sh.kahrizi\Desktop\code\acorex-demo\node_modules\@angular\build\src\builders\application\execute-post-bundle.js:77:73)
    at async executeBuild (C:\Users\sh.kahrizi\Desktop\code\acorex-demo\node_modules\@angular\build\src\builders\application\execute-build.js:267:28)
    at async watch (C:\Users\sh.kahrizi\Desktop\code\acorex-demo\node_modules\@angular\build\src\builders\application\index.js:110:24)
    at async Task.task [as taskFn] (C:\Users\sh.kahrizi\Desktop\code\acorex-demo\node_modules\@angular\build\src\tools\esbuild\utils.js:138:26)[0m


[31mX [41;31m[[41;97mERROR[41;31m][0m [1mAn error occurred while prerendering route '/scheduler/resources'.

Error: Terminating worker thread
    at ThreadPool.destroy (C:\Users\sh.kahrizi\Desktop\code\acorex-demo\node_modules\piscina\dist\index.js:489:27)
    at WorkerPool.destroy (C:\Users\sh.kahrizi\Desktop\code\acorex-demo\node_modules\piscina\dist\index.js:669:65)
    at C:\Users\sh.kahrizi\Desktop\code\acorex-demo\node_modules\@angular\build\src\utils\server-rendering\prerender.js:166:35
    at async Promise.all (index 136)
    at async renderPages (C:\Users\sh.kahrizi\Desktop\code\acorex-demo\node_modules\@angular\build\src\utils\server-rendering\prerender.js:170:9)
    at async prerenderPages (C:\Users\sh.kahrizi\Desktop\code\acorex-demo\node_modules\@angular\build\src\utils\server-rendering\prerender.js:107:49)
    at async executePostBundleSteps (C:\Users\sh.kahrizi\Desktop\code\acorex-demo\node_modules\@angular\build\src\builders\application\execute-post-bundle.js:77:73)
    at async executeBuild (C:\Users\sh.kahrizi\Desktop\code\acorex-demo\node_modules\@angular\build\src\builders\application\execute-build.js:267:28)
    at async watch (C:\Users\sh.kahrizi\Desktop\code\acorex-demo\node_modules\@angular\build\src\builders\application\index.js:110:24)
    at async Task.task [as taskFn] (C:\Users\sh.kahrizi\Desktop\code\acorex-demo\node_modules\@angular\build\src\tools\esbuild\utils.js:138:26)[0m


[31mX [41;31m[[41;97mERROR[41;31m][0m [1mAn error occurred while prerendering route '/kanban/usage'.

Error: Terminating worker thread
    at ThreadPool.destroy (C:\Users\sh.kahrizi\Desktop\code\acorex-demo\node_modules\piscina\dist\index.js:489:27)
    at WorkerPool.destroy (C:\Users\sh.kahrizi\Desktop\code\acorex-demo\node_modules\piscina\dist\index.js:669:65)
    at C:\Users\sh.kahrizi\Desktop\code\acorex-demo\node_modules\@angular\build\src\utils\server-rendering\prerender.js:166:35
    at async Promise.all (index 136)
    at async renderPages (C:\Users\sh.kahrizi\Desktop\code\acorex-demo\node_modules\@angular\build\src\utils\server-rendering\prerender.js:170:9)
    at async prerenderPages (C:\Users\sh.kahrizi\Desktop\code\acorex-demo\node_modules\@angular\build\src\utils\server-rendering\prerender.js:107:49)
    at async executePostBundleSteps (C:\Users\sh.kahrizi\Desktop\code\acorex-demo\node_modules\@angular\build\src\builders\application\execute-post-bundle.js:77:73)
    at async executeBuild (C:\Users\sh.kahrizi\Desktop\code\acorex-demo\node_modules\@angular\build\src\builders\application\execute-build.js:267:28)
    at async watch (C:\Users\sh.kahrizi\Desktop\code\acorex-demo\node_modules\@angular\build\src\builders\application\index.js:110:24)
    at async Task.task [as taskFn] (C:\Users\sh.kahrizi\Desktop\code\acorex-demo\node_modules\@angular\build\src\tools\esbuild\utils.js:138:26)[0m


[31mX [41;31m[[41;97mERROR[41;31m][0m [1mAn error occurred while prerendering route '/kanban/action-click'.

Error: Terminating worker thread
    at ThreadPool.destroy (C:\Users\sh.kahrizi\Desktop\code\acorex-demo\node_modules\piscina\dist\index.js:489:27)
    at WorkerPool.destroy (C:\Users\sh.kahrizi\Desktop\code\acorex-demo\node_modules\piscina\dist\index.js:669:65)
    at C:\Users\sh.kahrizi\Desktop\code\acorex-demo\node_modules\@angular\build\src\utils\server-rendering\prerender.js:166:35
    at async Promise.all (index 136)
    at async renderPages (C:\Users\sh.kahrizi\Desktop\code\acorex-demo\node_modules\@angular\build\src\utils\server-rendering\prerender.js:170:9)
    at async prerenderPages (C:\Users\sh.kahrizi\Desktop\code\acorex-demo\node_modules\@angular\build\src\utils\server-rendering\prerender.js:107:49)
    at async executePostBundleSteps (C:\Users\sh.kahrizi\Desktop\code\acorex-demo\node_modules\@angular\build\src\builders\application\execute-post-bundle.js:77:73)
    at async executeBuild (C:\Users\sh.kahrizi\Desktop\code\acorex-demo\node_modules\@angular\build\src\builders\application\execute-build.js:267:28)
    at async watch (C:\Users\sh.kahrizi\Desktop\code\acorex-demo\node_modules\@angular\build\src\builders\application\index.js:110:24)
    at async Task.task [as taskFn] (C:\Users\sh.kahrizi\Desktop\code\acorex-demo\node_modules\@angular\build\src\tools\esbuild\utils.js:138:26)[0m


[31mX [41;31m[[41;97mERROR[41;31m][0m [1mAn error occurred while prerendering route '/kanban/empty-state'.

Error: Terminating worker thread
    at ThreadPool.destroy (C:\Users\sh.kahrizi\Desktop\code\acorex-demo\node_modules\piscina\dist\index.js:489:27)
    at WorkerPool.destroy (C:\Users\sh.kahrizi\Desktop\code\acorex-demo\node_modules\piscina\dist\index.js:669:65)
    at C:\Users\sh.kahrizi\Desktop\code\acorex-demo\node_modules\@angular\build\src\utils\server-rendering\prerender.js:166:35
    at async Promise.all (index 136)
    at async renderPages (C:\Users\sh.kahrizi\Desktop\code\acorex-demo\node_modules\@angular\build\src\utils\server-rendering\prerender.js:170:9)
    at async prerenderPages (C:\Users\sh.kahrizi\Desktop\code\acorex-demo\node_modules\@angular\build\src\utils\server-rendering\prerender.js:107:49)
    at async executePostBundleSteps (C:\Users\sh.kahrizi\Desktop\code\acorex-demo\node_modules\@angular\build\src\builders\application\execute-post-bundle.js:77:73)
    at async executeBuild (C:\Users\sh.kahrizi\Desktop\code\acorex-demo\node_modules\@angular\build\src\builders\application\execute-build.js:267:28)
    at async watch (C:\Users\sh.kahrizi\Desktop\code\acorex-demo\node_modules\@angular\build\src\builders\application\index.js:110:24)
    at async Task.task [as taskFn] (C:\Users\sh.kahrizi\Desktop\code\acorex-demo\node_modules\@angular\build\src\tools\esbuild\utils.js:138:26)[0m


[31mX [41;31m[[41;97mERROR[41;31m][0m [1mAn error occurred while prerendering route '/kanban/tooltips'.

Error: Terminating worker thread
    at ThreadPool.destroy (C:\Users\sh.kahrizi\Desktop\code\acorex-demo\node_modules\piscina\dist\index.js:489:27)
    at WorkerPool.destroy (C:\Users\sh.kahrizi\Desktop\code\acorex-demo\node_modules\piscina\dist\index.js:669:65)
    at C:\Users\sh.kahrizi\Desktop\code\acorex-demo\node_modules\@angular\build\src\utils\server-rendering\prerender.js:166:35
    at async Promise.all (index 136)
    at async renderPages (C:\Users\sh.kahrizi\Desktop\code\acorex-demo\node_modules\@angular\build\src\utils\server-rendering\prerender.js:170:9)
    at async prerenderPages (C:\Users\sh.kahrizi\Desktop\code\acorex-demo\node_modules\@angular\build\src\utils\server-rendering\prerender.js:107:49)
    at async executePostBundleSteps (C:\Users\sh.kahrizi\Desktop\code\acorex-demo\node_modules\@angular\build\src\builders\application\execute-post-bundle.js:77:73)
    at async executeBuild (C:\Users\sh.kahrizi\Desktop\code\acorex-demo\node_modules\@angular\build\src\builders\application\execute-build.js:267:28)
    at async watch (C:\Users\sh.kahrizi\Desktop\code\acorex-demo\node_modules\@angular\build\src\builders\application\index.js:110:24)
    at async Task.task [as taskFn] (C:\Users\sh.kahrizi\Desktop\code\acorex-demo\node_modules\@angular\build\src\tools\esbuild\utils.js:138:26)[0m


[31mX [41;31m[[41;97mERROR[41;31m][0m [1mAn error occurred while prerendering route '/kanban/priority'.

Error: Terminating worker thread
    at ThreadPool.destroy (C:\Users\sh.kahrizi\Desktop\code\acorex-demo\node_modules\piscina\dist\index.js:489:27)
    at WorkerPool.destroy (C:\Users\sh.kahrizi\Desktop\code\acorex-demo\node_modules\piscina\dist\index.js:669:65)
    at C:\Users\sh.kahrizi\Desktop\code\acorex-demo\node_modules\@angular\build\src\utils\server-rendering\prerender.js:166:35
    at async Promise.all (index 136)
    at async renderPages (C:\Users\sh.kahrizi\Desktop\code\acorex-demo\node_modules\@angular\build\src\utils\server-rendering\prerender.js:170:9)
    at async prerenderPages (C:\Users\sh.kahrizi\Desktop\code\acorex-demo\node_modules\@angular\build\src\utils\server-rendering\prerender.js:107:49)
    at async executePostBundleSteps (C:\Users\sh.kahrizi\Desktop\code\acorex-demo\node_modules\@angular\build\src\builders\application\execute-post-bundle.js:77:73)
    at async executeBuild (C:\Users\sh.kahrizi\Desktop\code\acorex-demo\node_modules\@angular\build\src\builders\application\execute-build.js:267:28)
    at async watch (C:\Users\sh.kahrizi\Desktop\code\acorex-demo\node_modules\@angular\build\src\builders\application\index.js:110:24)
    at async Task.task [as taskFn] (C:\Users\sh.kahrizi\Desktop\code\acorex-demo\node_modules\@angular\build\src\tools\esbuild\utils.js:138:26)[0m


[31mX [41;31m[[41;97mERROR[41;31m][0m [1mAn error occurred while prerendering route '/kanban/drag-start-delay'.

Error: Terminating worker thread
    at ThreadPool.destroy (C:\Users\sh.kahrizi\Desktop\code\acorex-demo\node_modules\piscina\dist\index.js:489:27)
    at WorkerPool.destroy (C:\Users\sh.kahrizi\Desktop\code\acorex-demo\node_modules\piscina\dist\index.js:669:65)
    at C:\Users\sh.kahrizi\Desktop\code\acorex-demo\node_modules\@angular\build\src\utils\server-rendering\prerender.js:166:35
    at async Promise.all (index 136)
    at async renderPages (C:\Users\sh.kahrizi\Desktop\code\acorex-demo\node_modules\@angular\build\src\utils\server-rendering\prerender.js:170:9)
    at async prerenderPages (C:\Users\sh.kahrizi\Desktop\code\acorex-demo\node_modules\@angular\build\src\utils\server-rendering\prerender.js:107:49)
    at async executePostBundleSteps (C:\Users\sh.kahrizi\Desktop\code\acorex-demo\node_modules\@angular\build\src\builders\application\execute-post-bundle.js:77:73)
    at async executeBuild (C:\Users\sh.kahrizi\Desktop\code\acorex-demo\node_modules\@angular\build\src\builders\application\execute-build.js:267:28)
    at async watch (C:\Users\sh.kahrizi\Desktop\code\acorex-demo\node_modules\@angular\build\src\builders\application\index.js:110:24)
    at async Task.task [as taskFn] (C:\Users\sh.kahrizi\Desktop\code\acorex-demo\node_modules\@angular\build\src\tools\esbuild\utils.js:138:26)[0m


[31mX [41;31m[[41;97mERROR[41;31m][0m [1mAn error occurred while prerendering route '/kanban/custom-templates'.

Error: Terminating worker thread
    at ThreadPool.destroy (C:\Users\sh.kahrizi\Desktop\code\acorex-demo\node_modules\piscina\dist\index.js:489:27)
    at WorkerPool.destroy (C:\Users\sh.kahrizi\Desktop\code\acorex-demo\node_modules\piscina\dist\index.js:669:65)
    at C:\Users\sh.kahrizi\Desktop\code\acorex-demo\node_modules\@angular\build\src\utils\server-rendering\prerender.js:166:35
    at async Promise.all (index 136)
    at async renderPages (C:\Users\sh.kahrizi\Desktop\code\acorex-demo\node_modules\@angular\build\src\utils\server-rendering\prerender.js:170:9)
    at async prerenderPages (C:\Users\sh.kahrizi\Desktop\code\acorex-demo\node_modules\@angular\build\src\utils\server-rendering\prerender.js:107:49)
    at async executePostBundleSteps (C:\Users\sh.kahrizi\Desktop\code\acorex-demo\node_modules\@angular\build\src\builders\application\execute-post-bundle.js:77:73)
    at async executeBuild (C:\Users\sh.kahrizi\Desktop\code\acorex-demo\node_modules\@angular\build\src\builders\application\execute-build.js:267:28)
    at async watch (C:\Users\sh.kahrizi\Desktop\code\acorex-demo\node_modules\@angular\build\src\builders\application\index.js:110:24)
    at async Task.task [as taskFn] (C:\Users\sh.kahrizi\Desktop\code\acorex-demo\node_modules\@angular\build\src\tools\esbuild\utils.js:138:26)[0m


[31mX [41;31m[[41;97mERROR[41;31m][0m [1mAn error occurred while prerendering route '/kanban/mouse-events'.

Error: Terminating worker thread
    at ThreadPool.destroy (C:\Users\sh.kahrizi\Desktop\code\acorex-demo\node_modules\piscina\dist\index.js:489:27)
    at WorkerPool.destroy (C:\Users\sh.kahrizi\Desktop\code\acorex-demo\node_modules\piscina\dist\index.js:669:65)
    at C:\Users\sh.kahrizi\Desktop\code\acorex-demo\node_modules\@angular\build\src\utils\server-rendering\prerender.js:166:35
    at async Promise.all (index 136)
    at async renderPages (C:\Users\sh.kahrizi\Desktop\code\acorex-demo\node_modules\@angular\build\src\utils\server-rendering\prerender.js:170:9)
    at async prerenderPages (C:\Users\sh.kahrizi\Desktop\code\acorex-demo\node_modules\@angular\build\src\utils\server-rendering\prerender.js:107:49)
    at async executePostBundleSteps (C:\Users\sh.kahrizi\Desktop\code\acorex-demo\node_modules\@angular\build\src\builders\application\execute-post-bundle.js:77:73)
    at async executeBuild (C:\Users\sh.kahrizi\Desktop\code\acorex-demo\node_modules\@angular\build\src\builders\application\execute-build.js:267:28)
    at async watch (C:\Users\sh.kahrizi\Desktop\code\acorex-demo\node_modules\@angular\build\src\builders\application\index.js:110:24)
    at async Task.task [as taskFn] (C:\Users\sh.kahrizi\Desktop\code\acorex-demo\node_modules\@angular\build\src\tools\esbuild\utils.js:138:26)[0m


[31mX [41;31m[[41;97mERROR[41;31m][0m [1mAn error occurred while prerendering route '/autocomplete/usage'.

Error: Terminating worker thread
    at ThreadPool.destroy (C:\Users\sh.kahrizi\Desktop\code\acorex-demo\node_modules\piscina\dist\index.js:489:27)
    at WorkerPool.destroy (C:\Users\sh.kahrizi\Desktop\code\acorex-demo\node_modules\piscina\dist\index.js:669:65)
    at C:\Users\sh.kahrizi\Desktop\code\acorex-demo\node_modules\@angular\build\src\utils\server-rendering\prerender.js:166:35
    at async Promise.all (index 136)
    at async renderPages (C:\Users\sh.kahrizi\Desktop\code\acorex-demo\node_modules\@angular\build\src\utils\server-rendering\prerender.js:170:9)
    at async prerenderPages (C:\Users\sh.kahrizi\Desktop\code\acorex-demo\node_modules\@angular\build\src\utils\server-rendering\prerender.js:107:49)
    at async executePostBundleSteps (C:\Users\sh.kahrizi\Desktop\code\acorex-demo\node_modules\@angular\build\src\builders\application\execute-post-bundle.js:77:73)
    at async executeBuild (C:\Users\sh.kahrizi\Desktop\code\acorex-demo\node_modules\@angular\build\src\builders\application\execute-build.js:267:28)
    at async watch (C:\Users\sh.kahrizi\Desktop\code\acorex-demo\node_modules\@angular\build\src\builders\application\index.js:110:24)
    at async Task.task [as taskFn] (C:\Users\sh.kahrizi\Desktop\code\acorex-demo\node_modules\@angular\build\src\tools\esbuild\utils.js:138:26)[0m


[31mX [41;31m[[41;97mERROR[41;31m][0m [1mAn error occurred while prerendering route '/aspect-ratio/usage'.

Error: Terminating worker thread
    at ThreadPool.destroy (C:\Users\sh.kahrizi\Desktop\code\acorex-demo\node_modules\piscina\dist\index.js:489:27)
    at WorkerPool.destroy (C:\Users\sh.kahrizi\Desktop\code\acorex-demo\node_modules\piscina\dist\index.js:669:65)
    at C:\Users\sh.kahrizi\Desktop\code\acorex-demo\node_modules\@angular\build\src\utils\server-rendering\prerender.js:166:35
    at async Promise.all (index 136)
    at async renderPages (C:\Users\sh.kahrizi\Desktop\code\acorex-demo\node_modules\@angular\build\src\utils\server-rendering\prerender.js:170:9)
    at async prerenderPages (C:\Users\sh.kahrizi\Desktop\code\acorex-demo\node_modules\@angular\build\src\utils\server-rendering\prerender.js:107:49)
    at async executePostBundleSteps (C:\Users\sh.kahrizi\Desktop\code\acorex-demo\node_modules\@angular\build\src\builders\application\execute-post-bundle.js:77:73)
    at async executeBuild (C:\Users\sh.kahrizi\Desktop\code\acorex-demo\node_modules\@angular\build\src\builders\application\execute-build.js:267:28)
    at async watch (C:\Users\sh.kahrizi\Desktop\code\acorex-demo\node_modules\@angular\build\src\builders\application\index.js:110:24)
    at async Task.task [as taskFn] (C:\Users\sh.kahrizi\Desktop\code\acorex-demo\node_modules\@angular\build\src\tools\esbuild\utils.js:138:26)[0m


[31mX [41;31m[[41;97mERROR[41;31m][0m [1mAn error occurred while prerendering route '/aspect-ratio/different-ratios'.

Error: Terminating worker thread
    at ThreadPool.destroy (C:\Users\sh.kahrizi\Desktop\code\acorex-demo\node_modules\piscina\dist\index.js:489:27)
    at WorkerPool.destroy (C:\Users\sh.kahrizi\Desktop\code\acorex-demo\node_modules\piscina\dist\index.js:669:65)
    at C:\Users\sh.kahrizi\Desktop\code\acorex-demo\node_modules\@angular\build\src\utils\server-rendering\prerender.js:166:35
    at async Promise.all (index 136)
    at async renderPages (C:\Users\sh.kahrizi\Desktop\code\acorex-demo\node_modules\@angular\build\src\utils\server-rendering\prerender.js:170:9)
    at async prerenderPages (C:\Users\sh.kahrizi\Desktop\code\acorex-demo\node_modules\@angular\build\src\utils\server-rendering\prerender.js:107:49)
    at async executePostBundleSteps (C:\Users\sh.kahrizi\Desktop\code\acorex-demo\node_modules\@angular\build\src\builders\application\execute-post-bundle.js:77:73)
    at async executeBuild (C:\Users\sh.kahrizi\Desktop\code\acorex-demo\node_modules\@angular\build\src\builders\application\execute-build.js:267:28)
    at async watch (C:\Users\sh.kahrizi\Desktop\code\acorex-demo\node_modules\@angular\build\src\builders\application\index.js:110:24)
    at async Task.task [as taskFn] (C:\Users\sh.kahrizi\Desktop\code\acorex-demo\node_modules\@angular\build\src\tools\esbuild\utils.js:138:26)[0m


[31mX [41;31m[[41;97mERROR[41;31m][0m [1mAn error occurred while prerendering route '/aspect-ratio/responsive-content'.

Error: Terminating worker thread
    at ThreadPool.destroy (C:\Users\sh.kahrizi\Desktop\code\acorex-demo\node_modules\piscina\dist\index.js:489:27)
    at WorkerPool.destroy (C:\Users\sh.kahrizi\Desktop\code\acorex-demo\node_modules\piscina\dist\index.js:669:65)
    at C:\Users\sh.kahrizi\Desktop\code\acorex-demo\node_modules\@angular\build\src\utils\server-rendering\prerender.js:166:35
    at async Promise.all (index 136)
    at async renderPages (C:\Users\sh.kahrizi\Desktop\code\acorex-demo\node_modules\@angular\build\src\utils\server-rendering\prerender.js:170:9)
    at async prerenderPages (C:\Users\sh.kahrizi\Desktop\code\acorex-demo\node_modules\@angular\build\src\utils\server-rendering\prerender.js:107:49)
    at async executePostBundleSteps (C:\Users\sh.kahrizi\Desktop\code\acorex-demo\node_modules\@angular\build\src\builders\application\execute-post-bundle.js:77:73)
    at async executeBuild (C:\Users\sh.kahrizi\Desktop\code\acorex-demo\node_modules\@angular\build\src\builders\application\execute-build.js:267:28)
    at async watch (C:\Users\sh.kahrizi\Desktop\code\acorex-demo\node_modules\@angular\build\src\builders\application\index.js:110:24)
    at async Task.task [as taskFn] (C:\Users\sh.kahrizi\Desktop\code\acorex-demo\node_modules\@angular\build\src\tools\esbuild\utils.js:138:26)[0m


[31mX [41;31m[[41;97mERROR[41;31m][0m [1mAn error occurred while prerendering route '/label/usage'.

Error: Terminating worker thread
    at ThreadPool.destroy (C:\Users\sh.kahrizi\Desktop\code\acorex-demo\node_modules\piscina\dist\index.js:489:27)
    at WorkerPool.destroy (C:\Users\sh.kahrizi\Desktop\code\acorex-demo\node_modules\piscina\dist\index.js:669:65)
    at C:\Users\sh.kahrizi\Desktop\code\acorex-demo\node_modules\@angular\build\src\utils\server-rendering\prerender.js:166:35
    at async Promise.all (index 136)
    at async renderPages (C:\Users\sh.kahrizi\Desktop\code\acorex-demo\node_modules\@angular\build\src\utils\server-rendering\prerender.js:170:9)
    at async prerenderPages (C:\Users\sh.kahrizi\Desktop\code\acorex-demo\node_modules\@angular\build\src\utils\server-rendering\prerender.js:107:49)
    at async executePostBundleSteps (C:\Users\sh.kahrizi\Desktop\code\acorex-demo\node_modules\@angular\build\src\builders\application\execute-post-bundle.js:77:73)
    at async executeBuild (C:\Users\sh.kahrizi\Desktop\code\acorex-demo\node_modules\@angular\build\src\builders\application\execute-build.js:267:28)
    at async watch (C:\Users\sh.kahrizi\Desktop\code\acorex-demo\node_modules\@angular\build\src\builders\application\index.js:110:24)
    at async Task.task [as taskFn] (C:\Users\sh.kahrizi\Desktop\code\acorex-demo\node_modules\@angular\build\src\tools\esbuild\utils.js:138:26)[0m


[31mX [41;31m[[41;97mERROR[41;31m][0m [1mAn error occurred while prerendering route '/label/required'.

Error: Terminating worker thread
    at ThreadPool.destroy (C:\Users\sh.kahrizi\Desktop\code\acorex-demo\node_modules\piscina\dist\index.js:489:27)
    at WorkerPool.destroy (C:\Users\sh.kahrizi\Desktop\code\acorex-demo\node_modules\piscina\dist\index.js:669:65)
    at C:\Users\sh.kahrizi\Desktop\code\acorex-demo\node_modules\@angular\build\src\utils\server-rendering\prerender.js:166:35
    at async Promise.all (index 136)
    at async renderPages (C:\Users\sh.kahrizi\Desktop\code\acorex-demo\node_modules\@angular\build\src\utils\server-rendering\prerender.js:170:9)
    at async prerenderPages (C:\Users\sh.kahrizi\Desktop\code\acorex-demo\node_modules\@angular\build\src\utils\server-rendering\prerender.js:107:49)
    at async executePostBundleSteps (C:\Users\sh.kahrizi\Desktop\code\acorex-demo\node_modules\@angular\build\src\builders\application\execute-post-bundle.js:77:73)
    at async executeBuild (C:\Users\sh.kahrizi\Desktop\code\acorex-demo\node_modules\@angular\build\src\builders\application\execute-build.js:267:28)
    at async watch (C:\Users\sh.kahrizi\Desktop\code\acorex-demo\node_modules\@angular\build\src\builders\application\index.js:110:24)
    at async Task.task [as taskFn] (C:\Users\sh.kahrizi\Desktop\code\acorex-demo\node_modules\@angular\build\src\tools\esbuild\utils.js:138:26)[0m


[31mX [41;31m[[41;97mERROR[41;31m][0m [1mAn error occurred while prerendering route '/label/form-association'.

Error: Terminating worker thread
    at ThreadPool.destroy (C:\Users\sh.kahrizi\Desktop\code\acorex-demo\node_modules\piscina\dist\index.js:489:27)
    at WorkerPool.destroy (C:\Users\sh.kahrizi\Desktop\code\acorex-demo\node_modules\piscina\dist\index.js:669:65)
    at C:\Users\sh.kahrizi\Desktop\code\acorex-demo\node_modules\@angular\build\src\utils\server-rendering\prerender.js:166:35
    at async Promise.all (index 136)
    at async renderPages (C:\Users\sh.kahrizi\Desktop\code\acorex-demo\node_modules\@angular\build\src\utils\server-rendering\prerender.js:170:9)
    at async prerenderPages (C:\Users\sh.kahrizi\Desktop\code\acorex-demo\node_modules\@angular\build\src\utils\server-rendering\prerender.js:107:49)
    at async executePostBundleSteps (C:\Users\sh.kahrizi\Desktop\code\acorex-demo\node_modules\@angular\build\src\builders\application\execute-post-bundle.js:77:73)
    at async executeBuild (C:\Users\sh.kahrizi\Desktop\code\acorex-demo\node_modules\@angular\build\src\builders\application\execute-build.js:267:28)
    at async watch (C:\Users\sh.kahrizi\Desktop\code\acorex-demo\node_modules\@angular\build\src\builders\application\index.js:110:24)
    at async Task.task [as taskFn] (C:\Users\sh.kahrizi\Desktop\code\acorex-demo\node_modules\@angular\build\src\tools\esbuild\utils.js:138:26)[0m


[31mX [41;31m[[41;97mERROR[41;31m][0m [1mAn error occurred while prerendering route '/label/error-state'.

Error: Terminating worker thread
    at ThreadPool.destroy (C:\Users\sh.kahrizi\Desktop\code\acorex-demo\node_modules\piscina\dist\index.js:489:27)
    at WorkerPool.destroy (C:\Users\sh.kahrizi\Desktop\code\acorex-demo\node_modules\piscina\dist\index.js:669:65)
    at C:\Users\sh.kahrizi\Desktop\code\acorex-demo\node_modules\@angular\build\src\utils\server-rendering\prerender.js:166:35
    at async Promise.all (index 136)
    at async renderPages (C:\Users\sh.kahrizi\Desktop\code\acorex-demo\node_modules\@angular\build\src\utils\server-rendering\prerender.js:170:9)
    at async prerenderPages (C:\Users\sh.kahrizi\Desktop\code\acorex-demo\node_modules\@angular\build\src\utils\server-rendering\prerender.js:107:49)
    at async executePostBundleSteps (C:\Users\sh.kahrizi\Desktop\code\acorex-demo\node_modules\@angular\build\src\builders\application\execute-post-bundle.js:77:73)
    at async executeBuild (C:\Users\sh.kahrizi\Desktop\code\acorex-demo\node_modules\@angular\build\src\builders\application\execute-build.js:267:28)
    at async watch (C:\Users\sh.kahrizi\Desktop\code\acorex-demo\node_modules\@angular\build\src\builders\application\index.js:110:24)
    at async Task.task [as taskFn] (C:\Users\sh.kahrizi\Desktop\code\acorex-demo\node_modules\@angular\build\src\tools\esbuild\utils.js:138:26)[0m


[31mX [41;31m[[41;97mERROR[41;31m][0m [1mAn error occurred while prerendering route '/label/accessibility'.

Error: Terminating worker thread
    at ThreadPool.destroy (C:\Users\sh.kahrizi\Desktop\code\acorex-demo\node_modules\piscina\dist\index.js:489:27)
    at WorkerPool.destroy (C:\Users\sh.kahrizi\Desktop\code\acorex-demo\node_modules\piscina\dist\index.js:669:65)
    at C:\Users\sh.kahrizi\Desktop\code\acorex-demo\node_modules\@angular\build\src\utils\server-rendering\prerender.js:166:35
    at async Promise.all (index 136)
    at async renderPages (C:\Users\sh.kahrizi\Desktop\code\acorex-demo\node_modules\@angular\build\src\utils\server-rendering\prerender.js:170:9)
    at async prerenderPages (C:\Users\sh.kahrizi\Desktop\code\acorex-demo\node_modules\@angular\build\src\utils\server-rendering\prerender.js:107:49)
    at async executePostBundleSteps (C:\Users\sh.kahrizi\Desktop\code\acorex-demo\node_modules\@angular\build\src\builders\application\execute-post-bundle.js:77:73)
    at async executeBuild (C:\Users\sh.kahrizi\Desktop\code\acorex-demo\node_modules\@angular\build\src\builders\application\execute-build.js:267:28)
    at async watch (C:\Users\sh.kahrizi\Desktop\code\acorex-demo\node_modules\@angular\build\src\builders\application\index.js:110:24)
    at async Task.task [as taskFn] (C:\Users\sh.kahrizi\Desktop\code\acorex-demo\node_modules\@angular\build\src\tools\esbuild\utils.js:138:26)[0m


[31mX [41;31m[[41;97mERROR[41;31m][0m [1mAn error occurred while prerendering route '/cdk/drag-drop/usage'.

Error: Terminating worker thread
    at ThreadPool.destroy (C:\Users\sh.kahrizi\Desktop\code\acorex-demo\node_modules\piscina\dist\index.js:489:27)
    at WorkerPool.destroy (C:\Users\sh.kahrizi\Desktop\code\acorex-demo\node_modules\piscina\dist\index.js:669:65)
    at C:\Users\sh.kahrizi\Desktop\code\acorex-demo\node_modules\@angular\build\src\utils\server-rendering\prerender.js:166:35
    at async Promise.all (index 136)
    at async renderPages (C:\Users\sh.kahrizi\Desktop\code\acorex-demo\node_modules\@angular\build\src\utils\server-rendering\prerender.js:170:9)
    at async prerenderPages (C:\Users\sh.kahrizi\Desktop\code\acorex-demo\node_modules\@angular\build\src\utils\server-rendering\prerender.js:107:49)
    at async executePostBundleSteps (C:\Users\sh.kahrizi\Desktop\code\acorex-demo\node_modules\@angular\build\src\builders\application\execute-post-bundle.js:77:73)
    at async executeBuild (C:\Users\sh.kahrizi\Desktop\code\acorex-demo\node_modules\@angular\build\src\builders\application\execute-build.js:267:28)
    at async watch (C:\Users\sh.kahrizi\Desktop\code\acorex-demo\node_modules\@angular\build\src\builders\application\index.js:110:24)
    at async Task.task [as taskFn] (C:\Users\sh.kahrizi\Desktop\code\acorex-demo\node_modules\@angular\build\src\tools\esbuild\utils.js:138:26)[0m


[31mX [41;31m[[41;97mERROR[41;31m][0m [1mAn error occurred while prerendering route '/cdk/drag-drop/axis-lock'.

Error: Terminating worker thread
    at ThreadPool.destroy (C:\Users\sh.kahrizi\Desktop\code\acorex-demo\node_modules\piscina\dist\index.js:489:27)
    at WorkerPool.destroy (C:\Users\sh.kahrizi\Desktop\code\acorex-demo\node_modules\piscina\dist\index.js:669:65)
    at C:\Users\sh.kahrizi\Desktop\code\acorex-demo\node_modules\@angular\build\src\utils\server-rendering\prerender.js:166:35
    at async Promise.all (index 136)
    at async renderPages (C:\Users\sh.kahrizi\Desktop\code\acorex-demo\node_modules\@angular\build\src\utils\server-rendering\prerender.js:170:9)
    at async prerenderPages (C:\Users\sh.kahrizi\Desktop\code\acorex-demo\node_modules\@angular\build\src\utils\server-rendering\prerender.js:107:49)
    at async executePostBundleSteps (C:\Users\sh.kahrizi\Desktop\code\acorex-demo\node_modules\@angular\build\src\builders\application\execute-post-bundle.js:77:73)
    at async executeBuild (C:\Users\sh.kahrizi\Desktop\code\acorex-demo\node_modules\@angular\build\src\builders\application\execute-build.js:267:28)
    at async watch (C:\Users\sh.kahrizi\Desktop\code\acorex-demo\node_modules\@angular\build\src\builders\application\index.js:110:24)
    at async Task.task [as taskFn] (C:\Users\sh.kahrizi\Desktop\code\acorex-demo\node_modules\@angular\build\src\tools\esbuild\utils.js:138:26)[0m


[31mX [41;31m[[41;97mERROR[41;31m][0m [1mAn error occurred while prerendering route '/cdk/drag-drop/boundary'.

Error: Terminating worker thread
    at ThreadPool.destroy (C:\Users\sh.kahrizi\Desktop\code\acorex-demo\node_modules\piscina\dist\index.js:489:27)
    at WorkerPool.destroy (C:\Users\sh.kahrizi\Desktop\code\acorex-demo\node_modules\piscina\dist\index.js:669:65)
    at C:\Users\sh.kahrizi\Desktop\code\acorex-demo\node_modules\@angular\build\src\utils\server-rendering\prerender.js:166:35
    at async Promise.all (index 136)
    at async renderPages (C:\Users\sh.kahrizi\Desktop\code\acorex-demo\node_modules\@angular\build\src\utils\server-rendering\prerender.js:170:9)
    at async prerenderPages (C:\Users\sh.kahrizi\Desktop\code\acorex-demo\node_modules\@angular\build\src\utils\server-rendering\prerender.js:107:49)
    at async executePostBundleSteps (C:\Users\sh.kahrizi\Desktop\code\acorex-demo\node_modules\@angular\build\src\builders\application\execute-post-bundle.js:77:73)
    at async executeBuild (C:\Users\sh.kahrizi\Desktop\code\acorex-demo\node_modules\@angular\build\src\builders\application\execute-build.js:267:28)
    at async watch (C:\Users\sh.kahrizi\Desktop\code\acorex-demo\node_modules\@angular\build\src\builders\application\index.js:110:24)
    at async Task.task [as taskFn] (C:\Users\sh.kahrizi\Desktop\code\acorex-demo\node_modules\@angular\build\src\tools\esbuild\utils.js:138:26)[0m


[31mX [41;31m[[41;97mERROR[41;31m][0m [1mAn error occurred while prerendering route '/cdk/drag-drop/drag-handle'.

Error: Terminating worker thread
    at ThreadPool.destroy (C:\Users\sh.kahrizi\Desktop\code\acorex-demo\node_modules\piscina\dist\index.js:489:27)
    at WorkerPool.destroy (C:\Users\sh.kahrizi\Desktop\code\acorex-demo\node_modules\piscina\dist\index.js:669:65)
    at C:\Users\sh.kahrizi\Desktop\code\acorex-demo\node_modules\@angular\build\src\utils\server-rendering\prerender.js:166:35
    at async Promise.all (index 136)
    at async renderPages (C:\Users\sh.kahrizi\Desktop\code\acorex-demo\node_modules\@angular\build\src\utils\server-rendering\prerender.js:170:9)
    at async prerenderPages (C:\Users\sh.kahrizi\Desktop\code\acorex-demo\node_modules\@angular\build\src\utils\server-rendering\prerender.js:107:49)
    at async executePostBundleSteps (C:\Users\sh.kahrizi\Desktop\code\acorex-demo\node_modules\@angular\build\src\builders\application\execute-post-bundle.js:77:73)
    at async executeBuild (C:\Users\sh.kahrizi\Desktop\code\acorex-demo\node_modules\@angular\build\src\builders\application\execute-build.js:267:28)
    at async watch (C:\Users\sh.kahrizi\Desktop\code\acorex-demo\node_modules\@angular\build\src\builders\application\index.js:110:24)
    at async Task.task [as taskFn] (C:\Users\sh.kahrizi\Desktop\code\acorex-demo\node_modules\@angular\build\src\tools\esbuild\utils.js:138:26)[0m


[31mX [41;31m[[41;97mERROR[41;31m][0m [1mAn error occurred while prerendering route '/cdk/drag-drop/drop-zone'.

Error: Terminating worker thread
    at ThreadPool.destroy (C:\Users\sh.kahrizi\Desktop\code\acorex-demo\node_modules\piscina\dist\index.js:489:27)
    at WorkerPool.destroy (C:\Users\sh.kahrizi\Desktop\code\acorex-demo\node_modules\piscina\dist\index.js:669:65)
    at C:\Users\sh.kahrizi\Desktop\code\acorex-demo\node_modules\@angular\build\src\utils\server-rendering\prerender.js:166:35
    at async Promise.all (index 136)
    at async renderPages (C:\Users\sh.kahrizi\Desktop\code\acorex-demo\node_modules\@angular\build\src\utils\server-rendering\prerender.js:170:9)
    at async prerenderPages (C:\Users\sh.kahrizi\Desktop\code\acorex-demo\node_modules\@angular\build\src\utils\server-rendering\prerender.js:107:49)
    at async executePostBundleSteps (C:\Users\sh.kahrizi\Desktop\code\acorex-demo\node_modules\@angular\build\src\builders\application\execute-post-bundle.js:77:73)
    at async executeBuild (C:\Users\sh.kahrizi\Desktop\code\acorex-demo\node_modules\@angular\build\src\builders\application\execute-build.js:267:28)
    at async watch (C:\Users\sh.kahrizi\Desktop\code\acorex-demo\node_modules\@angular\build\src\builders\application\index.js:110:24)
    at async Task.task [as taskFn] (C:\Users\sh.kahrizi\Desktop\code\acorex-demo\node_modules\@angular\build\src\tools\esbuild\utils.js:138:26)[0m


[31mX [41;31m[[41;97mERROR[41;31m][0m [1mAn error occurred while prerendering route '/cdk/drag-drop/clone-drag'.

Error: Terminating worker thread
    at ThreadPool.destroy (C:\Users\sh.kahrizi\Desktop\code\acorex-demo\node_modules\piscina\dist\index.js:489:27)
    at WorkerPool.destroy (C:\Users\sh.kahrizi\Desktop\code\acorex-demo\node_modules\piscina\dist\index.js:669:65)
    at C:\Users\sh.kahrizi\Desktop\code\acorex-demo\node_modules\@angular\build\src\utils\server-rendering\prerender.js:166:35
    at async Promise.all (index 136)
    at async renderPages (C:\Users\sh.kahrizi\Desktop\code\acorex-demo\node_modules\@angular\build\src\utils\server-rendering\prerender.js:170:9)
    at async prerenderPages (C:\Users\sh.kahrizi\Desktop\code\acorex-demo\node_modules\@angular\build\src\utils\server-rendering\prerender.js:107:49)
    at async executePostBundleSteps (C:\Users\sh.kahrizi\Desktop\code\acorex-demo\node_modules\@angular\build\src\builders\application\execute-post-bundle.js:77:73)
    at async executeBuild (C:\Users\sh.kahrizi\Desktop\code\acorex-demo\node_modules\@angular\build\src\builders\application\execute-build.js:267:28)
    at async watch (C:\Users\sh.kahrizi\Desktop\code\acorex-demo\node_modules\@angular\build\src\builders\application\index.js:110:24)
    at async Task.task [as taskFn] (C:\Users\sh.kahrizi\Desktop\code\acorex-demo\node_modules\@angular\build\src\tools\esbuild\utils.js:138:26)[0m


[31mX [41;31m[[41;97mERROR[41;31m][0m [1mAn error occurred while prerendering route '/cdk/drag-drop/drop-list'.

Error: Terminating worker thread
    at ThreadPool.destroy (C:\Users\sh.kahrizi\Desktop\code\acorex-demo\node_modules\piscina\dist\index.js:489:27)
    at WorkerPool.destroy (C:\Users\sh.kahrizi\Desktop\code\acorex-demo\node_modules\piscina\dist\index.js:669:65)
    at C:\Users\sh.kahrizi\Desktop\code\acorex-demo\node_modules\@angular\build\src\utils\server-rendering\prerender.js:166:35
    at async Promise.all (index 136)
    at async renderPages (C:\Users\sh.kahrizi\Desktop\code\acorex-demo\node_modules\@angular\build\src\utils\server-rendering\prerender.js:170:9)
    at async prerenderPages (C:\Users\sh.kahrizi\Desktop\code\acorex-demo\node_modules\@angular\build\src\utils\server-rendering\prerender.js:107:49)
    at async executePostBundleSteps (C:\Users\sh.kahrizi\Desktop\code\acorex-demo\node_modules\@angular\build\src\builders\application\execute-post-bundle.js:77:73)
    at async executeBuild (C:\Users\sh.kahrizi\Desktop\code\acorex-demo\node_modules\@angular\build\src\builders\application\execute-build.js:267:28)
    at async watch (C:\Users\sh.kahrizi\Desktop\code\acorex-demo\node_modules\@angular\build\src\builders\application\index.js:110:24)
    at async Task.task [as taskFn] (C:\Users\sh.kahrizi\Desktop\code\acorex-demo\node_modules\@angular\build\src\tools\esbuild\utils.js:138:26)[0m


[31mX [41;31m[[41;97mERROR[41;31m][0m [1mAn error occurred while prerendering route '/cdk/drag-drop/connected-lists'.

Error: Terminating worker thread
    at ThreadPool.destroy (C:\Users\sh.kahrizi\Desktop\code\acorex-demo\node_modules\piscina\dist\index.js:489:27)
    at WorkerPool.destroy (C:\Users\sh.kahrizi\Desktop\code\acorex-demo\node_modules\piscina\dist\index.js:669:65)
    at C:\Users\sh.kahrizi\Desktop\code\acorex-demo\node_modules\@angular\build\src\utils\server-rendering\prerender.js:166:35
    at async Promise.all (index 136)
    at async renderPages (C:\Users\sh.kahrizi\Desktop\code\acorex-demo\node_modules\@angular\build\src\utils\server-rendering\prerender.js:170:9)
    at async prerenderPages (C:\Users\sh.kahrizi\Desktop\code\acorex-demo\node_modules\@angular\build\src\utils\server-rendering\prerender.js:107:49)
    at async executePostBundleSteps (C:\Users\sh.kahrizi\Desktop\code\acorex-demo\node_modules\@angular\build\src\builders\application\execute-post-bundle.js:77:73)
    at async executeBuild (C:\Users\sh.kahrizi\Desktop\code\acorex-demo\node_modules\@angular\build\src\builders\application\execute-build.js:267:28)
    at async watch (C:\Users\sh.kahrizi\Desktop\code\acorex-demo\node_modules\@angular\build\src\builders\application\index.js:110:24)
    at async Task.task [as taskFn] (C:\Users\sh.kahrizi\Desktop\code\acorex-demo\node_modules\@angular\build\src\tools\esbuild\utils.js:138:26)[0m


[31mX [41;31m[[41;97mERROR[41;31m][0m [1mAn error occurred while prerendering route '/cdk/carousel/usage'.

Error: Terminating worker thread
    at ThreadPool.destroy (C:\Users\sh.kahrizi\Desktop\code\acorex-demo\node_modules\piscina\dist\index.js:489:27)
    at WorkerPool.destroy (C:\Users\sh.kahrizi\Desktop\code\acorex-demo\node_modules\piscina\dist\index.js:669:65)
    at C:\Users\sh.kahrizi\Desktop\code\acorex-demo\node_modules\@angular\build\src\utils\server-rendering\prerender.js:166:35
    at async Promise.all (index 136)
    at async renderPages (C:\Users\sh.kahrizi\Desktop\code\acorex-demo\node_modules\@angular\build\src\utils\server-rendering\prerender.js:170:9)
    at async prerenderPages (C:\Users\sh.kahrizi\Desktop\code\acorex-demo\node_modules\@angular\build\src\utils\server-rendering\prerender.js:107:49)
    at async executePostBundleSteps (C:\Users\sh.kahrizi\Desktop\code\acorex-demo\node_modules\@angular\build\src\builders\application\execute-post-bundle.js:77:73)
    at async executeBuild (C:\Users\sh.kahrizi\Desktop\code\acorex-demo\node_modules\@angular\build\src\builders\application\execute-build.js:267:28)
    at async watch (C:\Users\sh.kahrizi\Desktop\code\acorex-demo\node_modules\@angular\build\src\builders\application\index.js:110:24)
    at async Task.task [as taskFn] (C:\Users\sh.kahrizi\Desktop\code\acorex-demo\node_modules\@angular\build\src\tools\esbuild\utils.js:138:26)[0m


[31mX [41;31m[[41;97mERROR[41;31m][0m [1mAn error occurred while prerendering route '/cdk/accordion/usage'.

Error: Terminating worker thread
    at ThreadPool.destroy (C:\Users\sh.kahrizi\Desktop\code\acorex-demo\node_modules\piscina\dist\index.js:489:27)
    at WorkerPool.destroy (C:\Users\sh.kahrizi\Desktop\code\acorex-demo\node_modules\piscina\dist\index.js:669:65)
    at C:\Users\sh.kahrizi\Desktop\code\acorex-demo\node_modules\@angular\build\src\utils\server-rendering\prerender.js:166:35
    at async Promise.all (index 136)
    at async renderPages (C:\Users\sh.kahrizi\Desktop\code\acorex-demo\node_modules\@angular\build\src\utils\server-rendering\prerender.js:170:9)
    at async prerenderPages (C:\Users\sh.kahrizi\Desktop\code\acorex-demo\node_modules\@angular\build\src\utils\server-rendering\prerender.js:107:49)
    at async executePostBundleSteps (C:\Users\sh.kahrizi\Desktop\code\acorex-demo\node_modules\@angular\build\src\builders\application\execute-post-bundle.js:77:73)
    at async executeBuild (C:\Users\sh.kahrizi\Desktop\code\acorex-demo\node_modules\@angular\build\src\builders\application\execute-build.js:267:28)
    at async watch (C:\Users\sh.kahrizi\Desktop\code\acorex-demo\node_modules\@angular\build\src\builders\application\index.js:110:24)
    at async Task.task [as taskFn] (C:\Users\sh.kahrizi\Desktop\code\acorex-demo\node_modules\@angular\build\src\tools\esbuild\utils.js:138:26)[0m


[31mX [41;31m[[41;97mERROR[41;31m][0m [1mAn error occurred while prerendering route '/cdk/accordion/accordion-mode'.

Error: Terminating worker thread
    at ThreadPool.destroy (C:\Users\sh.kahrizi\Desktop\code\acorex-demo\node_modules\piscina\dist\index.js:489:27)
    at WorkerPool.destroy (C:\Users\sh.kahrizi\Desktop\code\acorex-demo\node_modules\piscina\dist\index.js:669:65)
    at C:\Users\sh.kahrizi\Desktop\code\acorex-demo\node_modules\@angular\build\src\utils\server-rendering\prerender.js:166:35
    at async Promise.all (index 136)
    at async renderPages (C:\Users\sh.kahrizi\Desktop\code\acorex-demo\node_modules\@angular\build\src\utils\server-rendering\prerender.js:170:9)
    at async prerenderPages (C:\Users\sh.kahrizi\Desktop\code\acorex-demo\node_modules\@angular\build\src\utils\server-rendering\prerender.js:107:49)
    at async executePostBundleSteps (C:\Users\sh.kahrizi\Desktop\code\acorex-demo\node_modules\@angular\build\src\builders\application\execute-post-bundle.js:77:73)
    at async executeBuild (C:\Users\sh.kahrizi\Desktop\code\acorex-demo\node_modules\@angular\build\src\builders\application\execute-build.js:267:28)
    at async watch (C:\Users\sh.kahrizi\Desktop\code\acorex-demo\node_modules\@angular\build\src\builders\application\index.js:110:24)
    at async Task.task [as taskFn] (C:\Users\sh.kahrizi\Desktop\code\acorex-demo\node_modules\@angular\build\src\tools\esbuild\utils.js:138:26)[0m


[31mX [41;31m[[41;97mERROR[41;31m][0m [1mAn error occurred while prerendering route '/cdk/accordion/without-toggle-button'.

Error: Terminating worker thread
    at ThreadPool.destroy (C:\Users\sh.kahrizi\Desktop\code\acorex-demo\node_modules\piscina\dist\index.js:489:27)
    at WorkerPool.destroy (C:\Users\sh.kahrizi\Desktop\code\acorex-demo\node_modules\piscina\dist\index.js:669:65)
    at C:\Users\sh.kahrizi\Desktop\code\acorex-demo\node_modules\@angular\build\src\utils\server-rendering\prerender.js:166:35
    at async Promise.all (index 136)
    at async renderPages (C:\Users\sh.kahrizi\Desktop\code\acorex-demo\node_modules\@angular\build\src\utils\server-rendering\prerender.js:170:9)
    at async prerenderPages (C:\Users\sh.kahrizi\Desktop\code\acorex-demo\node_modules\@angular\build\src\utils\server-rendering\prerender.js:107:49)
    at async executePostBundleSteps (C:\Users\sh.kahrizi\Desktop\code\acorex-demo\node_modules\@angular\build\src\builders\application\execute-post-bundle.js:77:73)
    at async executeBuild (C:\Users\sh.kahrizi\Desktop\code\acorex-demo\node_modules\@angular\build\src\builders\application\execute-build.js:267:28)
    at async watch (C:\Users\sh.kahrizi\Desktop\code\acorex-demo\node_modules\@angular\build\src\builders\application\index.js:110:24)
    at async Task.task [as taskFn] (C:\Users\sh.kahrizi\Desktop\code\acorex-demo\node_modules\@angular\build\src\tools\esbuild\utils.js:138:26)[0m


[31mX [41;31m[[41;97mERROR[41;31m][0m [1mAn error occurred while prerendering route '/cdk/drawer/usage'.

Error: Terminating worker thread
    at ThreadPool.destroy (C:\Users\sh.kahrizi\Desktop\code\acorex-demo\node_modules\piscina\dist\index.js:489:27)
    at WorkerPool.destroy (C:\Users\sh.kahrizi\Desktop\code\acorex-demo\node_modules\piscina\dist\index.js:669:65)
    at C:\Users\sh.kahrizi\Desktop\code\acorex-demo\node_modules\@angular\build\src\utils\server-rendering\prerender.js:166:35
    at async Promise.all (index 136)
    at async renderPages (C:\Users\sh.kahrizi\Desktop\code\acorex-demo\node_modules\@angular\build\src\utils\server-rendering\prerender.js:170:9)
    at async prerenderPages (C:\Users\sh.kahrizi\Desktop\code\acorex-demo\node_modules\@angular\build\src\utils\server-rendering\prerender.js:107:49)
    at async executePostBundleSteps (C:\Users\sh.kahrizi\Desktop\code\acorex-demo\node_modules\@angular\build\src\builders\application\execute-post-bundle.js:77:73)
    at async executeBuild (C:\Users\sh.kahrizi\Desktop\code\acorex-demo\node_modules\@angular\build\src\builders\application\execute-build.js:267:28)
    at async watch (C:\Users\sh.kahrizi\Desktop\code\acorex-demo\node_modules\@angular\build\src\builders\application\index.js:110:24)
    at async Task.task [as taskFn] (C:\Users\sh.kahrizi\Desktop\code\acorex-demo\node_modules\@angular\build\src\tools\esbuild\utils.js:138:26)[0m


[31mX [41;31m[[41;97mERROR[41;31m][0m [1mAn error occurred while prerendering route '/cdk/drawer/mode'.

Error: Terminating worker thread
    at ThreadPool.destroy (C:\Users\sh.kahrizi\Desktop\code\acorex-demo\node_modules\piscina\dist\index.js:489:27)
    at WorkerPool.destroy (C:\Users\sh.kahrizi\Desktop\code\acorex-demo\node_modules\piscina\dist\index.js:669:65)
    at C:\Users\sh.kahrizi\Desktop\code\acorex-demo\node_modules\@angular\build\src\utils\server-rendering\prerender.js:166:35
    at async Promise.all (index 136)
    at async renderPages (C:\Users\sh.kahrizi\Desktop\code\acorex-demo\node_modules\@angular\build\src\utils\server-rendering\prerender.js:170:9)
    at async prerenderPages (C:\Users\sh.kahrizi\Desktop\code\acorex-demo\node_modules\@angular\build\src\utils\server-rendering\prerender.js:107:49)
    at async executePostBundleSteps (C:\Users\sh.kahrizi\Desktop\code\acorex-demo\node_modules\@angular\build\src\builders\application\execute-post-bundle.js:77:73)
    at async executeBuild (C:\Users\sh.kahrizi\Desktop\code\acorex-demo\node_modules\@angular\build\src\builders\application\execute-build.js:267:28)
    at async watch (C:\Users\sh.kahrizi\Desktop\code\acorex-demo\node_modules\@angular\build\src\builders\application\index.js:110:24)
    at async Task.task [as taskFn] (C:\Users\sh.kahrizi\Desktop\code\acorex-demo\node_modules\@angular\build\src\tools\esbuild\utils.js:138:26)[0m


[31mX [41;31m[[41;97mERROR[41;31m][0m [1mAn error occurred while prerendering route '/cdk/drawer/location'.

Error: Terminating worker thread
    at ThreadPool.destroy (C:\Users\sh.kahrizi\Desktop\code\acorex-demo\node_modules\piscina\dist\index.js:489:27)
    at WorkerPool.destroy (C:\Users\sh.kahrizi\Desktop\code\acorex-demo\node_modules\piscina\dist\index.js:669:65)
    at C:\Users\sh.kahrizi\Desktop\code\acorex-demo\node_modules\@angular\build\src\utils\server-rendering\prerender.js:166:35
    at async Promise.all (index 136)
    at async renderPages (C:\Users\sh.kahrizi\Desktop\code\acorex-demo\node_modules\@angular\build\src\utils\server-rendering\prerender.js:170:9)
    at async prerenderPages (C:\Users\sh.kahrizi\Desktop\code\acorex-demo\node_modules\@angular\build\src\utils\server-rendering\prerender.js:107:49)
    at async executePostBundleSteps (C:\Users\sh.kahrizi\Desktop\code\acorex-demo\node_modules\@angular\build\src\builders\application\execute-post-bundle.js:77:73)
    at async executeBuild (C:\Users\sh.kahrizi\Desktop\code\acorex-demo\node_modules\@angular\build\src\builders\application\execute-build.js:267:28)
    at async watch (C:\Users\sh.kahrizi\Desktop\code\acorex-demo\node_modules\@angular\build\src\builders\application\index.js:110:24)
    at async Task.task [as taskFn] (C:\Users\sh.kahrizi\Desktop\code\acorex-demo\node_modules\@angular\build\src\tools\esbuild\utils.js:138:26)[0m


[31mX [41;31m[[41;97mERROR[41;31m][0m [1mAn error occurred while prerendering route '/cdk/focus-trap/usage'.

Error: Terminating worker thread
    at ThreadPool.destroy (C:\Users\sh.kahrizi\Desktop\code\acorex-demo\node_modules\piscina\dist\index.js:489:27)
    at WorkerPool.destroy (C:\Users\sh.kahrizi\Desktop\code\acorex-demo\node_modules\piscina\dist\index.js:669:65)
    at C:\Users\sh.kahrizi\Desktop\code\acorex-demo\node_modules\@angular\build\src\utils\server-rendering\prerender.js:166:35
    at async Promise.all (index 136)
    at async renderPages (C:\Users\sh.kahrizi\Desktop\code\acorex-demo\node_modules\@angular\build\src\utils\server-rendering\prerender.js:170:9)
    at async prerenderPages (C:\Users\sh.kahrizi\Desktop\code\acorex-demo\node_modules\@angular\build\src\utils\server-rendering\prerender.js:107:49)
    at async executePostBundleSteps (C:\Users\sh.kahrizi\Desktop\code\acorex-demo\node_modules\@angular\build\src\builders\application\execute-post-bundle.js:77:73)
    at async executeBuild (C:\Users\sh.kahrizi\Desktop\code\acorex-demo\node_modules\@angular\build\src\builders\application\execute-build.js:267:28)
    at async watch (C:\Users\sh.kahrizi\Desktop\code\acorex-demo\node_modules\@angular\build\src\builders\application\index.js:110:24)
    at async Task.task [as taskFn] (C:\Users\sh.kahrizi\Desktop\code\acorex-demo\node_modules\@angular\build\src\tools\esbuild\utils.js:138:26)[0m


[31mX [41;31m[[41;97mERROR[41;31m][0m [1mAn error occurred while prerendering route '/cdk/input-mask/usage'.

Error: Terminating worker thread
    at ThreadPool.destroy (C:\Users\sh.kahrizi\Desktop\code\acorex-demo\node_modules\piscina\dist\index.js:489:27)
    at WorkerPool.destroy (C:\Users\sh.kahrizi\Desktop\code\acorex-demo\node_modules\piscina\dist\index.js:669:65)
    at C:\Users\sh.kahrizi\Desktop\code\acorex-demo\node_modules\@angular\build\src\utils\server-rendering\prerender.js:166:35
    at async Promise.all (index 136)
    at async renderPages (C:\Users\sh.kahrizi\Desktop\code\acorex-demo\node_modules\@angular\build\src\utils\server-rendering\prerender.js:170:9)
    at async prerenderPages (C:\Users\sh.kahrizi\Desktop\code\acorex-demo\node_modules\@angular\build\src\utils\server-rendering\prerender.js:107:49)
    at async executePostBundleSteps (C:\Users\sh.kahrizi\Desktop\code\acorex-demo\node_modules\@angular\build\src\builders\application\execute-post-bundle.js:77:73)
    at async executeBuild (C:\Users\sh.kahrizi\Desktop\code\acorex-demo\node_modules\@angular\build\src\builders\application\execute-build.js:267:28)
    at async watch (C:\Users\sh.kahrizi\Desktop\code\acorex-demo\node_modules\@angular\build\src\builders\application\index.js:110:24)
    at async Task.task [as taskFn] (C:\Users\sh.kahrizi\Desktop\code\acorex-demo\node_modules\@angular\build\src\tools\esbuild\utils.js:138:26)[0m


[31mX [41;31m[[41;97mERROR[41;31m][0m [1mAn error occurred while prerendering route '/cdk/input-mask/decimal'.

Error: Terminating worker thread
    at ThreadPool.destroy (C:\Users\sh.kahrizi\Desktop\code\acorex-demo\node_modules\piscina\dist\index.js:489:27)
    at WorkerPool.destroy (C:\Users\sh.kahrizi\Desktop\code\acorex-demo\node_modules\piscina\dist\index.js:669:65)
    at C:\Users\sh.kahrizi\Desktop\code\acorex-demo\node_modules\@angular\build\src\utils\server-rendering\prerender.js:166:35
    at async Promise.all (index 136)
    at async renderPages (C:\Users\sh.kahrizi\Desktop\code\acorex-demo\node_modules\@angular\build\src\utils\server-rendering\prerender.js:170:9)
    at async prerenderPages (C:\Users\sh.kahrizi\Desktop\code\acorex-demo\node_modules\@angular\build\src\utils\server-rendering\prerender.js:107:49)
    at async executePostBundleSteps (C:\Users\sh.kahrizi\Desktop\code\acorex-demo\node_modules\@angular\build\src\builders\application\execute-post-bundle.js:77:73)
    at async executeBuild (C:\Users\sh.kahrizi\Desktop\code\acorex-demo\node_modules\@angular\build\src\builders\application\execute-build.js:267:28)
    at async watch (C:\Users\sh.kahrizi\Desktop\code\acorex-demo\node_modules\@angular\build\src\builders\application\index.js:110:24)
    at async Task.task [as taskFn] (C:\Users\sh.kahrizi\Desktop\code\acorex-demo\node_modules\@angular\build\src\tools\esbuild\utils.js:138:26)[0m


[31mX [41;31m[[41;97mERROR[41;31m][0m [1mAn error occurred while prerendering route '/cdk/input-mask/digits'.

Error: Terminating worker thread
    at ThreadPool.destroy (C:\Users\sh.kahrizi\Desktop\code\acorex-demo\node_modules\piscina\dist\index.js:489:27)
    at WorkerPool.destroy (C:\Users\sh.kahrizi\Desktop\code\acorex-demo\node_modules\piscina\dist\index.js:669:65)
    at C:\Users\sh.kahrizi\Desktop\code\acorex-demo\node_modules\@angular\build\src\utils\server-rendering\prerender.js:166:35
    at async Promise.all (index 136)
    at async renderPages (C:\Users\sh.kahrizi\Desktop\code\acorex-demo\node_modules\@angular\build\src\utils\server-rendering\prerender.js:170:9)
    at async prerenderPages (C:\Users\sh.kahrizi\Desktop\code\acorex-demo\node_modules\@angular\build\src\utils\server-rendering\prerender.js:107:49)
    at async executePostBundleSteps (C:\Users\sh.kahrizi\Desktop\code\acorex-demo\node_modules\@angular\build\src\builders\application\execute-post-bundle.js:77:73)
    at async executeBuild (C:\Users\sh.kahrizi\Desktop\code\acorex-demo\node_modules\@angular\build\src\builders\application\execute-build.js:267:28)
    at async watch (C:\Users\sh.kahrizi\Desktop\code\acorex-demo\node_modules\@angular\build\src\builders\application\index.js:110:24)
    at async Task.task [as taskFn] (C:\Users\sh.kahrizi\Desktop\code\acorex-demo\node_modules\@angular\build\src\tools\esbuild\utils.js:138:26)[0m


[31mX [41;31m[[41;97mERROR[41;31m][0m [1mAn error occurred while prerendering route '/cdk/input-mask/hijri-date'.

Error: Terminating worker thread
    at ThreadPool.destroy (C:\Users\sh.kahrizi\Desktop\code\acorex-demo\node_modules\piscina\dist\index.js:489:27)
    at WorkerPool.destroy (C:\Users\sh.kahrizi\Desktop\code\acorex-demo\node_modules\piscina\dist\index.js:669:65)
    at C:\Users\sh.kahrizi\Desktop\code\acorex-demo\node_modules\@angular\build\src\utils\server-rendering\prerender.js:166:35
    at async Promise.all (index 136)
    at async renderPages (C:\Users\sh.kahrizi\Desktop\code\acorex-demo\node_modules\@angular\build\src\utils\server-rendering\prerender.js:170:9)
    at async prerenderPages (C:\Users\sh.kahrizi\Desktop\code\acorex-demo\node_modules\@angular\build\src\utils\server-rendering\prerender.js:107:49)
    at async executePostBundleSteps (C:\Users\sh.kahrizi\Desktop\code\acorex-demo\node_modules\@angular\build\src\builders\application\execute-post-bundle.js:77:73)
    at async executeBuild (C:\Users\sh.kahrizi\Desktop\code\acorex-demo\node_modules\@angular\build\src\builders\application\execute-build.js:267:28)
    at async watch (C:\Users\sh.kahrizi\Desktop\code\acorex-demo\node_modules\@angular\build\src\builders\application\index.js:110:24)
    at async Task.task [as taskFn] (C:\Users\sh.kahrizi\Desktop\code\acorex-demo\node_modules\@angular\build\src\tools\esbuild\utils.js:138:26)[0m


[31mX [41;31m[[41;97mERROR[41;31m][0m [1mAn error occurred while prerendering route '/cdk/input-mask/min-and-max-value'.

Error: Terminating worker thread
    at ThreadPool.destroy (C:\Users\sh.kahrizi\Desktop\code\acorex-demo\node_modules\piscina\dist\index.js:489:27)
    at WorkerPool.destroy (C:\Users\sh.kahrizi\Desktop\code\acorex-demo\node_modules\piscina\dist\index.js:669:65)
    at C:\Users\sh.kahrizi\Desktop\code\acorex-demo\node_modules\@angular\build\src\utils\server-rendering\prerender.js:166:35
    at async Promise.all (index 136)
    at async renderPages (C:\Users\sh.kahrizi\Desktop\code\acorex-demo\node_modules\@angular\build\src\utils\server-rendering\prerender.js:170:9)
    at async prerenderPages (C:\Users\sh.kahrizi\Desktop\code\acorex-demo\node_modules\@angular\build\src\utils\server-rendering\prerender.js:107:49)
    at async executePostBundleSteps (C:\Users\sh.kahrizi\Desktop\code\acorex-demo\node_modules\@angular\build\src\builders\application\execute-post-bundle.js:77:73)
    at async executeBuild (C:\Users\sh.kahrizi\Desktop\code\acorex-demo\node_modules\@angular\build\src\builders\application\execute-build.js:267:28)
    at async watch (C:\Users\sh.kahrizi\Desktop\code\acorex-demo\node_modules\@angular\build\src\builders\application\index.js:110:24)
    at async Task.task [as taskFn] (C:\Users\sh.kahrizi\Desktop\code\acorex-demo\node_modules\@angular\build\src\tools\esbuild\utils.js:138:26)[0m


[31mX [41;31m[[41;97mERROR[41;31m][0m [1mAn error occurred while prerendering route '/cdk/input-mask/thousands-separator'.

Error: Terminating worker thread
    at ThreadPool.destroy (C:\Users\sh.kahrizi\Desktop\code\acorex-demo\node_modules\piscina\dist\index.js:489:27)
    at WorkerPool.destroy (C:\Users\sh.kahrizi\Desktop\code\acorex-demo\node_modules\piscina\dist\index.js:669:65)
    at C:\Users\sh.kahrizi\Desktop\code\acorex-demo\node_modules\@angular\build\src\utils\server-rendering\prerender.js:166:35
    at async Promise.all (index 136)
    at async renderPages (C:\Users\sh.kahrizi\Desktop\code\acorex-demo\node_modules\@angular\build\src\utils\server-rendering\prerender.js:170:9)
    at async prerenderPages (C:\Users\sh.kahrizi\Desktop\code\acorex-demo\node_modules\@angular\build\src\utils\server-rendering\prerender.js:107:49)
    at async executePostBundleSteps (C:\Users\sh.kahrizi\Desktop\code\acorex-demo\node_modules\@angular\build\src\builders\application\execute-post-bundle.js:77:73)
    at async executeBuild (C:\Users\sh.kahrizi\Desktop\code\acorex-demo\node_modules\@angular\build\src\builders\application\execute-build.js:267:28)
    at async watch (C:\Users\sh.kahrizi\Desktop\code\acorex-demo\node_modules\@angular\build\src\builders\application\index.js:110:24)
    at async Task.task [as taskFn] (C:\Users\sh.kahrizi\Desktop\code\acorex-demo\node_modules\@angular\build\src\tools\esbuild\utils.js:138:26)[0m


[31mX [41;31m[[41;97mERROR[41;31m][0m [1mAn error occurred while prerendering route '/cdk/list-navigation/usage'.

Error: Terminating worker thread
    at ThreadPool.destroy (C:\Users\sh.kahrizi\Desktop\code\acorex-demo\node_modules\piscina\dist\index.js:489:27)
    at WorkerPool.destroy (C:\Users\sh.kahrizi\Desktop\code\acorex-demo\node_modules\piscina\dist\index.js:669:65)
    at C:\Users\sh.kahrizi\Desktop\code\acorex-demo\node_modules\@angular\build\src\utils\server-rendering\prerender.js:166:35
    at async Promise.all (index 136)
    at async renderPages (C:\Users\sh.kahrizi\Desktop\code\acorex-demo\node_modules\@angular\build\src\utils\server-rendering\prerender.js:170:9)
    at async prerenderPages (C:\Users\sh.kahrizi\Desktop\code\acorex-demo\node_modules\@angular\build\src\utils\server-rendering\prerender.js:107:49)
    at async executePostBundleSteps (C:\Users\sh.kahrizi\Desktop\code\acorex-demo\node_modules\@angular\build\src\builders\application\execute-post-bundle.js:77:73)
    at async executeBuild (C:\Users\sh.kahrizi\Desktop\code\acorex-demo\node_modules\@angular\build\src\builders\application\execute-build.js:267:28)
    at async watch (C:\Users\sh.kahrizi\Desktop\code\acorex-demo\node_modules\@angular\build\src\builders\application\index.js:110:24)
    at async Task.task [as taskFn] (C:\Users\sh.kahrizi\Desktop\code\acorex-demo\node_modules\@angular\build\src\tools\esbuild\utils.js:138:26)[0m


[31mX [41;31m[[41;97mERROR[41;31m][0m [1mAn error occurred while prerendering route '/cdk/list-navigation/orientation'.

Error: Terminating worker thread
    at ThreadPool.destroy (C:\Users\sh.kahrizi\Desktop\code\acorex-demo\node_modules\piscina\dist\index.js:489:27)
    at WorkerPool.destroy (C:\Users\sh.kahrizi\Desktop\code\acorex-demo\node_modules\piscina\dist\index.js:669:65)
    at C:\Users\sh.kahrizi\Desktop\code\acorex-demo\node_modules\@angular\build\src\utils\server-rendering\prerender.js:166:35
    at async Promise.all (index 136)
    at async renderPages (C:\Users\sh.kahrizi\Desktop\code\acorex-demo\node_modules\@angular\build\src\utils\server-rendering\prerender.js:170:9)
    at async prerenderPages (C:\Users\sh.kahrizi\Desktop\code\acorex-demo\node_modules\@angular\build\src\utils\server-rendering\prerender.js:107:49)
    at async executePostBundleSteps (C:\Users\sh.kahrizi\Desktop\code\acorex-demo\node_modules\@angular\build\src\builders\application\execute-post-bundle.js:77:73)
    at async executeBuild (C:\Users\sh.kahrizi\Desktop\code\acorex-demo\node_modules\@angular\build\src\builders\application\execute-build.js:267:28)
    at async watch (C:\Users\sh.kahrizi\Desktop\code\acorex-demo\node_modules\@angular\build\src\builders\application\index.js:110:24)
    at async Task.task [as taskFn] (C:\Users\sh.kahrizi\Desktop\code\acorex-demo\node_modules\@angular\build\src\tools\esbuild\utils.js:138:26)[0m


[31mX [41;31m[[41;97mERROR[41;31m][0m [1mAn error occurred while prerendering route '/cdk/selection/usage'.

Error: Terminating worker thread
    at ThreadPool.destroy (C:\Users\sh.kahrizi\Desktop\code\acorex-demo\node_modules\piscina\dist\index.js:489:27)
    at WorkerPool.destroy (C:\Users\sh.kahrizi\Desktop\code\acorex-demo\node_modules\piscina\dist\index.js:669:65)
    at C:\Users\sh.kahrizi\Desktop\code\acorex-demo\node_modules\@angular\build\src\utils\server-rendering\prerender.js:166:35
    at async Promise.all (index 136)
    at async renderPages (C:\Users\sh.kahrizi\Desktop\code\acorex-demo\node_modules\@angular\build\src\utils\server-rendering\prerender.js:170:9)
    at async prerenderPages (C:\Users\sh.kahrizi\Desktop\code\acorex-demo\node_modules\@angular\build\src\utils\server-rendering\prerender.js:107:49)
    at async executePostBundleSteps (C:\Users\sh.kahrizi\Desktop\code\acorex-demo\node_modules\@angular\build\src\builders\application\execute-post-bundle.js:77:73)
    at async executeBuild (C:\Users\sh.kahrizi\Desktop\code\acorex-demo\node_modules\@angular\build\src\builders\application\execute-build.js:267:28)
    at async watch (C:\Users\sh.kahrizi\Desktop\code\acorex-demo\node_modules\@angular\build\src\builders\application\index.js:110:24)
    at async Task.task [as taskFn] (C:\Users\sh.kahrizi\Desktop\code\acorex-demo\node_modules\@angular\build\src\tools\esbuild\utils.js:138:26)[0m


[31mX [41;31m[[41;97mERROR[41;31m][0m [1mAn error occurred while prerendering route '/cdk/selection/multiple'.

Error: Terminating worker thread
    at ThreadPool.destroy (C:\Users\sh.kahrizi\Desktop\code\acorex-demo\node_modules\piscina\dist\index.js:489:27)
    at WorkerPool.destroy (C:\Users\sh.kahrizi\Desktop\code\acorex-demo\node_modules\piscina\dist\index.js:669:65)
    at C:\Users\sh.kahrizi\Desktop\code\acorex-demo\node_modules\@angular\build\src\utils\server-rendering\prerender.js:166:35
    at async Promise.all (index 136)
    at async renderPages (C:\Users\sh.kahrizi\Desktop\code\acorex-demo\node_modules\@angular\build\src\utils\server-rendering\prerender.js:170:9)
    at async prerenderPages (C:\Users\sh.kahrizi\Desktop\code\acorex-demo\node_modules\@angular\build\src\utils\server-rendering\prerender.js:107:49)
    at async executePostBundleSteps (C:\Users\sh.kahrizi\Desktop\code\acorex-demo\node_modules\@angular\build\src\builders\application\execute-post-bundle.js:77:73)
    at async executeBuild (C:\Users\sh.kahrizi\Desktop\code\acorex-demo\node_modules\@angular\build\src\builders\application\execute-build.js:267:28)
    at async watch (C:\Users\sh.kahrizi\Desktop\code\acorex-demo\node_modules\@angular\build\src\builders\application\index.js:110:24)
    at async Task.task [as taskFn] (C:\Users\sh.kahrizi\Desktop\code\acorex-demo\node_modules\@angular\build\src\tools\esbuild\utils.js:138:26)[0m


[31mX [41;31m[[41;97mERROR[41;31m][0m [1mAn error occurred while prerendering route '/cdk/sliding-item/usage'.

Error: Terminating worker thread
    at ThreadPool.destroy (C:\Users\sh.kahrizi\Desktop\code\acorex-demo\node_modules\piscina\dist\index.js:489:27)
    at WorkerPool.destroy (C:\Users\sh.kahrizi\Desktop\code\acorex-demo\node_modules\piscina\dist\index.js:669:65)
    at C:\Users\sh.kahrizi\Desktop\code\acorex-demo\node_modules\@angular\build\src\utils\server-rendering\prerender.js:166:35
    at async Promise.all (index 136)
    at async renderPages (C:\Users\sh.kahrizi\Desktop\code\acorex-demo\node_modules\@angular\build\src\utils\server-rendering\prerender.js:170:9)
    at async prerenderPages (C:\Users\sh.kahrizi\Desktop\code\acorex-demo\node_modules\@angular\build\src\utils\server-rendering\prerender.js:107:49)
    at async executePostBundleSteps (C:\Users\sh.kahrizi\Desktop\code\acorex-demo\node_modules\@angular\build\src\builders\application\execute-post-bundle.js:77:73)
    at async executeBuild (C:\Users\sh.kahrizi\Desktop\code\acorex-demo\node_modules\@angular\build\src\builders\application\execute-build.js:267:28)
    at async watch (C:\Users\sh.kahrizi\Desktop\code\acorex-demo\node_modules\@angular\build\src\builders\application\index.js:110:24)
    at async Task.task [as taskFn] (C:\Users\sh.kahrizi\Desktop\code\acorex-demo\node_modules\@angular\build\src\tools\esbuild\utils.js:138:26)[0m


[31mX [41;31m[[41;97mERROR[41;31m][0m [1mAn error occurred while prerendering route '/cdk/virtual-scroll/usage'.

Error: Terminating worker thread
    at ThreadPool.destroy (C:\Users\sh.kahrizi\Desktop\code\acorex-demo\node_modules\piscina\dist\index.js:489:27)
    at WorkerPool.destroy (C:\Users\sh.kahrizi\Desktop\code\acorex-demo\node_modules\piscina\dist\index.js:669:65)
    at C:\Users\sh.kahrizi\Desktop\code\acorex-demo\node_modules\@angular\build\src\utils\server-rendering\prerender.js:166:35
    at async Promise.all (index 136)
    at async renderPages (C:\Users\sh.kahrizi\Desktop\code\acorex-demo\node_modules\@angular\build\src\utils\server-rendering\prerender.js:170:9)
    at async prerenderPages (C:\Users\sh.kahrizi\Desktop\code\acorex-demo\node_modules\@angular\build\src\utils\server-rendering\prerender.js:107:49)
    at async executePostBundleSteps (C:\Users\sh.kahrizi\Desktop\code\acorex-demo\node_modules\@angular\build\src\builders\application\execute-post-bundle.js:77:73)
    at async executeBuild (C:\Users\sh.kahrizi\Desktop\code\acorex-demo\node_modules\@angular\build\src\builders\application\execute-build.js:267:28)
    at async watch (C:\Users\sh.kahrizi\Desktop\code\acorex-demo\node_modules\@angular\build\src\builders\application\index.js:110:24)
    at async Task.task [as taskFn] (C:\Users\sh.kahrizi\Desktop\code\acorex-demo\node_modules\@angular\build\src\tools\esbuild\utils.js:138:26)[0m


[31mX [41;31m[[41;97mERROR[41;31m][0m [1mAn error occurred while prerendering route '/cdk/pan-view/usage'.

Error: Terminating worker thread
    at ThreadPool.destroy (C:\Users\sh.kahrizi\Desktop\code\acorex-demo\node_modules\piscina\dist\index.js:489:27)
    at WorkerPool.destroy (C:\Users\sh.kahrizi\Desktop\code\acorex-demo\node_modules\piscina\dist\index.js:669:65)
    at C:\Users\sh.kahrizi\Desktop\code\acorex-demo\node_modules\@angular\build\src\utils\server-rendering\prerender.js:166:35
    at async Promise.all (index 136)
    at async renderPages (C:\Users\sh.kahrizi\Desktop\code\acorex-demo\node_modules\@angular\build\src\utils\server-rendering\prerender.js:170:9)
    at async prerenderPages (C:\Users\sh.kahrizi\Desktop\code\acorex-demo\node_modules\@angular\build\src\utils\server-rendering\prerender.js:107:49)
    at async executePostBundleSteps (C:\Users\sh.kahrizi\Desktop\code\acorex-demo\node_modules\@angular\build\src\builders\application\execute-post-bundle.js:77:73)
    at async executeBuild (C:\Users\sh.kahrizi\Desktop\code\acorex-demo\node_modules\@angular\build\src\builders\application\execute-build.js:267:28)
    at async watch (C:\Users\sh.kahrizi\Desktop\code\acorex-demo\node_modules\@angular\build\src\builders\application\index.js:110:24)
    at async Task.task [as taskFn] (C:\Users\sh.kahrizi\Desktop\code\acorex-demo\node_modules\@angular\build\src\tools\esbuild\utils.js:138:26)[0m


[31mX [41;31m[[41;97mERROR[41;31m][0m [1mAn error occurred while prerendering route '/cdk/pan-view/free-mode'.

Error: Terminating worker thread
    at ThreadPool.destroy (C:\Users\sh.kahrizi\Desktop\code\acorex-demo\node_modules\piscina\dist\index.js:489:27)
    at WorkerPool.destroy (C:\Users\sh.kahrizi\Desktop\code\acorex-demo\node_modules\piscina\dist\index.js:669:65)
    at C:\Users\sh.kahrizi\Desktop\code\acorex-demo\node_modules\@angular\build\src\utils\server-rendering\prerender.js:166:35
    at async Promise.all (index 136)
    at async renderPages (C:\Users\sh.kahrizi\Desktop\code\acorex-demo\node_modules\@angular\build\src\utils\server-rendering\prerender.js:170:9)
    at async prerenderPages (C:\Users\sh.kahrizi\Desktop\code\acorex-demo\node_modules\@angular\build\src\utils\server-rendering\prerender.js:107:49)
    at async executePostBundleSteps (C:\Users\sh.kahrizi\Desktop\code\acorex-demo\node_modules\@angular\build\src\builders\application\execute-post-bundle.js:77:73)
    at async executeBuild (C:\Users\sh.kahrizi\Desktop\code\acorex-demo\node_modules\@angular\build\src\builders\application\execute-build.js:267:28)
    at async watch (C:\Users\sh.kahrizi\Desktop\code\acorex-demo\node_modules\@angular\build\src\builders\application\index.js:110:24)
    at async Task.task [as taskFn] (C:\Users\sh.kahrizi\Desktop\code\acorex-demo\node_modules\@angular\build\src\tools\esbuild\utils.js:138:26)[0m


[31mX [41;31m[[41;97mERROR[41;31m][0m [1mAn error occurred while prerendering route '/cdk/pan-view/zoom-controls'.

Error: Terminating worker thread
    at ThreadPool.destroy (C:\Users\sh.kahrizi\Desktop\code\acorex-demo\node_modules\piscina\dist\index.js:489:27)
    at WorkerPool.destroy (C:\Users\sh.kahrizi\Desktop\code\acorex-demo\node_modules\piscina\dist\index.js:669:65)
    at C:\Users\sh.kahrizi\Desktop\code\acorex-demo\node_modules\@angular\build\src\utils\server-rendering\prerender.js:166:35
    at async Promise.all (index 136)
    at async renderPages (C:\Users\sh.kahrizi\Desktop\code\acorex-demo\node_modules\@angular\build\src\utils\server-rendering\prerender.js:170:9)
    at async prerenderPages (C:\Users\sh.kahrizi\Desktop\code\acorex-demo\node_modules\@angular\build\src\utils\server-rendering\prerender.js:107:49)
    at async executePostBundleSteps (C:\Users\sh.kahrizi\Desktop\code\acorex-demo\node_modules\@angular\build\src\builders\application\execute-post-bundle.js:77:73)
    at async executeBuild (C:\Users\sh.kahrizi\Desktop\code\acorex-demo\node_modules\@angular\build\src\builders\application\execute-build.js:267:28)
    at async watch (C:\Users\sh.kahrizi\Desktop\code\acorex-demo\node_modules\@angular\build\src\builders\application\index.js:110:24)
    at async Task.task [as taskFn] (C:\Users\sh.kahrizi\Desktop\code\acorex-demo\node_modules\@angular\build\src\tools\esbuild\utils.js:138:26)[0m


[31mX [41;31m[[41;97mERROR[41;31m][0m [1mAn error occurred while prerendering route '/cdk/pan-view/model-properties'.

Error: Terminating worker thread
    at ThreadPool.destroy (C:\Users\sh.kahrizi\Desktop\code\acorex-demo\node_modules\piscina\dist\index.js:489:27)
    at WorkerPool.destroy (C:\Users\sh.kahrizi\Desktop\code\acorex-demo\node_modules\piscina\dist\index.js:669:65)
    at C:\Users\sh.kahrizi\Desktop\code\acorex-demo\node_modules\@angular\build\src\utils\server-rendering\prerender.js:166:35
    at async Promise.all (index 136)
    at async renderPages (C:\Users\sh.kahrizi\Desktop\code\acorex-demo\node_modules\@angular\build\src\utils\server-rendering\prerender.js:170:9)
    at async prerenderPages (C:\Users\sh.kahrizi\Desktop\code\acorex-demo\node_modules\@angular\build\src\utils\server-rendering\prerender.js:107:49)
    at async executePostBundleSteps (C:\Users\sh.kahrizi\Desktop\code\acorex-demo\node_modules\@angular\build\src\builders\application\execute-post-bundle.js:77:73)
    at async executeBuild (C:\Users\sh.kahrizi\Desktop\code\acorex-demo\node_modules\@angular\build\src\builders\application\execute-build.js:267:28)
    at async watch (C:\Users\sh.kahrizi\Desktop\code\acorex-demo\node_modules\@angular\build\src\builders\application\index.js:110:24)
    at async Task.task [as taskFn] (C:\Users\sh.kahrizi\Desktop\code\acorex-demo\node_modules\@angular\build\src\tools\esbuild\utils.js:138:26)[0m


[31mX [41;31m[[41;97mERROR[41;31m][0m [1mAn error occurred while prerendering route '/cdk/outline/usage'.

Error: Terminating worker thread
    at ThreadPool.destroy (C:\Users\sh.kahrizi\Desktop\code\acorex-demo\node_modules\piscina\dist\index.js:489:27)
    at WorkerPool.destroy (C:\Users\sh.kahrizi\Desktop\code\acorex-demo\node_modules\piscina\dist\index.js:669:65)
    at C:\Users\sh.kahrizi\Desktop\code\acorex-demo\node_modules\@angular\build\src\utils\server-rendering\prerender.js:166:35
    at async Promise.all (index 136)
    at async renderPages (C:\Users\sh.kahrizi\Desktop\code\acorex-demo\node_modules\@angular\build\src\utils\server-rendering\prerender.js:170:9)
    at async prerenderPages (C:\Users\sh.kahrizi\Desktop\code\acorex-demo\node_modules\@angular\build\src\utils\server-rendering\prerender.js:107:49)
    at async executePostBundleSteps (C:\Users\sh.kahrizi\Desktop\code\acorex-demo\node_modules\@angular\build\src\builders\application\execute-post-bundle.js:77:73)
    at async executeBuild (C:\Users\sh.kahrizi\Desktop\code\acorex-demo\node_modules\@angular\build\src\builders\application\execute-build.js:267:28)
    at async watch (C:\Users\sh.kahrizi\Desktop\code\acorex-demo\node_modules\@angular\build\src\builders\application\index.js:110:24)
    at async Task.task [as taskFn] (C:\Users\sh.kahrizi\Desktop\code\acorex-demo\node_modules\@angular\build\src\tools\esbuild\utils.js:138:26)[0m


[31mX [41;31m[[41;97mERROR[41;31m][0m [1mAn error occurred while prerendering route '/cdk/outline/hash-links'.

Error: Terminating worker thread
    at ThreadPool.destroy (C:\Users\sh.kahrizi\Desktop\code\acorex-demo\node_modules\piscina\dist\index.js:489:27)
    at WorkerPool.destroy (C:\Users\sh.kahrizi\Desktop\code\acorex-demo\node_modules\piscina\dist\index.js:669:65)
    at C:\Users\sh.kahrizi\Desktop\code\acorex-demo\node_modules\@angular\build\src\utils\server-rendering\prerender.js:166:35
    at async Promise.all (index 136)
    at async renderPages (C:\Users\sh.kahrizi\Desktop\code\acorex-demo\node_modules\@angular\build\src\utils\server-rendering\prerender.js:170:9)
    at async prerenderPages (C:\Users\sh.kahrizi\Desktop\code\acorex-demo\node_modules\@angular\build\src\utils\server-rendering\prerender.js:107:49)
    at async executePostBundleSteps (C:\Users\sh.kahrizi\Desktop\code\acorex-demo\node_modules\@angular\build\src\builders\application\execute-post-bundle.js:77:73)
    at async executeBuild (C:\Users\sh.kahrizi\Desktop\code\acorex-demo\node_modules\@angular\build\src\builders\application\execute-build.js:267:28)
    at async watch (C:\Users\sh.kahrizi\Desktop\code\acorex-demo\node_modules\@angular\build\src\builders\application\index.js:110:24)
    at async Task.task [as taskFn] (C:\Users\sh.kahrizi\Desktop\code\acorex-demo\node_modules\@angular\build\src\tools\esbuild\utils.js:138:26)[0m


[31mX [41;31m[[41;97mERROR[41;31m][0m [1mAn error occurred while prerendering route '/cdk/outline/scroll-offset'.

Error: Terminating worker thread
    at ThreadPool.destroy (C:\Users\sh.kahrizi\Desktop\code\acorex-demo\node_modules\piscina\dist\index.js:489:27)
    at WorkerPool.destroy (C:\Users\sh.kahrizi\Desktop\code\acorex-demo\node_modules\piscina\dist\index.js:669:65)
    at C:\Users\sh.kahrizi\Desktop\code\acorex-demo\node_modules\@angular\build\src\utils\server-rendering\prerender.js:166:35
    at async Promise.all (index 136)
    at async renderPages (C:\Users\sh.kahrizi\Desktop\code\acorex-demo\node_modules\@angular\build\src\utils\server-rendering\prerender.js:170:9)
    at async prerenderPages (C:\Users\sh.kahrizi\Desktop\code\acorex-demo\node_modules\@angular\build\src\utils\server-rendering\prerender.js:107:49)
    at async executePostBundleSteps (C:\Users\sh.kahrizi\Desktop\code\acorex-demo\node_modules\@angular\build\src\builders\application\execute-post-bundle.js:77:73)
    at async executeBuild (C:\Users\sh.kahrizi\Desktop\code\acorex-demo\node_modules\@angular\build\src\builders\application\execute-build.js:267:28)
    at async watch (C:\Users\sh.kahrizi\Desktop\code\acorex-demo\node_modules\@angular\build\src\builders\application\index.js:110:24)
    at async Task.task [as taskFn] (C:\Users\sh.kahrizi\Desktop\code\acorex-demo\node_modules\@angular\build\src\tools\esbuild\utils.js:138:26)[0m


[31mX [41;31m[[41;97mERROR[41;31m][0m [1mAn error occurred while prerendering route '/cdk/outline/target-selector'.

Error: Terminating worker thread
    at ThreadPool.destroy (C:\Users\sh.kahrizi\Desktop\code\acorex-demo\node_modules\piscina\dist\index.js:489:27)
    at WorkerPool.destroy (C:\Users\sh.kahrizi\Desktop\code\acorex-demo\node_modules\piscina\dist\index.js:669:65)
    at C:\Users\sh.kahrizi\Desktop\code\acorex-demo\node_modules\@angular\build\src\utils\server-rendering\prerender.js:166:35
    at async Promise.all (index 136)
    at async renderPages (C:\Users\sh.kahrizi\Desktop\code\acorex-demo\node_modules\@angular\build\src\utils\server-rendering\prerender.js:170:9)
    at async prerenderPages (C:\Users\sh.kahrizi\Desktop\code\acorex-demo\node_modules\@angular\build\src\utils\server-rendering\prerender.js:107:49)
    at async executePostBundleSteps (C:\Users\sh.kahrizi\Desktop\code\acorex-demo\node_modules\@angular\build\src\builders\application\execute-post-bundle.js:77:73)
    at async executeBuild (C:\Users\sh.kahrizi\Desktop\code\acorex-demo\node_modules\@angular\build\src\builders\application\execute-build.js:267:28)
    at async watch (C:\Users\sh.kahrizi\Desktop\code\acorex-demo\node_modules\@angular\build\src\builders\application\index.js:110:24)
    at async Task.task [as taskFn] (C:\Users\sh.kahrizi\Desktop\code\acorex-demo\node_modules\@angular\build\src\tools\esbuild\utils.js:138:26)[0m


[31mX [41;31m[[41;97mERROR[41;31m][0m [1mAn error occurred while prerendering route '/core/image/usage'.

Error: Terminating worker thread
    at ThreadPool.destroy (C:\Users\sh.kahrizi\Desktop\code\acorex-demo\node_modules\piscina\dist\index.js:489:27)
    at WorkerPool.destroy (C:\Users\sh.kahrizi\Desktop\code\acorex-demo\node_modules\piscina\dist\index.js:669:65)
    at C:\Users\sh.kahrizi\Desktop\code\acorex-demo\node_modules\@angular\build\src\utils\server-rendering\prerender.js:166:35
    at async Promise.all (index 136)
    at async renderPages (C:\Users\sh.kahrizi\Desktop\code\acorex-demo\node_modules\@angular\build\src\utils\server-rendering\prerender.js:170:9)
    at async prerenderPages (C:\Users\sh.kahrizi\Desktop\code\acorex-demo\node_modules\@angular\build\src\utils\server-rendering\prerender.js:107:49)
    at async executePostBundleSteps (C:\Users\sh.kahrizi\Desktop\code\acorex-demo\node_modules\@angular\build\src\builders\application\execute-post-bundle.js:77:73)
    at async executeBuild (C:\Users\sh.kahrizi\Desktop\code\acorex-demo\node_modules\@angular\build\src\builders\application\execute-build.js:267:28)
    at async watch (C:\Users\sh.kahrizi\Desktop\code\acorex-demo\node_modules\@angular\build\src\builders\application\index.js:110:24)
    at async Task.task [as taskFn] (C:\Users\sh.kahrizi\Desktop\code\acorex-demo\node_modules\@angular\build\src\tools\esbuild\utils.js:138:26)[0m


[31mX [41;31m[[41;97mERROR[41;31m][0m [1mAn error occurred while prerendering route '/core/date-time/usage'.

Error: Terminating worker thread
    at ThreadPool.destroy (C:\Users\sh.kahrizi\Desktop\code\acorex-demo\node_modules\piscina\dist\index.js:489:27)
    at WorkerPool.destroy (C:\Users\sh.kahrizi\Desktop\code\acorex-demo\node_modules\piscina\dist\index.js:669:65)
    at C:\Users\sh.kahrizi\Desktop\code\acorex-demo\node_modules\@angular\build\src\utils\server-rendering\prerender.js:166:35
    at async Promise.all (index 136)
    at async renderPages (C:\Users\sh.kahrizi\Desktop\code\acorex-demo\node_modules\@angular\build\src\utils\server-rendering\prerender.js:170:9)
    at async prerenderPages (C:\Users\sh.kahrizi\Desktop\code\acorex-demo\node_modules\@angular\build\src\utils\server-rendering\prerender.js:107:49)
    at async executePostBundleSteps (C:\Users\sh.kahrizi\Desktop\code\acorex-demo\node_modules\@angular\build\src\builders\application\execute-post-bundle.js:77:73)
    at async executeBuild (C:\Users\sh.kahrizi\Desktop\code\acorex-demo\node_modules\@angular\build\src\builders\application\execute-build.js:267:28)
    at async watch (C:\Users\sh.kahrizi\Desktop\code\acorex-demo\node_modules\@angular\build\src\builders\application\index.js:110:24)
    at async Task.task [as taskFn] (C:\Users\sh.kahrizi\Desktop\code\acorex-demo\node_modules\@angular\build\src\tools\esbuild\utils.js:138:26)[0m


[31mX [41;31m[[41;97mERROR[41;31m][0m [1mAn error occurred while prerendering route '/core/date-time/advanced-operations'.

Error: Terminating worker thread
    at ThreadPool.destroy (C:\Users\sh.kahrizi\Desktop\code\acorex-demo\node_modules\piscina\dist\index.js:489:27)
    at WorkerPool.destroy (C:\Users\sh.kahrizi\Desktop\code\acorex-demo\node_modules\piscina\dist\index.js:669:65)
    at C:\Users\sh.kahrizi\Desktop\code\acorex-demo\node_modules\@angular\build\src\utils\server-rendering\prerender.js:166:35
    at async Promise.all (index 136)
    at async renderPages (C:\Users\sh.kahrizi\Desktop\code\acorex-demo\node_modules\@angular\build\src\utils\server-rendering\prerender.js:170:9)
    at async prerenderPages (C:\Users\sh.kahrizi\Desktop\code\acorex-demo\node_modules\@angular\build\src\utils\server-rendering\prerender.js:107:49)
    at async executePostBundleSteps (C:\Users\sh.kahrizi\Desktop\code\acorex-demo\node_modules\@angular\build\src\builders\application\execute-post-bundle.js:77:73)
    at async executeBuild (C:\Users\sh.kahrizi\Desktop\code\acorex-demo\node_modules\@angular\build\src\builders\application\execute-build.js:267:28)
    at async watch (C:\Users\sh.kahrizi\Desktop\code\acorex-demo\node_modules\@angular\build\src\builders\application\index.js:110:24)
    at async Task.task [as taskFn] (C:\Users\sh.kahrizi\Desktop\code\acorex-demo\node_modules\@angular\build\src\tools\esbuild\utils.js:138:26)[0m


[31mX [41;31m[[41;97mERROR[41;31m][0m [1mAn error occurred while prerendering route '/core/event/usage'.

Error: Terminating worker thread
    at ThreadPool.destroy (C:\Users\sh.kahrizi\Desktop\code\acorex-demo\node_modules\piscina\dist\index.js:489:27)
    at WorkerPool.destroy (C:\Users\sh.kahrizi\Desktop\code\acorex-demo\node_modules\piscina\dist\index.js:669:65)
    at C:\Users\sh.kahrizi\Desktop\code\acorex-demo\node_modules\@angular\build\src\utils\server-rendering\prerender.js:166:35
    at async Promise.all (index 136)
    at async renderPages (C:\Users\sh.kahrizi\Desktop\code\acorex-demo\node_modules\@angular\build\src\utils\server-rendering\prerender.js:170:9)
    at async prerenderPages (C:\Users\sh.kahrizi\Desktop\code\acorex-demo\node_modules\@angular\build\src\utils\server-rendering\prerender.js:107:49)
    at async executePostBundleSteps (C:\Users\sh.kahrizi\Desktop\code\acorex-demo\node_modules\@angular\build\src\builders\application\execute-post-bundle.js:77:73)
    at async executeBuild (C:\Users\sh.kahrizi\Desktop\code\acorex-demo\node_modules\@angular\build\src\builders\application\execute-build.js:267:28)
    at async watch (C:\Users\sh.kahrizi\Desktop\code\acorex-demo\node_modules\@angular\build\src\builders\application\index.js:110:24)
    at async Task.task [as taskFn] (C:\Users\sh.kahrizi\Desktop\code\acorex-demo\node_modules\@angular\build\src\tools\esbuild\utils.js:138:26)[0m


[31mX [41;31m[[41;97mERROR[41;31m][0m [1mAn error occurred while prerendering route '/core/format/usage'.

Error: Terminating worker thread
    at ThreadPool.destroy (C:\Users\sh.kahrizi\Desktop\code\acorex-demo\node_modules\piscina\dist\index.js:489:27)
    at WorkerPool.destroy (C:\Users\sh.kahrizi\Desktop\code\acorex-demo\node_modules\piscina\dist\index.js:669:65)
    at C:\Users\sh.kahrizi\Desktop\code\acorex-demo\node_modules\@angular\build\src\utils\server-rendering\prerender.js:166:35
    at async Promise.all (index 136)
    at async renderPages (C:\Users\sh.kahrizi\Desktop\code\acorex-demo\node_modules\@angular\build\src\utils\server-rendering\prerender.js:170:9)
    at async prerenderPages (C:\Users\sh.kahrizi\Desktop\code\acorex-demo\node_modules\@angular\build\src\utils\server-rendering\prerender.js:107:49)
    at async executePostBundleSteps (C:\Users\sh.kahrizi\Desktop\code\acorex-demo\node_modules\@angular\build\src\builders\application\execute-post-bundle.js:77:73)
    at async executeBuild (C:\Users\sh.kahrizi\Desktop\code\acorex-demo\node_modules\@angular\build\src\builders\application\execute-build.js:267:28)
    at async watch (C:\Users\sh.kahrizi\Desktop\code\acorex-demo\node_modules\@angular\build\src\builders\application\index.js:110:24)
    at async Task.task [as taskFn] (C:\Users\sh.kahrizi\Desktop\code\acorex-demo\node_modules\@angular\build\src\tools\esbuild\utils.js:138:26)[0m


[31mX [41;31m[[41;97mERROR[41;31m][0m [1mAn error occurred while prerendering route '/core/icon/usage'.

Error: Terminating worker thread
    at ThreadPool.destroy (C:\Users\sh.kahrizi\Desktop\code\acorex-demo\node_modules\piscina\dist\index.js:489:27)
    at WorkerPool.destroy (C:\Users\sh.kahrizi\Desktop\code\acorex-demo\node_modules\piscina\dist\index.js:669:65)
    at C:\Users\sh.kahrizi\Desktop\code\acorex-demo\node_modules\@angular\build\src\utils\server-rendering\prerender.js:166:35
    at async Promise.all (index 136)
    at async renderPages (C:\Users\sh.kahrizi\Desktop\code\acorex-demo\node_modules\@angular\build\src\utils\server-rendering\prerender.js:170:9)
    at async prerenderPages (C:\Users\sh.kahrizi\Desktop\code\acorex-demo\node_modules\@angular\build\src\utils\server-rendering\prerender.js:107:49)
    at async executePostBundleSteps (C:\Users\sh.kahrizi\Desktop\code\acorex-demo\node_modules\@angular\build\src\builders\application\execute-post-bundle.js:77:73)
    at async executeBuild (C:\Users\sh.kahrizi\Desktop\code\acorex-demo\node_modules\@angular\build\src\builders\application\execute-build.js:267:28)
    at async watch (C:\Users\sh.kahrizi\Desktop\code\acorex-demo\node_modules\@angular\build\src\builders\application\index.js:110:24)
    at async Task.task [as taskFn] (C:\Users\sh.kahrizi\Desktop\code\acorex-demo\node_modules\@angular\build\src\tools\esbuild\utils.js:138:26)[0m


[31mX [41;31m[[41;97mERROR[41;31m][0m [1mAn error occurred while prerendering route '/core/file/usage'.

Error: Terminating worker thread
    at ThreadPool.destroy (C:\Users\sh.kahrizi\Desktop\code\acorex-demo\node_modules\piscina\dist\index.js:489:27)
    at WorkerPool.destroy (C:\Users\sh.kahrizi\Desktop\code\acorex-demo\node_modules\piscina\dist\index.js:669:65)
    at C:\Users\sh.kahrizi\Desktop\code\acorex-demo\node_modules\@angular\build\src\utils\server-rendering\prerender.js:166:35
    at async Promise.all (index 136)
    at async renderPages (C:\Users\sh.kahrizi\Desktop\code\acorex-demo\node_modules\@angular\build\src\utils\server-rendering\prerender.js:170:9)
    at async prerenderPages (C:\Users\sh.kahrizi\Desktop\code\acorex-demo\node_modules\@angular\build\src\utils\server-rendering\prerender.js:107:49)
    at async executePostBundleSteps (C:\Users\sh.kahrizi\Desktop\code\acorex-demo\node_modules\@angular\build\src\builders\application\execute-post-bundle.js:77:73)
    at async executeBuild (C:\Users\sh.kahrizi\Desktop\code\acorex-demo\node_modules\@angular\build\src\builders\application\execute-build.js:267:28)
    at async watch (C:\Users\sh.kahrizi\Desktop\code\acorex-demo\node_modules\@angular\build\src\builders\application\index.js:110:24)
    at async Task.task [as taskFn] (C:\Users\sh.kahrizi\Desktop\code\acorex-demo\node_modules\@angular\build\src\tools\esbuild\utils.js:138:26)[0m


[31mX [41;31m[[41;97mERROR[41;31m][0m [1mAn error occurred while prerendering route '/core/locale/usage'.

Error: Terminating worker thread
    at ThreadPool.destroy (C:\Users\sh.kahrizi\Desktop\code\acorex-demo\node_modules\piscina\dist\index.js:489:27)
    at WorkerPool.destroy (C:\Users\sh.kahrizi\Desktop\code\acorex-demo\node_modules\piscina\dist\index.js:669:65)
    at C:\Users\sh.kahrizi\Desktop\code\acorex-demo\node_modules\@angular\build\src\utils\server-rendering\prerender.js:166:35
    at async Promise.all (index 136)
    at async renderPages (C:\Users\sh.kahrizi\Desktop\code\acorex-demo\node_modules\@angular\build\src\utils\server-rendering\prerender.js:170:9)
    at async prerenderPages (C:\Users\sh.kahrizi\Desktop\code\acorex-demo\node_modules\@angular\build\src\utils\server-rendering\prerender.js:107:49)
    at async executePostBundleSteps (C:\Users\sh.kahrizi\Desktop\code\acorex-demo\node_modules\@angular\build\src\builders\application\execute-post-bundle.js:77:73)
    at async executeBuild (C:\Users\sh.kahrizi\Desktop\code\acorex-demo\node_modules\@angular\build\src\builders\application\execute-build.js:267:28)
    at async watch (C:\Users\sh.kahrizi\Desktop\code\acorex-demo\node_modules\@angular\build\src\builders\application\index.js:110:24)
    at async Task.task [as taskFn] (C:\Users\sh.kahrizi\Desktop\code\acorex-demo\node_modules\@angular\build\src\tools\esbuild\utils.js:138:26)[0m


[31mX [41;31m[[41;97mERROR[41;31m][0m [1mAn error occurred while prerendering route '/core/memoize/usage'.

Error: Terminating worker thread
    at ThreadPool.destroy (C:\Users\sh.kahrizi\Desktop\code\acorex-demo\node_modules\piscina\dist\index.js:489:27)
    at WorkerPool.destroy (C:\Users\sh.kahrizi\Desktop\code\acorex-demo\node_modules\piscina\dist\index.js:669:65)
    at C:\Users\sh.kahrizi\Desktop\code\acorex-demo\node_modules\@angular\build\src\utils\server-rendering\prerender.js:166:35
    at async Promise.all (index 136)
    at async renderPages (C:\Users\sh.kahrizi\Desktop\code\acorex-demo\node_modules\@angular\build\src\utils\server-rendering\prerender.js:170:9)
    at async prerenderPages (C:\Users\sh.kahrizi\Desktop\code\acorex-demo\node_modules\@angular\build\src\utils\server-rendering\prerender.js:107:49)
    at async executePostBundleSteps (C:\Users\sh.kahrizi\Desktop\code\acorex-demo\node_modules\@angular\build\src\builders\application\execute-post-bundle.js:77:73)
    at async executeBuild (C:\Users\sh.kahrizi\Desktop\code\acorex-demo\node_modules\@angular\build\src\builders\application\execute-build.js:267:28)
    at async watch (C:\Users\sh.kahrizi\Desktop\code\acorex-demo\node_modules\@angular\build\src\builders\application\index.js:110:24)
    at async Task.task [as taskFn] (C:\Users\sh.kahrizi\Desktop\code\acorex-demo\node_modules\@angular\build\src\tools\esbuild\utils.js:138:26)[0m


[31mX [41;31m[[41;97mERROR[41;31m][0m [1mAn error occurred while prerendering route '/core/network/usage'.

Error: Terminating worker thread
    at ThreadPool.destroy (C:\Users\sh.kahrizi\Desktop\code\acorex-demo\node_modules\piscina\dist\index.js:489:27)
    at WorkerPool.destroy (C:\Users\sh.kahrizi\Desktop\code\acorex-demo\node_modules\piscina\dist\index.js:669:65)
    at C:\Users\sh.kahrizi\Desktop\code\acorex-demo\node_modules\@angular\build\src\utils\server-rendering\prerender.js:166:35
    at async Promise.all (index 136)
    at async renderPages (C:\Users\sh.kahrizi\Desktop\code\acorex-demo\node_modules\@angular\build\src\utils\server-rendering\prerender.js:170:9)
    at async prerenderPages (C:\Users\sh.kahrizi\Desktop\code\acorex-demo\node_modules\@angular\build\src\utils\server-rendering\prerender.js:107:49)
    at async executePostBundleSteps (C:\Users\sh.kahrizi\Desktop\code\acorex-demo\node_modules\@angular\build\src\builders\application\execute-post-bundle.js:77:73)
    at async executeBuild (C:\Users\sh.kahrizi\Desktop\code\acorex-demo\node_modules\@angular\build\src\builders\application\execute-build.js:267:28)
    at async watch (C:\Users\sh.kahrizi\Desktop\code\acorex-demo\node_modules\@angular\build\src\builders\application\index.js:110:24)
    at async Task.task [as taskFn] (C:\Users\sh.kahrizi\Desktop\code\acorex-demo\node_modules\@angular\build\src\tools\esbuild\utils.js:138:26)[0m


[31mX [41;31m[[41;97mERROR[41;31m][0m [1mAn error occurred while prerendering route '/core/pipes/usage'.

Error: Terminating worker thread
    at ThreadPool.destroy (C:\Users\sh.kahrizi\Desktop\code\acorex-demo\node_modules\piscina\dist\index.js:489:27)
    at WorkerPool.destroy (C:\Users\sh.kahrizi\Desktop\code\acorex-demo\node_modules\piscina\dist\index.js:669:65)
    at C:\Users\sh.kahrizi\Desktop\code\acorex-demo\node_modules\@angular\build\src\utils\server-rendering\prerender.js:166:35
    at async Promise.all (index 136)
    at async renderPages (C:\Users\sh.kahrizi\Desktop\code\acorex-demo\node_modules\@angular\build\src\utils\server-rendering\prerender.js:170:9)
    at async prerenderPages (C:\Users\sh.kahrizi\Desktop\code\acorex-demo\node_modules\@angular\build\src\utils\server-rendering\prerender.js:107:49)
    at async executePostBundleSteps (C:\Users\sh.kahrizi\Desktop\code\acorex-demo\node_modules\@angular\build\src\builders\application\execute-post-bundle.js:77:73)
    at async executeBuild (C:\Users\sh.kahrizi\Desktop\code\acorex-demo\node_modules\@angular\build\src\builders\application\execute-build.js:267:28)
    at async watch (C:\Users\sh.kahrizi\Desktop\code\acorex-demo\node_modules\@angular\build\src\builders\application\index.js:110:24)
    at async Task.task [as taskFn] (C:\Users\sh.kahrizi\Desktop\code\acorex-demo\node_modules\@angular\build\src\tools\esbuild\utils.js:138:26)[0m


[31mX [41;31m[[41;97mERROR[41;31m][0m [1mAn error occurred while prerendering route '/core/platform/usage'.

Error: Terminating worker thread
    at ThreadPool.destroy (C:\Users\sh.kahrizi\Desktop\code\acorex-demo\node_modules\piscina\dist\index.js:489:27)
    at WorkerPool.destroy (C:\Users\sh.kahrizi\Desktop\code\acorex-demo\node_modules\piscina\dist\index.js:669:65)
    at C:\Users\sh.kahrizi\Desktop\code\acorex-demo\node_modules\@angular\build\src\utils\server-rendering\prerender.js:166:35
    at async Promise.all (index 136)
    at async renderPages (C:\Users\sh.kahrizi\Desktop\code\acorex-demo\node_modules\@angular\build\src\utils\server-rendering\prerender.js:170:9)
    at async prerenderPages (C:\Users\sh.kahrizi\Desktop\code\acorex-demo\node_modules\@angular\build\src\utils\server-rendering\prerender.js:107:49)
    at async executePostBundleSteps (C:\Users\sh.kahrizi\Desktop\code\acorex-demo\node_modules\@angular\build\src\builders\application\execute-post-bundle.js:77:73)
    at async executeBuild (C:\Users\sh.kahrizi\Desktop\code\acorex-demo\node_modules\@angular\build\src\builders\application\execute-build.js:267:28)
    at async watch (C:\Users\sh.kahrizi\Desktop\code\acorex-demo\node_modules\@angular\build\src\builders\application\index.js:110:24)
    at async Task.task [as taskFn] (C:\Users\sh.kahrizi\Desktop\code\acorex-demo\node_modules\@angular\build\src\tools\esbuild\utils.js:138:26)[0m


[31mX [41;31m[[41;97mERROR[41;31m][0m [1mAn error occurred while prerendering route '/core/storage/usage'.

Error: Terminating worker thread
    at ThreadPool.destroy (C:\Users\sh.kahrizi\Desktop\code\acorex-demo\node_modules\piscina\dist\index.js:489:27)
    at WorkerPool.destroy (C:\Users\sh.kahrizi\Desktop\code\acorex-demo\node_modules\piscina\dist\index.js:669:65)
    at C:\Users\sh.kahrizi\Desktop\code\acorex-demo\node_modules\@angular\build\src\utils\server-rendering\prerender.js:166:35
    at async Promise.all (index 136)
    at async renderPages (C:\Users\sh.kahrizi\Desktop\code\acorex-demo\node_modules\@angular\build\src\utils\server-rendering\prerender.js:170:9)
    at async prerenderPages (C:\Users\sh.kahrizi\Desktop\code\acorex-demo\node_modules\@angular\build\src\utils\server-rendering\prerender.js:107:49)
    at async executePostBundleSteps (C:\Users\sh.kahrizi\Desktop\code\acorex-demo\node_modules\@angular\build\src\builders\application\execute-post-bundle.js:77:73)
    at async executeBuild (C:\Users\sh.kahrizi\Desktop\code\acorex-demo\node_modules\@angular\build\src\builders\application\execute-build.js:267:28)
    at async watch (C:\Users\sh.kahrizi\Desktop\code\acorex-demo\node_modules\@angular\build\src\builders\application\index.js:110:24)
    at async Task.task [as taskFn] (C:\Users\sh.kahrizi\Desktop\code\acorex-demo\node_modules\@angular\build\src\tools\esbuild\utils.js:138:26)[0m


[31mX [41;31m[[41;97mERROR[41;31m][0m [1mAn error occurred while prerendering route '/core/translation/usage'.

Error: Terminating worker thread
    at ThreadPool.destroy (C:\Users\sh.kahrizi\Desktop\code\acorex-demo\node_modules\piscina\dist\index.js:489:27)
    at WorkerPool.destroy (C:\Users\sh.kahrizi\Desktop\code\acorex-demo\node_modules\piscina\dist\index.js:669:65)
    at C:\Users\sh.kahrizi\Desktop\code\acorex-demo\node_modules\@angular\build\src\utils\server-rendering\prerender.js:166:35
    at async Promise.all (index 136)
    at async renderPages (C:\Users\sh.kahrizi\Desktop\code\acorex-demo\node_modules\@angular\build\src\utils\server-rendering\prerender.js:170:9)
    at async prerenderPages (C:\Users\sh.kahrizi\Desktop\code\acorex-demo\node_modules\@angular\build\src\utils\server-rendering\prerender.js:107:49)
    at async executePostBundleSteps (C:\Users\sh.kahrizi\Desktop\code\acorex-demo\node_modules\@angular\build\src\builders\application\execute-post-bundle.js:77:73)
    at async executeBuild (C:\Users\sh.kahrizi\Desktop\code\acorex-demo\node_modules\@angular\build\src\builders\application\execute-build.js:267:28)
    at async watch (C:\Users\sh.kahrizi\Desktop\code\acorex-demo\node_modules\@angular\build\src\builders\application\index.js:110:24)
    at async Task.task [as taskFn] (C:\Users\sh.kahrizi\Desktop\code\acorex-demo\node_modules\@angular\build\src\tools\esbuild\utils.js:138:26)[0m


[31mX [41;31m[[41;97mERROR[41;31m][0m [1mAn error occurred while prerendering route '/core/utils/usage'.

Error: Terminating worker thread
    at ThreadPool.destroy (C:\Users\sh.kahrizi\Desktop\code\acorex-demo\node_modules\piscina\dist\index.js:489:27)
    at WorkerPool.destroy (C:\Users\sh.kahrizi\Desktop\code\acorex-demo\node_modules\piscina\dist\index.js:669:65)
    at C:\Users\sh.kahrizi\Desktop\code\acorex-demo\node_modules\@angular\build\src\utils\server-rendering\prerender.js:166:35
    at async Promise.all (index 136)
    at async renderPages (C:\Users\sh.kahrizi\Desktop\code\acorex-demo\node_modules\@angular\build\src\utils\server-rendering\prerender.js:170:9)
    at async prerenderPages (C:\Users\sh.kahrizi\Desktop\code\acorex-demo\node_modules\@angular\build\src\utils\server-rendering\prerender.js:107:49)
    at async executePostBundleSteps (C:\Users\sh.kahrizi\Desktop\code\acorex-demo\node_modules\@angular\build\src\builders\application\execute-post-bundle.js:77:73)
    at async executeBuild (C:\Users\sh.kahrizi\Desktop\code\acorex-demo\node_modules\@angular\build\src\builders\application\execute-build.js:267:28)
    at async watch (C:\Users\sh.kahrizi\Desktop\code\acorex-demo\node_modules\@angular\build\src\builders\application\index.js:110:24)
    at async Task.task [as taskFn] (C:\Users\sh.kahrizi\Desktop\code\acorex-demo\node_modules\@angular\build\src\tools\esbuild\utils.js:138:26)[0m


[31mX [41;31m[[41;97mERROR[41;31m][0m [1mAn error occurred while prerendering route '/core/validation/usage'.

Error: Terminating worker thread
    at ThreadPool.destroy (C:\Users\sh.kahrizi\Desktop\code\acorex-demo\node_modules\piscina\dist\index.js:489:27)
    at WorkerPool.destroy (C:\Users\sh.kahrizi\Desktop\code\acorex-demo\node_modules\piscina\dist\index.js:669:65)
    at C:\Users\sh.kahrizi\Desktop\code\acorex-demo\node_modules\@angular\build\src\utils\server-rendering\prerender.js:166:35
    at async Promise.all (index 136)
    at async renderPages (C:\Users\sh.kahrizi\Desktop\code\acorex-demo\node_modules\@angular\build\src\utils\server-rendering\prerender.js:170:9)
    at async prerenderPages (C:\Users\sh.kahrizi\Desktop\code\acorex-demo\node_modules\@angular\build\src\utils\server-rendering\prerender.js:107:49)
    at async executePostBundleSteps (C:\Users\sh.kahrizi\Desktop\code\acorex-demo\node_modules\@angular\build\src\builders\application\execute-post-bundle.js:77:73)
    at async executeBuild (C:\Users\sh.kahrizi\Desktop\code\acorex-demo\node_modules\@angular\build\src\builders\application\execute-build.js:267:28)
    at async watch (C:\Users\sh.kahrizi\Desktop\code\acorex-demo\node_modules\@angular\build\src\builders\application\index.js:110:24)
    at async Task.task [as taskFn] (C:\Users\sh.kahrizi\Desktop\code\acorex-demo\node_modules\@angular\build\src\tools\esbuild\utils.js:138:26)[0m


[31mX [41;31m[[41;97mERROR[41;31m][0m [1mAn error occurred while prerendering route '/accordion/custom-header-template'.

Error: Terminating worker thread
    at ThreadPool.destroy (C:\Users\sh.kahrizi\Desktop\code\acorex-demo\node_modules\piscina\dist\index.js:489:27)
    at WorkerPool.destroy (C:\Users\sh.kahrizi\Desktop\code\acorex-demo\node_modules\piscina\dist\index.js:669:65)
    at C:\Users\sh.kahrizi\Desktop\code\acorex-demo\node_modules\@angular\build\src\utils\server-rendering\prerender.js:166:35
    at async Promise.all (index 136)
    at async renderPages (C:\Users\sh.kahrizi\Desktop\code\acorex-demo\node_modules\@angular\build\src\utils\server-rendering\prerender.js:170:9)
    at async prerenderPages (C:\Users\sh.kahrizi\Desktop\code\acorex-demo\node_modules\@angular\build\src\utils\server-rendering\prerender.js:107:49)
    at async executePostBundleSteps (C:\Users\sh.kahrizi\Desktop\code\acorex-demo\node_modules\@angular\build\src\builders\application\execute-post-bundle.js:77:73)
    at async executeBuild (C:\Users\sh.kahrizi\Desktop\code\acorex-demo\node_modules\@angular\build\src\builders\application\execute-build.js:267:28)
    at async watch (C:\Users\sh.kahrizi\Desktop\code\acorex-demo\node_modules\@angular\build\src\builders\application\index.js:110:24)
    at async Task.task [as taskFn] (C:\Users\sh.kahrizi\Desktop\code\acorex-demo\node_modules\@angular\build\src\tools\esbuild\utils.js:138:26)[0m


[31mX [41;31m[[41;97mERROR[41;31m][0m [1mAn error occurred while prerendering route '/action-sheet/usage'.

Error: Terminating worker thread
    at ThreadPool.destroy (C:\Users\sh.kahrizi\Desktop\code\acorex-demo\node_modules\piscina\dist\index.js:489:27)
    at WorkerPool.destroy (C:\Users\sh.kahrizi\Desktop\code\acorex-demo\node_modules\piscina\dist\index.js:669:65)
    at C:\Users\sh.kahrizi\Desktop\code\acorex-demo\node_modules\@angular\build\src\utils\server-rendering\prerender.js:166:35
    at async Promise.all (index 136)
    at async renderPages (C:\Users\sh.kahrizi\Desktop\code\acorex-demo\node_modules\@angular\build\src\utils\server-rendering\prerender.js:170:9)
    at async prerenderPages (C:\Users\sh.kahrizi\Desktop\code\acorex-demo\node_modules\@angular\build\src\utils\server-rendering\prerender.js:107:49)
    at async executePostBundleSteps (C:\Users\sh.kahrizi\Desktop\code\acorex-demo\node_modules\@angular\build\src\builders\application\execute-post-bundle.js:77:73)
    at async executeBuild (C:\Users\sh.kahrizi\Desktop\code\acorex-demo\node_modules\@angular\build\src\builders\application\execute-build.js:267:28)
    at async watch (C:\Users\sh.kahrizi\Desktop\code\acorex-demo\node_modules\@angular\build\src\builders\application\index.js:110:24)
    at async Task.task [as taskFn] (C:\Users\sh.kahrizi\Desktop\code\acorex-demo\node_modules\@angular\build\src\tools\esbuild\utils.js:138:26)[0m


[31mX [41;31m[[41;97mERROR[41;31m][0m [1mAn error occurred while prerendering route '/action-sheet/custom-content'.

Error: Terminating worker thread
    at ThreadPool.destroy (C:\Users\sh.kahrizi\Desktop\code\acorex-demo\node_modules\piscina\dist\index.js:489:27)
    at WorkerPool.destroy (C:\Users\sh.kahrizi\Desktop\code\acorex-demo\node_modules\piscina\dist\index.js:669:65)
    at C:\Users\sh.kahrizi\Desktop\code\acorex-demo\node_modules\@angular\build\src\utils\server-rendering\prerender.js:166:35
    at async Promise.all (index 136)
    at async renderPages (C:\Users\sh.kahrizi\Desktop\code\acorex-demo\node_modules\@angular\build\src\utils\server-rendering\prerender.js:170:9)
    at async prerenderPages (C:\Users\sh.kahrizi\Desktop\code\acorex-demo\node_modules\@angular\build\src\utils\server-rendering\prerender.js:107:49)
    at async executePostBundleSteps (C:\Users\sh.kahrizi\Desktop\code\acorex-demo\node_modules\@angular\build\src\builders\application\execute-post-bundle.js:77:73)
    at async executeBuild (C:\Users\sh.kahrizi\Desktop\code\acorex-demo\node_modules\@angular\build\src\builders\application\execute-build.js:267:28)
    at async watch (C:\Users\sh.kahrizi\Desktop\code\acorex-demo\node_modules\@angular\build\src\builders\application\index.js:110:24)
    at async Task.task [as taskFn] (C:\Users\sh.kahrizi\Desktop\code\acorex-demo\node_modules\@angular\build\src\tools\esbuild\utils.js:138:26)[0m


[31mX [41;31m[[41;97mERROR[41;31m][0m [1mAn error occurred while prerendering route '/action-sheet/both-mode'.

Error: Terminating worker thread
    at ThreadPool.destroy (C:\Users\sh.kahrizi\Desktop\code\acorex-demo\node_modules\piscina\dist\index.js:489:27)
    at WorkerPool.destroy (C:\Users\sh.kahrizi\Desktop\code\acorex-demo\node_modules\piscina\dist\index.js:669:65)
    at C:\Users\sh.kahrizi\Desktop\code\acorex-demo\node_modules\@angular\build\src\utils\server-rendering\prerender.js:166:35
    at async Promise.all (index 136)
    at async renderPages (C:\Users\sh.kahrizi\Desktop\code\acorex-demo\node_modules\@angular\build\src\utils\server-rendering\prerender.js:170:9)
    at async prerenderPages (C:\Users\sh.kahrizi\Desktop\code\acorex-demo\node_modules\@angular\build\src\utils\server-rendering\prerender.js:107:49)
    at async executePostBundleSteps (C:\Users\sh.kahrizi\Desktop\code\acorex-demo\node_modules\@angular\build\src\builders\application\execute-post-bundle.js:77:73)
    at async executeBuild (C:\Users\sh.kahrizi\Desktop\code\acorex-demo\node_modules\@angular\build\src\builders\application\execute-build.js:267:28)
    at async watch (C:\Users\sh.kahrizi\Desktop\code\acorex-demo\node_modules\@angular\build\src\builders\application\index.js:110:24)
    at async Task.task [as taskFn] (C:\Users\sh.kahrizi\Desktop\code\acorex-demo\node_modules\@angular\build\src\tools\esbuild\utils.js:138:26)[0m


[31mX [41;31m[[41;97mERROR[41;31m][0m [1mAn error occurred while prerendering route '/action-sheet/lifecycle-events'.

Error: Terminating worker thread
    at ThreadPool.destroy (C:\Users\sh.kahrizi\Desktop\code\acorex-demo\node_modules\piscina\dist\index.js:489:27)
    at WorkerPool.destroy (C:\Users\sh.kahrizi\Desktop\code\acorex-demo\node_modules\piscina\dist\index.js:669:65)
    at C:\Users\sh.kahrizi\Desktop\code\acorex-demo\node_modules\@angular\build\src\utils\server-rendering\prerender.js:166:35
    at async Promise.all (index 136)
    at async renderPages (C:\Users\sh.kahrizi\Desktop\code\acorex-demo\node_modules\@angular\build\src\utils\server-rendering\prerender.js:170:9)
    at async prerenderPages (C:\Users\sh.kahrizi\Desktop\code\acorex-demo\node_modules\@angular\build\src\utils\server-rendering\prerender.js:107:49)
    at async executePostBundleSteps (C:\Users\sh.kahrizi\Desktop\code\acorex-demo\node_modules\@angular\build\src\builders\application\execute-post-bundle.js:77:73)
    at async executeBuild (C:\Users\sh.kahrizi\Desktop\code\acorex-demo\node_modules\@angular\build\src\builders\application\execute-build.js:267:28)
    at async watch (C:\Users\sh.kahrizi\Desktop\code\acorex-demo\node_modules\@angular\build\src\builders\application\index.js:110:24)
    at async Task.task [as taskFn] (C:\Users\sh.kahrizi\Desktop\code\acorex-demo\node_modules\@angular\build\src\tools\esbuild\utils.js:138:26)[0m


[31mX [41;31m[[41;97mERROR[41;31m][0m [1mAn error occurred while prerendering route '/alert/inline'.

Error: Terminating worker thread
    at ThreadPool.destroy (C:\Users\sh.kahrizi\Desktop\code\acorex-demo\node_modules\piscina\dist\index.js:489:27)
    at WorkerPool.destroy (C:\Users\sh.kahrizi\Desktop\code\acorex-demo\node_modules\piscina\dist\index.js:669:65)
    at C:\Users\sh.kahrizi\Desktop\code\acorex-demo\node_modules\@angular\build\src\utils\server-rendering\prerender.js:166:35
    at async Promise.all (index 136)
    at async renderPages (C:\Users\sh.kahrizi\Desktop\code\acorex-demo\node_modules\@angular\build\src\utils\server-rendering\prerender.js:170:9)
    at async prerenderPages (C:\Users\sh.kahrizi\Desktop\code\acorex-demo\node_modules\@angular\build\src\utils\server-rendering\prerender.js:107:49)
    at async executePostBundleSteps (C:\Users\sh.kahrizi\Desktop\code\acorex-demo\node_modules\@angular\build\src\builders\application\execute-post-bundle.js:77:73)
    at async executeBuild (C:\Users\sh.kahrizi\Desktop\code\acorex-demo\node_modules\@angular\build\src\builders\application\execute-build.js:267:28)
    at async watch (C:\Users\sh.kahrizi\Desktop\code\acorex-demo\node_modules\@angular\build\src\builders\application\index.js:110:24)
    at async Task.task [as taskFn] (C:\Users\sh.kahrizi\Desktop\code\acorex-demo\node_modules\@angular\build\src\tools\esbuild\utils.js:138:26)[0m


[31mX [41;31m[[41;97mERROR[41;31m][0m [1mAn error occurred while prerendering route '/alert/auto-timeout'.

Error: Terminating worker thread
    at ThreadPool.destroy (C:\Users\sh.kahrizi\Desktop\code\acorex-demo\node_modules\piscina\dist\index.js:489:27)
    at WorkerPool.destroy (C:\Users\sh.kahrizi\Desktop\code\acorex-demo\node_modules\piscina\dist\index.js:669:65)
    at C:\Users\sh.kahrizi\Desktop\code\acorex-demo\node_modules\@angular\build\src\utils\server-rendering\prerender.js:166:35
    at async Promise.all (index 136)
    at async renderPages (C:\Users\sh.kahrizi\Desktop\code\acorex-demo\node_modules\@angular\build\src\utils\server-rendering\prerender.js:170:9)
    at async prerenderPages (C:\Users\sh.kahrizi\Desktop\code\acorex-demo\node_modules\@angular\build\src\utils\server-rendering\prerender.js:107:49)
    at async executePostBundleSteps (C:\Users\sh.kahrizi\Desktop\code\acorex-demo\node_modules\@angular\build\src\builders\application\execute-post-bundle.js:77:73)
    at async executeBuild (C:\Users\sh.kahrizi\Desktop\code\acorex-demo\node_modules\@angular\build\src\builders\application\execute-build.js:267:28)
    at async watch (C:\Users\sh.kahrizi\Desktop\code\acorex-demo\node_modules\@angular\build\src\builders\application\index.js:110:24)
    at async Task.task [as taskFn] (C:\Users\sh.kahrizi\Desktop\code\acorex-demo\node_modules\@angular\build\src\tools\esbuild\utils.js:138:26)[0m


[31mX [41;31m[[41;97mERROR[41;31m][0m [1mAn error occurred while prerendering route '/alert/color-variants'.

Error: Terminating worker thread
    at ThreadPool.destroy (C:\Users\sh.kahrizi\Desktop\code\acorex-demo\node_modules\piscina\dist\index.js:489:27)
    at WorkerPool.destroy (C:\Users\sh.kahrizi\Desktop\code\acorex-demo\node_modules\piscina\dist\index.js:669:65)
    at C:\Users\sh.kahrizi\Desktop\code\acorex-demo\node_modules\@angular\build\src\utils\server-rendering\prerender.js:166:35
    at async Promise.all (index 136)
    at async renderPages (C:\Users\sh.kahrizi\Desktop\code\acorex-demo\node_modules\@angular\build\src\utils\server-rendering\prerender.js:170:9)
    at async prerenderPages (C:\Users\sh.kahrizi\Desktop\code\acorex-demo\node_modules\@angular\build\src\utils\server-rendering\prerender.js:107:49)
    at async executePostBundleSteps (C:\Users\sh.kahrizi\Desktop\code\acorex-demo\node_modules\@angular\build\src\builders\application\execute-post-bundle.js:77:73)
    at async executeBuild (C:\Users\sh.kahrizi\Desktop\code\acorex-demo\node_modules\@angular\build\src\builders\application\execute-build.js:267:28)
    at async watch (C:\Users\sh.kahrizi\Desktop\code\acorex-demo\node_modules\@angular\build\src\builders\application\index.js:110:24)
    at async Task.task [as taskFn] (C:\Users\sh.kahrizi\Desktop\code\acorex-demo\node_modules\@angular\build\src\tools\esbuild\utils.js:138:26)[0m


[31mX [41;31m[[41;97mERROR[41;31m][0m [1mAn error occurred while prerendering route '/alert/block-layout'.

Error: Terminating worker thread
    at ThreadPool.destroy (C:\Users\sh.kahrizi\Desktop\code\acorex-demo\node_modules\piscina\dist\index.js:489:27)
    at WorkerPool.destroy (C:\Users\sh.kahrizi\Desktop\code\acorex-demo\node_modules\piscina\dist\index.js:669:65)
    at C:\Users\sh.kahrizi\Desktop\code\acorex-demo\node_modules\@angular\build\src\utils\server-rendering\prerender.js:166:35
    at async Promise.all (index 136)
    at async renderPages (C:\Users\sh.kahrizi\Desktop\code\acorex-demo\node_modules\@angular\build\src\utils\server-rendering\prerender.js:170:9)
    at async prerenderPages (C:\Users\sh.kahrizi\Desktop\code\acorex-demo\node_modules\@angular\build\src\utils\server-rendering\prerender.js:107:49)
    at async executePostBundleSteps (C:\Users\sh.kahrizi\Desktop\code\acorex-demo\node_modules\@angular\build\src\builders\application\execute-post-bundle.js:77:73)
    at async executeBuild (C:\Users\sh.kahrizi\Desktop\code\acorex-demo\node_modules\@angular\build\src\builders\application\execute-build.js:267:28)
    at async watch (C:\Users\sh.kahrizi\Desktop\code\acorex-demo\node_modules\@angular\build\src\builders\application\index.js:110:24)
    at async Task.task [as taskFn] (C:\Users\sh.kahrizi\Desktop\code\acorex-demo\node_modules\@angular\build\src\tools\esbuild\utils.js:138:26)[0m


[31mX [41;31m[[41;97mERROR[41;31m][0m [1mAn error occurred while prerendering route '/alert/long-content'.

Error: Terminating worker thread
    at ThreadPool.destroy (C:\Users\sh.kahrizi\Desktop\code\acorex-demo\node_modules\piscina\dist\index.js:489:27)
    at WorkerPool.destroy (C:\Users\sh.kahrizi\Desktop\code\acorex-demo\node_modules\piscina\dist\index.js:669:65)
    at C:\Users\sh.kahrizi\Desktop\code\acorex-demo\node_modules\@angular\build\src\utils\server-rendering\prerender.js:166:35
    at async Promise.all (index 136)
    at async renderPages (C:\Users\sh.kahrizi\Desktop\code\acorex-demo\node_modules\@angular\build\src\utils\server-rendering\prerender.js:170:9)
    at async prerenderPages (C:\Users\sh.kahrizi\Desktop\code\acorex-demo\node_modules\@angular\build\src\utils\server-rendering\prerender.js:107:49)
    at async executePostBundleSteps (C:\Users\sh.kahrizi\Desktop\code\acorex-demo\node_modules\@angular\build\src\builders\application\execute-post-bundle.js:77:73)
    at async executeBuild (C:\Users\sh.kahrizi\Desktop\code\acorex-demo\node_modules\@angular\build\src\builders\application\execute-build.js:267:28)
    at async watch (C:\Users\sh.kahrizi\Desktop\code\acorex-demo\node_modules\@angular\build\src\builders\application\index.js:110:24)
    at async Task.task [as taskFn] (C:\Users\sh.kahrizi\Desktop\code\acorex-demo\node_modules\@angular\build\src\tools\esbuild\utils.js:138:26)[0m


[31mX [41;31m[[41;97mERROR[41;31m][0m [1mAn error occurred while prerendering route '/avatar/size'.

Error: Terminating worker thread
    at ThreadPool.destroy (C:\Users\sh.kahrizi\Desktop\code\acorex-demo\node_modules\piscina\dist\index.js:489:27)
    at WorkerPool.destroy (C:\Users\sh.kahrizi\Desktop\code\acorex-demo\node_modules\piscina\dist\index.js:669:65)
    at C:\Users\sh.kahrizi\Desktop\code\acorex-demo\node_modules\@angular\build\src\utils\server-rendering\prerender.js:166:35
    at async Promise.all (index 136)
    at async renderPages (C:\Users\sh.kahrizi\Desktop\code\acorex-demo\node_modules\@angular\build\src\utils\server-rendering\prerender.js:170:9)
    at async prerenderPages (C:\Users\sh.kahrizi\Desktop\code\acorex-demo\node_modules\@angular\build\src\utils\server-rendering\prerender.js:107:49)
    at async executePostBundleSteps (C:\Users\sh.kahrizi\Desktop\code\acorex-demo\node_modules\@angular\build\src\builders\application\execute-post-bundle.js:77:73)
    at async executeBuild (C:\Users\sh.kahrizi\Desktop\code\acorex-demo\node_modules\@angular\build\src\builders\application\execute-build.js:267:28)
    at async watch (C:\Users\sh.kahrizi\Desktop\code\acorex-demo\node_modules\@angular\build\src\builders\application\index.js:110:24)
    at async Task.task [as taskFn] (C:\Users\sh.kahrizi\Desktop\code\acorex-demo\node_modules\@angular\build\src\tools\esbuild\utils.js:138:26)[0m


[31mX [41;31m[[41;97mERROR[41;31m][0m [1mAn error occurred while prerendering route '/avatar/icon-mode'.

Error: Terminating worker thread
    at ThreadPool.destroy (C:\Users\sh.kahrizi\Desktop\code\acorex-demo\node_modules\piscina\dist\index.js:489:27)
    at WorkerPool.destroy (C:\Users\sh.kahrizi\Desktop\code\acorex-demo\node_modules\piscina\dist\index.js:669:65)
    at C:\Users\sh.kahrizi\Desktop\code\acorex-demo\node_modules\@angular\build\src\utils\server-rendering\prerender.js:166:35
    at async Promise.all (index 136)
    at async renderPages (C:\Users\sh.kahrizi\Desktop\code\acorex-demo\node_modules\@angular\build\src\utils\server-rendering\prerender.js:170:9)
    at async prerenderPages (C:\Users\sh.kahrizi\Desktop\code\acorex-demo\node_modules\@angular\build\src\utils\server-rendering\prerender.js:107:49)
    at async executePostBundleSteps (C:\Users\sh.kahrizi\Desktop\code\acorex-demo\node_modules\@angular\build\src\builders\application\execute-post-bundle.js:77:73)
    at async executeBuild (C:\Users\sh.kahrizi\Desktop\code\acorex-demo\node_modules\@angular\build\src\builders\application\execute-build.js:267:28)
    at async watch (C:\Users\sh.kahrizi\Desktop\code\acorex-demo\node_modules\@angular\build\src\builders\application\index.js:110:24)
    at async Task.task [as taskFn] (C:\Users\sh.kahrizi\Desktop\code\acorex-demo\node_modules\@angular\build\src\tools\esbuild\utils.js:138:26)[0m


[31mX [41;31m[[41;97mERROR[41;31m][0m [1mAn error occurred while prerendering route '/avatar/look'.

Error: Terminating worker thread
    at ThreadPool.destroy (C:\Users\sh.kahrizi\Desktop\code\acorex-demo\node_modules\piscina\dist\index.js:489:27)
    at WorkerPool.destroy (C:\Users\sh.kahrizi\Desktop\code\acorex-demo\node_modules\piscina\dist\index.js:669:65)
    at C:\Users\sh.kahrizi\Desktop\code\acorex-demo\node_modules\@angular\build\src\utils\server-rendering\prerender.js:166:35
    at async Promise.all (index 136)
    at async renderPages (C:\Users\sh.kahrizi\Desktop\code\acorex-demo\node_modules\@angular\build\src\utils\server-rendering\prerender.js:170:9)
    at async prerenderPages (C:\Users\sh.kahrizi\Desktop\code\acorex-demo\node_modules\@angular\build\src\utils\server-rendering\prerender.js:107:49)
    at async executePostBundleSteps (C:\Users\sh.kahrizi\Desktop\code\acorex-demo\node_modules\@angular\build\src\builders\application\execute-post-bundle.js:77:73)
    at async executeBuild (C:\Users\sh.kahrizi\Desktop\code\acorex-demo\node_modules\@angular\build\src\builders\application\execute-build.js:267:28)
    at async watch (C:\Users\sh.kahrizi\Desktop\code\acorex-demo\node_modules\@angular\build\src\builders\application\index.js:110:24)
    at async Task.task [as taskFn] (C:\Users\sh.kahrizi\Desktop\code\acorex-demo\node_modules\@angular\build\src\tools\esbuild\utils.js:138:26)[0m


[31mX [41;31m[[41;97mERROR[41;31m][0m [1mAn error occurred while prerendering route '/avatar/avatar-group'.

Error: Terminating worker thread
    at ThreadPool.destroy (C:\Users\sh.kahrizi\Desktop\code\acorex-demo\node_modules\piscina\dist\index.js:489:27)
    at WorkerPool.destroy (C:\Users\sh.kahrizi\Desktop\code\acorex-demo\node_modules\piscina\dist\index.js:669:65)
    at C:\Users\sh.kahrizi\Desktop\code\acorex-demo\node_modules\@angular\build\src\utils\server-rendering\prerender.js:166:35
    at async Promise.all (index 136)
    at async renderPages (C:\Users\sh.kahrizi\Desktop\code\acorex-demo\node_modules\@angular\build\src\utils\server-rendering\prerender.js:170:9)
    at async prerenderPages (C:\Users\sh.kahrizi\Desktop\code\acorex-demo\node_modules\@angular\build\src\utils\server-rendering\prerender.js:107:49)
    at async executePostBundleSteps (C:\Users\sh.kahrizi\Desktop\code\acorex-demo\node_modules\@angular\build\src\builders\application\execute-post-bundle.js:77:73)
    at async executeBuild (C:\Users\sh.kahrizi\Desktop\code\acorex-demo\node_modules\@angular\build\src\builders\application\execute-build.js:267:28)
    at async watch (C:\Users\sh.kahrizi\Desktop\code\acorex-demo\node_modules\@angular\build\src\builders\application\index.js:110:24)
    at async Task.task [as taskFn] (C:\Users\sh.kahrizi\Desktop\code\acorex-demo\node_modules\@angular\build\src\tools\esbuild\utils.js:138:26)[0m


[31mX [41;31m[[41;97mERROR[41;31m][0m [1mAn error occurred while prerendering route '/avatar/events'.

Error: Terminating worker thread
    at ThreadPool.destroy (C:\Users\sh.kahrizi\Desktop\code\acorex-demo\node_modules\piscina\dist\index.js:489:27)
    at WorkerPool.destroy (C:\Users\sh.kahrizi\Desktop\code\acorex-demo\node_modules\piscina\dist\index.js:669:65)
    at C:\Users\sh.kahrizi\Desktop\code\acorex-demo\node_modules\@angular\build\src\utils\server-rendering\prerender.js:166:35
    at async Promise.all (index 136)
    at async renderPages (C:\Users\sh.kahrizi\Desktop\code\acorex-demo\node_modules\@angular\build\src\utils\server-rendering\prerender.js:170:9)
    at async prerenderPages (C:\Users\sh.kahrizi\Desktop\code\acorex-demo\node_modules\@angular\build\src\utils\server-rendering\prerender.js:107:49)
    at async executePostBundleSteps (C:\Users\sh.kahrizi\Desktop\code\acorex-demo\node_modules\@angular\build\src\builders\application\execute-post-bundle.js:77:73)
    at async executeBuild (C:\Users\sh.kahrizi\Desktop\code\acorex-demo\node_modules\@angular\build\src\builders\application\execute-build.js:267:28)
    at async watch (C:\Users\sh.kahrizi\Desktop\code\acorex-demo\node_modules\@angular\build\src\builders\application\index.js:110:24)
    at async Task.task [as taskFn] (C:\Users\sh.kahrizi\Desktop\code\acorex-demo\node_modules\@angular\build\src\tools\esbuild\utils.js:138:26)[0m


[31mX [41;31m[[41;97mERROR[41;31m][0m [1mAn error occurred while prerendering route '/avatar/content'.

Error: Terminating worker thread
    at ThreadPool.destroy (C:\Users\sh.kahrizi\Desktop\code\acorex-demo\node_modules\piscina\dist\index.js:489:27)
    at WorkerPool.destroy (C:\Users\sh.kahrizi\Desktop\code\acorex-demo\node_modules\piscina\dist\index.js:669:65)
    at C:\Users\sh.kahrizi\Desktop\code\acorex-demo\node_modules\@angular\build\src\utils\server-rendering\prerender.js:166:35
    at async Promise.all (index 136)
    at async renderPages (C:\Users\sh.kahrizi\Desktop\code\acorex-demo\node_modules\@angular\build\src\utils\server-rendering\prerender.js:170:9)
    at async prerenderPages (C:\Users\sh.kahrizi\Desktop\code\acorex-demo\node_modules\@angular\build\src\utils\server-rendering\prerender.js:107:49)
    at async executePostBundleSteps (C:\Users\sh.kahrizi\Desktop\code\acorex-demo\node_modules\@angular\build\src\builders\application\execute-post-bundle.js:77:73)
    at async executeBuild (C:\Users\sh.kahrizi\Desktop\code\acorex-demo\node_modules\@angular\build\src\builders\application\execute-build.js:267:28)
    at async watch (C:\Users\sh.kahrizi\Desktop\code\acorex-demo\node_modules\@angular\build\src\builders\application\index.js:110:24)
    at async Task.task [as taskFn] (C:\Users\sh.kahrizi\Desktop\code\acorex-demo\node_modules\@angular\build\src\tools\esbuild\utils.js:138:26)[0m


[31mX [41;31m[[41;97mERROR[41;31m][0m [1mAn error occurred while prerendering route '/badge/usage'.

Error: Terminating worker thread
    at ThreadPool.destroy (C:\Users\sh.kahrizi\Desktop\code\acorex-demo\node_modules\piscina\dist\index.js:489:27)
    at WorkerPool.destroy (C:\Users\sh.kahrizi\Desktop\code\acorex-demo\node_modules\piscina\dist\index.js:669:65)
    at C:\Users\sh.kahrizi\Desktop\code\acorex-demo\node_modules\@angular\build\src\utils\server-rendering\prerender.js:166:35
    at async Promise.all (index 136)
    at async renderPages (C:\Users\sh.kahrizi\Desktop\code\acorex-demo\node_modules\@angular\build\src\utils\server-rendering\prerender.js:170:9)
    at async prerenderPages (C:\Users\sh.kahrizi\Desktop\code\acorex-demo\node_modules\@angular\build\src\utils\server-rendering\prerender.js:107:49)
    at async executePostBundleSteps (C:\Users\sh.kahrizi\Desktop\code\acorex-demo\node_modules\@angular\build\src\builders\application\execute-post-bundle.js:77:73)
    at async executeBuild (C:\Users\sh.kahrizi\Desktop\code\acorex-demo\node_modules\@angular\build\src\builders\application\execute-build.js:267:28)
    at async watch (C:\Users\sh.kahrizi\Desktop\code\acorex-demo\node_modules\@angular\build\src\builders\application\index.js:110:24)
    at async Task.task [as taskFn] (C:\Users\sh.kahrizi\Desktop\code\acorex-demo\node_modules\@angular\build\src\tools\esbuild\utils.js:138:26)[0m


[31mX [41;31m[[41;97mERROR[41;31m][0m [1mAn error occurred while prerendering route '/badge/look'.

Error: Terminating worker thread
    at ThreadPool.destroy (C:\Users\sh.kahrizi\Desktop\code\acorex-demo\node_modules\piscina\dist\index.js:489:27)
    at WorkerPool.destroy (C:\Users\sh.kahrizi\Desktop\code\acorex-demo\node_modules\piscina\dist\index.js:669:65)
    at C:\Users\sh.kahrizi\Desktop\code\acorex-demo\node_modules\@angular\build\src\utils\server-rendering\prerender.js:166:35
    at async Promise.all (index 136)
    at async renderPages (C:\Users\sh.kahrizi\Desktop\code\acorex-demo\node_modules\@angular\build\src\utils\server-rendering\prerender.js:170:9)
    at async prerenderPages (C:\Users\sh.kahrizi\Desktop\code\acorex-demo\node_modules\@angular\build\src\utils\server-rendering\prerender.js:107:49)
    at async executePostBundleSteps (C:\Users\sh.kahrizi\Desktop\code\acorex-demo\node_modules\@angular\build\src\builders\application\execute-post-bundle.js:77:73)
    at async executeBuild (C:\Users\sh.kahrizi\Desktop\code\acorex-demo\node_modules\@angular\build\src\builders\application\execute-build.js:267:28)
    at async watch (C:\Users\sh.kahrizi\Desktop\code\acorex-demo\node_modules\@angular\build\src\builders\application\index.js:110:24)
    at async Task.task [as taskFn] (C:\Users\sh.kahrizi\Desktop\code\acorex-demo\node_modules\@angular\build\src\tools\esbuild\utils.js:138:26)[0m


[31mX [41;31m[[41;97mERROR[41;31m][0m [1mAn error occurred while prerendering route '/badge/badge-in-button'.

Error: Terminating worker thread
    at ThreadPool.destroy (C:\Users\sh.kahrizi\Desktop\code\acorex-demo\node_modules\piscina\dist\index.js:489:27)
    at WorkerPool.destroy (C:\Users\sh.kahrizi\Desktop\code\acorex-demo\node_modules\piscina\dist\index.js:669:65)
    at C:\Users\sh.kahrizi\Desktop\code\acorex-demo\node_modules\@angular\build\src\utils\server-rendering\prerender.js:166:35
    at async Promise.all (index 136)
    at async renderPages (C:\Users\sh.kahrizi\Desktop\code\acorex-demo\node_modules\@angular\build\src\utils\server-rendering\prerender.js:170:9)
    at async prerenderPages (C:\Users\sh.kahrizi\Desktop\code\acorex-demo\node_modules\@angular\build\src\utils\server-rendering\prerender.js:107:49)
    at async executePostBundleSteps (C:\Users\sh.kahrizi\Desktop\code\acorex-demo\node_modules\@angular\build\src\builders\application\execute-post-bundle.js:77:73)
    at async executeBuild (C:\Users\sh.kahrizi\Desktop\code\acorex-demo\node_modules\@angular\build\src\builders\application\execute-build.js:267:28)
    at async watch (C:\Users\sh.kahrizi\Desktop\code\acorex-demo\node_modules\@angular\build\src\builders\application\index.js:110:24)
    at async Task.task [as taskFn] (C:\Users\sh.kahrizi\Desktop\code\acorex-demo\node_modules\@angular\build\src\tools\esbuild\utils.js:138:26)[0m


[31mX [41;31m[[41;97mERROR[41;31m][0m [1mAn error occurred while prerendering route '/badge/prefix-suffix'.

Error: Terminating worker thread
    at ThreadPool.destroy (C:\Users\sh.kahrizi\Desktop\code\acorex-demo\node_modules\piscina\dist\index.js:489:27)
    at WorkerPool.destroy (C:\Users\sh.kahrizi\Desktop\code\acorex-demo\node_modules\piscina\dist\index.js:669:65)
    at C:\Users\sh.kahrizi\Desktop\code\acorex-demo\node_modules\@angular\build\src\utils\server-rendering\prerender.js:166:35
    at async Promise.all (index 136)
    at async renderPages (C:\Users\sh.kahrizi\Desktop\code\acorex-demo\node_modules\@angular\build\src\utils\server-rendering\prerender.js:170:9)
    at async prerenderPages (C:\Users\sh.kahrizi\Desktop\code\acorex-demo\node_modules\@angular\build\src\utils\server-rendering\prerender.js:107:49)
    at async executePostBundleSteps (C:\Users\sh.kahrizi\Desktop\code\acorex-demo\node_modules\@angular\build\src\builders\application\execute-post-bundle.js:77:73)
    at async executeBuild (C:\Users\sh.kahrizi\Desktop\code\acorex-demo\node_modules\@angular\build\src\builders\application\execute-build.js:267:28)
    at async watch (C:\Users\sh.kahrizi\Desktop\code\acorex-demo\node_modules\@angular\build\src\builders\application\index.js:110:24)
    at async Task.task [as taskFn] (C:\Users\sh.kahrizi\Desktop\code\acorex-demo\node_modules\@angular\build\src\tools\esbuild\utils.js:138:26)[0m


[31mX [41;31m[[41;97mERROR[41;31m][0m [1mAn error occurred while prerendering route '/bottom-navigation/has-border'.

Error: Terminating worker thread
    at ThreadPool.destroy (C:\Users\sh.kahrizi\Desktop\code\acorex-demo\node_modules\piscina\dist\index.js:489:27)
    at WorkerPool.destroy (C:\Users\sh.kahrizi\Desktop\code\acorex-demo\node_modules\piscina\dist\index.js:669:65)
    at C:\Users\sh.kahrizi\Desktop\code\acorex-demo\node_modules\@angular\build\src\utils\server-rendering\prerender.js:166:35
    at async Promise.all (index 136)
    at async renderPages (C:\Users\sh.kahrizi\Desktop\code\acorex-demo\node_modules\@angular\build\src\utils\server-rendering\prerender.js:170:9)
    at async prerenderPages (C:\Users\sh.kahrizi\Desktop\code\acorex-demo\node_modules\@angular\build\src\utils\server-rendering\prerender.js:107:49)
    at async executePostBundleSteps (C:\Users\sh.kahrizi\Desktop\code\acorex-demo\node_modules\@angular\build\src\builders\application\execute-post-bundle.js:77:73)
    at async executeBuild (C:\Users\sh.kahrizi\Desktop\code\acorex-demo\node_modules\@angular\build\src\builders\application\execute-build.js:267:28)
    at async watch (C:\Users\sh.kahrizi\Desktop\code\acorex-demo\node_modules\@angular\build\src\builders\application\index.js:110:24)
    at async Task.task [as taskFn] (C:\Users\sh.kahrizi\Desktop\code\acorex-demo\node_modules\@angular\build\src\tools\esbuild\utils.js:138:26)[0m


[31mX [41;31m[[41;97mERROR[41;31m][0m [1mAn error occurred while prerendering route '/bottom-navigation/prefix-suffix'.

Error: Terminating worker thread
    at ThreadPool.destroy (C:\Users\sh.kahrizi\Desktop\code\acorex-demo\node_modules\piscina\dist\index.js:489:27)
    at WorkerPool.destroy (C:\Users\sh.kahrizi\Desktop\code\acorex-demo\node_modules\piscina\dist\index.js:669:65)
    at C:\Users\sh.kahrizi\Desktop\code\acorex-demo\node_modules\@angular\build\src\utils\server-rendering\prerender.js:166:35
    at async Promise.all (index 136)
    at async renderPages (C:\Users\sh.kahrizi\Desktop\code\acorex-demo\node_modules\@angular\build\src\utils\server-rendering\prerender.js:170:9)
    at async prerenderPages (C:\Users\sh.kahrizi\Desktop\code\acorex-demo\node_modules\@angular\build\src\utils\server-rendering\prerender.js:107:49)
    at async executePostBundleSteps (C:\Users\sh.kahrizi\Desktop\code\acorex-demo\node_modules\@angular\build\src\builders\application\execute-post-bundle.js:77:73)
    at async executeBuild (C:\Users\sh.kahrizi\Desktop\code\acorex-demo\node_modules\@angular\build\src\builders\application\execute-build.js:267:28)
    at async watch (C:\Users\sh.kahrizi\Desktop\code\acorex-demo\node_modules\@angular\build\src\builders\application\index.js:110:24)
    at async Task.task [as taskFn] (C:\Users\sh.kahrizi\Desktop\code\acorex-demo\node_modules\@angular\build\src\tools\esbuild\utils.js:138:26)[0m


[31mX [41;31m[[41;97mERROR[41;31m][0m [1mAn error occurred while prerendering route '/bottom-navigation/look'.

Error: Terminating worker thread
    at ThreadPool.destroy (C:\Users\sh.kahrizi\Desktop\code\acorex-demo\node_modules\piscina\dist\index.js:489:27)
    at WorkerPool.destroy (C:\Users\sh.kahrizi\Desktop\code\acorex-demo\node_modules\piscina\dist\index.js:669:65)
    at C:\Users\sh.kahrizi\Desktop\code\acorex-demo\node_modules\@angular\build\src\utils\server-rendering\prerender.js:166:35
    at async Promise.all (index 136)
    at async renderPages (C:\Users\sh.kahrizi\Desktop\code\acorex-demo\node_modules\@angular\build\src\utils\server-rendering\prerender.js:170:9)
    at async prerenderPages (C:\Users\sh.kahrizi\Desktop\code\acorex-demo\node_modules\@angular\build\src\utils\server-rendering\prerender.js:107:49)
    at async executePostBundleSteps (C:\Users\sh.kahrizi\Desktop\code\acorex-demo\node_modules\@angular\build\src\builders\application\execute-post-bundle.js:77:73)
    at async executeBuild (C:\Users\sh.kahrizi\Desktop\code\acorex-demo\node_modules\@angular\build\src\builders\application\execute-build.js:267:28)
    at async watch (C:\Users\sh.kahrizi\Desktop\code\acorex-demo\node_modules\@angular\build\src\builders\application\index.js:110:24)
    at async Task.task [as taskFn] (C:\Users\sh.kahrizi\Desktop\code\acorex-demo\node_modules\@angular\build\src\tools\esbuild\utils.js:138:26)[0m


[31mX [41;31m[[41;97mERROR[41;31m][0m [1mAn error occurred while prerendering route '/bottom-navigation/many-items'.

Error: Terminating worker thread
    at ThreadPool.destroy (C:\Users\sh.kahrizi\Desktop\code\acorex-demo\node_modules\piscina\dist\index.js:489:27)
    at WorkerPool.destroy (C:\Users\sh.kahrizi\Desktop\code\acorex-demo\node_modules\piscina\dist\index.js:669:65)
    at C:\Users\sh.kahrizi\Desktop\code\acorex-demo\node_modules\@angular\build\src\utils\server-rendering\prerender.js:166:35
    at async Promise.all (index 136)
    at async renderPages (C:\Users\sh.kahrizi\Desktop\code\acorex-demo\node_modules\@angular\build\src\utils\server-rendering\prerender.js:170:9)
    at async prerenderPages (C:\Users\sh.kahrizi\Desktop\code\acorex-demo\node_modules\@angular\build\src\utils\server-rendering\prerender.js:107:49)
    at async executePostBundleSteps (C:\Users\sh.kahrizi\Desktop\code\acorex-demo\node_modules\@angular\build\src\builders\application\execute-post-bundle.js:77:73)
    at async executeBuild (C:\Users\sh.kahrizi\Desktop\code\acorex-demo\node_modules\@angular\build\src\builders\application\execute-build.js:267:28)
    at async watch (C:\Users\sh.kahrizi\Desktop\code\acorex-demo\node_modules\@angular\build\src\builders\application\index.js:110:24)
    at async Task.task [as taskFn] (C:\Users\sh.kahrizi\Desktop\code\acorex-demo\node_modules\@angular\build\src\tools\esbuild\utils.js:138:26)[0m


[31mX [41;31m[[41;97mERROR[41;31m][0m [1mAn error occurred while prerendering route '/breadcrumb/activated-mode'.

Error: Terminating worker thread
    at ThreadPool.destroy (C:\Users\sh.kahrizi\Desktop\code\acorex-demo\node_modules\piscina\dist\index.js:489:27)
    at WorkerPool.destroy (C:\Users\sh.kahrizi\Desktop\code\acorex-demo\node_modules\piscina\dist\index.js:669:65)
    at C:\Users\sh.kahrizi\Desktop\code\acorex-demo\node_modules\@angular\build\src\utils\server-rendering\prerender.js:166:35
    at async Promise.all (index 136)
    at async renderPages (C:\Users\sh.kahrizi\Desktop\code\acorex-demo\node_modules\@angular\build\src\utils\server-rendering\prerender.js:170:9)
    at async prerenderPages (C:\Users\sh.kahrizi\Desktop\code\acorex-demo\node_modules\@angular\build\src\utils\server-rendering\prerender.js:107:49)
    at async executePostBundleSteps (C:\Users\sh.kahrizi\Desktop\code\acorex-demo\node_modules\@angular\build\src\builders\application\execute-post-bundle.js:77:73)
    at async executeBuild (C:\Users\sh.kahrizi\Desktop\code\acorex-demo\node_modules\@angular\build\src\builders\application\execute-build.js:267:28)
    at async watch (C:\Users\sh.kahrizi\Desktop\code\acorex-demo\node_modules\@angular\build\src\builders\application\index.js:110:24)
    at async Task.task [as taskFn] (C:\Users\sh.kahrizi\Desktop\code\acorex-demo\node_modules\@angular\build\src\tools\esbuild\utils.js:138:26)[0m


[31mX [41;31m[[41;97mERROR[41;31m][0m [1mAn error occurred while prerendering route '/breadcrumb/icon-mode'.

Error: Terminating worker thread
    at ThreadPool.destroy (C:\Users\sh.kahrizi\Desktop\code\acorex-demo\node_modules\piscina\dist\index.js:489:27)
    at WorkerPool.destroy (C:\Users\sh.kahrizi\Desktop\code\acorex-demo\node_modules\piscina\dist\index.js:669:65)
    at C:\Users\sh.kahrizi\Desktop\code\acorex-demo\node_modules\@angular\build\src\utils\server-rendering\prerender.js:166:35
    at async Promise.all (index 136)
    at async renderPages (C:\Users\sh.kahrizi\Desktop\code\acorex-demo\node_modules\@angular\build\src\utils\server-rendering\prerender.js:170:9)
    at async prerenderPages (C:\Users\sh.kahrizi\Desktop\code\acorex-demo\node_modules\@angular\build\src\utils\server-rendering\prerender.js:107:49)
    at async executePostBundleSteps (C:\Users\sh.kahrizi\Desktop\code\acorex-demo\node_modules\@angular\build\src\builders\application\execute-post-bundle.js:77:73)
    at async executeBuild (C:\Users\sh.kahrizi\Desktop\code\acorex-demo\node_modules\@angular\build\src\builders\application\execute-build.js:267:28)
    at async watch (C:\Users\sh.kahrizi\Desktop\code\acorex-demo\node_modules\@angular\build\src\builders\application\index.js:110:24)
    at async Task.task [as taskFn] (C:\Users\sh.kahrizi\Desktop\code\acorex-demo\node_modules\@angular\build\src\tools\esbuild\utils.js:138:26)[0m


[31mX [41;31m[[41;97mERROR[41;31m][0m [1mAn error occurred while prerendering route '/breadcrumb/prefix-suffix'.

Error: Terminating worker thread
    at ThreadPool.destroy (C:\Users\sh.kahrizi\Desktop\code\acorex-demo\node_modules\piscina\dist\index.js:489:27)
    at WorkerPool.destroy (C:\Users\sh.kahrizi\Desktop\code\acorex-demo\node_modules\piscina\dist\index.js:669:65)
    at C:\Users\sh.kahrizi\Desktop\code\acorex-demo\node_modules\@angular\build\src\utils\server-rendering\prerender.js:166:35
    at async Promise.all (index 136)
    at async renderPages (C:\Users\sh.kahrizi\Desktop\code\acorex-demo\node_modules\@angular\build\src\utils\server-rendering\prerender.js:170:9)
    at async prerenderPages (C:\Users\sh.kahrizi\Desktop\code\acorex-demo\node_modules\@angular\build\src\utils\server-rendering\prerender.js:107:49)
    at async executePostBundleSteps (C:\Users\sh.kahrizi\Desktop\code\acorex-demo\node_modules\@angular\build\src\builders\application\execute-post-bundle.js:77:73)
    at async executeBuild (C:\Users\sh.kahrizi\Desktop\code\acorex-demo\node_modules\@angular\build\src\builders\application\execute-build.js:267:28)
    at async watch (C:\Users\sh.kahrizi\Desktop\code\acorex-demo\node_modules\@angular\build\src\builders\application\index.js:110:24)
    at async Task.task [as taskFn] (C:\Users\sh.kahrizi\Desktop\code\acorex-demo\node_modules\@angular\build\src\tools\esbuild\utils.js:138:26)[0m


[31mX [41;31m[[41;97mERROR[41;31m][0m [1mAn error occurred while prerendering route '/breadcrumb/overflow-scroll'.

Error: Terminating worker thread
    at ThreadPool.destroy (C:\Users\sh.kahrizi\Desktop\code\acorex-demo\node_modules\piscina\dist\index.js:489:27)
    at WorkerPool.destroy (C:\Users\sh.kahrizi\Desktop\code\acorex-demo\node_modules\piscina\dist\index.js:669:65)
    at C:\Users\sh.kahrizi\Desktop\code\acorex-demo\node_modules\@angular\build\src\utils\server-rendering\prerender.js:166:35
    at async Promise.all (index 136)
    at async renderPages (C:\Users\sh.kahrizi\Desktop\code\acorex-demo\node_modules\@angular\build\src\utils\server-rendering\prerender.js:170:9)
    at async prerenderPages (C:\Users\sh.kahrizi\Desktop\code\acorex-demo\node_modules\@angular\build\src\utils\server-rendering\prerender.js:107:49)
    at async executePostBundleSteps (C:\Users\sh.kahrizi\Desktop\code\acorex-demo\node_modules\@angular\build\src\builders\application\execute-post-bundle.js:77:73)
    at async executeBuild (C:\Users\sh.kahrizi\Desktop\code\acorex-demo\node_modules\@angular\build\src\builders\application\execute-build.js:267:28)
    at async watch (C:\Users\sh.kahrizi\Desktop\code\acorex-demo\node_modules\@angular\build\src\builders\application\index.js:110:24)
    at async Task.task [as taskFn] (C:\Users\sh.kahrizi\Desktop\code\acorex-demo\node_modules\@angular\build\src\tools\esbuild\utils.js:138:26)[0m


[31mX [41;31m[[41;97mERROR[41;31m][0m [1mAn error occurred while prerendering route '/breadcrumb/long-labels-tooltip'.

Error: Terminating worker thread
    at ThreadPool.destroy (C:\Users\sh.kahrizi\Desktop\code\acorex-demo\node_modules\piscina\dist\index.js:489:27)
    at WorkerPool.destroy (C:\Users\sh.kahrizi\Desktop\code\acorex-demo\node_modules\piscina\dist\index.js:669:65)
    at C:\Users\sh.kahrizi\Desktop\code\acorex-demo\node_modules\@angular\build\src\utils\server-rendering\prerender.js:166:35
    at async Promise.all (index 136)
    at async renderPages (C:\Users\sh.kahrizi\Desktop\code\acorex-demo\node_modules\@angular\build\src\utils\server-rendering\prerender.js:170:9)
    at async prerenderPages (C:\Users\sh.kahrizi\Desktop\code\acorex-demo\node_modules\@angular\build\src\utils\server-rendering\prerender.js:107:49)
    at async executePostBundleSteps (C:\Users\sh.kahrizi\Desktop\code\acorex-demo\node_modules\@angular\build\src\builders\application\execute-post-bundle.js:77:73)
    at async executeBuild (C:\Users\sh.kahrizi\Desktop\code\acorex-demo\node_modules\@angular\build\src\builders\application\execute-build.js:267:28)
    at async watch (C:\Users\sh.kahrizi\Desktop\code\acorex-demo\node_modules\@angular\build\src\builders\application\index.js:110:24)
    at async Task.task [as taskFn] (C:\Users\sh.kahrizi\Desktop\code\acorex-demo\node_modules\@angular\build\src\tools\esbuild\utils.js:138:26)[0m


[31mX [41;31m[[41;97mERROR[41;31m][0m [1mAn error occurred while prerendering route '/button/badge-in-button'.

Error: Terminating worker thread
    at ThreadPool.destroy (C:\Users\sh.kahrizi\Desktop\code\acorex-demo\node_modules\piscina\dist\index.js:489:27)
    at WorkerPool.destroy (C:\Users\sh.kahrizi\Desktop\code\acorex-demo\node_modules\piscina\dist\index.js:669:65)
    at C:\Users\sh.kahrizi\Desktop\code\acorex-demo\node_modules\@angular\build\src\utils\server-rendering\prerender.js:166:35
    at async Promise.all (index 136)
    at async renderPages (C:\Users\sh.kahrizi\Desktop\code\acorex-demo\node_modules\@angular\build\src\utils\server-rendering\prerender.js:170:9)
    at async prerenderPages (C:\Users\sh.kahrizi\Desktop\code\acorex-demo\node_modules\@angular\build\src\utils\server-rendering\prerender.js:107:49)
    at async executePostBundleSteps (C:\Users\sh.kahrizi\Desktop\code\acorex-demo\node_modules\@angular\build\src\builders\application\execute-post-bundle.js:77:73)
    at async executeBuild (C:\Users\sh.kahrizi\Desktop\code\acorex-demo\node_modules\@angular\build\src\builders\application\execute-build.js:267:28)
    at async watch (C:\Users\sh.kahrizi\Desktop\code\acorex-demo\node_modules\@angular\build\src\builders\application\index.js:110:24)
    at async Task.task [as taskFn] (C:\Users\sh.kahrizi\Desktop\code\acorex-demo\node_modules\@angular\build\src\tools\esbuild\utils.js:138:26)[0m


[31mX [41;31m[[41;97mERROR[41;31m][0m [1mAn error occurred while prerendering route '/button/icon-button'.

Error: Terminating worker thread
    at ThreadPool.destroy (C:\Users\sh.kahrizi\Desktop\code\acorex-demo\node_modules\piscina\dist\index.js:489:27)
    at WorkerPool.destroy (C:\Users\sh.kahrizi\Desktop\code\acorex-demo\node_modules\piscina\dist\index.js:669:65)
    at C:\Users\sh.kahrizi\Desktop\code\acorex-demo\node_modules\@angular\build\src\utils\server-rendering\prerender.js:166:35
    at async Promise.all (index 136)
    at async renderPages (C:\Users\sh.kahrizi\Desktop\code\acorex-demo\node_modules\@angular\build\src\utils\server-rendering\prerender.js:170:9)
    at async prerenderPages (C:\Users\sh.kahrizi\Desktop\code\acorex-demo\node_modules\@angular\build\src\utils\server-rendering\prerender.js:107:49)
    at async executePostBundleSteps (C:\Users\sh.kahrizi\Desktop\code\acorex-demo\node_modules\@angular\build\src\builders\application\execute-post-bundle.js:77:73)
    at async executeBuild (C:\Users\sh.kahrizi\Desktop\code\acorex-demo\node_modules\@angular\build\src\builders\application\execute-build.js:267:28)
    at async watch (C:\Users\sh.kahrizi\Desktop\code\acorex-demo\node_modules\@angular\build\src\builders\application\index.js:110:24)
    at async Task.task [as taskFn] (C:\Users\sh.kahrizi\Desktop\code\acorex-demo\node_modules\@angular\build\src\tools\esbuild\utils.js:138:26)[0m


[31mX [41;31m[[41;97mERROR[41;31m][0m [1mAn error occurred while prerendering route '/button/size'.

Error: Terminating worker thread
    at ThreadPool.destroy (C:\Users\sh.kahrizi\Desktop\code\acorex-demo\node_modules\piscina\dist\index.js:489:27)
    at WorkerPool.destroy (C:\Users\sh.kahrizi\Desktop\code\acorex-demo\node_modules\piscina\dist\index.js:669:65)
    at C:\Users\sh.kahrizi\Desktop\code\acorex-demo\node_modules\@angular\build\src\utils\server-rendering\prerender.js:166:35
    at async Promise.all (index 136)
    at async renderPages (C:\Users\sh.kahrizi\Desktop\code\acorex-demo\node_modules\@angular\build\src\utils\server-rendering\prerender.js:170:9)
    at async prerenderPages (C:\Users\sh.kahrizi\Desktop\code\acorex-demo\node_modules\@angular\build\src\utils\server-rendering\prerender.js:107:49)
    at async executePostBundleSteps (C:\Users\sh.kahrizi\Desktop\code\acorex-demo\node_modules\@angular\build\src\builders\application\execute-post-bundle.js:77:73)
    at async executeBuild (C:\Users\sh.kahrizi\Desktop\code\acorex-demo\node_modules\@angular\build\src\builders\application\execute-build.js:267:28)
    at async watch (C:\Users\sh.kahrizi\Desktop\code\acorex-demo\node_modules\@angular\build\src\builders\application\index.js:110:24)
    at async Task.task [as taskFn] (C:\Users\sh.kahrizi\Desktop\code\acorex-demo\node_modules\@angular\build\src\tools\esbuild\utils.js:138:26)[0m


[31mX [41;31m[[41;97mERROR[41;31m][0m [1mAn error occurred while prerendering route '/button/look'.

Error: Terminating worker thread
    at ThreadPool.destroy (C:\Users\sh.kahrizi\Desktop\code\acorex-demo\node_modules\piscina\dist\index.js:489:27)
    at WorkerPool.destroy (C:\Users\sh.kahrizi\Desktop\code\acorex-demo\node_modules\piscina\dist\index.js:669:65)
    at C:\Users\sh.kahrizi\Desktop\code\acorex-demo\node_modules\@angular\build\src\utils\server-rendering\prerender.js:166:35
    at async Promise.all (index 136)
    at async renderPages (C:\Users\sh.kahrizi\Desktop\code\acorex-demo\node_modules\@angular\build\src\utils\server-rendering\prerender.js:170:9)
    at async prerenderPages (C:\Users\sh.kahrizi\Desktop\code\acorex-demo\node_modules\@angular\build\src\utils\server-rendering\prerender.js:107:49)
    at async executePostBundleSteps (C:\Users\sh.kahrizi\Desktop\code\acorex-demo\node_modules\@angular\build\src\builders\application\execute-post-bundle.js:77:73)
    at async executeBuild (C:\Users\sh.kahrizi\Desktop\code\acorex-demo\node_modules\@angular\build\src\builders\application\execute-build.js:267:28)
    at async watch (C:\Users\sh.kahrizi\Desktop\code\acorex-demo\node_modules\@angular\build\src\builders\application\index.js:110:24)
    at async Task.task [as taskFn] (C:\Users\sh.kahrizi\Desktop\code\acorex-demo\node_modules\@angular\build\src\tools\esbuild\utils.js:138:26)[0m


[31mX [41;31m[[41;97mERROR[41;31m][0m [1mAn error occurred while prerendering route '/button/form-submit-reset'.

Error: Terminating worker thread
    at ThreadPool.destroy (C:\Users\sh.kahrizi\Desktop\code\acorex-demo\node_modules\piscina\dist\index.js:489:27)
    at WorkerPool.destroy (C:\Users\sh.kahrizi\Desktop\code\acorex-demo\node_modules\piscina\dist\index.js:669:65)
    at C:\Users\sh.kahrizi\Desktop\code\acorex-demo\node_modules\@angular\build\src\utils\server-rendering\prerender.js:166:35
    at async Promise.all (index 136)
    at async renderPages (C:\Users\sh.kahrizi\Desktop\code\acorex-demo\node_modules\@angular\build\src\utils\server-rendering\prerender.js:170:9)
    at async prerenderPages (C:\Users\sh.kahrizi\Desktop\code\acorex-demo\node_modules\@angular\build\src\utils\server-rendering\prerender.js:107:49)
    at async executePostBundleSteps (C:\Users\sh.kahrizi\Desktop\code\acorex-demo\node_modules\@angular\build\src\builders\application\execute-post-bundle.js:77:73)
    at async executeBuild (C:\Users\sh.kahrizi\Desktop\code\acorex-demo\node_modules\@angular\build\src\builders\application\execute-build.js:267:28)
    at async watch (C:\Users\sh.kahrizi\Desktop\code\acorex-demo\node_modules\@angular\build\src\builders\application\index.js:110:24)
    at async Task.task [as taskFn] (C:\Users\sh.kahrizi\Desktop\code\acorex-demo\node_modules\@angular\build\src\tools\esbuild\utils.js:138:26)[0m


[31mX [41;31m[[41;97mERROR[41;31m][0m [1mAn error occurred while prerendering route '/button-item-list/usage'.

Error: Terminating worker thread
    at ThreadPool.destroy (C:\Users\sh.kahrizi\Desktop\code\acorex-demo\node_modules\piscina\dist\index.js:489:27)
    at WorkerPool.destroy (C:\Users\sh.kahrizi\Desktop\code\acorex-demo\node_modules\piscina\dist\index.js:669:65)
    at C:\Users\sh.kahrizi\Desktop\code\acorex-demo\node_modules\@angular\build\src\utils\server-rendering\prerender.js:166:35
    at async Promise.all (index 136)
    at async renderPages (C:\Users\sh.kahrizi\Desktop\code\acorex-demo\node_modules\@angular\build\src\utils\server-rendering\prerender.js:170:9)
    at async prerenderPages (C:\Users\sh.kahrizi\Desktop\code\acorex-demo\node_modules\@angular\build\src\utils\server-rendering\prerender.js:107:49)
    at async executePostBundleSteps (C:\Users\sh.kahrizi\Desktop\code\acorex-demo\node_modules\@angular\build\src\builders\application\execute-post-bundle.js:77:73)
    at async executeBuild (C:\Users\sh.kahrizi\Desktop\code\acorex-demo\node_modules\@angular\build\src\builders\application\execute-build.js:267:28)
    at async watch (C:\Users\sh.kahrizi\Desktop\code\acorex-demo\node_modules\@angular\build\src\builders\application\index.js:110:24)
    at async Task.task [as taskFn] (C:\Users\sh.kahrizi\Desktop\code\acorex-demo\node_modules\@angular\build\src\tools\esbuild\utils.js:138:26)[0m


[31mX [41;31m[[41;97mERROR[41;31m][0m [1mAn error occurred while prerendering route '/button-item-list/mixed-content'.

Error: Terminating worker thread
    at ThreadPool.destroy (C:\Users\sh.kahrizi\Desktop\code\acorex-demo\node_modules\piscina\dist\index.js:489:27)
    at WorkerPool.destroy (C:\Users\sh.kahrizi\Desktop\code\acorex-demo\node_modules\piscina\dist\index.js:669:65)
    at C:\Users\sh.kahrizi\Desktop\code\acorex-demo\node_modules\@angular\build\src\utils\server-rendering\prerender.js:166:35
    at async Promise.all (index 136)
    at async renderPages (C:\Users\sh.kahrizi\Desktop\code\acorex-demo\node_modules\@angular\build\src\utils\server-rendering\prerender.js:170:9)
    at async prerenderPages (C:\Users\sh.kahrizi\Desktop\code\acorex-demo\node_modules\@angular\build\src\utils\server-rendering\prerender.js:107:49)
    at async executePostBundleSteps (C:\Users\sh.kahrizi\Desktop\code\acorex-demo\node_modules\@angular\build\src\builders\application\execute-post-bundle.js:77:73)
    at async executeBuild (C:\Users\sh.kahrizi\Desktop\code\acorex-demo\node_modules\@angular\build\src\builders\application\execute-build.js:267:28)
    at async watch (C:\Users\sh.kahrizi\Desktop\code\acorex-demo\node_modules\@angular\build\src\builders\application\index.js:110:24)
    at async Task.task [as taskFn] (C:\Users\sh.kahrizi\Desktop\code\acorex-demo\node_modules\@angular\build\src\tools\esbuild\utils.js:138:26)[0m


[31mX [41;31m[[41;97mERROR[41;31m][0m [1mAn error occurred while prerendering route '/button-item-list/disabled-state'.

Error: Terminating worker thread
    at ThreadPool.destroy (C:\Users\sh.kahrizi\Desktop\code\acorex-demo\node_modules\piscina\dist\index.js:489:27)
    at WorkerPool.destroy (C:\Users\sh.kahrizi\Desktop\code\acorex-demo\node_modules\piscina\dist\index.js:669:65)
    at C:\Users\sh.kahrizi\Desktop\code\acorex-demo\node_modules\@angular\build\src\utils\server-rendering\prerender.js:166:35
    at async Promise.all (index 136)
    at async renderPages (C:\Users\sh.kahrizi\Desktop\code\acorex-demo\node_modules\@angular\build\src\utils\server-rendering\prerender.js:170:9)
    at async prerenderPages (C:\Users\sh.kahrizi\Desktop\code\acorex-demo\node_modules\@angular\build\src\utils\server-rendering\prerender.js:107:49)
    at async executePostBundleSteps (C:\Users\sh.kahrizi\Desktop\code\acorex-demo\node_modules\@angular\build\src\builders\application\execute-post-bundle.js:77:73)
    at async executeBuild (C:\Users\sh.kahrizi\Desktop\code\acorex-demo\node_modules\@angular\build\src\builders\application\execute-build.js:267:28)
    at async watch (C:\Users\sh.kahrizi\Desktop\code\acorex-demo\node_modules\@angular\build\src\builders\application\index.js:110:24)
    at async Task.task [as taskFn] (C:\Users\sh.kahrizi\Desktop\code\acorex-demo\node_modules\@angular\build\src\tools\esbuild\utils.js:138:26)[0m


[31mX [41;31m[[41;97mERROR[41;31m][0m [1mAn error occurred while prerendering route '/button-item-list/selected-state'.

Error: Terminating worker thread
    at ThreadPool.destroy (C:\Users\sh.kahrizi\Desktop\code\acorex-demo\node_modules\piscina\dist\index.js:489:27)
    at WorkerPool.destroy (C:\Users\sh.kahrizi\Desktop\code\acorex-demo\node_modules\piscina\dist\index.js:669:65)
    at C:\Users\sh.kahrizi\Desktop\code\acorex-demo\node_modules\@angular\build\src\utils\server-rendering\prerender.js:166:35
    at async Promise.all (index 136)
    at async renderPages (C:\Users\sh.kahrizi\Desktop\code\acorex-demo\node_modules\@angular\build\src\utils\server-rendering\prerender.js:170:9)
    at async prerenderPages (C:\Users\sh.kahrizi\Desktop\code\acorex-demo\node_modules\@angular\build\src\utils\server-rendering\prerender.js:107:49)
    at async executePostBundleSteps (C:\Users\sh.kahrizi\Desktop\code\acorex-demo\node_modules\@angular\build\src\builders\application\execute-post-bundle.js:77:73)
    at async executeBuild (C:\Users\sh.kahrizi\Desktop\code\acorex-demo\node_modules\@angular\build\src\builders\application\execute-build.js:267:28)
    at async watch (C:\Users\sh.kahrizi\Desktop\code\acorex-demo\node_modules\@angular\build\src\builders\application\index.js:110:24)
    at async Task.task [as taskFn] (C:\Users\sh.kahrizi\Desktop\code\acorex-demo\node_modules\@angular\build\src\tools\esbuild\utils.js:138:26)[0m


[31mX [41;31m[[41;97mERROR[41;31m][0m [1mAn error occurred while prerendering route '/button-group/selection-modes'.

Error: Terminating worker thread
    at ThreadPool.destroy (C:\Users\sh.kahrizi\Desktop\code\acorex-demo\node_modules\piscina\dist\index.js:489:27)
    at WorkerPool.destroy (C:\Users\sh.kahrizi\Desktop\code\acorex-demo\node_modules\piscina\dist\index.js:669:65)
    at C:\Users\sh.kahrizi\Desktop\code\acorex-demo\node_modules\@angular\build\src\utils\server-rendering\prerender.js:166:35
    at async Promise.all (index 136)
    at async renderPages (C:\Users\sh.kahrizi\Desktop\code\acorex-demo\node_modules\@angular\build\src\utils\server-rendering\prerender.js:170:9)
    at async prerenderPages (C:\Users\sh.kahrizi\Desktop\code\acorex-demo\node_modules\@angular\build\src\utils\server-rendering\prerender.js:107:49)
    at async executePostBundleSteps (C:\Users\sh.kahrizi\Desktop\code\acorex-demo\node_modules\@angular\build\src\builders\application\execute-post-bundle.js:77:73)
    at async executeBuild (C:\Users\sh.kahrizi\Desktop\code\acorex-demo\node_modules\@angular\build\src\builders\application\execute-build.js:267:28)
    at async watch (C:\Users\sh.kahrizi\Desktop\code\acorex-demo\node_modules\@angular\build\src\builders\application\index.js:110:24)
    at async Task.task [as taskFn] (C:\Users\sh.kahrizi\Desktop\code\acorex-demo\node_modules\@angular\build\src\tools\esbuild\utils.js:138:26)[0m


[31mX [41;31m[[41;97mERROR[41;31m][0m [1mAn error occurred while prerendering route '/button-group/color'.

Error: Terminating worker thread
    at ThreadPool.destroy (C:\Users\sh.kahrizi\Desktop\code\acorex-demo\node_modules\piscina\dist\index.js:489:27)
    at WorkerPool.destroy (C:\Users\sh.kahrizi\Desktop\code\acorex-demo\node_modules\piscina\dist\index.js:669:65)
    at C:\Users\sh.kahrizi\Desktop\code\acorex-demo\node_modules\@angular\build\src\utils\server-rendering\prerender.js:166:35
    at async Promise.all (index 136)
    at async renderPages (C:\Users\sh.kahrizi\Desktop\code\acorex-demo\node_modules\@angular\build\src\utils\server-rendering\prerender.js:170:9)
    at async prerenderPages (C:\Users\sh.kahrizi\Desktop\code\acorex-demo\node_modules\@angular\build\src\utils\server-rendering\prerender.js:107:49)
    at async executePostBundleSteps (C:\Users\sh.kahrizi\Desktop\code\acorex-demo\node_modules\@angular\build\src\builders\application\execute-post-bundle.js:77:73)
    at async executeBuild (C:\Users\sh.kahrizi\Desktop\code\acorex-demo\node_modules\@angular\build\src\builders\application\execute-build.js:267:28)
    at async watch (C:\Users\sh.kahrizi\Desktop\code\acorex-demo\node_modules\@angular\build\src\builders\application\index.js:110:24)
    at async Task.task [as taskFn] (C:\Users\sh.kahrizi\Desktop\code\acorex-demo\node_modules\@angular\build\src\tools\esbuild\utils.js:138:26)[0m


[31mX [41;31m[[41;97mERROR[41;31m][0m [1mAn error occurred while prerendering route '/button-group/splitted-button'.

Error: Terminating worker thread
    at ThreadPool.destroy (C:\Users\sh.kahrizi\Desktop\code\acorex-demo\node_modules\piscina\dist\index.js:489:27)
    at WorkerPool.destroy (C:\Users\sh.kahrizi\Desktop\code\acorex-demo\node_modules\piscina\dist\index.js:669:65)
    at C:\Users\sh.kahrizi\Desktop\code\acorex-demo\node_modules\@angular\build\src\utils\server-rendering\prerender.js:166:35
    at async Promise.all (index 136)
    at async renderPages (C:\Users\sh.kahrizi\Desktop\code\acorex-demo\node_modules\@angular\build\src\utils\server-rendering\prerender.js:170:9)
    at async prerenderPages (C:\Users\sh.kahrizi\Desktop\code\acorex-demo\node_modules\@angular\build\src\utils\server-rendering\prerender.js:107:49)
    at async executePostBundleSteps (C:\Users\sh.kahrizi\Desktop\code\acorex-demo\node_modules\@angular\build\src\builders\application\execute-post-bundle.js:77:73)
    at async executeBuild (C:\Users\sh.kahrizi\Desktop\code\acorex-demo\node_modules\@angular\build\src\builders\application\execute-build.js:267:28)
    at async watch (C:\Users\sh.kahrizi\Desktop\code\acorex-demo\node_modules\@angular\build\src\builders\application\index.js:110:24)
    at async Task.task [as taskFn] (C:\Users\sh.kahrizi\Desktop\code\acorex-demo\node_modules\@angular\build\src\tools\esbuild\utils.js:138:26)[0m


[31mX [41;31m[[41;97mERROR[41;31m][0m [1mAn error occurred while prerendering route '/button-group/per-item-overrides'.

Error: Terminating worker thread
    at ThreadPool.destroy (C:\Users\sh.kahrizi\Desktop\code\acorex-demo\node_modules\piscina\dist\index.js:489:27)
    at WorkerPool.destroy (C:\Users\sh.kahrizi\Desktop\code\acorex-demo\node_modules\piscina\dist\index.js:669:65)
    at C:\Users\sh.kahrizi\Desktop\code\acorex-demo\node_modules\@angular\build\src\utils\server-rendering\prerender.js:166:35
    at async Promise.all (index 136)
    at async renderPages (C:\Users\sh.kahrizi\Desktop\code\acorex-demo\node_modules\@angular\build\src\utils\server-rendering\prerender.js:170:9)
    at async prerenderPages (C:\Users\sh.kahrizi\Desktop\code\acorex-demo\node_modules\@angular\build\src\utils\server-rendering\prerender.js:107:49)
    at async executePostBundleSteps (C:\Users\sh.kahrizi\Desktop\code\acorex-demo\node_modules\@angular\build\src\builders\application\execute-post-bundle.js:77:73)
    at async executeBuild (C:\Users\sh.kahrizi\Desktop\code\acorex-demo\node_modules\@angular\build\src\builders\application\execute-build.js:267:28)
    at async watch (C:\Users\sh.kahrizi\Desktop\code\acorex-demo\node_modules\@angular\build\src\builders\application\index.js:110:24)
    at async Task.task [as taskFn] (C:\Users\sh.kahrizi\Desktop\code\acorex-demo\node_modules\@angular\build\src\tools\esbuild\utils.js:138:26)[0m


[31mX [41;31m[[41;97mERROR[41;31m][0m [1mAn error occurred while prerendering route '/button-group/icon-only'.

Error: Terminating worker thread
    at ThreadPool.destroy (C:\Users\sh.kahrizi\Desktop\code\acorex-demo\node_modules\piscina\dist\index.js:489:27)
    at WorkerPool.destroy (C:\Users\sh.kahrizi\Desktop\code\acorex-demo\node_modules\piscina\dist\index.js:669:65)
    at C:\Users\sh.kahrizi\Desktop\code\acorex-demo\node_modules\@angular\build\src\utils\server-rendering\prerender.js:166:35
    at async Promise.all (index 136)
    at async renderPages (C:\Users\sh.kahrizi\Desktop\code\acorex-demo\node_modules\@angular\build\src\utils\server-rendering\prerender.js:170:9)
    at async prerenderPages (C:\Users\sh.kahrizi\Desktop\code\acorex-demo\node_modules\@angular\build\src\utils\server-rendering\prerender.js:107:49)
    at async executePostBundleSteps (C:\Users\sh.kahrizi\Desktop\code\acorex-demo\node_modules\@angular\build\src\builders\application\execute-post-bundle.js:77:73)
    at async executeBuild (C:\Users\sh.kahrizi\Desktop\code\acorex-demo\node_modules\@angular\build\src\builders\application\execute-build.js:267:28)
    at async watch (C:\Users\sh.kahrizi\Desktop\code\acorex-demo\node_modules\@angular\build\src\builders\application\index.js:110:24)
    at async Task.task [as taskFn] (C:\Users\sh.kahrizi\Desktop\code\acorex-demo\node_modules\@angular\build\src\tools\esbuild\utils.js:138:26)[0m


[31mX [41;31m[[41;97mERROR[41;31m][0m [1mAn error occurred while prerendering route '/calendar/look'.

Error: Terminating worker thread
    at ThreadPool.destroy (C:\Users\sh.kahrizi\Desktop\code\acorex-demo\node_modules\piscina\dist\index.js:489:27)
    at WorkerPool.destroy (C:\Users\sh.kahrizi\Desktop\code\acorex-demo\node_modules\piscina\dist\index.js:669:65)
    at C:\Users\sh.kahrizi\Desktop\code\acorex-demo\node_modules\@angular\build\src\utils\server-rendering\prerender.js:166:35
    at async Promise.all (index 136)
    at async renderPages (C:\Users\sh.kahrizi\Desktop\code\acorex-demo\node_modules\@angular\build\src\utils\server-rendering\prerender.js:170:9)
    at async prerenderPages (C:\Users\sh.kahrizi\Desktop\code\acorex-demo\node_modules\@angular\build\src\utils\server-rendering\prerender.js:107:49)
    at async executePostBundleSteps (C:\Users\sh.kahrizi\Desktop\code\acorex-demo\node_modules\@angular\build\src\builders\application\execute-post-bundle.js:77:73)
    at async executeBuild (C:\Users\sh.kahrizi\Desktop\code\acorex-demo\node_modules\@angular\build\src\builders\application\execute-build.js:267:28)
    at async watch (C:\Users\sh.kahrizi\Desktop\code\acorex-demo\node_modules\@angular\build\src\builders\application\index.js:110:24)
    at async Task.task [as taskFn] (C:\Users\sh.kahrizi\Desktop\code\acorex-demo\node_modules\@angular\build\src\tools\esbuild\utils.js:138:26)[0m


[31mX [41;31m[[41;97mERROR[41;31m][0m [1mAn error occurred while prerendering route '/calendar/type'.

Error: Terminating worker thread
    at ThreadPool.destroy (C:\Users\sh.kahrizi\Desktop\code\acorex-demo\node_modules\piscina\dist\index.js:489:27)
    at WorkerPool.destroy (C:\Users\sh.kahrizi\Desktop\code\acorex-demo\node_modules\piscina\dist\index.js:669:65)
    at C:\Users\sh.kahrizi\Desktop\code\acorex-demo\node_modules\@angular\build\src\utils\server-rendering\prerender.js:166:35
    at async Promise.all (index 136)
    at async renderPages (C:\Users\sh.kahrizi\Desktop\code\acorex-demo\node_modules\@angular\build\src\utils\server-rendering\prerender.js:170:9)
    at async prerenderPages (C:\Users\sh.kahrizi\Desktop\code\acorex-demo\node_modules\@angular\build\src\utils\server-rendering\prerender.js:107:49)
    at async executePostBundleSteps (C:\Users\sh.kahrizi\Desktop\code\acorex-demo\node_modules\@angular\build\src\builders\application\execute-post-bundle.js:77:73)
    at async executeBuild (C:\Users\sh.kahrizi\Desktop\code\acorex-demo\node_modules\@angular\build\src\builders\application\execute-build.js:267:28)
    at async watch (C:\Users\sh.kahrizi\Desktop\code\acorex-demo\node_modules\@angular\build\src\builders\application\index.js:110:24)
    at async Task.task [as taskFn] (C:\Users\sh.kahrizi\Desktop\code\acorex-demo\node_modules\@angular\build\src\tools\esbuild\utils.js:138:26)[0m


[31mX [41;31m[[41;97mERROR[41;31m][0m [1mAn error occurred while prerendering route '/calendar/disabled-dates'.

Error: Terminating worker thread
    at ThreadPool.destroy (C:\Users\sh.kahrizi\Desktop\code\acorex-demo\node_modules\piscina\dist\index.js:489:27)
    at WorkerPool.destroy (C:\Users\sh.kahrizi\Desktop\code\acorex-demo\node_modules\piscina\dist\index.js:669:65)
    at C:\Users\sh.kahrizi\Desktop\code\acorex-demo\node_modules\@angular\build\src\utils\server-rendering\prerender.js:166:35
    at async Promise.all (index 136)
    at async renderPages (C:\Users\sh.kahrizi\Desktop\code\acorex-demo\node_modules\@angular\build\src\utils\server-rendering\prerender.js:170:9)
    at async prerenderPages (C:\Users\sh.kahrizi\Desktop\code\acorex-demo\node_modules\@angular\build\src\utils\server-rendering\prerender.js:107:49)
    at async executePostBundleSteps (C:\Users\sh.kahrizi\Desktop\code\acorex-demo\node_modules\@angular\build\src\builders\application\execute-post-bundle.js:77:73)
    at async executeBuild (C:\Users\sh.kahrizi\Desktop\code\acorex-demo\node_modules\@angular\build\src\builders\application\execute-build.js:267:28)
    at async watch (C:\Users\sh.kahrizi\Desktop\code\acorex-demo\node_modules\@angular\build\src\builders\application\index.js:110:24)
    at async Task.task [as taskFn] (C:\Users\sh.kahrizi\Desktop\code\acorex-demo\node_modules\@angular\build\src\tools\esbuild\utils.js:138:26)[0m


[31mX [41;31m[[41;97mERROR[41;31m][0m [1mAn error occurred while prerendering route '/calendar/navigation'.

Error: Terminating worker thread
    at ThreadPool.destroy (C:\Users\sh.kahrizi\Desktop\code\acorex-demo\node_modules\piscina\dist\index.js:489:27)
    at WorkerPool.destroy (C:\Users\sh.kahrizi\Desktop\code\acorex-demo\node_modules\piscina\dist\index.js:669:65)
    at C:\Users\sh.kahrizi\Desktop\code\acorex-demo\node_modules\@angular\build\src\utils\server-rendering\prerender.js:166:35
    at async Promise.all (index 136)
    at async renderPages (C:\Users\sh.kahrizi\Desktop\code\acorex-demo\node_modules\@angular\build\src\utils\server-rendering\prerender.js:170:9)
    at async prerenderPages (C:\Users\sh.kahrizi\Desktop\code\acorex-demo\node_modules\@angular\build\src\utils\server-rendering\prerender.js:107:49)
    at async executePostBundleSteps (C:\Users\sh.kahrizi\Desktop\code\acorex-demo\node_modules\@angular\build\src\builders\application\execute-post-bundle.js:77:73)
    at async executeBuild (C:\Users\sh.kahrizi\Desktop\code\acorex-demo\node_modules\@angular\build\src\builders\application\execute-build.js:267:28)
    at async watch (C:\Users\sh.kahrizi\Desktop\code\acorex-demo\node_modules\@angular\build\src\builders\application\index.js:110:24)
    at async Task.task [as taskFn] (C:\Users\sh.kahrizi\Desktop\code\acorex-demo\node_modules\@angular\build\src\tools\esbuild\utils.js:138:26)[0m


[31mX [41;31m[[41;97mERROR[41;31m][0m [1mAn error occurred while prerendering route '/calendar/range'.

Error: Terminating worker thread
    at ThreadPool.destroy (C:\Users\sh.kahrizi\Desktop\code\acorex-demo\node_modules\piscina\dist\index.js:489:27)
    at WorkerPool.destroy (C:\Users\sh.kahrizi\Desktop\code\acorex-demo\node_modules\piscina\dist\index.js:669:65)
    at C:\Users\sh.kahrizi\Desktop\code\acorex-demo\node_modules\@angular\build\src\utils\server-rendering\prerender.js:166:35
    at async Promise.all (index 136)
    at async renderPages (C:\Users\sh.kahrizi\Desktop\code\acorex-demo\node_modules\@angular\build\src\utils\server-rendering\prerender.js:170:9)
    at async prerenderPages (C:\Users\sh.kahrizi\Desktop\code\acorex-demo\node_modules\@angular\build\src\utils\server-rendering\prerender.js:107:49)
    at async executePostBundleSteps (C:\Users\sh.kahrizi\Desktop\code\acorex-demo\node_modules\@angular\build\src\builders\application\execute-post-bundle.js:77:73)
    at async executeBuild (C:\Users\sh.kahrizi\Desktop\code\acorex-demo\node_modules\@angular\build\src\builders\application\execute-build.js:267:28)
    at async watch (C:\Users\sh.kahrizi\Desktop\code\acorex-demo\node_modules\@angular\build\src\builders\application\index.js:110:24)
    at async Task.task [as taskFn] (C:\Users\sh.kahrizi\Desktop\code\acorex-demo\node_modules\@angular\build\src\tools\esbuild\utils.js:138:26)[0m


[31mX [41;31m[[41;97mERROR[41;31m][0m [1mAn error occurred while prerendering route '/calendar-range/usage'.

Error: Terminating worker thread
    at ThreadPool.destroy (C:\Users\sh.kahrizi\Desktop\code\acorex-demo\node_modules\piscina\dist\index.js:489:27)
    at WorkerPool.destroy (C:\Users\sh.kahrizi\Desktop\code\acorex-demo\node_modules\piscina\dist\index.js:669:65)
    at C:\Users\sh.kahrizi\Desktop\code\acorex-demo\node_modules\@angular\build\src\utils\server-rendering\prerender.js:166:35
    at async Promise.all (index 136)
    at async renderPages (C:\Users\sh.kahrizi\Desktop\code\acorex-demo\node_modules\@angular\build\src\utils\server-rendering\prerender.js:170:9)
    at async prerenderPages (C:\Users\sh.kahrizi\Desktop\code\acorex-demo\node_modules\@angular\build\src\utils\server-rendering\prerender.js:107:49)
    at async executePostBundleSteps (C:\Users\sh.kahrizi\Desktop\code\acorex-demo\node_modules\@angular\build\src\builders\application\execute-post-bundle.js:77:73)
    at async executeBuild (C:\Users\sh.kahrizi\Desktop\code\acorex-demo\node_modules\@angular\build\src\builders\application\execute-build.js:267:28)
    at async watch (C:\Users\sh.kahrizi\Desktop\code\acorex-demo\node_modules\@angular\build\src\builders\application\index.js:110:24)
    at async Task.task [as taskFn] (C:\Users\sh.kahrizi\Desktop\code\acorex-demo\node_modules\@angular\build\src\tools\esbuild\utils.js:138:26)[0m


[31mX [41;31m[[41;97mERROR[41;31m][0m [1mAn error occurred while prerendering route '/calendar-range/disabled-holiday'.

Error: Terminating worker thread
    at ThreadPool.destroy (C:\Users\sh.kahrizi\Desktop\code\acorex-demo\node_modules\piscina\dist\index.js:489:27)
    at WorkerPool.destroy (C:\Users\sh.kahrizi\Desktop\code\acorex-demo\node_modules\piscina\dist\index.js:669:65)
    at C:\Users\sh.kahrizi\Desktop\code\acorex-demo\node_modules\@angular\build\src\utils\server-rendering\prerender.js:166:35
    at async Promise.all (index 136)
    at async renderPages (C:\Users\sh.kahrizi\Desktop\code\acorex-demo\node_modules\@angular\build\src\utils\server-rendering\prerender.js:170:9)
    at async prerenderPages (C:\Users\sh.kahrizi\Desktop\code\acorex-demo\node_modules\@angular\build\src\utils\server-rendering\prerender.js:107:49)
    at async executePostBundleSteps (C:\Users\sh.kahrizi\Desktop\code\acorex-demo\node_modules\@angular\build\src\builders\application\execute-post-bundle.js:77:73)
    at async executeBuild (C:\Users\sh.kahrizi\Desktop\code\acorex-demo\node_modules\@angular\build\src\builders\application\execute-build.js:267:28)
    at async watch (C:\Users\sh.kahrizi\Desktop\code\acorex-demo\node_modules\@angular\build\src\builders\application\index.js:110:24)
    at async Task.task [as taskFn] (C:\Users\sh.kahrizi\Desktop\code\acorex-demo\node_modules\@angular\build\src\tools\esbuild\utils.js:138:26)[0m


[31mX [41;31m[[41;97mERROR[41;31m][0m [1mAn error occurred while prerendering route '/calendar-range/disabled-readonly'.

Error: Terminating worker thread
    at ThreadPool.destroy (C:\Users\sh.kahrizi\Desktop\code\acorex-demo\node_modules\piscina\dist\index.js:489:27)
    at WorkerPool.destroy (C:\Users\sh.kahrizi\Desktop\code\acorex-demo\node_modules\piscina\dist\index.js:669:65)
    at C:\Users\sh.kahrizi\Desktop\code\acorex-demo\node_modules\@angular\build\src\utils\server-rendering\prerender.js:166:35
    at async Promise.all (index 136)
    at async renderPages (C:\Users\sh.kahrizi\Desktop\code\acorex-demo\node_modules\@angular\build\src\utils\server-rendering\prerender.js:170:9)
    at async prerenderPages (C:\Users\sh.kahrizi\Desktop\code\acorex-demo\node_modules\@angular\build\src\utils\server-rendering\prerender.js:107:49)
    at async executePostBundleSteps (C:\Users\sh.kahrizi\Desktop\code\acorex-demo\node_modules\@angular\build\src\builders\application\execute-post-bundle.js:77:73)
    at async executeBuild (C:\Users\sh.kahrizi\Desktop\code\acorex-demo\node_modules\@angular\build\src\builders\application\execute-build.js:267:28)
    at async watch (C:\Users\sh.kahrizi\Desktop\code\acorex-demo\node_modules\@angular\build\src\builders\application\index.js:110:24)
    at async Task.task [as taskFn] (C:\Users\sh.kahrizi\Desktop\code\acorex-demo\node_modules\@angular\build\src\tools\esbuild\utils.js:138:26)[0m


[31mX [41;31m[[41;97mERROR[41;31m][0m [1mAn error occurred while prerendering route '/check-box/hint'.

Error: Terminating worker thread
    at ThreadPool.destroy (C:\Users\sh.kahrizi\Desktop\code\acorex-demo\node_modules\piscina\dist\index.js:489:27)
    at WorkerPool.destroy (C:\Users\sh.kahrizi\Desktop\code\acorex-demo\node_modules\piscina\dist\index.js:669:65)
    at C:\Users\sh.kahrizi\Desktop\code\acorex-demo\node_modules\@angular\build\src\utils\server-rendering\prerender.js:166:35
    at async Promise.all (index 136)
    at async renderPages (C:\Users\sh.kahrizi\Desktop\code\acorex-demo\node_modules\@angular\build\src\utils\server-rendering\prerender.js:170:9)
    at async prerenderPages (C:\Users\sh.kahrizi\Desktop\code\acorex-demo\node_modules\@angular\build\src\utils\server-rendering\prerender.js:107:49)
    at async executePostBundleSteps (C:\Users\sh.kahrizi\Desktop\code\acorex-demo\node_modules\@angular\build\src\builders\application\execute-post-bundle.js:77:73)
    at async executeBuild (C:\Users\sh.kahrizi\Desktop\code\acorex-demo\node_modules\@angular\build\src\builders\application\execute-build.js:267:28)
    at async watch (C:\Users\sh.kahrizi\Desktop\code\acorex-demo\node_modules\@angular\build\src\builders\application\index.js:110:24)
    at async Task.task [as taskFn] (C:\Users\sh.kahrizi\Desktop\code\acorex-demo\node_modules\@angular\build\src\tools\esbuild\utils.js:138:26)[0m


[31mX [41;31m[[41;97mERROR[41;31m][0m [1mAn error occurred while prerendering route '/check-box/disabled-readonly'.

Error: Terminating worker thread
    at ThreadPool.destroy (C:\Users\sh.kahrizi\Desktop\code\acorex-demo\node_modules\piscina\dist\index.js:489:27)
    at WorkerPool.destroy (C:\Users\sh.kahrizi\Desktop\code\acorex-demo\node_modules\piscina\dist\index.js:669:65)
    at C:\Users\sh.kahrizi\Desktop\code\acorex-demo\node_modules\@angular\build\src\utils\server-rendering\prerender.js:166:35
    at async Promise.all (index 136)
    at async renderPages (C:\Users\sh.kahrizi\Desktop\code\acorex-demo\node_modules\@angular\build\src\utils\server-rendering\prerender.js:170:9)
    at async prerenderPages (C:\Users\sh.kahrizi\Desktop\code\acorex-demo\node_modules\@angular\build\src\utils\server-rendering\prerender.js:107:49)
    at async executePostBundleSteps (C:\Users\sh.kahrizi\Desktop\code\acorex-demo\node_modules\@angular\build\src\builders\application\execute-post-bundle.js:77:73)
    at async executeBuild (C:\Users\sh.kahrizi\Desktop\code\acorex-demo\node_modules\@angular\build\src\builders\application\execute-build.js:267:28)
    at async watch (C:\Users\sh.kahrizi\Desktop\code\acorex-demo\node_modules\@angular\build\src\builders\application\index.js:110:24)
    at async Task.task [as taskFn] (C:\Users\sh.kahrizi\Desktop\code\acorex-demo\node_modules\@angular\build\src\tools\esbuild\utils.js:138:26)[0m


[31mX [41;31m[[41;97mERROR[41;31m][0m [1mAn error occurred while prerendering route '/check-box/colors'.

Error: Terminating worker thread
    at ThreadPool.destroy (C:\Users\sh.kahrizi\Desktop\code\acorex-demo\node_modules\piscina\dist\index.js:489:27)
    at WorkerPool.destroy (C:\Users\sh.kahrizi\Desktop\code\acorex-demo\node_modules\piscina\dist\index.js:669:65)
    at C:\Users\sh.kahrizi\Desktop\code\acorex-demo\node_modules\@angular\build\src\utils\server-rendering\prerender.js:166:35
    at async Promise.all (index 136)
    at async renderPages (C:\Users\sh.kahrizi\Desktop\code\acorex-demo\node_modules\@angular\build\src\utils\server-rendering\prerender.js:170:9)
    at async prerenderPages (C:\Users\sh.kahrizi\Desktop\code\acorex-demo\node_modules\@angular\build\src\utils\server-rendering\prerender.js:107:49)
    at async executePostBundleSteps (C:\Users\sh.kahrizi\Desktop\code\acorex-demo\node_modules\@angular\build\src\builders\application\execute-post-bundle.js:77:73)
    at async executeBuild (C:\Users\sh.kahrizi\Desktop\code\acorex-demo\node_modules\@angular\build\src\builders\application\execute-build.js:267:28)
    at async watch (C:\Users\sh.kahrizi\Desktop\code\acorex-demo\node_modules\@angular\build\src\builders\application\index.js:110:24)
    at async Task.task [as taskFn] (C:\Users\sh.kahrizi\Desktop\code\acorex-demo\node_modules\@angular\build\src\tools\esbuild\utils.js:138:26)[0m


[31mX [41;31m[[41;97mERROR[41;31m][0m [1mAn error occurred while prerendering route '/chips/usage'.

Error: Terminating worker thread
    at ThreadPool.destroy (C:\Users\sh.kahrizi\Desktop\code\acorex-demo\node_modules\piscina\dist\index.js:489:27)
    at WorkerPool.destroy (C:\Users\sh.kahrizi\Desktop\code\acorex-demo\node_modules\piscina\dist\index.js:669:65)
    at C:\Users\sh.kahrizi\Desktop\code\acorex-demo\node_modules\@angular\build\src\utils\server-rendering\prerender.js:166:35
    at async Promise.all (index 136)
    at async renderPages (C:\Users\sh.kahrizi\Desktop\code\acorex-demo\node_modules\@angular\build\src\utils\server-rendering\prerender.js:170:9)
    at async prerenderPages (C:\Users\sh.kahrizi\Desktop\code\acorex-demo\node_modules\@angular\build\src\utils\server-rendering\prerender.js:107:49)
    at async executePostBundleSteps (C:\Users\sh.kahrizi\Desktop\code\acorex-demo\node_modules\@angular\build\src\builders\application\execute-post-bundle.js:77:73)
    at async executeBuild (C:\Users\sh.kahrizi\Desktop\code\acorex-demo\node_modules\@angular\build\src\builders\application\execute-build.js:267:28)
    at async watch (C:\Users\sh.kahrizi\Desktop\code\acorex-demo\node_modules\@angular\build\src\builders\application\index.js:110:24)
    at async Task.task [as taskFn] (C:\Users\sh.kahrizi\Desktop\code\acorex-demo\node_modules\@angular\build\src\tools\esbuild\utils.js:138:26)[0m


[31mX [41;31m[[41;97mERROR[41;31m][0m [1mAn error occurred while prerendering route '/chips/look'.

Error: Terminating worker thread
    at ThreadPool.destroy (C:\Users\sh.kahrizi\Desktop\code\acorex-demo\node_modules\piscina\dist\index.js:489:27)
    at WorkerPool.destroy (C:\Users\sh.kahrizi\Desktop\code\acorex-demo\node_modules\piscina\dist\index.js:669:65)
    at C:\Users\sh.kahrizi\Desktop\code\acorex-demo\node_modules\@angular\build\src\utils\server-rendering\prerender.js:166:35
    at async Promise.all (index 136)
    at async renderPages (C:\Users\sh.kahrizi\Desktop\code\acorex-demo\node_modules\@angular\build\src\utils\server-rendering\prerender.js:170:9)
    at async prerenderPages (C:\Users\sh.kahrizi\Desktop\code\acorex-demo\node_modules\@angular\build\src\utils\server-rendering\prerender.js:107:49)
    at async executePostBundleSteps (C:\Users\sh.kahrizi\Desktop\code\acorex-demo\node_modules\@angular\build\src\builders\application\execute-post-bundle.js:77:73)
    at async executeBuild (C:\Users\sh.kahrizi\Desktop\code\acorex-demo\node_modules\@angular\build\src\builders\application\execute-build.js:267:28)
    at async watch (C:\Users\sh.kahrizi\Desktop\code\acorex-demo\node_modules\@angular\build\src\builders\application\index.js:110:24)
    at async Task.task [as taskFn] (C:\Users\sh.kahrizi\Desktop\code\acorex-demo\node_modules\@angular\build\src\tools\esbuild\utils.js:138:26)[0m


[31mX [41;31m[[41;97mERROR[41;31m][0m [1mAn error occurred while prerendering route '/circular-progress/usage'.

Error: Terminating worker thread
    at ThreadPool.destroy (C:\Users\sh.kahrizi\Desktop\code\acorex-demo\node_modules\piscina\dist\index.js:489:27)
    at WorkerPool.destroy (C:\Users\sh.kahrizi\Desktop\code\acorex-demo\node_modules\piscina\dist\index.js:669:65)
    at C:\Users\sh.kahrizi\Desktop\code\acorex-demo\node_modules\@angular\build\src\utils\server-rendering\prerender.js:166:35
    at async Promise.all (index 136)
    at async renderPages (C:\Users\sh.kahrizi\Desktop\code\acorex-demo\node_modules\@angular\build\src\utils\server-rendering\prerender.js:170:9)
    at async prerenderPages (C:\Users\sh.kahrizi\Desktop\code\acorex-demo\node_modules\@angular\build\src\utils\server-rendering\prerender.js:107:49)
    at async executePostBundleSteps (C:\Users\sh.kahrizi\Desktop\code\acorex-demo\node_modules\@angular\build\src\builders\application\execute-post-bundle.js:77:73)
    at async executeBuild (C:\Users\sh.kahrizi\Desktop\code\acorex-demo\node_modules\@angular\build\src\builders\application\execute-build.js:267:28)
    at async watch (C:\Users\sh.kahrizi\Desktop\code\acorex-demo\node_modules\@angular\build\src\builders\application\index.js:110:24)
    at async Task.task [as taskFn] (C:\Users\sh.kahrizi\Desktop\code\acorex-demo\node_modules\@angular\build\src\tools\esbuild\utils.js:138:26)[0m


[31mX [41;31m[[41;97mERROR[41;31m][0m [1mAn error occurred while prerendering route '/circular-progress/customization'.

Error: Terminating worker thread
    at ThreadPool.destroy (C:\Users\sh.kahrizi\Desktop\code\acorex-demo\node_modules\piscina\dist\index.js:489:27)
    at WorkerPool.destroy (C:\Users\sh.kahrizi\Desktop\code\acorex-demo\node_modules\piscina\dist\index.js:669:65)
    at C:\Users\sh.kahrizi\Desktop\code\acorex-demo\node_modules\@angular\build\src\utils\server-rendering\prerender.js:166:35
    at async Promise.all (index 136)
    at async renderPages (C:\Users\sh.kahrizi\Desktop\code\acorex-demo\node_modules\@angular\build\src\utils\server-rendering\prerender.js:170:9)
    at async prerenderPages (C:\Users\sh.kahrizi\Desktop\code\acorex-demo\node_modules\@angular\build\src\utils\server-rendering\prerender.js:107:49)
    at async executePostBundleSteps (C:\Users\sh.kahrizi\Desktop\code\acorex-demo\node_modules\@angular\build\src\builders\application\execute-post-bundle.js:77:73)
    at async executeBuild (C:\Users\sh.kahrizi\Desktop\code\acorex-demo\node_modules\@angular\build\src\builders\application\execute-build.js:267:28)
    at async watch (C:\Users\sh.kahrizi\Desktop\code\acorex-demo\node_modules\@angular\build\src\builders\application\index.js:110:24)
    at async Task.task [as taskFn] (C:\Users\sh.kahrizi\Desktop\code\acorex-demo\node_modules\@angular\build\src\tools\esbuild\utils.js:138:26)[0m


[31mX [41;31m[[41;97mERROR[41;31m][0m [1mAn error occurred while prerendering route '/circular-progress/async-progress'.

Error: Terminating worker thread
    at ThreadPool.destroy (C:\Users\sh.kahrizi\Desktop\code\acorex-demo\node_modules\piscina\dist\index.js:489:27)
    at WorkerPool.destroy (C:\Users\sh.kahrizi\Desktop\code\acorex-demo\node_modules\piscina\dist\index.js:669:65)
    at C:\Users\sh.kahrizi\Desktop\code\acorex-demo\node_modules\@angular\build\src\utils\server-rendering\prerender.js:166:35
    at async Promise.all (index 136)
    at async renderPages (C:\Users\sh.kahrizi\Desktop\code\acorex-demo\node_modules\@angular\build\src\utils\server-rendering\prerender.js:170:9)
    at async prerenderPages (C:\Users\sh.kahrizi\Desktop\code\acorex-demo\node_modules\@angular\build\src\utils\server-rendering\prerender.js:107:49)
    at async executePostBundleSteps (C:\Users\sh.kahrizi\Desktop\code\acorex-demo\node_modules\@angular\build\src\builders\application\execute-post-bundle.js:77:73)
    at async executeBuild (C:\Users\sh.kahrizi\Desktop\code\acorex-demo\node_modules\@angular\build\src\builders\application\execute-build.js:267:28)
    at async watch (C:\Users\sh.kahrizi\Desktop\code\acorex-demo\node_modules\@angular\build\src\builders\application\index.js:110:24)
    at async Task.task [as taskFn] (C:\Users\sh.kahrizi\Desktop\code\acorex-demo\node_modules\@angular\build\src\tools\esbuild\utils.js:138:26)[0m


[31mX [41;31m[[41;97mERROR[41;31m][0m [1mAn error occurred while prerendering route '/color-box/disable'.

Error: Terminating worker thread
    at ThreadPool.destroy (C:\Users\sh.kahrizi\Desktop\code\acorex-demo\node_modules\piscina\dist\index.js:489:27)
    at WorkerPool.destroy (C:\Users\sh.kahrizi\Desktop\code\acorex-demo\node_modules\piscina\dist\index.js:669:65)
    at C:\Users\sh.kahrizi\Desktop\code\acorex-demo\node_modules\@angular\build\src\utils\server-rendering\prerender.js:166:35
    at async Promise.all (index 136)
    at async renderPages (C:\Users\sh.kahrizi\Desktop\code\acorex-demo\node_modules\@angular\build\src\utils\server-rendering\prerender.js:170:9)
    at async prerenderPages (C:\Users\sh.kahrizi\Desktop\code\acorex-demo\node_modules\@angular\build\src\utils\server-rendering\prerender.js:107:49)
    at async executePostBundleSteps (C:\Users\sh.kahrizi\Desktop\code\acorex-demo\node_modules\@angular\build\src\builders\application\execute-post-bundle.js:77:73)
    at async executeBuild (C:\Users\sh.kahrizi\Desktop\code\acorex-demo\node_modules\@angular\build\src\builders\application\execute-build.js:267:28)
    at async watch (C:\Users\sh.kahrizi\Desktop\code\acorex-demo\node_modules\@angular\build\src\builders\application\index.js:110:24)
    at async Task.task [as taskFn] (C:\Users\sh.kahrizi\Desktop\code\acorex-demo\node_modules\@angular\build\src\tools\esbuild\utils.js:138:26)[0m


[31mX [41;31m[[41;97mERROR[41;31m][0m [1mAn error occurred while prerendering route '/color-box/using-decorators'.

Error: Terminating worker thread
    at ThreadPool.destroy (C:\Users\sh.kahrizi\Desktop\code\acorex-demo\node_modules\piscina\dist\index.js:489:27)
    at WorkerPool.destroy (C:\Users\sh.kahrizi\Desktop\code\acorex-demo\node_modules\piscina\dist\index.js:669:65)
    at C:\Users\sh.kahrizi\Desktop\code\acorex-demo\node_modules\@angular\build\src\utils\server-rendering\prerender.js:166:35
    at async Promise.all (index 136)
    at async renderPages (C:\Users\sh.kahrizi\Desktop\code\acorex-demo\node_modules\@angular\build\src\utils\server-rendering\prerender.js:170:9)
    at async prerenderPages (C:\Users\sh.kahrizi\Desktop\code\acorex-demo\node_modules\@angular\build\src\utils\server-rendering\prerender.js:107:49)
    at async executePostBundleSteps (C:\Users\sh.kahrizi\Desktop\code\acorex-demo\node_modules\@angular\build\src\builders\application\execute-post-bundle.js:77:73)
    at async executeBuild (C:\Users\sh.kahrizi\Desktop\code\acorex-demo\node_modules\@angular\build\src\builders\application\execute-build.js:267:28)
    at async watch (C:\Users\sh.kahrizi\Desktop\code\acorex-demo\node_modules\@angular\build\src\builders\application\index.js:110:24)
    at async Task.task [as taskFn] (C:\Users\sh.kahrizi\Desktop\code\acorex-demo\node_modules\@angular\build\src\tools\esbuild\utils.js:138:26)[0m


[31mX [41;31m[[41;97mERROR[41;31m][0m [1mAn error occurred while prerendering route '/color-box/clear-behavior'.

Error: Terminating worker thread
    at ThreadPool.destroy (C:\Users\sh.kahrizi\Desktop\code\acorex-demo\node_modules\piscina\dist\index.js:489:27)
    at WorkerPool.destroy (C:\Users\sh.kahrizi\Desktop\code\acorex-demo\node_modules\piscina\dist\index.js:669:65)
    at C:\Users\sh.kahrizi\Desktop\code\acorex-demo\node_modules\@angular\build\src\utils\server-rendering\prerender.js:166:35
    at async Promise.all (index 136)
    at async renderPages (C:\Users\sh.kahrizi\Desktop\code\acorex-demo\node_modules\@angular\build\src\utils\server-rendering\prerender.js:170:9)
    at async prerenderPages (C:\Users\sh.kahrizi\Desktop\code\acorex-demo\node_modules\@angular\build\src\utils\server-rendering\prerender.js:107:49)
    at async executePostBundleSteps (C:\Users\sh.kahrizi\Desktop\code\acorex-demo\node_modules\@angular\build\src\builders\application\execute-post-bundle.js:77:73)
    at async executeBuild (C:\Users\sh.kahrizi\Desktop\code\acorex-demo\node_modules\@angular\build\src\builders\application\execute-build.js:267:28)
    at async watch (C:\Users\sh.kahrizi\Desktop\code\acorex-demo\node_modules\@angular\build\src\builders\application\index.js:110:24)
    at async Task.task [as taskFn] (C:\Users\sh.kahrizi\Desktop\code\acorex-demo\node_modules\@angular\build\src\tools\esbuild\utils.js:138:26)[0m


[31mX [41;31m[[41;97mERROR[41;31m][0m [1mAn error occurred while prerendering route '/color-palette/swatches'.

Error: Terminating worker thread
    at ThreadPool.destroy (C:\Users\sh.kahrizi\Desktop\code\acorex-demo\node_modules\piscina\dist\index.js:489:27)
    at WorkerPool.destroy (C:\Users\sh.kahrizi\Desktop\code\acorex-demo\node_modules\piscina\dist\index.js:669:65)
    at C:\Users\sh.kahrizi\Desktop\code\acorex-demo\node_modules\@angular\build\src\utils\server-rendering\prerender.js:166:35
    at async Promise.all (index 136)
    at async renderPages (C:\Users\sh.kahrizi\Desktop\code\acorex-demo\node_modules\@angular\build\src\utils\server-rendering\prerender.js:170:9)
    at async prerenderPages (C:\Users\sh.kahrizi\Desktop\code\acorex-demo\node_modules\@angular\build\src\utils\server-rendering\prerender.js:107:49)
    at async executePostBundleSteps (C:\Users\sh.kahrizi\Desktop\code\acorex-demo\node_modules\@angular\build\src\builders\application\execute-post-bundle.js:77:73)
    at async executeBuild (C:\Users\sh.kahrizi\Desktop\code\acorex-demo\node_modules\@angular\build\src\builders\application\execute-build.js:267:28)
    at async watch (C:\Users\sh.kahrizi\Desktop\code\acorex-demo\node_modules\@angular\build\src\builders\application\index.js:110:24)
    at async Task.task [as taskFn] (C:\Users\sh.kahrizi\Desktop\code\acorex-demo\node_modules\@angular\build\src\tools\esbuild\utils.js:138:26)[0m


[31mX [41;31m[[41;97mERROR[41;31m][0m [1mAn error occurred while prerendering route '/color-palette/preview'.

Error: Terminating worker thread
    at ThreadPool.destroy (C:\Users\sh.kahrizi\Desktop\code\acorex-demo\node_modules\piscina\dist\index.js:489:27)
    at WorkerPool.destroy (C:\Users\sh.kahrizi\Desktop\code\acorex-demo\node_modules\piscina\dist\index.js:669:65)
    at C:\Users\sh.kahrizi\Desktop\code\acorex-demo\node_modules\@angular\build\src\utils\server-rendering\prerender.js:166:35
    at async Promise.all (index 136)
    at async renderPages (C:\Users\sh.kahrizi\Desktop\code\acorex-demo\node_modules\@angular\build\src\utils\server-rendering\prerender.js:170:9)
    at async prerenderPages (C:\Users\sh.kahrizi\Desktop\code\acorex-demo\node_modules\@angular\build\src\utils\server-rendering\prerender.js:107:49)
    at async executePostBundleSteps (C:\Users\sh.kahrizi\Desktop\code\acorex-demo\node_modules\@angular\build\src\builders\application\execute-post-bundle.js:77:73)
    at async executeBuild (C:\Users\sh.kahrizi\Desktop\code\acorex-demo\node_modules\@angular\build\src\builders\application\execute-build.js:267:28)
    at async watch (C:\Users\sh.kahrizi\Desktop\code\acorex-demo\node_modules\@angular\build\src\builders\application\index.js:110:24)
    at async Task.task [as taskFn] (C:\Users\sh.kahrizi\Desktop\code\acorex-demo\node_modules\@angular\build\src\tools\esbuild\utils.js:138:26)[0m


[31mX [41;31m[[41;97mERROR[41;31m][0m [1mAn error occurred while prerendering route '/color-palette/custom-swatches-favorites'.

Error: Terminating worker thread
    at ThreadPool.destroy (C:\Users\sh.kahrizi\Desktop\code\acorex-demo\node_modules\piscina\dist\index.js:489:27)
    at WorkerPool.destroy (C:\Users\sh.kahrizi\Desktop\code\acorex-demo\node_modules\piscina\dist\index.js:669:65)
    at C:\Users\sh.kahrizi\Desktop\code\acorex-demo\node_modules\@angular\build\src\utils\server-rendering\prerender.js:166:35
    at async Promise.all (index 136)
    at async renderPages (C:\Users\sh.kahrizi\Desktop\code\acorex-demo\node_modules\@angular\build\src\utils\server-rendering\prerender.js:170:9)
    at async prerenderPages (C:\Users\sh.kahrizi\Desktop\code\acorex-demo\node_modules\@angular\build\src\utils\server-rendering\prerender.js:107:49)
    at async executePostBundleSteps (C:\Users\sh.kahrizi\Desktop\code\acorex-demo\node_modules\@angular\build\src\builders\application\execute-post-bundle.js:77:73)
    at async executeBuild (C:\Users\sh.kahrizi\Desktop\code\acorex-demo\node_modules\@angular\build\src\builders\application\execute-build.js:267:28)
    at async watch (C:\Users\sh.kahrizi\Desktop\code\acorex-demo\node_modules\@angular\build\src\builders\application\index.js:110:24)
    at async Task.task [as taskFn] (C:\Users\sh.kahrizi\Desktop\code\acorex-demo\node_modules\@angular\build\src\tools\esbuild\utils.js:138:26)[0m


[31mX [41;31m[[41;97mERROR[41;31m][0m [1mAn error occurred while prerendering route '/command/template'.

Error: Terminating worker thread
    at ThreadPool.destroy (C:\Users\sh.kahrizi\Desktop\code\acorex-demo\node_modules\piscina\dist\index.js:489:27)
    at WorkerPool.destroy (C:\Users\sh.kahrizi\Desktop\code\acorex-demo\node_modules\piscina\dist\index.js:669:65)
    at C:\Users\sh.kahrizi\Desktop\code\acorex-demo\node_modules\@angular\build\src\utils\server-rendering\prerender.js:166:35
    at async Promise.all (index 136)
    at async renderPages (C:\Users\sh.kahrizi\Desktop\code\acorex-demo\node_modules\@angular\build\src\utils\server-rendering\prerender.js:170:9)
    at async prerenderPages (C:\Users\sh.kahrizi\Desktop\code\acorex-demo\node_modules\@angular\build\src\utils\server-rendering\prerender.js:107:49)
    at async executePostBundleSteps (C:\Users\sh.kahrizi\Desktop\code\acorex-demo\node_modules\@angular\build\src\builders\application\execute-post-bundle.js:77:73)
    at async executeBuild (C:\Users\sh.kahrizi\Desktop\code\acorex-demo\node_modules\@angular\build\src\builders\application\execute-build.js:267:28)
    at async watch (C:\Users\sh.kahrizi\Desktop\code\acorex-demo\node_modules\@angular\build\src\builders\application\index.js:110:24)
    at async Task.task [as taskFn] (C:\Users\sh.kahrizi\Desktop\code\acorex-demo\node_modules\@angular\build\src\tools\esbuild\utils.js:138:26)[0m


[31mX [41;31m[[41;97mERROR[41;31m][0m [1mAn error occurred while prerendering route '/comment/interactions'.

Error: Terminating worker thread
    at ThreadPool.destroy (C:\Users\sh.kahrizi\Desktop\code\acorex-demo\node_modules\piscina\dist\index.js:489:27)
    at WorkerPool.destroy (C:\Users\sh.kahrizi\Desktop\code\acorex-demo\node_modules\piscina\dist\index.js:669:65)
    at C:\Users\sh.kahrizi\Desktop\code\acorex-demo\node_modules\@angular\build\src\utils\server-rendering\prerender.js:166:35
    at async Promise.all (index 136)
    at async renderPages (C:\Users\sh.kahrizi\Desktop\code\acorex-demo\node_modules\@angular\build\src\utils\server-rendering\prerender.js:170:9)
    at async prerenderPages (C:\Users\sh.kahrizi\Desktop\code\acorex-demo\node_modules\@angular\build\src\utils\server-rendering\prerender.js:107:49)
    at async executePostBundleSteps (C:\Users\sh.kahrizi\Desktop\code\acorex-demo\node_modules\@angular\build\src\builders\application\execute-post-bundle.js:77:73)
    at async executeBuild (C:\Users\sh.kahrizi\Desktop\code\acorex-demo\node_modules\@angular\build\src\builders\application\execute-build.js:267:28)
    at async watch (C:\Users\sh.kahrizi\Desktop\code\acorex-demo\node_modules\@angular\build\src\builders\application\index.js:110:24)
    at async Task.task [as taskFn] (C:\Users\sh.kahrizi\Desktop\code\acorex-demo\node_modules\@angular\build\src\tools\esbuild\utils.js:138:26)[0m


[31mX [41;31m[[41;97mERROR[41;31m][0m [1mAn error occurred while prerendering route '/combo-box/usage'.

Error: Terminating worker thread
    at ThreadPool.destroy (C:\Users\sh.kahrizi\Desktop\code\acorex-demo\node_modules\piscina\dist\index.js:489:27)
    at WorkerPool.destroy (C:\Users\sh.kahrizi\Desktop\code\acorex-demo\node_modules\piscina\dist\index.js:669:65)
    at C:\Users\sh.kahrizi\Desktop\code\acorex-demo\node_modules\@angular\build\src\utils\server-rendering\prerender.js:166:35
    at async Promise.all (index 136)
    at async renderPages (C:\Users\sh.kahrizi\Desktop\code\acorex-demo\node_modules\@angular\build\src\utils\server-rendering\prerender.js:170:9)
    at async prerenderPages (C:\Users\sh.kahrizi\Desktop\code\acorex-demo\node_modules\@angular\build\src\utils\server-rendering\prerender.js:107:49)
    at async executePostBundleSteps (C:\Users\sh.kahrizi\Desktop\code\acorex-demo\node_modules\@angular\build\src\builders\application\execute-post-bundle.js:77:73)
    at async executeBuild (C:\Users\sh.kahrizi\Desktop\code\acorex-demo\node_modules\@angular\build\src\builders\application\execute-build.js:267:28)
    at async watch (C:\Users\sh.kahrizi\Desktop\code\acorex-demo\node_modules\@angular\build\src\builders\application\index.js:110:24)
    at async Task.task [as taskFn] (C:\Users\sh.kahrizi\Desktop\code\acorex-demo\node_modules\@angular\build\src\tools\esbuild\utils.js:138:26)[0m


[31mX [41;31m[[41;97mERROR[41;31m][0m [1mAn error occurred while prerendering route '/combo-box/multiple'.

Error: Terminating worker thread
    at ThreadPool.destroy (C:\Users\sh.kahrizi\Desktop\code\acorex-demo\node_modules\piscina\dist\index.js:489:27)
    at WorkerPool.destroy (C:\Users\sh.kahrizi\Desktop\code\acorex-demo\node_modules\piscina\dist\index.js:669:65)
    at C:\Users\sh.kahrizi\Desktop\code\acorex-demo\node_modules\@angular\build\src\utils\server-rendering\prerender.js:166:35
    at async Promise.all (index 136)
    at async renderPages (C:\Users\sh.kahrizi\Desktop\code\acorex-demo\node_modules\@angular\build\src\utils\server-rendering\prerender.js:170:9)
    at async prerenderPages (C:\Users\sh.kahrizi\Desktop\code\acorex-demo\node_modules\@angular\build\src\utils\server-rendering\prerender.js:107:49)
    at async executePostBundleSteps (C:\Users\sh.kahrizi\Desktop\code\acorex-demo\node_modules\@angular\build\src\builders\application\execute-post-bundle.js:77:73)
    at async executeBuild (C:\Users\sh.kahrizi\Desktop\code\acorex-demo\node_modules\@angular\build\src\builders\application\execute-build.js:267:28)
    at async watch (C:\Users\sh.kahrizi\Desktop\code\acorex-demo\node_modules\@angular\build\src\builders\application\index.js:110:24)
    at async Task.task [as taskFn] (C:\Users\sh.kahrizi\Desktop\code\acorex-demo\node_modules\@angular\build\src\tools\esbuild\utils.js:138:26)[0m


[31mX [41;31m[[41;97mERROR[41;31m][0m [1mAn error occurred while prerendering route '/combo-box/custom-header-footer'.

Error: Terminating worker thread
    at ThreadPool.destroy (C:\Users\sh.kahrizi\Desktop\code\acorex-demo\node_modules\piscina\dist\index.js:489:27)
    at WorkerPool.destroy (C:\Users\sh.kahrizi\Desktop\code\acorex-demo\node_modules\piscina\dist\index.js:669:65)
    at C:\Users\sh.kahrizi\Desktop\code\acorex-demo\node_modules\@angular\build\src\utils\server-rendering\prerender.js:166:35
    at async Promise.all (index 136)
    at async renderPages (C:\Users\sh.kahrizi\Desktop\code\acorex-demo\node_modules\@angular\build\src\utils\server-rendering\prerender.js:170:9)
    at async prerenderPages (C:\Users\sh.kahrizi\Desktop\code\acorex-demo\node_modules\@angular\build\src\utils\server-rendering\prerender.js:107:49)
    at async executePostBundleSteps (C:\Users\sh.kahrizi\Desktop\code\acorex-demo\node_modules\@angular\build\src\builders\application\execute-post-bundle.js:77:73)
    at async executeBuild (C:\Users\sh.kahrizi\Desktop\code\acorex-demo\node_modules\@angular\build\src\builders\application\execute-build.js:267:28)
    at async watch (C:\Users\sh.kahrizi\Desktop\code\acorex-demo\node_modules\@angular\build\src\builders\application\index.js:110:24)
    at async Task.task [as taskFn] (C:\Users\sh.kahrizi\Desktop\code\acorex-demo\node_modules\@angular\build\src\tools\esbuild\utils.js:138:26)[0m


[31mX [41;31m[[41;97mERROR[41;31m][0m [1mAn error occurred while prerendering route '/comment/usage'.

Error: Terminating worker thread
    at Object.ThreadTermination (C:\Users\sh.kahrizi\Desktop\code\acorex-demo\node_modules\piscina\dist\errors.js:5:30)
    at WorkerInfo.destroy (C:\Users\sh.kahrizi\Desktop\code\acorex-demo\node_modules\piscina\dist\worker_pool\index.js:81:43)
    at ThreadPool._removeWorker (C:\Users\sh.kahrizi\Desktop\code\acorex-demo\node_modules\piscina\dist\index.js:266:20)
    at ThreadPool.destroy (C:\Users\sh.kahrizi\Desktop\code\acorex-demo\node_modules\piscina\dist\index.js:495:18)
    at WorkerPool.destroy (C:\Users\sh.kahrizi\Desktop\code\acorex-demo\node_modules\piscina\dist\index.js:669:65)
    at C:\Users\sh.kahrizi\Desktop\code\acorex-demo\node_modules\@angular\build\src\utils\server-rendering\prerender.js:166:35
    at async Promise.all (index 136)
    at async renderPages (C:\Users\sh.kahrizi\Desktop\code\acorex-demo\node_modules\@angular\build\src\utils\server-rendering\prerender.js:170:9)
    at async prerenderPages (C:\Users\sh.kahrizi\Desktop\code\acorex-demo\node_modules\@angular\build\src\utils\server-rendering\prerender.js:107:49)
    at async executePostBundleSteps (C:\Users\sh.kahrizi\Desktop\code\acorex-demo\node_modules\@angular\build\src\builders\application\execute-post-bundle.js:77:73)[0m


[31mX [41;31m[[41;97mERROR[41;31m][0m [1mAn error occurred while prerendering route '/comment/programmatic'.

Error: Terminating worker thread
    at Object.ThreadTermination (C:\Users\sh.kahrizi\Desktop\code\acorex-demo\node_modules\piscina\dist\errors.js:5:30)
    at WorkerInfo.destroy (C:\Users\sh.kahrizi\Desktop\code\acorex-demo\node_modules\piscina\dist\worker_pool\index.js:81:43)
    at ThreadPool._removeWorker (C:\Users\sh.kahrizi\Desktop\code\acorex-demo\node_modules\piscina\dist\index.js:266:20)
    at ThreadPool.destroy (C:\Users\sh.kahrizi\Desktop\code\acorex-demo\node_modules\piscina\dist\index.js:495:18)
    at WorkerPool.destroy (C:\Users\sh.kahrizi\Desktop\code\acorex-demo\node_modules\piscina\dist\index.js:669:65)
    at C:\Users\sh.kahrizi\Desktop\code\acorex-demo\node_modules\@angular\build\src\utils\server-rendering\prerender.js:166:35
    at async Promise.all (index 136)
    at async renderPages (C:\Users\sh.kahrizi\Desktop\code\acorex-demo\node_modules\@angular\build\src\utils\server-rendering\prerender.js:170:9)
    at async prerenderPages (C:\Users\sh.kahrizi\Desktop\code\acorex-demo\node_modules\@angular\build\src\utils\server-rendering\prerender.js:107:49)
    at async executePostBundleSteps (C:\Users\sh.kahrizi\Desktop\code\acorex-demo\node_modules\@angular\build\src\builders\application\execute-post-bundle.js:77:73)[0m


[31mX [41;31m[[41;97mERROR[41;31m][0m [1mAn error occurred while prerendering route '/combo-box/using-decorators'.

Error: Terminating worker thread
    at Object.ThreadTermination (C:\Users\sh.kahrizi\Desktop\code\acorex-demo\node_modules\piscina\dist\errors.js:5:30)
    at WorkerInfo.destroy (C:\Users\sh.kahrizi\Desktop\code\acorex-demo\node_modules\piscina\dist\worker_pool\index.js:81:43)
    at ThreadPool._removeWorker (C:\Users\sh.kahrizi\Desktop\code\acorex-demo\node_modules\piscina\dist\index.js:266:20)
    at ThreadPool.destroy (C:\Users\sh.kahrizi\Desktop\code\acorex-demo\node_modules\piscina\dist\index.js:495:18)
    at WorkerPool.destroy (C:\Users\sh.kahrizi\Desktop\code\acorex-demo\node_modules\piscina\dist\index.js:669:65)
    at C:\Users\sh.kahrizi\Desktop\code\acorex-demo\node_modules\@angular\build\src\utils\server-rendering\prerender.js:166:35
    at async Promise.all (index 136)
    at async renderPages (C:\Users\sh.kahrizi\Desktop\code\acorex-demo\node_modules\@angular\build\src\utils\server-rendering\prerender.js:170:9)
    at async prerenderPages (C:\Users\sh.kahrizi\Desktop\code\acorex-demo\node_modules\@angular\build\src\utils\server-rendering\prerender.js:107:49)
    at async executePostBundleSteps (C:\Users\sh.kahrizi\Desktop\code\acorex-demo\node_modules\@angular\build\src\builders\application\execute-post-bundle.js:77:73)[0m


[31mX [41;31m[[41;97mERROR[41;31m][0m [1mAn error occurred while prerendering route '/command/usage'.

Error: Terminating worker thread
    at Object.ThreadTermination (C:\Users\sh.kahrizi\Desktop\code\acorex-demo\node_modules\piscina\dist\errors.js:5:30)
    at WorkerInfo.destroy (C:\Users\sh.kahrizi\Desktop\code\acorex-demo\node_modules\piscina\dist\worker_pool\index.js:81:43)
    at ThreadPool._removeWorker (C:\Users\sh.kahrizi\Desktop\code\acorex-demo\node_modules\piscina\dist\index.js:266:20)
    at ThreadPool.destroy (C:\Users\sh.kahrizi\Desktop\code\acorex-demo\node_modules\piscina\dist\index.js:495:18)
    at WorkerPool.destroy (C:\Users\sh.kahrizi\Desktop\code\acorex-demo\node_modules\piscina\dist\index.js:669:65)
    at C:\Users\sh.kahrizi\Desktop\code\acorex-demo\node_modules\@angular\build\src\utils\server-rendering\prerender.js:166:35
    at async Promise.all (index 136)
    at async renderPages (C:\Users\sh.kahrizi\Desktop\code\acorex-demo\node_modules\@angular\build\src\utils\server-rendering\prerender.js:170:9)
    at async prerenderPages (C:\Users\sh.kahrizi\Desktop\code\acorex-demo\node_modules\@angular\build\src\utils\server-rendering\prerender.js:107:49)
    at async executePostBundleSteps (C:\Users\sh.kahrizi\Desktop\code\acorex-demo\node_modules\@angular\build\src\builders\application\execute-post-bundle.js:77:73)[0m


